src/components/features/collections/detail/CollectionDetailPage.tsx(6,32): error TS2307: Cannot find module '../../common/LoadingSpinner' or its corresponding type declarations.
src/components/features/search/results/SearchResultCard.tsx(98,35): error TS2339: Property 'created_at' does not exist on type 'ResourceRead'.
src/components/features/search/results/SearchResultCard.tsx(101,52): error TS2339: Property 'created_at' does not exist on type 'ResourceRead'.
src/components/ui/collapsible.tsx(120,12): error TS2322: Type '{ children: ReactNode; defaultChecked?: boolean | undefined; defaultValue?: string | number | readonly string[] | undefined; suppressContentEditableWarning?: boolean | undefined; ... 265 more ...; "data-state": string; }' is not assignable to type 'MotionProps'.
  Types of property 'onAnimationStart' are incompatible.
    Type 'AnimationEventHandler<HTMLDivElement> | undefined' is not assignable to type '((definition: AnimationDefinition) => void) | undefined'.
      Type 'AnimationEventHandler<HTMLDivElement>' is not assignable to type '(definition: AnimationDefinition) => void'.
        Types of parameters 'event' and 'definition' are incompatible.
          Type 'AnimationDefinition' is not assignable to type 'AnimationEvent<HTMLDivElement>'.
            Type 'string' is not assignable to type 'AnimationEvent<HTMLDivElement>'.
src/components/ui/sidebar.tsx(280,8): error TS2322: Type '{ style?: CSSProperties | undefined; children?: ReactNode; form?: string | undefined; slot?: string | undefined; title?: string | undefined; dir?: string | undefined; ... 271 more ...; whileTap: { ...; }; }' is not assignable to type 'MotionProps'.
  Types of property 'onAnimationStart' are incompatible.
    Type 'AnimationEventHandler<HTMLButtonElement> | undefined' is not assignable to type '((definition: AnimationDefinition) => void) | undefined'.
      Type 'AnimationEventHandler<HTMLButtonElement>' is not assignable to type '(definition: AnimationDefinition) => void'.
        Types of parameters 'event' and 'definition' are incompatible.
          Type 'AnimationDefinition' is not assignable to type 'AnimationEvent<HTMLButtonElement>'.
            Type 'string' is not assignable to type 'AnimationEvent<HTMLButtonElement>'.
src/components/ui/sidebar.tsx(450,8): error TS2322: Type '{ children: Element; style?: CSSProperties | undefined; form?: string | undefined; slot?: string | undefined; title?: string | undefined; dir?: string | undefined; ... 272 more ...; transition: { ...; }; }' is not assignable to type 'MotionProps'.
  Types of property 'onAnimationStart' are incompatible.
    Type 'AnimationEventHandler<HTMLButtonElement> | undefined' is not assignable to type '((definition: AnimationDefinition) => void) | undefined'.
      Type 'AnimationEventHandler<HTMLButtonElement>' is not assignable to type '(definition: AnimationDefinition) => void'.
        Types of parameters 'event' and 'definition' are incompatible.
          Type 'AnimationDefinition' is not assignable to type 'AnimationEvent<HTMLButtonElement>'.
            Type 'string' is not assignable to type 'AnimationEvent<HTMLButtonElement>'.
src/lib/api/collections.ts(1,21): error TS2307: Cannot find module './api' or its corresponding type declarations.
