============================= test session starts =============================
collecting ... collected 1750 items

tests/api/test_collections.py::test_create_collection PASSED             [  0%]
tests/api/test_collections.py::test_add_resources_to_collection PASSED   [  0%]
tests/api/test_collections.py::test_remove_resources_from_collection PASSED [  0%]
tests/api/test_collections.py::test_compute_collection_embedding PASSED  [  0%]
tests/api/test_collections.py::test_find_similar_resources PASSED        [  0%]
tests/api/test_collections.py::test_hierarchical_collections PASSED      [  0%]
tests/api/test_collections.py::test_update_collection PASSED             [  0%]
tests/api/test_collections.py::test_delete_collection PASSED             [  0%]
tests/api/test_collections.py::test_access_control PASSED                [  0%]
tests/api/test_phase2_curation_api.py::TestResourcesCRUDAndList::test_get_resource_by_id PASSED [  0%]
tests/api/test_phase2_curation_api.py::TestResourcesCRUDAndList::test_get_resource_404 PASSED [  0%]
tests/api/test_phase2_curation_api.py::TestResourcesCRUDAndList::test_list_resources_basic_pagination_and_total PASSED [  0%]
tests/api/test_phase2_curation_api.py::TestResourcesCRUDAndList::test_list_resources_filters PASSED [  0%]
tests/api/test_phase2_curation_api.py::TestResourcesCRUDAndList::test_list_resources_min_quality_and_date_ranges PASSED [  0%]
tests/api/test_phase2_curation_api.py::TestResourcesCRUDAndList::test_list_resources_sorting PASSED [  0%]
tests/api/test_phase2_curation_api.py::TestResourcesCRUDAndList::test_update_resource_partial FAILED [  0%]
tests/api/test_phase2_curation_api.py::TestResourcesCRUDAndList::test_update_resource_404 PASSED [  0%]
tests/api/test_phase2_curation_api.py::TestResourcesCRUDAndList::test_delete_resource PASSED [  1%]
tests/api/test_phase2_curation_api.py::TestCurationAPI::test_review_queue_defaults PASSED [  1%]
tests/api/test_phase2_curation_api.py::TestCurationAPI::test_review_queue_include_unread_only PASSED [  1%]
tests/api/test_phase2_curation_api.py::TestCurationAPI::test_review_queue_pagination PASSED [  1%]
tests/api/test_phase2_curation_api.py::TestCurationAPI::test_batch_update PASSED [  1%]
tests/api/test_phase2_curation_api.py::TestCurationAPI::test_authority_suggestions_endpoint PASSED [  1%]
tests/api/test_phase2_curation_api.py::TestCurationAPI::test_batch_update_validation PASSED [  1%]
tests/api/test_phase3_search_api.py::test_post_search_basic_total_and_items FAILED [  1%]
tests/api/test_phase3_search_api.py::test_search_filters_and_sorting FAILED [  1%]
tests/api/test_phase3_search_api.py::test_search_subject_any_all FAILED  [  1%]
tests/api/test_phase3_search_api.py::test_search_facets_present FAILED   [  1%]
tests/database/test_database_schema.py::test_database_schema_has_required_fields PASSED [  1%]
tests/database/test_database_schema.py::test_can_create_resource_with_all_fields PASSED [  1%]
tests/database/test_database_schema.py::test_database_initialization_helper FAILED [  1%]
tests/database/test_schema_verification.py::TestDatabaseSchemaVerification::test_ensure_database_schema_creates_all_tables PASSED [  1%]
tests/database/test_schema_verification.py::TestDatabaseSchemaVerification::test_ensure_database_schema_verifies_resource_fields PASSED [  1%]
tests/database/test_schema_verification.py::TestDatabaseSchemaVerification::test_resource_creation_with_all_critical_fields PASSED [  1%]
tests/database/test_schema_verification.py::TestDatabaseSchemaVerification::test_multiple_resources_with_sparse_embeddings PASSED [  2%]
tests/database/test_schema_verification.py::TestDatabaseSchemaVerification::test_schema_handles_null_sparse_embedding PASSED [  2%]
tests/database/test_schema_verification.py::TestDatabaseSchemaVerification::test_schema_migration_compatibility PASSED [  2%]
tests/database/test_schema_verification.py::TestDatabaseInitializationHelper::test_helper_handles_empty_database PASSED [  2%]
tests/database/test_schema_verification.py::TestDatabaseInitializationHelper::test_helper_handles_existing_database PASSED [  2%]
tests/database/test_schema_verification.py::TestDatabaseInitializationHelper::test_helper_recreates_schema_if_fields_missing FAILED [  2%]
tests/domain/test_domain_base.py::TestValueObjectClass::test_value_object_creation PASSED [  2%]
tests/domain/test_domain_base.py::TestValueObjectClass::test_value_object_validation_on_init PASSED [  2%]
tests/domain/test_domain_base.py::TestValueObjectClass::test_value_object_to_dict PASSED [  2%]
tests/domain/test_domain_base.py::TestValueObjectClass::test_value_object_from_dict PASSED [  2%]
tests/domain/test_domain_base.py::TestValueObjectClass::test_value_object_to_json PASSED [  2%]
tests/domain/test_domain_base.py::TestValueObjectClass::test_value_object_from_json PASSED [  2%]
tests/domain/test_domain_base.py::TestValueObjectClass::test_value_object_equality PASSED [  2%]
tests/domain/test_domain_base.py::TestValueObjectClass::test_value_object_repr PASSED [  2%]
tests/domain/test_domain_base.py::TestDomainEntityClass::test_entity_creation PASSED [  2%]
tests/domain/test_domain_base.py::TestDomainEntityClass::test_entity_validation_on_init PASSED [  2%]
tests/domain/test_domain_base.py::TestDomainEntityClass::test_entity_to_dict PASSED [  2%]
tests/domain/test_domain_base.py::TestDomainEntityClass::test_entity_from_dict PASSED [  2%]
tests/domain/test_domain_base.py::TestDomainEntityClass::test_entity_equality_by_id PASSED [  3%]
tests/domain/test_domain_base.py::TestDomainEntityClass::test_entity_hash PASSED [  3%]
tests/domain/test_domain_base.py::TestDomainEntityClass::test_entity_in_set PASSED [  3%]
tests/domain/test_domain_base.py::TestValidationFunctions::test_validate_range_valid PASSED [  3%]
tests/domain/test_domain_base.py::TestValidationFunctions::test_validate_range_at_boundaries PASSED [  3%]
tests/domain/test_domain_base.py::TestValidationFunctions::test_validate_range_below_min PASSED [  3%]
tests/domain/test_domain_base.py::TestValidationFunctions::test_validate_range_above_max PASSED [  3%]
tests/domain/test_domain_base.py::TestValidationFunctions::test_validate_positive_valid PASSED [  3%]
tests/domain/test_domain_base.py::TestValidationFunctions::test_validate_positive_zero PASSED [  3%]
tests/domain/test_domain_base.py::TestValidationFunctions::test_validate_positive_negative PASSED [  3%]
tests/domain/test_domain_base.py::TestValidationFunctions::test_validate_non_empty_valid PASSED [  3%]
tests/domain/test_domain_base.py::TestValidationFunctions::test_validate_non_empty_empty_string PASSED [  3%]
tests/domain/test_domain_base.py::TestValidationFunctions::test_validate_non_empty_whitespace PASSED [  3%]
tests/domain/test_domain_base.py::TestValidationFunctions::test_validate_non_negative_valid PASSED [  3%]
tests/domain/test_domain_base.py::TestValidationFunctions::test_validate_non_negative_negative PASSED [  3%]
tests/domain/test_domain_base.py::TestDomainObjectIntegration::test_round_trip_serialization_value_object PASSED [  3%]
tests/domain/test_domain_base.py::TestDomainObjectIntegration::test_round_trip_serialization_entity PASSED [  3%]
tests/domain/test_domain_base.py::TestDomainObjectIntegration::test_from_dict_filters_extra_fields PASSED [  4%]
tests/domain/test_domain_base.py::TestDomainObjectIntegration::test_validation_in_from_dict PASSED [  4%]
tests/domain/test_domain_base_standalone.py::TestValueObjectClass::test_value_object_creation PASSED [  4%]
tests/domain/test_domain_base_standalone.py::TestValueObjectClass::test_value_object_validation_on_init PASSED [  4%]
tests/domain/test_domain_base_standalone.py::TestValueObjectClass::test_value_object_to_dict PASSED [  4%]
tests/domain/test_domain_base_standalone.py::TestValueObjectClass::test_value_object_from_dict PASSED [  4%]
tests/domain/test_domain_base_standalone.py::TestValueObjectClass::test_value_object_to_json PASSED [  4%]
tests/domain/test_domain_base_standalone.py::TestValueObjectClass::test_value_object_from_json PASSED [  4%]
tests/domain/test_domain_base_standalone.py::TestValueObjectClass::test_value_object_equality PASSED [  4%]
tests/domain/test_domain_base_standalone.py::TestValueObjectClass::test_value_object_repr PASSED [  4%]
tests/domain/test_domain_base_standalone.py::TestDomainEntityClass::test_entity_creation PASSED [  4%]
tests/domain/test_domain_base_standalone.py::TestDomainEntityClass::test_entity_validation_on_init PASSED [  4%]
tests/domain/test_domain_base_standalone.py::TestDomainEntityClass::test_entity_to_dict PASSED [  4%]
tests/domain/test_domain_base_standalone.py::TestDomainEntityClass::test_entity_from_dict PASSED [  4%]
tests/domain/test_domain_base_standalone.py::TestDomainEntityClass::test_entity_equality_by_id PASSED [  4%]
tests/domain/test_domain_base_standalone.py::TestDomainEntityClass::test_entity_hash PASSED [  4%]
tests/domain/test_domain_base_standalone.py::TestDomainEntityClass::test_entity_in_set PASSED [  4%]
tests/domain/test_domain_base_standalone.py::TestValidationFunctions::test_validate_range_valid PASSED [  4%]
tests/domain/test_domain_base_standalone.py::TestValidationFunctions::test_validate_range_at_boundaries PASSED [  5%]
tests/domain/test_domain_base_standalone.py::TestValidationFunctions::test_validate_range_below_min PASSED [  5%]
tests/domain/test_domain_base_standalone.py::TestValidationFunctions::test_validate_range_above_max PASSED [  5%]
tests/domain/test_domain_base_standalone.py::TestValidationFunctions::test_validate_positive_valid PASSED [  5%]
tests/domain/test_domain_base_standalone.py::TestValidationFunctions::test_validate_positive_zero PASSED [  5%]
tests/domain/test_domain_base_standalone.py::TestValidationFunctions::test_validate_positive_negative PASSED [  5%]
tests/domain/test_domain_base_standalone.py::TestValidationFunctions::test_validate_non_empty_valid PASSED [  5%]
tests/domain/test_domain_base_standalone.py::TestValidationFunctions::test_validate_non_empty_empty_string PASSED [  5%]
tests/domain/test_domain_base_standalone.py::TestValidationFunctions::test_validate_non_empty_whitespace PASSED [  5%]
tests/domain/test_domain_base_standalone.py::TestValidationFunctions::test_validate_non_negative_valid PASSED [  5%]
tests/domain/test_domain_base_standalone.py::TestValidationFunctions::test_validate_non_negative_negative PASSED [  5%]
tests/domain/test_domain_base_standalone.py::TestDomainObjectIntegration::test_round_trip_serialization_value_object PASSED [  5%]
tests/domain/test_domain_base_standalone.py::TestDomainObjectIntegration::test_round_trip_serialization_entity PASSED [  5%]
tests/domain/test_domain_base_standalone.py::TestDomainObjectIntegration::test_from_dict_filters_extra_fields PASSED [  5%]
tests/domain/test_domain_base_standalone.py::TestDomainObjectIntegration::test_validation_in_from_dict PASSED [  5%]
tests/domain/test_domain_classification.py::TestClassificationPrediction::test_create_valid_prediction PASSED [  5%]
tests/domain/test_domain_classification.py::TestClassificationPrediction::test_confidence_validation_too_low PASSED [  5%]
tests/domain/test_domain_classification.py::TestClassificationPrediction::test_confidence_validation_too_high PASSED [  6%]
tests/domain/test_domain_classification.py::TestClassificationPrediction::test_confidence_boundary_values PASSED [  6%]
tests/domain/test_domain_classification.py::TestClassificationPrediction::test_rank_validation_zero PASSED [  6%]
tests/domain/test_domain_classification.py::TestClassificationPrediction::test_rank_validation_negative PASSED [  6%]
tests/domain/test_domain_classification.py::TestClassificationPrediction::test_taxonomy_id_validation_empty PASSED [  6%]
tests/domain/test_domain_classification.py::TestClassificationPrediction::test_taxonomy_id_validation_whitespace PASSED [  6%]
tests/domain/test_domain_classification.py::TestClassificationPrediction::test_is_high_confidence_default_threshold PASSED [  6%]
tests/domain/test_domain_classification.py::TestClassificationPrediction::test_is_high_confidence_custom_threshold PASSED [  6%]
tests/domain/test_domain_classification.py::TestClassificationPrediction::test_is_low_confidence_default_threshold PASSED [  6%]
tests/domain/test_domain_classification.py::TestClassificationPrediction::test_is_low_confidence_custom_threshold PASSED [  6%]
tests/domain/test_domain_classification.py::TestClassificationPrediction::test_is_medium_confidence_default_thresholds PASSED [  6%]
tests/domain/test_domain_classification.py::TestClassificationPrediction::test_is_medium_confidence_custom_thresholds PASSED [  6%]
tests/domain/test_domain_classification.py::TestClassificationPrediction::test_serialization PASSED [  6%]
tests/domain/test_domain_classification.py::TestClassificationPrediction::test_to_dict PASSED [  6%]
tests/domain/test_domain_classification.py::TestClassificationPrediction::test_equality PASSED [  6%]
tests/domain/test_domain_classification.py::TestClassificationResult::test_create_valid_result PASSED [  6%]
tests/domain/test_domain_classification.py::TestClassificationResult::test_create_with_resource_id PASSED [  6%]
tests/domain/test_domain_classification.py::TestClassificationResult::test_validation_empty_predictions PASSED [  6%]
tests/domain/test_domain_classification.py::TestClassificationResult::test_validation_empty_model_version PASSED [  7%]
tests/domain/test_domain_classification.py::TestClassificationResult::test_validation_negative_inference_time PASSED [  7%]
tests/domain/test_domain_classification.py::TestClassificationResult::test_get_high_confidence_default_threshold PASSED [  7%]
tests/domain/test_domain_classification.py::TestClassificationResult::test_get_low_confidence_default_threshold PASSED [  7%]
tests/domain/test_domain_classification.py::TestClassificationResult::test_get_medium_confidence_default_thresholds PASSED [  7%]
tests/domain/test_domain_classification.py::TestClassificationResult::test_get_top_k PASSED [  7%]
tests/domain/test_domain_classification.py::TestClassificationResult::test_get_top_k_invalid PASSED [  7%]
tests/domain/test_domain_classification.py::TestClassificationResult::test_get_by_rank PASSED [  7%]
tests/domain/test_domain_classification.py::TestClassificationResult::test_get_by_rank_invalid PASSED [  7%]
tests/domain/test_domain_classification.py::TestClassificationResult::test_get_best_prediction PASSED [  7%]
tests/domain/test_domain_classification.py::TestClassificationResult::test_has_high_confidence_predictions_true PASSED [  7%]
tests/domain/test_domain_classification.py::TestClassificationResult::test_has_high_confidence_predictions_false PASSED [  7%]
tests/domain/test_domain_classification.py::TestClassificationResult::test_count_by_confidence_level PASSED [  7%]
tests/domain/test_domain_classification.py::TestClassificationResult::test_to_dict_api_compatibility PASSED [  7%]
tests/domain/test_domain_classification.py::TestClassificationResult::test_from_dict PASSED [  7%]
tests/domain/test_domain_classification.py::TestClassificationResult::test_round_trip_serialization PASSED [  7%]
tests/domain/test_domain_quality.py::TestQualityScore::test_create_valid_quality_score PASSED [  7%]
tests/domain/test_domain_quality.py::TestQualityScore::test_dimension_validation_too_low PASSED [  8%]
tests/domain/test_domain_quality.py::TestQualityScore::test_dimension_validation_too_high PASSED [  8%]
tests/domain/test_domain_quality.py::TestQualityScore::test_dimension_boundary_values PASSED [  8%]
tests/domain/test_domain_quality.py::TestQualityScore::test_overall_score_calculation PASSED [  8%]
tests/domain/test_domain_quality.py::TestQualityScore::test_is_high_quality_default_threshold PASSED [  8%]
tests/domain/test_domain_quality.py::TestQualityScore::test_is_high_quality_custom_threshold PASSED [  8%]
tests/domain/test_domain_quality.py::TestQualityScore::test_is_low_quality_default_threshold PASSED [  8%]
tests/domain/test_domain_quality.py::TestQualityScore::test_is_medium_quality_default_thresholds PASSED [  8%]
tests/domain/test_domain_quality.py::TestQualityScore::test_get_quality_level PASSED [  8%]
tests/domain/test_domain_quality.py::TestQualityScore::test_get_weakest_dimension PASSED [  8%]
tests/domain/test_domain_quality.py::TestQualityScore::test_get_strongest_dimension PASSED [  8%]
tests/domain/test_domain_quality.py::TestQualityScore::test_get_dimension_scores PASSED [  8%]
tests/domain/test_domain_quality.py::TestQualityScore::test_has_dimension_below_threshold_true PASSED [  8%]
tests/domain/test_domain_quality.py::TestQualityScore::test_has_dimension_below_threshold_false PASSED [  8%]
tests/domain/test_domain_quality.py::TestQualityScore::test_count_dimensions_below_threshold PASSED [  8%]
tests/domain/test_domain_quality.py::TestQualityScore::test_to_dict_api_compatibility PASSED [  8%]
tests/domain/test_domain_quality.py::TestQualityScore::test_from_dict PASSED [  8%]
tests/domain/test_domain_quality.py::TestQualityScore::test_round_trip_serialization PASSED [  8%]
tests/domain/test_domain_quality.py::TestQualityScore::test_equality PASSED [  9%]
tests/domain/test_domain_recommendation.py::TestRecommendationScore::test_create_valid_score PASSED [  9%]
tests/domain/test_domain_recommendation.py::TestRecommendationScore::test_score_validation_too_low PASSED [  9%]
tests/domain/test_domain_recommendation.py::TestRecommendationScore::test_score_validation_too_high PASSED [  9%]
tests/domain/test_domain_recommendation.py::TestRecommendationScore::test_confidence_validation_too_low PASSED [  9%]
tests/domain/test_domain_recommendation.py::TestRecommendationScore::test_confidence_validation_too_high PASSED [  9%]
tests/domain/test_domain_recommendation.py::TestRecommendationScore::test_rank_validation_zero PASSED [  9%]
tests/domain/test_domain_recommendation.py::TestRecommendationScore::test_rank_validation_negative PASSED [  9%]
tests/domain/test_domain_recommendation.py::TestRecommendationScore::test_boundary_values PASSED [  9%]
tests/domain/test_domain_recommendation.py::TestRecommendationScore::test_is_high_confidence_default_threshold PASSED [  9%]
tests/domain/test_domain_recommendation.py::TestRecommendationScore::test_is_low_confidence_default_threshold PASSED [  9%]
tests/domain/test_domain_recommendation.py::TestRecommendationScore::test_is_high_score_default_threshold PASSED [  9%]
tests/domain/test_domain_recommendation.py::TestRecommendationScore::test_is_top_ranked_default PASSED [  9%]
tests/domain/test_domain_recommendation.py::TestRecommendationScore::test_combined_quality PASSED [  9%]
tests/domain/test_domain_recommendation.py::TestRecommendation::test_create_valid_recommendation PASSED [  9%]
tests/domain/test_domain_recommendation.py::TestRecommendation::test_create_with_optional_fields PASSED [  9%]
tests/domain/test_domain_recommendation.py::TestRecommendation::test_validation_empty_resource_id PASSED [  9%]
tests/domain/test_domain_recommendation.py::TestRecommendation::test_validation_empty_user_id PASSED [ 10%]
tests/domain/test_domain_recommendation.py::TestRecommendation::test_get_score PASSED [ 10%]
tests/domain/test_domain_recommendation.py::TestRecommendation::test_get_confidence PASSED [ 10%]
tests/domain/test_domain_recommendation.py::TestRecommendation::test_get_rank PASSED [ 10%]
tests/domain/test_domain_recommendation.py::TestRecommendation::test_is_high_quality_true PASSED [ 10%]
tests/domain/test_domain_recommendation.py::TestRecommendation::test_is_high_quality_false_low_score PASSED [ 10%]
tests/domain/test_domain_recommendation.py::TestRecommendation::test_is_high_quality_false_low_confidence PASSED [ 10%]
tests/domain/test_domain_recommendation.py::TestRecommendation::test_is_top_recommendation PASSED [ 10%]
tests/domain/test_domain_recommendation.py::TestRecommendation::test_get_metadata_value PASSED [ 10%]
tests/domain/test_domain_recommendation.py::TestRecommendation::test_has_metadata PASSED [ 10%]
tests/domain/test_domain_recommendation.py::TestRecommendation::test_comparison_operators PASSED [ 10%]
tests/domain/test_domain_recommendation.py::TestRecommendation::test_sorting PASSED [ 10%]
tests/domain/test_domain_recommendation.py::TestRecommendation::test_to_dict_api_compatibility PASSED [ 10%]
tests/domain/test_domain_recommendation.py::TestRecommendation::test_from_dict_nested_structure PASSED [ 10%]
tests/domain/test_domain_recommendation.py::TestRecommendation::test_from_dict_flat_structure PASSED [ 10%]
tests/domain/test_domain_recommendation.py::TestRecommendation::test_round_trip_serialization PASSED [ 10%]
tests/domain/test_domain_search.py::TestSearchQuery::test_create_valid_query_defaults PASSED [ 10%]
tests/domain/test_domain_search.py::TestSearchQuery::test_create_valid_query_custom_params PASSED [ 10%]
tests/domain/test_domain_search.py::TestSearchQuery::test_query_text_validation_empty FAILED [ 11%]
tests/domain/test_domain_search.py::TestSearchQuery::test_query_text_validation_whitespace FAILED [ 11%]
tests/domain/test_domain_search.py::TestSearchQuery::test_limit_validation_zero PASSED [ 11%]
tests/domain/test_domain_search.py::TestSearchQuery::test_limit_validation_negative PASSED [ 11%]
tests/domain/test_domain_search.py::TestSearchQuery::test_search_method_validation_invalid PASSED [ 11%]
tests/domain/test_domain_search.py::TestSearchQuery::test_search_method_validation_valid_methods PASSED [ 11%]
tests/domain/test_domain_search.py::TestSearchQuery::test_is_short_query_default_threshold PASSED [ 11%]
tests/domain/test_domain_search.py::TestSearchQuery::test_is_short_query_custom_threshold PASSED [ 11%]
tests/domain/test_domain_search.py::TestSearchQuery::test_is_long_query_default_threshold PASSED [ 11%]
tests/domain/test_domain_search.py::TestSearchQuery::test_is_long_query_custom_threshold PASSED [ 11%]
tests/domain/test_domain_search.py::TestSearchQuery::test_is_medium_query_default_thresholds PASSED [ 11%]
tests/domain/test_domain_search.py::TestSearchQuery::test_is_medium_query_custom_thresholds PASSED [ 11%]
tests/domain/test_domain_search.py::TestSearchQuery::test_get_word_count PASSED [ 11%]
tests/domain/test_domain_search.py::TestSearchQuery::test_is_single_word PASSED [ 11%]
tests/domain/test_domain_search.py::TestSearchQuery::test_get_query_length PASSED [ 11%]
tests/domain/test_domain_search.py::TestSearchQuery::test_to_dict PASSED [ 11%]
tests/domain/test_domain_search.py::TestSearchQuery::test_equality PASSED [ 11%]
tests/domain/test_domain_search.py::TestSearchResult::test_create_valid_result_defaults PASSED [ 12%]
tests/domain/test_domain_search.py::TestSearchResult::test_create_valid_result_with_optional_fields PASSED [ 12%]
tests/domain/test_domain_search.py::TestSearchResult::test_resource_id_validation_empty PASSED [ 12%]
tests/domain/test_domain_search.py::TestSearchResult::test_resource_id_validation_whitespace PASSED [ 12%]
tests/domain/test_domain_search.py::TestSearchResult::test_score_validation_negative PASSED [ 12%]
tests/domain/test_domain_search.py::TestSearchResult::test_score_validation_zero_allowed PASSED [ 12%]
tests/domain/test_domain_search.py::TestSearchResult::test_rank_validation_zero PASSED [ 12%]
tests/domain/test_domain_search.py::TestSearchResult::test_rank_validation_negative PASSED [ 12%]
tests/domain/test_domain_search.py::TestSearchResult::test_is_high_score_default_threshold PASSED [ 12%]
tests/domain/test_domain_search.py::TestSearchResult::test_is_high_score_custom_threshold PASSED [ 12%]
tests/domain/test_domain_search.py::TestSearchResult::test_is_low_score_default_threshold PASSED [ 12%]
tests/domain/test_domain_search.py::TestSearchResult::test_is_low_score_custom_threshold PASSED [ 12%]
tests/domain/test_domain_search.py::TestSearchResult::test_is_top_result_default_k PASSED [ 12%]
tests/domain/test_domain_search.py::TestSearchResult::test_is_top_result_custom_k PASSED [ 12%]
tests/domain/test_domain_search.py::TestSearchResult::test_get_metadata_value PASSED [ 12%]
tests/domain/test_domain_search.py::TestSearchResult::test_has_metadata PASSED [ 12%]
tests/domain/test_domain_search.py::TestSearchResult::test_to_dict PASSED [ 12%]
tests/domain/test_domain_search.py::TestSearchResult::test_equality PASSED [ 12%]
tests/domain/test_domain_search.py::TestSearchResults::test_create_valid_results PASSED [ 13%]
tests/domain/test_domain_search.py::TestSearchResults::test_create_with_reranked_flag PASSED [ 13%]
tests/domain/test_domain_search.py::TestSearchResults::test_validation_negative_total_results PASSED [ 13%]
tests/domain/test_domain_search.py::TestSearchResults::test_validation_negative_search_time PASSED [ 13%]
tests/domain/test_domain_search.py::TestSearchResults::test_get_top_k PASSED [ 13%]
tests/domain/test_domain_search.py::TestSearchResults::test_get_top_k_invalid PASSED [ 13%]
tests/domain/test_domain_search.py::TestSearchResults::test_get_high_score_results PASSED [ 13%]
tests/domain/test_domain_search.py::TestSearchResults::test_get_by_method PASSED [ 13%]
tests/domain/test_domain_search.py::TestSearchResults::test_has_results PASSED [ 13%]
tests/domain/test_domain_search.py::TestSearchResults::test_get_result_count PASSED [ 13%]
tests/domain/test_domain_search.py::TestSearchResults::test_get_average_score PASSED [ 13%]
tests/domain/test_domain_search.py::TestSearchResults::test_get_average_score_empty_results PASSED [ 13%]
tests/domain/test_domain_search.py::TestSearchResults::test_get_score_distribution PASSED [ 13%]
tests/domain/test_domain_search.py::TestSearchResults::test_to_dict_api_compatibility PASSED [ 13%]
tests/domain/test_domain_search.py::TestSearchResults::test_from_dict PASSED [ 13%]
tests/domain/test_domain_search.py::TestSearchResults::test_round_trip_serialization PASSED [ 13%]
tests/integration/phase10_graph_intelligence/test_phase10_discovery_api.py::TestDiscoveryAPIEndpoints::test_open_discovery_success FAILED [ 13%]
tests/integration/phase10_graph_intelligence/test_phase10_discovery_api.py::TestDiscoveryAPIEndpoints::test_open_discovery_not_found FAILED [ 14%]
tests/integration/phase10_graph_intelligence/test_phase10_discovery_api.py::TestDiscoveryAPIEndpoints::test_closed_discovery_success FAILED [ 14%]
tests/integration/phase10_graph_intelligence/test_phase10_discovery_api.py::TestDiscoveryAPIEndpoints::test_neighbors_endpoint FAILED [ 14%]
tests/integration/phase10_graph_intelligence/test_phase10_discovery_api.py::TestDiscoveryAPIEndpoints::test_list_hypotheses FAILED [ 14%]
tests/integration/phase10_graph_intelligence/test_phase10_discovery_api.py::TestDiscoveryAPIEndpoints::test_validate_hypothesis FAILED [ 14%]
tests/integration/phase10_graph_intelligence/test_phase10_integration.py::TestEndToEndDiscoveryWorkflow::test_complete_workflow ERROR [ 14%]
tests/integration/phase10_graph_intelligence/test_phase10_integration.py::TestEndToEndDiscoveryWorkflow::test_closed_discovery_workflow ERROR [ 14%]
tests/integration/phase10_graph_intelligence/test_phase10_integration.py::TestRecommendationIntegration::test_graph_based_recommendations ERROR [ 14%]
tests/integration/phase10_graph_intelligence/test_phase10_integration.py::TestRecommendationIntegration::test_recommendation_fusion ERROR [ 14%]
tests/integration/phase10_graph_intelligence/test_phase10_integration.py::TestRecommendationIntegration::test_hypothesis_based_recommendations ERROR [ 14%]
tests/integration/phase10_graph_intelligence/test_phase10_integration.py::TestGraphCaching::test_graph_cache_reuse ERROR [ 14%]
tests/integration/phase10_graph_intelligence/test_phase10_integration.py::TestGraphCaching::test_graph_cache_invalidation ERROR [ 14%]
tests/integration/phase11_recommendations/test_recommendation_api.py::TestRecommendationsEndpoint::test_get_recommendations_default ERROR [ 14%]
tests/integration/phase11_recommendations/test_recommendation_api.py::TestRecommendationsEndpoint::test_get_recommendations_with_limit ERROR [ 14%]
tests/integration/phase11_recommendations/test_recommendation_api.py::TestRecommendationsEndpoint::test_get_recommendations_invalid_limit ERROR [ 14%]
tests/integration/phase11_recommendations/test_recommendation_api.py::TestRecommendationsEndpoint::test_get_recommendations_with_strategy ERROR [ 14%]
tests/integration/phase11_recommendations/test_recommendation_api.py::TestRecommendationsEndpoint::test_get_recommendations_invalid_strategy ERROR [ 14%]
tests/integration/phase11_recommendations/test_recommendation_api.py::TestRecommendationsEndpoint::test_get_recommendations_with_diversity ERROR [ 14%]
tests/integration/phase11_recommendations/test_recommendation_api.py::TestRecommendationsEndpoint::test_get_recommendations_with_min_quality ERROR [ 15%]
tests/integration/phase11_recommendations/test_recommendation_api.py::TestRecommendationsEndpoint::test_get_recommendations_cold_start ERROR [ 15%]
tests/integration/phase11_recommendations/test_recommendation_api.py::TestInteractionsEndpoint::test_track_view_interaction ERROR [ 15%]
tests/integration/phase11_recommendations/test_recommendation_api.py::TestInteractionsEndpoint::test_track_annotation_interaction ERROR [ 15%]
tests/integration/phase11_recommendations/test_recommendation_api.py::TestInteractionsEndpoint::test_track_rating_interaction ERROR [ 15%]
tests/integration/phase11_recommendations/test_recommendation_api.py::TestInteractionsEndpoint::test_track_interaction_invalid_type ERROR [ 15%]
tests/integration/phase11_recommendations/test_recommendation_api.py::TestInteractionsEndpoint::test_track_interaction_invalid_resource ERROR [ 15%]
tests/integration/phase11_recommendations/test_recommendation_api.py::TestInteractionsEndpoint::test_track_interaction_invalid_uuid ERROR [ 15%]
tests/integration/phase11_recommendations/test_recommendation_api.py::TestProfileEndpoints::test_get_profile ERROR [ 15%]
tests/integration/phase11_recommendations/test_recommendation_api.py::TestProfileEndpoints::test_get_profile_creates_if_not_exists ERROR [ 15%]
tests/integration/phase11_recommendations/test_recommendation_api.py::TestProfileEndpoints::test_update_profile_preferences ERROR [ 15%]
tests/integration/phase11_recommendations/test_recommendation_api.py::TestProfileEndpoints::test_update_profile_research_domains ERROR [ 15%]
tests/integration/phase11_recommendations/test_recommendation_api.py::TestProfileEndpoints::test_update_profile_excluded_sources ERROR [ 15%]
tests/integration/phase11_recommendations/test_recommendation_api.py::TestProfileEndpoints::test_update_profile_invalid_preference_range ERROR [ 15%]
tests/integration/phase11_recommendations/test_recommendation_api.py::TestFeedbackEndpoint::test_submit_feedback_clicked ERROR [ 15%]
tests/integration/phase11_recommendations/test_recommendation_api.py::TestFeedbackEndpoint::test_submit_feedback_with_usefulness ERROR [ 15%]
tests/integration/phase11_recommendations/test_recommendation_api.py::TestFeedbackEndpoint::test_submit_feedback_not_clicked ERROR [ 15%]
tests/integration/phase11_recommendations/test_recommendation_api.py::TestFeedbackEndpoint::test_submit_feedback_invalid_resource ERROR [ 16%]
tests/integration/phase11_recommendations/test_recommendation_api.py::TestFeedbackEndpoint::test_submit_feedback_invalid_uuid ERROR [ 16%]
tests/integration/phase11_recommendations/test_recommendation_api.py::TestEndToEndWorkflow::test_complete_recommendation_workflow ERROR [ 16%]
tests/integration/phase11_recommendations/test_recommendation_api.py::TestEndToEndWorkflow::test_profile_update_affects_recommendations ERROR [ 16%]
tests/integration/phase1_ingestion/test_async_ingestion.py::TestPendingResourceCreation::test_create_pending_resource_success FAILED [ 16%]
tests/integration/phase1_ingestion/test_async_ingestion.py::TestPendingResourceCreation::test_create_pending_resource_missing_url PASSED [ 16%]
tests/integration/phase1_ingestion/test_async_ingestion.py::TestPendingResourceCreation::test_create_pending_resource_idempotent PASSED [ 16%]
tests/integration/phase1_ingestion/test_async_ingestion.py::TestPendingResourceCreation::test_create_pending_resource_authority_normalization PASSED [ 16%]
tests/integration/phase1_ingestion/test_async_ingestion.py::TestBackgroundIngestion::test_process_ingestion_success FAILED [ 16%]
tests/integration/phase1_ingestion/test_async_ingestion.py::TestBackgroundIngestion::test_process_ingestion_fetch_error FAILED [ 16%]
tests/integration/phase1_ingestion/test_async_ingestion.py::TestBackgroundIngestion::test_process_ingestion_ai_error FAILED [ 16%]
tests/integration/phase1_ingestion/test_async_ingestion.py::TestBackgroundIngestion::test_process_ingestion_nonexistent_resource FAILED [ 16%]
tests/integration/phase1_ingestion/test_async_ingestion.py::TestBackgroundIngestion::test_process_ingestion_custom_ai_core FAILED [ 16%]
tests/integration/phase1_ingestion/test_async_ingestion.py::TestAsyncIngestionIntegration::test_async_ingestion_flow FAILED [ 16%]
tests/integration/phase1_ingestion/test_async_ingestion.py::TestAsyncIngestionIntegration::test_async_ingestion_failure_flow FAILED [ 16%]
tests/integration/phase1_ingestion/test_async_ingestion.py::TestAsyncIngestionIntegration::test_status_endpoint_nonexistent_resource PASSED [ 16%]
tests/integration/phase1_ingestion/test_async_ingestion.py::TestAsyncIngestionIntegration::test_multiple_concurrent_ingestions FAILED [ 16%]
tests/integration/phase1_ingestion/test_async_ingestion.py::TestSparseEmbeddingIntegration::test_sparse_embedding_generated_during_ingestion FAILED [ 16%]
tests/integration/phase1_ingestion/test_async_ingestion.py::TestSparseEmbeddingIntegration::test_sparse_embedding_failure_does_not_block_ingestion FAILED [ 17%]
tests/integration/phase1_ingestion/test_async_ingestion.py::TestSparseEmbeddingIntegration::test_sparse_embedding_with_empty_content FAILED [ 17%]
tests/integration/phase1_ingestion/test_pdf_ingestion.py::TestPDFIngestionFlow::test_pdf_ingestion_via_api FAILED [ 17%]
tests/integration/phase1_ingestion/test_pdf_ingestion.py::TestPDFIngestionFlow::test_pdf_ingestion_by_url_extension FAILED [ 17%]
tests/integration/phase1_ingestion/test_pdf_ingestion.py::TestPDFIngestionFlow::test_pdf_ingestion_by_file_signature FAILED [ 17%]
tests/integration/phase1_ingestion/test_pdf_ingestion.py::TestPDFIngestionFlow::test_pdf_extraction_failure_handling FAILED [ 17%]
tests/integration/phase1_ingestion/test_pdf_ingestion.py::TestPDFContentExtraction::test_extract_from_fetched_pdf_with_pymupdf PASSED [ 17%]
tests/integration/phase1_ingestion/test_pdf_ingestion.py::TestPDFContentExtraction::test_extract_from_fetched_pdf_with_pdfminer_fallback PASSED [ 17%]
tests/integration/phase1_ingestion/test_pdf_ingestion.py::TestPDFContentExtraction::test_extract_from_fetched_pdf_no_libraries PASSED [ 17%]
tests/integration/phase1_ingestion/test_pdf_ingestion.py::TestPDFContentExtraction::test_pdf_vs_html_content_type_detection PASSED [ 17%]
tests/integration/phase1_ingestion/test_pdf_ingestion.py::TestPDFIngestionWithAI::test_pdf_ingestion_with_ai_summarization FAILED [ 17%]
tests/integration/phase1_ingestion/test_pdf_ingestion.py::TestPDFIngestionWithAI::test_pdf_ingestion_ai_failure_fallback FAILED [ 17%]
tests/integration/phase1_ingestion/test_phase1_ingestion.py::test_ingestion_pipeline_writes_archive_and_persists FAILED [ 17%]
tests/integration/phase1_ingestion/test_phase1_ingestion.py::test_api_endpoint_validation FAILED [ 17%]
tests/integration/phase1_ingestion/test_phase1_ingestion.py::test_response_schema_compliance PASSED [ 17%]
tests/integration/phase1_ingestion/test_resource_ingestion_classification.py::test_classification_triggered_during_ingestion FAILED [ 17%]
tests/integration/phase1_ingestion/test_resource_ingestion_classification.py::test_classification_failure_does_not_block_ingestion FAILED [ 17%]
tests/integration/phase1_ingestion/test_resource_ingestion_classification.py::test_classification_executes_after_embeddings ERROR [ 18%]
tests/integration/phase2_curation/test_curation_endpoints.py::TestQualityAnalysisEndpoint::test_quality_analysis_success FAILED [ 18%]
tests/integration/phase2_curation/test_curation_endpoints.py::TestQualityAnalysisEndpoint::test_quality_analysis_invalid_uuid PASSED [ 18%]
tests/integration/phase2_curation/test_curation_endpoints.py::TestQualityAnalysisEndpoint::test_quality_analysis_nonexistent_resource PASSED [ 18%]
tests/integration/phase2_curation/test_curation_endpoints.py::TestQualityAnalysisEndpoint::test_quality_analysis_with_suggestions PASSED [ 18%]
tests/integration/phase2_curation/test_curation_endpoints.py::TestLowQualityEndpoint::test_low_quality_default_threshold PASSED [ 18%]
tests/integration/phase2_curation/test_curation_endpoints.py::TestLowQualityEndpoint::test_low_quality_custom_threshold PASSED [ 18%]
tests/integration/phase2_curation/test_curation_endpoints.py::TestLowQualityEndpoint::test_low_quality_pagination PASSED [ 18%]
tests/integration/phase2_curation/test_curation_endpoints.py::TestLowQualityEndpoint::test_low_quality_high_threshold PASSED [ 18%]
tests/integration/phase2_curation/test_curation_endpoints.py::TestLowQualityEndpoint::test_low_quality_low_threshold PASSED [ 18%]
tests/integration/phase2_curation/test_curation_endpoints.py::TestBulkQualityCheckEndpoint::test_bulk_quality_check_success PASSED [ 18%]
tests/integration/phase2_curation/test_curation_endpoints.py::TestBulkQualityCheckEndpoint::test_bulk_quality_check_with_failures PASSED [ 18%]
tests/integration/phase2_curation/test_curation_endpoints.py::TestBulkQualityCheckEndpoint::test_bulk_quality_check_empty_list PASSED [ 18%]
tests/integration/phase2_curation/test_curation_endpoints.py::TestBulkQualityCheckEndpoint::test_bulk_quality_check_invalid_uuid PASSED [ 18%]
tests/integration/phase2_curation/test_curation_endpoints.py::TestBulkQualityCheckEndpoint::test_bulk_quality_check_missing_field PASSED [ 18%]
tests/integration/phase2_curation/test_curation_endpoints.py::TestBulkQualityCheckEndpoint::test_bulk_quality_check_updates_scores PASSED [ 18%]
tests/integration/phase2_curation/test_curation_endpoints.py::TestEndpointIntegration::test_quality_analysis_and_bulk_check_consistency PASSED [ 18%]
tests/integration/phase2_curation/test_curation_endpoints.py::TestEndpointIntegration::test_low_quality_filtering_consistency PASSED [ 18%]
tests/integration/phase2_curation/test_phase2_curation_api.py::TestResourcesCRUDAndList::test_get_resource_by_id PASSED [ 19%]
tests/integration/phase2_curation/test_phase2_curation_api.py::TestResourcesCRUDAndList::test_get_resource_404 PASSED [ 19%]
tests/integration/phase2_curation/test_phase2_curation_api.py::TestResourcesCRUDAndList::test_list_resources_basic_pagination_and_total PASSED [ 19%]
tests/integration/phase2_curation/test_phase2_curation_api.py::TestResourcesCRUDAndList::test_list_resources_filters PASSED [ 19%]
tests/integration/phase2_curation/test_phase2_curation_api.py::TestResourcesCRUDAndList::test_list_resources_min_quality_and_date_ranges PASSED [ 19%]
tests/integration/phase2_curation/test_phase2_curation_api.py::TestResourcesCRUDAndList::test_list_resources_sorting PASSED [ 19%]
tests/integration/phase2_curation/test_phase2_curation_api.py::TestResourcesCRUDAndList::test_update_resource_partial PASSED [ 19%]
tests/integration/phase2_curation/test_phase2_curation_api.py::TestResourcesCRUDAndList::test_update_resource_404 PASSED [ 19%]
tests/integration/phase2_curation/test_phase2_curation_api.py::TestResourcesCRUDAndList::test_delete_resource PASSED [ 19%]
tests/integration/phase2_curation/test_phase2_curation_api.py::TestCurationAPI::test_review_queue_defaults PASSED [ 19%]
tests/integration/phase2_curation/test_phase2_curation_api.py::TestCurationAPI::test_review_queue_include_unread_only PASSED [ 19%]
tests/integration/phase2_curation/test_phase2_curation_api.py::TestCurationAPI::test_review_queue_pagination PASSED [ 19%]
tests/integration/phase2_curation/test_phase2_curation_api.py::TestCurationAPI::test_batch_update PASSED [ 19%]
tests/integration/phase2_curation/test_phase2_curation_api.py::TestCurationAPI::test_authority_suggestions_endpoint PASSED [ 19%]
tests/integration/phase2_curation/test_phase2_curation_api.py::TestCurationAPI::test_batch_update_validation PASSED [ 19%]
tests/integration/phase3_search/test_enhanced_search_api.py::TestEnhancedSearchEndpoint::test_basic_search_with_snippets PASSED [ 19%]
tests/integration/phase3_search/test_enhanced_search_api.py::TestEnhancedSearchEndpoint::test_phrase_search PASSED [ 19%]
tests/integration/phase3_search/test_enhanced_search_api.py::TestEnhancedSearchEndpoint::test_boolean_search PASSED [ 20%]
tests/integration/phase3_search/test_enhanced_search_api.py::TestEnhancedSearchEndpoint::test_field_specific_search PASSED [ 20%]
tests/integration/phase3_search/test_enhanced_search_api.py::TestEnhancedSearchEndpoint::test_wildcard_search PASSED [ 20%]
tests/integration/phase3_search/test_enhanced_search_api.py::TestEnhancedSearchEndpoint::test_search_with_filters_and_snippets FAILED [ 20%]
tests/integration/phase3_search/test_enhanced_search_api.py::TestEnhancedSearchEndpoint::test_search_sorting_with_snippets PASSED [ 20%]
tests/integration/phase3_search/test_enhanced_search_api.py::TestEnhancedSearchEndpoint::test_search_without_text_query FAILED [ 20%]
tests/integration/phase3_search/test_enhanced_search_api.py::TestEnhancedSearchEndpoint::test_search_pagination_with_snippets PASSED [ 20%]
tests/integration/phase3_search/test_enhanced_search_api.py::TestEnhancedSearchEndpoint::test_search_error_handling PASSED [ 20%]
tests/integration/phase3_search/test_enhanced_search_api.py::TestEnhancedSearchEndpoint::test_search_facets_with_snippets PASSED [ 20%]
tests/integration/phase3_search/test_enhanced_search_api.py::TestEnhancedSearchEndpoint::test_fallback_search_behavior PASSED [ 20%]
tests/integration/phase3_search/test_enhanced_search_api.py::TestEnhancedSearchEndpoint::test_complex_query_combinations FAILED [ 20%]
tests/integration/phase3_search/test_enhanced_search_api.py::TestSearchPerformance::test_large_result_set_handling PASSED [ 20%]
tests/integration/phase3_search/test_enhanced_search_api.py::TestSearchPerformance::test_empty_search_results PASSED [ 20%]
tests/integration/phase3_search/test_phase3_search_api.py::test_post_search_basic_total_and_items PASSED [ 20%]
tests/integration/phase3_search/test_phase3_search_api.py::test_search_filters_and_sorting FAILED [ 20%]
tests/integration/phase3_search/test_phase3_search_api.py::test_search_subject_any_all FAILED [ 20%]
tests/integration/phase3_search/test_phase3_search_api.py::test_search_facets_present FAILED [ 20%]
tests/integration/phase4_hybrid_search/test_phase4_hybrid_search.py::TestEmbeddingGeneration::test_embedding_generator_initialization PASSED [ 20%]
tests/integration/phase4_hybrid_search/test_phase4_hybrid_search.py::TestEmbeddingGeneration::test_embedding_generator_custom_model PASSED [ 21%]
tests/integration/phase4_hybrid_search/test_phase4_hybrid_search.py::TestEmbeddingGeneration::test_embedding_generation_success PASSED [ 21%]
tests/integration/phase4_hybrid_search/test_phase4_hybrid_search.py::TestEmbeddingGeneration::test_embedding_generation_fallback PASSED [ 21%]
tests/integration/phase4_hybrid_search/test_phase4_hybrid_search.py::TestEmbeddingGeneration::test_embedding_generation_empty_text PASSED [ 21%]
tests/integration/phase4_hybrid_search/test_phase4_hybrid_search.py::TestEmbeddingGeneration::test_create_composite_text PASSED [ 21%]
tests/integration/phase4_hybrid_search/test_phase4_hybrid_search.py::TestEmbeddingGeneration::test_create_composite_text_partial_data PASSED [ 21%]
tests/integration/phase4_hybrid_search/test_phase4_hybrid_search.py::TestVectorOperations::test_cosine_similarity_identical_vectors PASSED [ 21%]
tests/integration/phase4_hybrid_search/test_phase4_hybrid_search.py::TestVectorOperations::test_cosine_similarity_orthogonal_vectors PASSED [ 21%]
tests/integration/phase4_hybrid_search/test_phase4_hybrid_search.py::TestVectorOperations::test_cosine_similarity_opposite_vectors PASSED [ 21%]
tests/integration/phase4_hybrid_search/test_phase4_hybrid_search.py::TestVectorOperations::test_cosine_similarity_different_lengths PASSED [ 21%]
tests/integration/phase4_hybrid_search/test_phase4_hybrid_search.py::TestVectorOperations::test_cosine_similarity_empty_vectors PASSED [ 21%]
tests/integration/phase4_hybrid_search/test_phase4_hybrid_search.py::TestVectorOperations::test_normalize_scores_empty PASSED [ 21%]
tests/integration/phase4_hybrid_search/test_phase4_hybrid_search.py::TestVectorOperations::test_normalize_scores_single_value PASSED [ 21%]
tests/integration/phase4_hybrid_search/test_phase4_hybrid_search.py::TestVectorOperations::test_normalize_scores_identical_values PASSED [ 21%]
tests/integration/phase4_hybrid_search/test_phase4_hybrid_search.py::TestVectorOperations::test_normalize_scores_range PASSED [ 21%]
tests/integration/phase4_hybrid_search/test_phase4_hybrid_search.py::TestHybridSearchLogic::test_search_query_hybrid_weight_validation PASSED [ 21%]
tests/integration/phase4_hybrid_search/test_phase4_hybrid_search.py::TestSearchIntegration::test_hybrid_search_integration PASSED [ 21%]
tests/integration/phase4_hybrid_search/test_phase4_hybrid_search.py::TestSearchIntegration::test_fallback_when_numpy_unavailable FAILED [ 22%]
tests/integration/phase4_hybrid_search/test_phase4_hybrid_search.py::TestEmbeddingPersistence::test_embedding_generation_during_ingestion PASSED [ 22%]
tests/integration/phase4_hybrid_search/test_phase4_hybrid_search.py::TestEmbeddingPersistence::test_embedding_regeneration_on_update PASSED [ 22%]
tests/integration/phase4_hybrid_search/test_phase4_hybrid_search.py::TestHybridWeightBehavior::test_pure_keyword_search PASSED [ 22%]
tests/integration/phase4_hybrid_search/test_phase4_hybrid_search.py::TestHybridWeightBehavior::test_pure_semantic_search PASSED [ 22%]
tests/integration/phase4_hybrid_search/test_phase4_hybrid_search.py::TestHybridWeightBehavior::test_balanced_hybrid_search PASSED [ 22%]
tests/integration/phase4_hybrid_search/test_phase4_hybrid_search.py::TestEndToEndHybridSearch::test_hybrid_search_with_real_embeddings SKIPPED [ 22%]
tests/integration/phase4_hybrid_search/test_phase4_hybrid_search.py::TestEndToEndHybridSearch::test_semantic_similarity_detection SKIPPED [ 22%]
tests/integration/phase4_hybrid_search/test_phase4_hybrid_search.py::TestEndToEndHybridSearch::test_score_fusion_mathematics SKIPPED [ 22%]
tests/integration/phase4_hybrid_search/test_sparse_embedding_integration.py::test_sparse_embedding_service_integration PASSED [ 22%]
tests/integration/phase4_hybrid_search/test_sparse_embedding_integration.py::test_batch_update_integration PASSED [ 22%]
tests/integration/phase4_hybrid_search/test_sparse_embedding_integration.py::test_search_by_sparse_vector_integration PASSED [ 22%]
tests/integration/phase4_hybrid_search/test_three_way_hybrid_search_integration.py::test_three_way_search_combines_all_methods PASSED [ 22%]
tests/integration/phase4_hybrid_search/test_three_way_hybrid_search_integration.py::test_three_way_search_with_reranking PASSED [ 22%]
tests/integration/phase4_hybrid_search/test_three_way_hybrid_search_integration.py::test_adaptive_weighting_adjusts_weights PASSED [ 22%]
tests/integration/phase4_hybrid_search/test_three_way_hybrid_search_integration.py::test_three_way_search_latency_target PASSED [ 22%]
tests/integration/phase4_hybrid_search/test_three_way_hybrid_search_integration.py::test_three_way_search_with_reranking_latency PASSED [ 22%]
tests/integration/phase4_hybrid_search/test_three_way_hybrid_search_integration.py::test_three_way_search_empty_query PASSED [ 22%]
tests/integration/phase4_hybrid_search/test_three_way_hybrid_search_integration.py::test_three_way_search_pagination PASSED [ 23%]
tests/integration/phase5_graph/test_phase55_recommendations.py::TestCosineSimilarity::test_identical_vectors PASSED [ 23%]
tests/integration/phase5_graph/test_phase55_recommendations.py::TestCosineSimilarity::test_orthogonal_vectors PASSED [ 23%]
tests/integration/phase5_graph/test_phase55_recommendations.py::TestCosineSimilarity::test_opposite_vectors FAILED [ 23%]
tests/integration/phase5_graph/test_phase55_recommendations.py::TestCosineSimilarity::test_zero_vector_handling PASSED [ 23%]
tests/integration/phase5_graph/test_phase55_recommendations.py::TestCosineSimilarity::test_different_length_vectors PASSED [ 23%]
tests/integration/phase5_graph/test_phase55_recommendations.py::TestCosineSimilarity::test_score_clamping FAILED [ 23%]
tests/integration/phase5_graph/test_phase55_recommendations.py::TestVectorConversion::test_to_numpy_vector_valid FAILED [ 23%]
tests/integration/phase5_graph/test_phase55_recommendations.py::TestVectorConversion::test_to_numpy_vector_empty FAILED [ 23%]
tests/integration/phase5_graph/test_phase55_recommendations.py::TestVectorConversion::test_to_numpy_vector_none FAILED [ 23%]
tests/integration/phase5_graph/test_phase55_recommendations.py::TestVectorConversion::test_to_numpy_vector_invalid FAILED [ 23%]
tests/integration/phase5_graph/test_phase55_recommendations.py::TestUserProfileGeneration::test_generate_profile_with_embeddings FAILED [ 23%]
tests/integration/phase5_graph/test_phase55_recommendations.py::TestUserProfileGeneration::test_generate_profile_empty_library FAILED [ 23%]
tests/integration/phase5_graph/test_phase55_recommendations.py::TestUserProfileGeneration::test_generate_profile_no_embeddings FAILED [ 23%]
tests/integration/phase5_graph/test_phase55_recommendations.py::TestTopSubjectsExtraction::test_get_top_subjects FAILED [ 23%]
tests/integration/phase5_graph/test_phase55_recommendations.py::TestTopSubjectsExtraction::test_get_top_subjects_empty PASSED [ 23%]
tests/integration/phase5_graph/test_phase55_recommendations.py::TestRecommendationService::test_generate_recommendations_full_flow ERROR [ 23%]
tests/integration/phase5_graph/test_phase55_recommendations.py::TestRecommendationService::test_generate_recommendations_empty_library ERROR [ 24%]
tests/integration/phase5_graph/test_phase55_recommendations.py::TestRecommendationService::test_generate_recommendations_single_resource ERROR [ 24%]
tests/integration/phase5_graph/test_phase55_recommendations.py::TestRecommendationAPI::test_get_recommendations_success ERROR [ 24%]
tests/integration/phase5_graph/test_phase55_recommendations.py::TestRecommendationAPI::test_get_recommendations_with_limit ERROR [ 24%]
tests/integration/phase5_graph/test_phase55_recommendations.py::TestRecommendationAPI::test_get_recommendations_invalid_limit ERROR [ 24%]
tests/integration/phase5_graph/test_phase55_recommendations.py::TestRecommendationAPI::test_get_recommendations_empty_library ERROR [ 24%]
tests/integration/phase5_graph/test_phase55_recommendations.py::TestRecommendationAPI::test_duplicate_filtering ERROR [ 24%]
tests/integration/phase5_graph/test_phase55_recommendations.py::TestRecommendationAPI::test_relevance_score_ordering ERROR [ 24%]
tests/integration/phase5_graph/test_phase55_recommendations.py::TestEdgeCases::test_malformed_embeddings ERROR [ 24%]
tests/integration/phase5_graph/test_phase55_recommendations.py::TestEdgeCases::test_mixed_embedding_dimensions ERROR [ 24%]
tests/integration/phase5_graph/test_phase55_recommendations.py::TestEdgeCases::test_search_provider_failure FAILED [ 24%]
tests/integration/phase5_graph/test_phase55_recommendations.py::TestPerformance::test_large_library_performance ERROR [ 24%]
tests/integration/phase5_graph/test_phase55_recommendations.py::TestPerformance::test_caching_behavior ERROR [ 24%]
tests/integration/phase5_graph/test_phase55_recommendations.py::test_recommendations_endpoint_basic FAILED [ 24%]
tests/integration/phase5_graph/test_phase55_recommendations.py::test_profile_sensitivity FAILED [ 24%]
tests/integration/phase5_graph/test_phase5_graph_api.py::TestCosineSimilarity::test_identical_vectors PASSED [ 24%]
tests/integration/phase5_graph/test_phase5_graph_api.py::TestCosineSimilarity::test_orthogonal_vectors PASSED [ 24%]
tests/integration/phase5_graph/test_phase5_graph_api.py::TestCosineSimilarity::test_opposite_vectors PASSED [ 24%]
tests/integration/phase5_graph/test_phase5_graph_api.py::TestCosineSimilarity::test_zero_vector_handling PASSED [ 25%]
tests/integration/phase5_graph/test_phase5_graph_api.py::TestCosineSimilarity::test_empty_vectors PASSED [ 25%]
tests/integration/phase5_graph/test_phase5_graph_api.py::TestCosineSimilarity::test_different_length_vectors PASSED [ 25%]
tests/integration/phase5_graph/test_phase5_graph_api.py::TestCosineSimilarity::test_normalized_vectors PASSED [ 25%]
tests/integration/phase5_graph/test_phase5_graph_api.py::TestTagOverlapScore::test_no_overlap PASSED [ 25%]
tests/integration/phase5_graph/test_phase5_graph_api.py::TestTagOverlapScore::test_single_overlap PASSED [ 25%]
tests/integration/phase5_graph/test_phase5_graph_api.py::TestTagOverlapScore::test_multiple_overlap PASSED [ 25%]
tests/integration/phase5_graph/test_phase5_graph_api.py::TestTagOverlapScore::test_many_overlaps_capped PASSED [ 25%]
tests/integration/phase5_graph/test_phase5_graph_api.py::TestTagOverlapScore::test_empty_subjects PASSED [ 25%]
tests/integration/phase5_graph/test_phase5_graph_api.py::TestTagOverlapScore::test_case_sensitivity PASSED [ 25%]
tests/integration/phase5_graph/test_phase5_graph_api.py::TestClassificationMatchScore::test_exact_match PASSED [ 25%]
tests/integration/phase5_graph/test_phase5_graph_api.py::TestClassificationMatchScore::test_no_match PASSED [ 25%]
tests/integration/phase5_graph/test_phase5_graph_api.py::TestClassificationMatchScore::test_none_values PASSED [ 25%]
tests/integration/phase5_graph/test_phase5_graph_api.py::TestHybridWeight::test_default_weights PASSED [ 25%]
tests/integration/phase5_graph/test_phase5_graph_api.py::TestHybridWeight::test_custom_weights PASSED [ 25%]
tests/integration/phase5_graph/test_phase5_graph_api.py::TestHybridWeight::test_negative_vector_clamping PASSED [ 25%]
tests/integration/phase5_graph/test_phase5_graph_api.py::TestHybridWeight::test_range_bounds PASSED [ 25%]
tests/integration/phase5_graph/test_phase5_graph_api.py::TestGraphService::test_find_neighbors_empty_database PASSED [ 26%]
tests/integration/phase5_graph/test_phase5_graph_api.py::TestGraphService::test_find_neighbors_nonexistent_resource PASSED [ 26%]
tests/integration/phase5_graph/test_phase5_graph_api.py::TestGraphService::test_find_neighbors_with_vector_similarity PASSED [ 26%]
tests/integration/phase5_graph/test_phase5_graph_api.py::TestGraphService::test_find_neighbors_with_shared_subjects PASSED [ 26%]
tests/integration/phase5_graph/test_phase5_graph_api.py::TestGraphService::test_find_neighbors_classification_match PASSED [ 26%]
tests/integration/phase5_graph/test_phase5_graph_api.py::TestGraphAPIEndpoints::test_get_neighbors_success PASSED [ 26%]
tests/integration/phase5_graph/test_phase5_graph_api.py::TestGraphAPIEndpoints::test_get_neighbors_with_limit PASSED [ 26%]
tests/integration/phase5_graph/test_phase5_graph_api.py::TestGraphAPIEndpoints::test_get_neighbors_nonexistent PASSED [ 26%]
tests/integration/phase5_graph/test_phase5_graph_api.py::TestGraphAPIEndpoints::test_get_neighbors_invalid_uuid PASSED [ 26%]
tests/integration/phase5_graph/test_phase5_graph_api.py::TestGraphAPIEndpoints::test_get_global_overview_success PASSED [ 26%]
tests/integration/phase5_graph/test_phase5_graph_api.py::TestGraphAPIEndpoints::test_get_global_overview_with_params PASSED [ 26%]
tests/integration/phase5_graph/test_phase5_graph_api.py::TestGraphAPIEndpoints::test_edge_details_accuracy PASSED [ 26%]
tests/integration/phase5_graph/test_phase5_graph_api.py::TestGraphAPIEndpoints::test_hybrid_ranking_demonstration PASSED [ 26%]
tests/integration/phase6_citations/test_phase6_5_scholarly.py::TestMetadataExtraction::test_extract_doi_from_text ERROR [ 26%]
tests/integration/phase6_citations/test_phase6_5_scholarly.py::TestMetadataExtraction::test_extract_arxiv_id ERROR [ 26%]
tests/integration/phase6_citations/test_phase6_5_scholarly.py::TestMetadataExtraction::test_extract_publication_year ERROR [ 26%]
tests/integration/phase6_citations/test_phase6_5_scholarly.py::TestMetadataExtraction::test_compute_completeness_score ERROR [ 26%]
tests/integration/phase6_citations/test_phase6_5_scholarly.py::TestMetadataExtraction::test_compute_confidence_score ERROR [ 26%]
tests/integration/phase6_citations/test_phase6_5_scholarly.py::TestEquationExtraction::test_extract_inline_math PASSED [ 27%]
tests/integration/phase6_citations/test_phase6_5_scholarly.py::TestEquationExtraction::test_extract_display_math PASSED [ 27%]
tests/integration/phase6_citations/test_phase6_5_scholarly.py::TestEquationExtraction::test_validate_latex_balanced PASSED [ 27%]
tests/integration/phase6_citations/test_phase6_5_scholarly.py::TestEquationExtraction::test_validate_latex_unbalanced PASSED [ 27%]
tests/integration/phase6_citations/test_phase6_5_scholarly.py::TestEquationExtraction::test_normalize_latex FAILED [ 27%]
tests/integration/phase6_citations/test_phase6_5_scholarly.py::TestTableExtraction::test_extract_simple_html_table PASSED [ 27%]
tests/integration/phase6_citations/test_phase6_5_scholarly.py::TestTableExtraction::test_extract_table_with_caption PASSED [ 27%]
tests/integration/phase6_citations/test_phase6_5_scholarly.py::TestTableExtraction::test_validate_table_structure PASSED [ 27%]
tests/integration/phase6_citations/test_phase6_5_scholarly.py::TestTableExtraction::test_validate_inconsistent_table PASSED [ 27%]
tests/integration/phase6_citations/test_phase6_5_scholarly.py::TestScholarlyIntegration::test_resource_model_has_scholarly_fields ERROR [ 27%]
tests/integration/phase6_citations/test_phase6_5_scholarly.py::TestScholarlyIntegration::test_extract_scholarly_metadata_integration ERROR [ 27%]
tests/integration/phase6_citations/test_phase6_citations.py::TestCitationModel::test_create_citation PASSED [ 27%]
tests/integration/phase6_citations/test_phase6_citations.py::TestCitationService::test_service_initialization PASSED [ 27%]
tests/integration/phase6_citations/test_phase6_citations.py::TestCitationService::test_normalize_url PASSED [ 27%]
tests/integration/phase6_citations/test_phase6_citations.py::TestCitationService::test_classify_citation_type PASSED [ 27%]
tests/integration/phase6_citations/test_phase6_citations.py::TestCitationService::test_create_citation PASSED [ 27%]
tests/integration/phase6_citations/test_phase6_citations.py::TestCitationService::test_get_citations_for_resource PASSED [ 27%]
tests/integration/phase6_citations/test_phase6_citations.py::TestCitationService::test_resolve_internal_citations PASSED [ 28%]
tests/integration/phase6_citations/test_phase6_citations.py::TestCitationGraph::test_get_citation_graph_simple PASSED [ 28%]
tests/integration/phase6_citations/test_phase6_citations.py::TestCitationEndpoints::test_get_resource_citations_endpoint PASSED [ 28%]
tests/integration/phase6_citations/test_phase6_citations.py::TestCitationEndpoints::test_citation_graph_endpoint PASSED [ 28%]
tests/integration/phase7_collections/test_phase7_5_annotations.py::TestAnnotationCRUD::test_create_annotation_valid PASSED [ 28%]
tests/integration/phase7_collections/test_phase7_5_annotations.py::TestAnnotationCRUD::test_create_annotation_invalid_offsets PASSED [ 28%]
tests/integration/phase7_collections/test_phase7_5_annotations.py::TestAnnotationCRUD::test_update_annotation_owner PASSED [ 28%]
tests/integration/phase7_collections/test_phase7_5_annotations.py::TestAnnotationCRUD::test_update_annotation_non_owner PASSED [ 28%]
tests/integration/phase7_collections/test_phase7_5_annotations.py::TestAnnotationCRUD::test_delete_annotation_owner PASSED [ 28%]
tests/integration/phase7_collections/test_phase7_5_annotations.py::TestAnnotationCRUD::test_delete_annotation_non_owner PASSED [ 28%]
tests/integration/phase7_collections/test_phase7_5_annotations.py::TestAnnotationCRUD::test_get_annotation_by_id_owner PASSED [ 28%]
tests/integration/phase7_collections/test_phase7_5_annotations.py::TestAnnotationCRUD::test_get_annotation_by_id_shared PASSED [ 28%]
tests/integration/phase7_collections/test_phase7_5_annotations.py::TestAnnotationCRUD::test_get_annotation_by_id_private_non_owner PASSED [ 28%]
tests/integration/phase7_collections/test_phase7_5_annotations.py::TestAnnotationRetrieval::test_get_annotations_for_resource PASSED [ 28%]
tests/integration/phase7_collections/test_phase7_5_annotations.py::TestAnnotationRetrieval::test_get_annotations_for_resource_exclude_shared PASSED [ 28%]
tests/integration/phase7_collections/test_phase7_5_annotations.py::TestAnnotationRetrieval::test_get_annotations_for_user PASSED [ 28%]
tests/integration/phase7_collections/test_phase7_5_annotations.py::TestAnnotationRetrieval::test_get_annotations_for_user_pagination PASSED [ 28%]
tests/integration/phase7_collections/test_phase7_5_annotations.py::TestAnnotationRetrieval::test_filter_annotations_by_tags PASSED [ 28%]
tests/integration/phase7_collections/test_phase7_5_annotations.py::TestAnnotationSearch::test_fulltext_search_in_notes PASSED [ 29%]
tests/integration/phase7_collections/test_phase7_5_annotations.py::TestAnnotationSearch::test_fulltext_search_in_highlighted_text PASSED [ 29%]
tests/integration/phase7_collections/test_phase7_5_annotations.py::TestAnnotationSearch::test_fulltext_search_no_results PASSED [ 29%]
tests/integration/phase7_collections/test_phase7_5_annotations.py::TestAnnotationSearch::test_semantic_search_with_embeddings PASSED [ 29%]
tests/integration/phase7_collections/test_phase7_5_annotations.py::TestAnnotationSearch::test_tag_search_any PASSED [ 29%]
tests/integration/phase7_collections/test_phase7_5_annotations.py::TestAnnotationSearch::test_tag_search_all PASSED [ 29%]
tests/integration/phase7_collections/test_phase7_5_annotations.py::TestAnnotationExport::test_export_markdown_single_resource PASSED [ 29%]
tests/integration/phase7_collections/test_phase7_5_annotations.py::TestAnnotationExport::test_export_markdown_all_resources PASSED [ 29%]
tests/integration/phase7_collections/test_phase7_5_annotations.py::TestAnnotationExport::test_export_json_single_resource PASSED [ 29%]
tests/integration/phase7_collections/test_phase7_5_annotations.py::TestAnnotationExport::test_export_json_all_resources PASSED [ 29%]
tests/integration/phase7_collections/test_phase7_5_annotations.py::TestAnnotationExport::test_export_formatting_correctness PASSED [ 29%]
tests/integration/phase7_collections/test_phase7_5_annotations.py::TestAnnotationIntegration::test_resource_deletion_cascades PASSED [ 29%]
tests/integration/phase7_collections/test_phase7_5_annotations.py::TestAnnotationIntegration::test_search_includes_annotations FAILED [ 29%]
tests/integration/phase7_collections/test_phase7_5_annotations.py::TestAnnotationIntegration::test_recommendations_from_annotations PASSED [ 29%]
tests/integration/phase7_collections/test_phase7_5_annotations.py::TestAnnotationIntegration::test_collection_annotation_counts FAILED [ 29%]
tests/integration/phase7_collections/test_phase7_5_annotations.py::TestAnnotationPerformance::test_annotation_creation_performance PASSED [ 29%]
tests/integration/phase7_collections/test_phase7_5_annotations.py::TestAnnotationPerformance::test_fulltext_search_performance PASSED [ 29%]
tests/integration/phase7_collections/test_phase7_5_annotations.py::TestAnnotationEdgeCases::test_offset_at_document_start PASSED [ 30%]
tests/integration/phase7_collections/test_phase7_5_annotations.py::TestAnnotationEdgeCases::test_offset_at_document_end PASSED [ 30%]
tests/integration/phase7_collections/test_phase7_5_annotations.py::TestAnnotationEdgeCases::test_concurrent_annotation_creation SKIPPED [ 30%]
tests/integration/phase7_collections/test_phase7_5_annotations.py::TestAnnotationEdgeCases::test_large_note_text PASSED [ 30%]
tests/integration/phase7_collections/test_phase7_5_annotations.py::TestAnnotationEdgeCases::test_very_large_note_rejection SKIPPED [ 30%]
tests/integration/phase7_collections/test_phase7_5_annotations.py::TestAnnotationEdgeCases::test_zero_length_highlight_rejection PASSED [ 30%]
tests/integration/phase7_collections/test_phase7_5_annotations.py::TestAnnotationEdgeCases::test_empty_highlighted_text SKIPPED [ 30%]
tests/integration/phase7_collections/test_phase7_5_annotations.py::TestAnnotationEdgeCases::test_annotation_without_note PASSED [ 30%]
tests/integration/phase7_collections/test_phase7_5_annotations.py::TestAnnotationEdgeCases::test_annotation_without_tags PASSED [ 30%]
tests/integration/phase7_collections/test_phase7_5_annotations.py::TestAnnotationEdgeCases::test_duplicate_annotations_allowed PASSED [ 30%]
tests/integration/phase7_collections/test_phase7_5_annotations.py::TestAnnotationEdgeCases::test_overlapping_annotations PASSED [ 30%]
tests/integration/phase7_collections/test_phase7_5_annotations.py::TestAnnotationEdgeCases::test_invalid_resource_id PASSED [ 30%]
tests/integration/phase7_collections/test_phase7_5_annotations.py::TestAnnotationEdgeCases::test_invalid_color_format SKIPPED [ 30%]
tests/integration/phase7_collections/test_phase7_5_annotations.py::TestAnnotationEdgeCases::test_special_characters_in_note PASSED [ 30%]
tests/integration/phase7_collections/test_phase7_5_annotations.py::TestAnnotationEdgeCases::test_unicode_in_highlighted_text PASSED [ 30%]
tests/integration/phase7_collections/test_phase7_5_annotations.py::TestAnnotationEdgeCases::test_max_tags_limit PASSED [ 30%]
tests/integration/phase7_collections/test_phase7_5_annotations.py::TestAnnotationEdgeCases::test_too_many_tags_rejection SKIPPED [ 30%]
tests/integration/phase7_collections/test_phase7_collections.py::TestCollectionCreation::test_create_collection PASSED [ 30%]
tests/integration/phase7_collections/test_phase7_collections.py::TestCollectionCreation::test_create_collection_with_parent FAILED [ 31%]
tests/integration/phase7_collections/test_phase7_collections.py::TestCollectionCreation::test_create_collection_invalid_name FAILED [ 31%]
tests/integration/phase7_collections/test_phase7_collections.py::TestCollectionCreation::test_create_collection_invalid_visibility FAILED [ 31%]
tests/integration/phase7_collections/test_phase7_collections.py::TestCollectionAccess::test_get_private_collection_as_owner FAILED [ 31%]
tests/integration/phase7_collections/test_phase7_collections.py::TestCollectionAccess::test_get_private_collection_as_non_owner FAILED [ 31%]
tests/integration/phase7_collections/test_phase7_collections.py::TestCollectionAccess::test_get_public_collection FAILED [ 31%]
tests/integration/phase7_collections/test_phase7_collections.py::TestResourceMembership::test_add_resources FAILED [ 31%]
tests/integration/phase7_collections/test_phase7_collections.py::TestResourceMembership::test_add_resources_duplicate FAILED [ 31%]
tests/integration/phase7_collections/test_phase7_collections.py::TestResourceMembership::test_remove_resources FAILED [ 31%]
tests/integration/phase7_collections/test_phase7_collections.py::TestResourceMembership::test_add_resources_non_owner FAILED [ 31%]
tests/integration/phase7_collections/test_phase7_collections.py::TestCollectionEmbedding::test_recompute_embedding FAILED [ 31%]
tests/integration/phase7_collections/test_phase7_collections.py::TestCollectionEmbedding::test_recompute_embedding_empty_collection FAILED [ 31%]
tests/integration/phase7_collections/test_phase7_collections.py::TestCollectionRecommendations::test_get_recommendations FAILED [ 31%]
tests/integration/phase7_collections/test_phase7_collections.py::TestCollectionRecommendations::test_get_recommendations_no_embedding FAILED [ 31%]
tests/integration/phase7_collections/test_phase7_collections.py::TestHierarchyValidation::test_validate_hierarchy_none_parent FAILED [ 31%]
tests/integration/phase7_collections/test_phase7_collections.py::TestHierarchyValidation::test_validate_hierarchy_valid_parent FAILED [ 31%]
tests/integration/phase7_collections/test_phase7_collections.py::TestHierarchyValidation::test_prevent_circular_reference_direct FAILED [ 31%]
tests/integration/phase7_collections/test_phase7_collections.py::TestHierarchyValidation::test_prevent_circular_reference_two_level FAILED [ 32%]
tests/integration/phase7_collections/test_phase7_collections.py::TestHierarchyValidation::test_prevent_circular_reference_multi_level FAILED [ 32%]
tests/integration/phase7_collections/test_phase7_collections.py::TestHierarchyValidation::test_hierarchy_depth_limit FAILED [ 32%]
tests/integration/phase7_collections/test_phase7_collections.py::TestHierarchyValidation::test_valid_multi_level_hierarchy FAILED [ 32%]
tests/integration/phase7_collections/test_phase7_collections.py::TestHierarchyValidation::test_reparent_collection FAILED [ 32%]
tests/integration/phase8_classification/test_classification_endpoints.py::test_classify_resource_endpoint FAILED [ 32%]
tests/integration/phase8_classification/test_classification_endpoints.py::test_get_uncertain_samples_endpoint FAILED [ 32%]
tests/integration/phase8_classification/test_classification_endpoints.py::test_submit_feedback_endpoint FAILED [ 32%]
tests/integration/phase8_classification/test_classification_endpoints.py::test_train_classifier_endpoint FAILED [ 32%]
tests/integration/phase8_classification/test_classification_integration.py::test_classification_service_import PASSED [ 32%]
tests/integration/phase8_classification/test_classification_integration.py::test_classification_service_structure PASSED [ 32%]
tests/integration/phase8_classification/test_classification_integration.py::test_classification_service_init_signature PASSED [ 32%]
tests/integration/phase8_classification/test_classification_integration.py::test_classify_resource_signature PASSED [ 32%]
tests/integration/phase8_classification/test_classification_integration.py::test_docstrings PASSED [ 32%]
tests/integration/phase8_classification/test_phase8_5_integration.py::test_complete_classification_workflow PASSED [ 32%]
tests/integration/phase8_classification/test_phase8_5_integration.py::test_active_learning_workflow FAILED [ 32%]
tests/integration/phase8_classification/test_phase8_5_integration.py::test_semi_supervised_learning_workflow FAILED [ 32%]
tests/integration/phase8_classification/test_phase8_5_integration.py::test_api_endpoints_integration FAILED [ 32%]
tests/integration/phase8_classification/test_phase8_5_integration.py::test_classification_service_integration FAILED [ 33%]
tests/integration/phase8_classification/test_phase8_5_integration.py::test_low_confidence_flagging_workflow PASSED [ 33%]
tests/integration/phase8_classification/test_phase8_5_integration.py::test_multi_label_classification_workflow PASSED [ 33%]
tests/integration/phase8_classification/test_phase8_5_integration.py::test_confidence_threshold_filtering FAILED [ 33%]
tests/integration/phase8_classification/test_phase8_api_endpoints.py::test_three_way_hybrid_basic_search PASSED [ 33%]
tests/integration/phase8_classification/test_phase8_api_endpoints.py::test_three_way_hybrid_with_reranking_disabled PASSED [ 33%]
tests/integration/phase8_classification/test_phase8_api_endpoints.py::test_three_way_hybrid_with_adaptive_weighting_disabled PASSED [ 33%]
tests/integration/phase8_classification/test_phase8_api_endpoints.py::test_three_way_hybrid_pagination FAILED [ 33%]
tests/integration/phase8_classification/test_phase8_api_endpoints.py::test_three_way_hybrid_empty_query PASSED [ 33%]
tests/integration/phase8_classification/test_phase8_api_endpoints.py::test_three_way_hybrid_short_query PASSED [ 33%]
tests/integration/phase8_classification/test_phase8_api_endpoints.py::test_three_way_hybrid_long_query PASSED [ 33%]
tests/integration/phase8_classification/test_phase8_api_endpoints.py::test_three_way_hybrid_latency_tracking PASSED [ 33%]
tests/integration/phase8_classification/test_phase8_api_endpoints.py::test_compare_methods_basic PASSED [ 33%]
tests/integration/phase8_classification/test_phase8_api_endpoints.py::test_compare_methods_result_counts PASSED [ 33%]
tests/integration/phase8_classification/test_phase8_api_endpoints.py::test_compare_methods_latency_comparison PASSED [ 33%]
tests/integration/phase8_classification/test_phase8_api_endpoints.py::test_compare_methods_empty_query PASSED [ 33%]
tests/integration/phase8_classification/test_phase8_api_endpoints.py::test_evaluate_search_basic PASSED [ 33%]
tests/integration/phase8_classification/test_phase8_api_endpoints.py::test_evaluate_search_with_baseline_comparison PASSED [ 34%]
tests/integration/phase8_classification/test_phase8_api_endpoints.py::test_evaluate_search_all_relevant PASSED [ 34%]
tests/integration/phase8_classification/test_phase8_api_endpoints.py::test_evaluate_search_no_relevant PASSED [ 34%]
tests/integration/phase8_classification/test_phase8_api_endpoints.py::test_evaluate_search_empty_judgments PASSED [ 34%]
tests/integration/phase8_classification/test_phase8_api_endpoints.py::test_batch_generate_sparse_embeddings_all_resources PASSED [ 34%]
tests/integration/phase8_classification/test_phase8_api_endpoints.py::test_batch_generate_sparse_embeddings_specific_resources PASSED [ 34%]
tests/integration/phase8_classification/test_phase8_api_endpoints.py::test_batch_generate_sparse_embeddings_with_batch_size PASSED [ 34%]
tests/integration/phase8_classification/test_phase8_api_endpoints.py::test_batch_generate_sparse_embeddings_empty_resource_list PASSED [ 34%]
tests/integration/phase8_classification/test_phase8_api_endpoints.py::test_batch_generate_sparse_embeddings_nonexistent_resources PASSED [ 34%]
tests/integration/phase8_classification/test_phase8_api_endpoints.py::test_three_way_hybrid_invalid_limit PASSED [ 34%]
tests/integration/phase8_classification/test_phase8_api_endpoints.py::test_three_way_hybrid_negative_offset PASSED [ 34%]
tests/integration/phase8_classification/test_phase8_api_endpoints.py::test_compare_methods_invalid_limit PASSED [ 34%]
tests/integration/phase8_classification/test_phase8_api_endpoints.py::test_evaluate_search_invalid_relevance_scores PASSED [ 34%]
tests/integration/phase8_classification/test_phase8_quality_validation.py::test_ndcg_improvement_over_baseline PASSED [ 34%]
tests/integration/phase8_classification/test_phase8_quality_validation.py::test_sparse_vectors_improve_technical_queries PASSED [ 34%]
tests/integration/phase8_classification/test_phase8_quality_validation.py::test_reranking_improves_precision PASSED [ 34%]
tests/integration/phase8_classification/test_phase8_quality_validation.py::test_quality_metrics_on_test_dataset PASSED [ 34%]
tests/integration/phase8_classification/test_phase8_quality_validation.py::test_adaptive_weighting_improves_quality PASSED [ 34%]
tests/integration/phase8_classification/test_taxonomy_api_endpoints.py::test_taxonomy_endpoints PASSED [ 35%]
tests/integration/phase9_quality/test_quality_api_endpoints.py::TestQualityDetailsEndpoint::test_get_quality_details_success ERROR [ 35%]
tests/integration/phase9_quality/test_quality_api_endpoints.py::TestQualityDetailsEndpoint::test_get_quality_details_not_found FAILED [ 35%]
tests/integration/phase9_quality/test_quality_api_endpoints.py::TestQualityDetailsEndpoint::test_get_quality_details_no_quality_computed ERROR [ 35%]
tests/integration/phase9_quality/test_quality_api_endpoints.py::TestQualityRecalculateEndpoint::test_recalculate_single_resource ERROR [ 35%]
tests/integration/phase9_quality/test_quality_api_endpoints.py::TestQualityRecalculateEndpoint::test_recalculate_multiple_resources ERROR [ 35%]
tests/integration/phase9_quality/test_quality_api_endpoints.py::TestQualityRecalculateEndpoint::test_recalculate_with_custom_weights ERROR [ 35%]
tests/integration/phase9_quality/test_quality_api_endpoints.py::TestQualityRecalculateEndpoint::test_recalculate_invalid_weights_sum ERROR [ 35%]
tests/integration/phase9_quality/test_quality_api_endpoints.py::TestQualityRecalculateEndpoint::test_recalculate_missing_dimension ERROR [ 35%]
tests/integration/phase9_quality/test_quality_api_endpoints.py::TestOutliersEndpoint::test_get_outliers_success ERROR [ 35%]
tests/integration/phase9_quality/test_quality_api_endpoints.py::TestOutliersEndpoint::test_get_outliers_with_pagination ERROR [ 35%]
tests/integration/phase9_quality/test_quality_api_endpoints.py::TestOutliersEndpoint::test_get_outliers_filter_by_score ERROR [ 35%]
tests/integration/phase9_quality/test_quality_api_endpoints.py::TestOutliersEndpoint::test_get_outliers_filter_by_reason ERROR [ 35%]
tests/integration/phase9_quality/test_quality_api_endpoints.py::TestOutliersEndpoint::test_get_outliers_empty_result ERROR [ 35%]
tests/integration/phase9_quality/test_quality_api_endpoints.py::TestDegradationEndpoint::test_get_degradation_report ERROR [ 35%]
tests/integration/phase9_quality/test_quality_api_endpoints.py::TestDegradationEndpoint::test_get_degradation_custom_window PASSED [ 35%]
tests/integration/phase9_quality/test_quality_api_endpoints.py::TestDegradationEndpoint::test_get_degradation_invalid_window FAILED [ 35%]
tests/integration/phase9_quality/test_quality_api_endpoints.py::TestSummaryEvaluationEndpoint::test_evaluate_summary_success ERROR [ 36%]
tests/integration/phase9_quality/test_quality_api_endpoints.py::TestSummaryEvaluationEndpoint::test_evaluate_summary_with_g_eval ERROR [ 36%]
tests/integration/phase9_quality/test_quality_api_endpoints.py::TestSummaryEvaluationEndpoint::test_evaluate_summary_no_summary ERROR [ 36%]
tests/integration/phase9_quality/test_quality_api_endpoints.py::TestQualityDistributionEndpoint::test_get_distribution_default ERROR [ 36%]
tests/integration/phase9_quality/test_quality_api_endpoints.py::TestQualityDistributionEndpoint::test_get_distribution_specific_dimension ERROR [ 36%]
tests/integration/phase9_quality/test_quality_api_endpoints.py::TestQualityDistributionEndpoint::test_get_distribution_custom_bins ERROR [ 36%]
tests/integration/phase9_quality/test_quality_api_endpoints.py::TestQualityTrendsEndpoint::test_get_trends_daily ERROR [ 36%]
tests/integration/phase9_quality/test_quality_api_endpoints.py::TestQualityTrendsEndpoint::test_get_trends_with_date_range ERROR [ 36%]
tests/integration/phase9_quality/test_quality_api_endpoints.py::TestDimensionAveragesEndpoint::test_get_dimension_averages ERROR [ 36%]
tests/integration/phase9_quality/test_quality_api_endpoints.py::TestReviewQueueEndpoint::test_get_review_queue ERROR [ 36%]
tests/integration/phase9_quality/test_quality_api_endpoints.py::TestReviewQueueEndpoint::test_get_review_queue_with_pagination ERROR [ 36%]
tests/integration/phase9_quality/test_quality_api_endpoints.py::TestReviewQueueEndpoint::test_get_review_queue_sort_by_score ERROR [ 36%]
tests/integration/phase9_quality/test_quality_api_endpoints.py::TestReviewQueueEndpoint::test_get_review_queue_empty ERROR [ 36%]
tests/integration/phase9_quality/test_quality_endpoints_simple.py::test_quality_router_structure FAILED [ 36%]
tests/integration/phase9_quality/test_quality_integration.py::test_quality_integration_in_ingestion FAILED [ 36%]
tests/integration/phase9_quality/test_quality_integration.py::test_quality_integration_error_handling FAILED [ 36%]
tests/integration/phase9_quality/test_quality_workflows_integration.py::TestEndToEndQualityAssessment::test_resource_creation_to_quality_score ERROR [ 36%]
tests/integration/phase9_quality/test_quality_workflows_integration.py::TestEndToEndQualityAssessment::test_quality_with_phase6_citations ERROR [ 36%]
tests/integration/phase9_quality/test_quality_workflows_integration.py::TestEndToEndQualityAssessment::test_quality_with_phase65_scholarly_metadata ERROR [ 37%]
tests/integration/phase9_quality/test_quality_workflows_integration.py::TestEndToEndQualityAssessment::test_quality_with_phase85_classification ERROR [ 37%]
tests/integration/phase9_quality/test_quality_workflows_integration.py::TestSummarizationEvaluationWorkflow::test_summary_generation_to_evaluation ERROR [ 37%]
tests/integration/phase9_quality/test_quality_workflows_integration.py::TestOutlierDetectionWorkflow::test_batch_outlier_detection ERROR [ 37%]
tests/integration/phase9_quality/test_quality_workflows_integration.py::TestQualityDegradationWorkflow::test_time_based_degradation_monitoring ERROR [ 37%]
tests/integration/phase9_quality/test_quality_workflows_integration.py::TestCrossPhaseIntegration::test_complete_resource_lifecycle ERROR [ 37%]
tests/integration/test_event_hooks.py::TestEmbeddingRegenerationHook::test_content_change_triggers_embedding_regeneration PASSED [ 37%]
tests/integration/test_event_hooks.py::TestEmbeddingRegenerationHook::test_missing_resource_id_logs_warning PASSED [ 37%]
tests/integration/test_event_hooks.py::TestQualityRecomputationHook::test_metadata_change_triggers_quality_recomputation PASSED [ 37%]
tests/integration/test_event_hooks.py::TestQualityRecomputationHook::test_missing_resource_id_logs_warning PASSED [ 37%]
tests/integration/test_event_hooks.py::TestSearchIndexSyncHook::test_resource_update_triggers_search_index_sync PASSED [ 37%]
tests/integration/test_event_hooks.py::TestSearchIndexSyncHook::test_urgent_priority_for_search_index PASSED [ 37%]
tests/integration/test_event_hooks.py::TestCacheInvalidationHook::test_resource_update_triggers_cache_invalidation PASSED [ 37%]
tests/integration/test_event_hooks.py::TestCacheInvalidationHook::test_cache_invalidation_includes_pattern_keys PASSED [ 37%]
tests/integration/test_event_hooks.py::TestHookRegistration::test_register_all_hooks_registers_correct_count PASSED [ 37%]
tests/integration/test_event_hooks.py::TestHookRegistration::test_hooks_registered_for_correct_events PASSED [ 37%]
tests/integration/test_event_hooks.py::TestEndToEndEventFlow::test_resource_update_triggers_multiple_hooks PASSED [ 37%]
tests/integration/test_event_hooks.py::TestEndToEndEventFlow::test_content_and_metadata_changes_trigger_different_hooks PASSED [ 38%]
tests/integration/test_event_hooks.py::TestHookErrorHandling::test_hook_error_is_logged_but_not_raised PASSED [ 38%]
tests/integration/test_ml_classification_production_integration.py::TestVersionedModelLoading::test_load_production_version PASSED [ 38%]
tests/integration/test_ml_classification_production_integration.py::TestVersionedModelLoading::test_load_specific_version PASSED [ 38%]
tests/integration/test_ml_classification_production_integration.py::TestVersionedModelLoading::test_backward_compatibility_model_version_param PASSED [ 38%]
tests/integration/test_ml_classification_production_integration.py::TestABTestingIntegration::test_ab_testing_routing PASSED [ 38%]
tests/integration/test_ml_classification_production_integration.py::TestABTestingIntegration::test_ab_testing_logging PASSED [ 38%]
tests/integration/test_ml_classification_production_integration.py::TestPredictionMonitoring::test_monitor_initialization PASSED [ 38%]
tests/integration/test_ml_classification_production_integration.py::TestPredictionMonitoring::test_prediction_logging_to_monitor PASSED [ 38%]
tests/integration/test_ml_classification_production_integration.py::TestPredictionMonitoring::test_get_metrics_method PASSED [ 38%]
tests/integration/test_ml_classification_production_integration.py::TestBackwardCompatibility::test_predict_without_ab_testing PASSED [ 38%]
tests/integration/test_ml_classification_production_integration.py::TestBackwardCompatibility::test_initialization_without_version PASSED [ 38%]
tests/integration/test_monitoring_endpoints.py::TestEventHistoryEndpoint::test_get_event_history_empty PASSED [ 38%]
tests/integration/test_monitoring_endpoints.py::TestEventHistoryEndpoint::test_get_event_history_with_events PASSED [ 38%]
tests/integration/test_monitoring_endpoints.py::TestEventHistoryEndpoint::test_get_event_history_with_limit PASSED [ 38%]
tests/integration/test_monitoring_endpoints.py::TestEventHistoryEndpoint::test_get_event_history_limit_validation PASSED [ 38%]
tests/integration/test_monitoring_endpoints.py::TestCacheStatsEndpoint::test_get_cache_stats_initial PASSED [ 38%]
tests/integration/test_monitoring_endpoints.py::TestCacheStatsEndpoint::test_get_cache_stats_with_activity PASSED [ 38%]
tests/integration/test_monitoring_endpoints.py::TestWorkerStatusEndpoint::test_get_worker_status_no_workers PASSED [ 39%]
tests/integration/test_monitoring_endpoints.py::TestDatabasePoolStatusEndpoint::test_get_db_pool_status PASSED [ 39%]
tests/integration/test_service_events.py::TestResourceServiceEvents::test_create_pending_resource_emits_resource_created PASSED [ 39%]
tests/integration/test_service_events.py::TestResourceServiceEvents::test_update_resource_emits_resource_updated PASSED [ 39%]
tests/integration/test_service_events.py::TestResourceServiceEvents::test_update_resource_content_emits_content_changed PASSED [ 39%]
tests/integration/test_service_events.py::TestResourceServiceEvents::test_update_resource_metadata_emits_metadata_changed PASSED [ 39%]
tests/integration/test_service_events.py::TestResourceServiceEvents::test_delete_resource_emits_resource_deleted PASSED [ 39%]
tests/integration/test_service_events.py::TestIngestionServiceEvents::test_ingestion_emits_started_and_completed_events FAILED [ 39%]
tests/integration/test_service_events.py::TestIngestionServiceEvents::test_ingestion_failure_emits_failed_event FAILED [ 39%]
tests/integration/test_service_events.py::TestUserInteractionEvents::test_track_interaction_emits_user_interaction_tracked FAILED [ 39%]
tests/integration/test_service_events.py::TestUserInteractionEvents::test_multiple_interactions_emit_multiple_events FAILED [ 39%]
tests/integration/test_service_events.py::TestCitationExtractionEvents::test_extract_citations_emits_citations_extracted PASSED [ 39%]
tests/integration/test_service_events.py::TestAuthorExtractionEvents::test_extract_authors_emits_authors_extracted PASSED [ 39%]
tests/integration/test_service_events.py::TestEventDataCompleteness::test_resource_created_event_has_required_fields PASSED [ 39%]
tests/integration/test_service_events.py::TestEventDataCompleteness::test_user_interaction_event_has_required_fields FAILED [ 39%]
tests/integration/test_service_events.py::TestEventPriorities::test_resource_updated_has_high_priority PASSED [ 39%]
tests/integration/test_service_events.py::TestEventPriorities::test_user_interaction_has_low_priority FAILED [ 39%]
tests/integration/test_validation_scripts.py::TestEndToEndPipeline::test_import_pipeline_script PASSED [ 40%]
tests/integration/test_validation_scripts.py::TestEndToEndPipeline::test_pipeline_initialization PASSED [ 40%]
tests/integration/test_validation_scripts.py::TestEndToEndPipeline::test_run_step_success PASSED [ 40%]
tests/integration/test_validation_scripts.py::TestEndToEndPipeline::test_run_step_failure PASSED [ 40%]
tests/integration/test_validation_scripts.py::TestPerformanceValidator::test_import_validator_script PASSED [ 40%]
tests/integration/test_validation_scripts.py::TestPerformanceValidator::test_validate_test_accuracy_pass PASSED [ 40%]
tests/integration/test_validation_scripts.py::TestPerformanceValidator::test_validate_test_accuracy_fail PASSED [ 40%]
tests/integration/test_validation_scripts.py::TestBenchmarkRunner::test_import_benchmark_script PASSED [ 40%]
tests/integration/test_validation_scripts.py::TestBenchmarkRunner::test_benchmark_initialization PASSED [ 40%]
tests/integration/test_validation_scripts.py::TestReportGenerator::test_import_report_script PASSED [ 40%]
tests/integration/test_validation_scripts.py::TestReportGenerator::test_generate_markdown_report FAILED [ 40%]
tests/integration/test_validation_scripts.py::TestFullValidation::test_import_full_validation_script PASSED [ 40%]
tests/integration/test_validation_scripts.py::TestFullValidation::test_full_validation_initialization PASSED [ 40%]
tests/integration/training/test_ab_testing.py::TestABTestingFramework::test_experiment_creation PASSED [ 40%]
tests/integration/training/test_ab_testing.py::TestABTestingFramework::test_experiment_creation_validation PASSED [ 40%]
tests/integration/training/test_ab_testing.py::TestABTestingFramework::test_prediction_routing_consistency PASSED [ 40%]
tests/integration/training/test_ab_testing.py::TestABTestingFramework::test_prediction_logging FAILED [ 40%]
tests/integration/training/test_ab_testing.py::TestABTestingFramework::test_experiment_analysis FAILED [ 40%]
tests/integration/training/test_ab_testing.py::TestABTestingFramework::test_promotion_logic_when_treatment_better FAILED [ 41%]
tests/integration/training/test_ab_testing.py::TestABTestingFramework::test_insufficient_data_error PASSED [ 41%]
tests/integration/training/test_ab_testing.py::TestABTestingFramework::test_batch_prediction_logging PASSED [ 41%]
tests/integration/training/test_classification_training.py::TestClassificationTrainer::test_trainer_initialization PASSED [ 41%]
tests/integration/training/test_classification_training.py::TestClassificationTrainer::test_dataset_loading PASSED [ 41%]
tests/integration/training/test_classification_training.py::TestClassificationTrainer::test_pytorch_dataset PASSED [ 41%]
tests/integration/training/test_classification_training.py::TestClassificationTrainer::test_end_to_end_training FAILED [ 41%]
tests/integration/training/test_classification_training.py::TestClassificationTrainer::test_checkpoint_saving FAILED [ 41%]
tests/integration/training/test_deployment.py::TestBlueGreenDeployment::test_blue_green_deployment_initialization PASSED [ 41%]
tests/integration/training/test_deployment.py::TestBlueGreenDeployment::test_deploy_green_success PASSED [ 41%]
tests/integration/training/test_deployment.py::TestBlueGreenDeployment::test_warmup_model PASSED [ 41%]
tests/integration/training/test_deployment.py::TestBlueGreenDeployment::test_health_check PASSED [ 41%]
tests/integration/training/test_deployment.py::TestBlueGreenDeployment::test_switch_to_green PASSED [ 41%]
tests/integration/training/test_deployment.py::TestBlueGreenDeployment::test_rollback PASSED [ 41%]
tests/integration/training/test_deployment.py::TestBlueGreenDeployment::test_detect_issues PASSED [ 41%]
tests/integration/training/test_deployment.py::TestCanaryDeployment::test_canary_deployment_initialization PASSED [ 41%]
tests/integration/training/test_deployment.py::TestCanaryDeployment::test_gradual_rollout_success PASSED [ 41%]
tests/integration/training/test_deployment.py::TestCanaryDeployment::test_gradual_rollout_rollback_on_degradation PASSED [ 42%]
tests/integration/training/test_deployment.py::TestCanaryDeployment::test_metrics_acceptable PASSED [ 42%]
tests/integration/training/test_deployment.py::TestCanaryDeployment::test_rollback PASSED [ 42%]
tests/integration/training/test_deployment.py::TestAutomaticRollback::test_get_production_metrics PASSED [ 42%]
tests/integration/training/test_deployment.py::TestAutomaticRollback::test_rollback_to_previous_version PASSED [ 42%]
tests/integration/training/test_deployment.py::TestAutomaticRollback::test_monitor_and_rollback_with_high_error_rate PASSED [ 42%]
tests/integration/training/test_deployment.py::TestDeploymentValidation::test_validate_deployment_success PASSED [ 42%]
tests/integration/training/test_deployment.py::TestDeploymentValidation::test_validate_deployment_model_load_failure PASSED [ 42%]
tests/integration/training/test_deployment.py::TestDeploymentValidation::test_validate_deployment_size_check PASSED [ 42%]
tests/integration/training/test_deployment.py::TestDeploymentValidation::test_validate_deployment_smoke_tests PASSED [ 42%]
tests/integration/training/test_retraining_pipeline.py::test_pipeline_detects_new_data_correctly PASSED [ 42%]
tests/integration/training/test_retraining_pipeline.py::test_retraining_trigger_logic_works PASSED [ 42%]
tests/integration/training/test_retraining_pipeline.py::test_dataset_augmentation_combines_data_correctly PASSED [ 42%]
tests/integration/training/test_retraining_pipeline.py::test_new_version_training_works PASSED [ 42%]
tests/integration/training/test_retraining_pipeline.py::test_improvement_evaluation_compares_models_correctly PASSED [ 42%]
tests/integration/training/test_retraining_pipeline.py::test_promotion_logic_works_when_improvement_exceeds_threshold PASSED [ 42%]
tests/integration/training/test_retraining_pipeline.py::test_promotion_logic_does_not_promote_when_below_threshold PASSED [ 42%]
tests/integration/training/test_retraining_pipeline.py::test_version_increment_logic PASSED [ 42%]
tests/integration/workflows/test_ai_integration.py::TestAIIntegration::test_ai_summary_generation FAILED [ 43%]
tests/integration/workflows/test_ai_integration.py::TestAIIntegration::test_ai_tag_generation PASSED [ 43%]
tests/integration/workflows/test_ai_integration.py::TestAIIntegration::test_ai_fallback_behavior PASSED [ 43%]
tests/integration/workflows/test_ai_integration.py::TestAIIntegration::test_ai_with_different_content_types PASSED [ 43%]
tests/integration/workflows/test_ai_integration.py::TestAIWithRealIngestion::test_end_to_end_ai_processing FAILED [ 43%]
tests/integration/workflows/test_api_endpoints.py::TestResourcesAPI::test_create_resource_success FAILED [ 43%]
tests/integration/workflows/test_api_endpoints.py::TestResourcesAPI::test_create_resource_minimal_payload FAILED [ 43%]
tests/integration/workflows/test_api_endpoints.py::TestResourcesAPI::test_create_resource_with_all_fields FAILED [ 43%]
tests/integration/workflows/test_api_endpoints.py::TestResourcesAPI::test_create_resource_missing_url PASSED [ 43%]
tests/integration/workflows/test_api_endpoints.py::TestResourcesAPI::test_create_resource_invalid_url PASSED [ 43%]
tests/integration/workflows/test_api_endpoints.py::TestResourcesAPI::test_create_resource_fetch_error FAILED [ 43%]
tests/integration/workflows/test_api_endpoints.py::TestResourcesAPI::test_create_resource_network_timeout FAILED [ 43%]
tests/integration/workflows/test_api_endpoints.py::TestResourcesAPI::test_create_resource_http_error FAILED [ 43%]
tests/integration/workflows/test_api_endpoints.py::TestResourcesAPI::test_create_resource_archive_error FAILED [ 43%]
tests/integration/workflows/test_api_endpoints.py::TestResourcesAPI::test_create_resource_database_error FAILED [ 43%]
tests/integration/workflows/test_api_endpoints.py::TestResourcesAPI::test_create_resource_content_type_validation PASSED [ 43%]
tests/integration/workflows/test_api_endpoints.py::TestResourcesAPI::test_create_resource_empty_payload PASSED [ 43%]
tests/integration/workflows/test_api_endpoints.py::TestResourcesAPI::test_create_resource_null_payload PASSED [ 44%]
tests/integration/workflows/test_api_endpoints.py::TestResourcesAPI::test_create_resource_extra_fields FAILED [ 44%]
tests/integration/workflows/test_api_endpoints.py::TestResourcesAPI::test_create_resource_response_model FAILED [ 44%]
tests/integration/workflows/test_api_endpoints.py::TestResourcesAPI::test_create_resource_multiple_requests FAILED [ 44%]
tests/integration/workflows/test_api_endpoints.py::TestResourcesAPI::test_create_resource_concurrent_requests FAILED [ 44%]
tests/integration/workflows/test_api_endpoints.py::TestClassificationAPI::test_get_classification_tree FAILED [ 44%]
tests/integration/workflows/test_integration.py::TestIngestionPipelineIntegration::test_complete_pipeline_success FAILED [ 44%]
tests/integration/workflows/test_integration.py::TestIngestionPipelineIntegration::test_pipeline_with_ai_tag_generation FAILED [ 44%]
tests/integration/workflows/test_integration.py::TestIngestionPipelineIntegration::test_pipeline_with_language_classification FAILED [ 44%]
tests/integration/workflows/test_integration.py::TestIngestionPipelineIntegration::test_pipeline_quality_scoring FAILED [ 44%]
tests/integration/workflows/test_integration.py::TestIngestionPipelineIntegration::test_pipeline_error_recovery FAILED [ 44%]
tests/integration/workflows/test_integration.py::TestIngestionPipelineIntegration::test_pipeline_archive_structure FAILED [ 44%]
tests/integration/workflows/test_integration.py::TestIngestionPipelineIntegration::test_pipeline_readability_calculation FAILED [ 44%]
tests/integration/workflows/test_workflow_integration.py::test_update_resource_triggers_quality_recomputation PASSED [ 44%]
tests/integration/workflows/test_workflow_integration.py::test_update_resource_no_quality_recomputation_for_non_affecting_fields PASSED [ 44%]
tests/integration/workflows/test_workflow_integration.py::test_scheduled_outlier_detection PASSED [ 44%]
tests/integration/workflows/test_workflow_integration.py::test_scheduled_degradation_monitoring PASSED [ 44%]
tests/integration/workflows/test_workflow_integration.py::test_run_all_scheduled_tasks PASSED [ 44%]
tests/integration/workflows/test_workflow_integration.py::test_scheduled_task_error_handling PASSED [ 45%]
tests/ml_benchmarks/test_classification_metrics.py::TestClassificationMetrics::test_overall_accuracy SKIPPED [ 45%]
tests/ml_benchmarks/test_classification_metrics.py::TestClassificationMetrics::test_precision_recall_f1 SKIPPED [ 45%]
tests/ml_benchmarks/test_classification_metrics.py::TestClassificationMetrics::test_per_class_performance SKIPPED [ 45%]
tests/ml_benchmarks/test_classification_metrics.py::TestClassificationMetrics::test_confidence_calibration SKIPPED [ 45%]
tests/ml_benchmarks/test_classification_metrics.py::TestClassificationMetrics::test_top_k_accuracy SKIPPED [ 45%]
tests/ml_benchmarks/test_collaborative_filtering_metrics.py::TestCollaborativeFilteringMetrics::test_ndcg_at_10 PASSED [ 45%]
tests/ml_benchmarks/test_collaborative_filtering_metrics.py::TestCollaborativeFilteringMetrics::test_hit_rate_at_10 PASSED [ 45%]
tests/ml_benchmarks/test_collaborative_filtering_metrics.py::TestCollaborativeFilteringMetrics::test_cold_start_performance SKIPPED [ 45%]
tests/ml_benchmarks/test_search_quality_metrics.py::TestSearchQualityMetrics::test_hybrid_search_ndcg FAILED [ 45%]
tests/ml_benchmarks/test_search_quality_metrics.py::TestSearchQualityMetrics::test_precision_recall_at_10 PASSED [ 45%]
tests/ml_benchmarks/test_search_quality_metrics.py::TestSearchQualityMetrics::test_query_latency PASSED [ 45%]
tests/ml_benchmarks/test_search_quality_metrics.py::TestSearchQualityMetrics::test_component_comparison PASSED [ 45%]
tests/ml_benchmarks/test_summarization_quality_metrics.py::TestSummarizationQualityMetrics::test_bertscore PASSED [ 45%]
tests/ml_benchmarks/test_summarization_quality_metrics.py::TestSummarizationQualityMetrics::test_rouge_scores PASSED [ 45%]
tests/ml_benchmarks/test_summarization_quality_metrics.py::TestSummarizationQualityMetrics::test_compression_ratio PASSED [ 45%]
tests/performance/phase10_graph_intelligence/test_phase10_performance.py::TestGraphConstructionPerformance::test_graph_construction_time[1000] PASSED [ 45%]
tests/performance/phase10_graph_intelligence/test_phase10_performance.py::TestGraphConstructionPerformance::test_graph_construction_time[5000] PASSED [ 46%]
tests/performance/phase10_graph_intelligence/test_phase10_performance.py::TestTwoHopQueryPerformance::test_two_hop_query_latency[1000] PASSED [ 46%]
tests/performance/phase10_graph_intelligence/test_phase10_performance.py::TestTwoHopQueryPerformance::test_two_hop_query_latency[5000] PASSED [ 46%]
tests/performance/phase10_graph_intelligence/test_phase10_performance.py::TestHNSWQueryPerformance::test_hnsw_query_latency[1000] FAILED [ 46%]
tests/performance/phase10_graph_intelligence/test_phase10_performance.py::TestHNSWQueryPerformance::test_hnsw_query_latency[5000] FAILED [ 46%]
tests/performance/phase10_graph_intelligence/test_phase10_performance.py::TestHNSWQueryPerformance::test_hnsw_query_latency[10000] FAILED [ 46%]
tests/performance/phase10_graph_intelligence/test_phase10_performance.py::TestGraph2VecPerformance::test_graph2vec_computation_rate FAILED [ 46%]
tests/performance/phase10_graph_intelligence/test_phase10_performance.py::TestMemoryUsage::test_graph_cache_memory PASSED [ 46%]
tests/performance/phase10_graph_intelligence/test_phase10_performance.py::TestMemoryUsage::test_hnsw_index_memory FAILED [ 46%]
tests/performance/phase10_graph_intelligence/test_phase10_performance.py::TestDiscoveryPerformance::test_open_discovery_latency FAILED [ 46%]
tests/performance/phase10_graph_intelligence/test_phase10_performance.py::TestDiscoveryPerformance::test_closed_discovery_latency FAILED [ 46%]
tests/performance/phase9_quality/test_quality_performance.py::TestQualityComputationLatency::test_single_resource_latency ERROR [ 46%]
tests/performance/phase9_quality/test_quality_performance.py::TestQualityComputationLatency::test_average_latency_multiple_resources ERROR [ 46%]
tests/performance/phase9_quality/test_quality_performance.py::TestBatchQualityComputationThroughput::test_batch_throughput_100_resources ERROR [ 46%]
tests/performance/phase9_quality/test_quality_performance.py::TestBatchQualityComputationThroughput::test_batch_computation_scales_linearly ERROR [ 46%]
tests/performance/phase9_quality/test_quality_performance.py::TestOutlierDetectionPerformance::test_outlier_detection_1000_resources ERROR [ 46%]
tests/performance/phase9_quality/test_quality_performance.py::TestOutlierDetectionPerformance::test_outlier_detection_with_batching ERROR [ 46%]
tests/performance/phase9_quality/test_quality_performance.py::TestSummarizationEvaluationLatency::test_evaluation_without_g_eval_latency ERROR [ 46%]
tests/performance/phase9_quality/test_quality_performance.py::TestSummarizationEvaluationLatency::test_evaluation_with_g_eval_latency SKIPPED [ 47%]
tests/performance/phase9_quality/test_quality_performance.py::TestDegradationMonitoringPerformance::test_degradation_monitoring_performance ERROR [ 47%]
tests/performance/phase9_quality/test_quality_performance.py::TestMemoryUsage::test_batch_processing_memory_efficiency ERROR [ 47%]
tests/performance/phase9_quality/test_quality_performance.py::TestMemoryUsage::test_outlier_detection_memory_efficiency ERROR [ 47%]
tests/performance/phase9_quality/test_quality_performance.py::TestConcurrentOperations::test_concurrent_quality_computations ERROR [ 47%]
tests/performance/test_ml_latency.py::TestMLLatency::test_classification_latency SKIPPED [ 47%]
tests/performance/test_ml_latency.py::TestMLLatency::test_ncf_prediction_latency PASSED [ 47%]
tests/performance/test_ml_latency.py::TestMLLatency::test_search_query_latency FAILED [ 47%]
tests/performance/test_ml_latency.py::TestMLLatency::test_embedding_generation_latency PASSED [ 47%]
tests/performance/test_performance.py::test_ancestor_query_performance PASSED [ 47%]
tests/performance/test_performance.py::test_descendant_query_performance PASSED [ 47%]
tests/performance/test_performance.py::test_tree_retrieval_performance PASSED [ 47%]
tests/performance/test_performance.py::test_tree_retrieval_performance_full_depth PASSED [ 47%]
tests/performance/test_performance.py::test_single_prediction_inference_time FAILED [ 47%]
tests/performance/test_performance.py::test_batch_prediction_performance PASSED [ 47%]
tests/performance/test_performance.py::test_gpu_vs_cpu_inference_speed SKIPPED [ 47%]
tests/performance/test_performance.py::test_ancestor_query_scalability FAILED [ 47%]
tests/performance/test_performance.py::test_descendant_query_scalability PASSED [ 48%]
tests/performance/test_performance.py::test_performance_summary PASSED   [ 48%]
tests/performance/test_phase12_5_performance.py::test_concurrent_ingestion_100 PASSED [ 48%]
tests/performance/test_phase12_5_performance.py::test_cache_performance_hit_rate SKIPPED [ 48%]
tests/performance/test_phase12_5_performance.py::test_search_index_update_speed PASSED [ 48%]
tests/performance/test_phase12_5_performance.py::test_task_reliability PASSED [ 48%]
tests/performance/test_phase12_5_performance.py::test_horizontal_scalability PASSED [ 48%]
tests/performance/test_phase12_5_performance.py::test_performance_summary SKIPPED [ 48%]
tests/services/test_hybrid_search_query.py::TestHybridSearchQuery::test_initialization PASSED [ 48%]
tests/services/test_hybrid_search_query.py::TestHybridSearchQuery::test_execute_returns_correct_structure PASSED [ 48%]
tests/services/test_hybrid_search_query.py::TestHybridSearchQuery::test_get_diagnostic_info PASSED [ 48%]
tests/services/test_hybrid_search_query.py::TestHybridSearchQuery::test_diagnostic_info_is_copy PASSED [ 48%]
tests/services/test_hybrid_search_query.py::TestHybridSearchQuery::test_with_reranking_disabled PASSED [ 48%]
tests/services/test_hybrid_search_query.py::TestHybridSearchQuery::test_with_adaptive_weighting_disabled PASSED [ 48%]
tests/services/test_hybrid_search_query.py::TestHybridSearchQuery::test_empty_query PASSED [ 48%]
tests/services/test_hybrid_search_query.py::TestHybridSearchQuery::test_private_methods_encapsulation PASSED [ 48%]
tests/services/test_ml_classification_cqs.py::TestMLClassificationCQS::test_determine_ab_version_returns_none_without_experiment PASSED [ 48%]
tests/services/test_ml_classification_cqs.py::TestMLClassificationCQS::test_determine_ab_version_returns_version_with_experiment FAILED [ 48%]
tests/services/test_ml_classification_cqs.py::TestMLClassificationCQS::test_log_prediction_is_modifier PASSED [ 49%]
tests/services/test_ml_classification_cqs.py::TestMLClassificationCQS::test_log_to_monitor_is_modifier PASSED [ 49%]
tests/services/test_ml_classification_cqs.py::TestMLClassificationCQS::test_log_to_ab_testing_is_modifier FAILED [ 49%]
tests/services/test_ml_classification_cqs.py::TestMLClassificationCQS::test_predict_delegates_to_log_prediction FAILED [ 49%]
tests/services/test_ml_classification_cqs.py::TestMLClassificationCQS::test_cqs_principle_separation FAILED [ 49%]
tests/services/test_ml_classification_refactored.py::TestMLClassificationServiceRefactored::test_predict_returns_classification_result PASSED [ 49%]
tests/services/test_ml_classification_refactored.py::TestMLClassificationServiceRefactored::test_predict_returns_classification_predictions PASSED [ 49%]
tests/services/test_ml_classification_refactored.py::TestMLClassificationServiceRefactored::test_predict_predictions_sorted_by_confidence PASSED [ 49%]
tests/services/test_ml_classification_refactored.py::TestMLClassificationServiceRefactored::test_predict_backward_compatibility_with_to_dict PASSED [ 49%]
tests/services/test_ml_classification_refactored.py::TestMLClassificationServiceRefactored::test_predict_domain_object_methods PASSED [ 49%]
tests/services/test_recommendation_service_refactored.py::TestGenerateRecommendations::test_uses_strategy_factory PASSED [ 49%]
tests/services/test_recommendation_service_refactored.py::TestGenerateRecommendations::test_converts_recommendations_to_dict PASSED [ 49%]
tests/services/test_recommendation_service_refactored.py::TestGenerateRecommendations::test_handles_resource_id_fallback PASSED [ 49%]
tests/services/test_recommendation_service_refactored.py::TestGenerateRecommendations::test_returns_empty_list_without_user_id PASSED [ 49%]
tests/services/test_recommendation_service_refactored.py::TestGenerateRecommendations::test_handles_invalid_strategy PASSED [ 49%]
tests/services/test_recommendation_service_refactored.py::TestGetGraphBasedRecommendations::test_uses_graph_strategy PASSED [ 49%]
tests/services/test_recommendation_service_refactored.py::TestGenerateRecommendationsWithGraphFusion::test_creates_hybrid_with_custom_weights PASSED [ 49%]
tests/services/test_recommendation_service_refactored.py::TestGenerateUserProfileVector::test_uses_content_strategy PASSED [ 50%]
tests/services/test_recommendation_service_refactored.py::TestGenerateUserProfileVector::test_returns_zero_vector_for_no_interactions PASSED [ 50%]
tests/services/test_recommendation_service_refactored.py::TestRecommendBasedOnAnnotations::test_uses_content_strategy PASSED [ 50%]
tests/services/test_recommendation_service_refactored.py::TestGetTopSubjects::test_returns_top_subjects_by_count PASSED [ 50%]
tests/services/test_recommendation_service_refactored.py::TestGetTopSubjects::test_returns_empty_list_for_no_resources PASSED [ 50%]
tests/services/test_recommendation_strategies.py::TestRecommendationStrategyFactory::test_create_collaborative_strategy PASSED [ 50%]
tests/services/test_recommendation_strategies.py::TestRecommendationStrategyFactory::test_create_content_strategy PASSED [ 50%]
tests/services/test_recommendation_strategies.py::TestRecommendationStrategyFactory::test_create_graph_strategy PASSED [ 50%]
tests/services/test_recommendation_strategies.py::TestRecommendationStrategyFactory::test_create_hybrid_strategy PASSED [ 50%]
tests/services/test_recommendation_strategies.py::TestRecommendationStrategyFactory::test_create_unknown_strategy_raises_error PASSED [ 50%]
tests/services/test_recommendation_strategies.py::TestRecommendationStrategyFactory::test_get_available_strategies PASSED [ 50%]
tests/services/test_recommendation_strategies.py::TestRecommendationStrategyFactory::test_create_all_strategies PASSED [ 50%]
tests/services/test_recommendation_strategies.py::TestCollaborativeFilteringStrategy::test_strategy_name PASSED [ 50%]
tests/services/test_recommendation_strategies.py::TestCollaborativeFilteringStrategy::test_generate_with_trained_model PASSED [ 50%]
tests/services/test_recommendation_strategies.py::TestCollaborativeFilteringStrategy::test_generate_without_trained_model PASSED [ 50%]
tests/services/test_recommendation_strategies.py::TestContentBasedStrategy::test_strategy_name PASSED [ 50%]
tests/services/test_recommendation_strategies.py::TestContentBasedStrategy::test_generate_with_no_interactions PASSED [ 50%]
tests/services/test_recommendation_strategies.py::TestGraphBasedStrategy::test_strategy_name PASSED [ 50%]
tests/services/test_recommendation_strategies.py::TestGraphBasedStrategy::test_generate_with_no_interactions PASSED [ 51%]
tests/services/test_recommendation_strategies.py::TestHybridStrategy::test_strategy_name PASSED [ 51%]
tests/services/test_recommendation_strategies.py::TestHybridStrategy::test_initialization_with_custom_strategies PASSED [ 51%]
tests/services/test_recommendation_strategies.py::TestHybridStrategy::test_initialization_with_mismatched_weights PASSED [ 51%]
tests/services/test_recommendation_strategies.py::TestHybridStrategy::test_generate_fuses_multiple_strategies PASSED [ 51%]
tests/services/test_recommendation_strategies.py::TestRecommendationStrategyBase::test_create_recommendation_helper PASSED [ 51%]
tests/services/test_search_metrics_service.py::TestSearchMetricsService::test_compute_ndcg_perfect_ranking PASSED [ 51%]
tests/services/test_search_metrics_service.py::TestSearchMetricsService::test_compute_ndcg_worst_ranking FAILED [ 51%]
tests/services/test_search_metrics_service.py::TestSearchMetricsService::test_compute_ndcg_partial_ranking PASSED [ 51%]
tests/services/test_search_metrics_service.py::TestSearchMetricsService::test_compute_ndcg_with_k_limit FAILED [ 51%]
tests/services/test_search_metrics_service.py::TestSearchMetricsService::test_compute_ndcg_empty_results PASSED [ 51%]
tests/services/test_search_metrics_service.py::TestSearchMetricsService::test_compute_ndcg_empty_judgments PASSED [ 51%]
tests/services/test_search_metrics_service.py::TestSearchMetricsService::test_compute_ndcg_no_relevant_docs PASSED [ 51%]
tests/services/test_search_metrics_service.py::TestSearchMetricsService::test_compute_ndcg_missing_judgments FAILED [ 51%]
tests/services/test_search_metrics_service.py::TestSearchMetricsService::test_compute_recall_perfect PASSED [ 51%]
tests/services/test_search_metrics_service.py::TestSearchMetricsService::test_compute_recall_partial PASSED [ 51%]
tests/services/test_search_metrics_service.py::TestSearchMetricsService::test_compute_recall_with_k_limit PASSED [ 51%]
tests/services/test_search_metrics_service.py::TestSearchMetricsService::test_compute_recall_zero PASSED [ 52%]
tests/services/test_search_metrics_service.py::TestSearchMetricsService::test_compute_recall_empty_relevant PASSED [ 52%]
tests/services/test_search_metrics_service.py::TestSearchMetricsService::test_compute_precision_perfect PASSED [ 52%]
tests/services/test_search_metrics_service.py::TestSearchMetricsService::test_compute_precision_partial PASSED [ 52%]
tests/services/test_search_metrics_service.py::TestSearchMetricsService::test_compute_precision_with_k_limit PASSED [ 52%]
tests/services/test_search_metrics_service.py::TestSearchMetricsService::test_compute_precision_zero PASSED [ 52%]
tests/services/test_search_metrics_service.py::TestSearchMetricsService::test_compute_precision_k_zero PASSED [ 52%]
tests/services/test_search_metrics_service.py::TestSearchMetricsService::test_compute_mrr_first_position PASSED [ 52%]
tests/services/test_search_metrics_service.py::TestSearchMetricsService::test_compute_mrr_second_position PASSED [ 52%]
tests/services/test_search_metrics_service.py::TestSearchMetricsService::test_compute_mrr_third_position PASSED [ 52%]
tests/services/test_search_metrics_service.py::TestSearchMetricsService::test_compute_mrr_no_relevant_found PASSED [ 52%]
tests/services/test_search_metrics_service.py::TestSearchMetricsService::test_compute_mrr_empty_relevant PASSED [ 52%]
tests/services/test_search_metrics_service.py::TestSearchMetricsService::test_compute_mrr_multiple_relevant PASSED [ 52%]
tests/services/test_search_metrics_service.py::TestSearchMetricsService::test_all_metrics_together PASSED [ 52%]
tests/services/test_search_service.py::TestQueryParsing::test_simple_query PASSED [ 52%]
tests/services/test_search_service.py::TestQueryParsing::test_quoted_phrases PASSED [ 52%]
tests/services/test_search_service.py::TestQueryParsing::test_boolean_operators PASSED [ 52%]
tests/services/test_search_service.py::TestQueryParsing::test_field_specific_queries PASSED [ 52%]
tests/services/test_search_service.py::TestQueryParsing::test_wildcard_queries PASSED [ 53%]
tests/services/test_search_service.py::TestQueryParsing::test_complex_query PASSED [ 53%]
tests/services/test_search_service.py::TestQueryParsing::test_empty_query PASSED [ 53%]
tests/services/test_search_service.py::TestQueryParsing::test_special_characters PASSED [ 53%]
tests/services/test_search_service.py::TestSnippetGeneration::test_basic_snippet PASSED [ 53%]
tests/services/test_search_service.py::TestSnippetGeneration::test_snippet_with_context PASSED [ 53%]
tests/services/test_search_service.py::TestSnippetGeneration::test_snippet_truncation PASSED [ 53%]
tests/services/test_search_service.py::TestSnippetGeneration::test_empty_text PASSED [ 53%]
tests/services/test_search_service.py::TestSnippetGeneration::test_empty_query PASSED [ 53%]
tests/services/test_search_service.py::TestRanking::test_ranking_with_quality_boost PASSED [ 53%]
tests/services/test_search_service.py::TestRanking::test_ranking_with_recency_boost PASSED [ 53%]
tests/services/test_search_service.py::TestRanking::test_ranking_with_classification_boost PASSED [ 53%]
tests/services/test_search_service.py::TestFtsSearch::test_fts_search_fallback FAILED [ 53%]
tests/services/test_search_service.py::TestFtsSearch::test_fts_search_with_mock_connection PASSED [ 53%]
tests/services/test_search_service.py::TestSearchIntegration::test_search_with_filters FAILED [ 53%]
tests/services/test_search_service.py::TestSearchIntegration::test_search_without_text FAILED [ 53%]
tests/services/test_search_service.py::TestSearchIntegration::test_search_pagination FAILED [ 53%]
tests/services/test_search_service.py::TestSearchIntegration::test_search_sorting FAILED [ 54%]
tests/services/test_search_service.py::TestFacets::test_facets_computation FAILED [ 54%]
tests/services/test_search_service.py::TestFacets::test_facets_with_filters FAILED [ 54%]
tests/services/test_search_service.py::TestThreeWayHybridSearch::test_three_way_hybrid_search_basic PASSED [ 54%]
tests/services/test_search_service.py::TestThreeWayHybridSearch::test_query_analysis_short PASSED [ 54%]
tests/services/test_search_service.py::TestThreeWayHybridSearch::test_query_analysis_long PASSED [ 54%]
tests/services/test_search_service.py::TestThreeWayHybridSearch::test_query_analysis_technical_code PASSED [ 54%]
tests/services/test_search_service.py::TestThreeWayHybridSearch::test_query_analysis_technical_math PASSED [ 54%]
tests/services/test_search_service.py::TestThreeWayHybridSearch::test_three_way_hybrid_with_empty_query PASSED [ 54%]
tests/services/test_search_service.py::TestThreeWayHybridSearch::test_three_way_hybrid_fallback PASSED [ 54%]
tests/services/test_search_service.py::TestThreeWayHybridSearch::test_fetch_resources_ordered PASSED [ 54%]
tests/services/test_search_service.py::TestThreeWayHybridSearch::test_search_sparse_empty_query PASSED [ 54%]
tests/services/test_sparse_embedding_service.py::TestSparseEmbeddingService::test_service_initialization PASSED [ 54%]
tests/services/test_sparse_embedding_service.py::TestSparseEmbeddingService::test_generate_sparse_embedding_empty_text PASSED [ 54%]
tests/services/test_sparse_embedding_service.py::TestSparseEmbeddingService::test_generate_sparse_embedding_no_model PASSED [ 54%]
tests/services/test_sparse_embedding_service.py::TestSparseEmbeddingService::test_generate_sparse_embedding_with_mock_model FAILED [ 54%]
tests/services/test_sparse_embedding_service.py::TestSparseEmbeddingService::test_generate_sparse_embeddings_batch_empty_list PASSED [ 54%]
tests/services/test_sparse_embedding_service.py::TestSparseEmbeddingService::test_generate_sparse_embeddings_batch_no_model PASSED [ 54%]
tests/services/test_sparse_embedding_service.py::TestSparseEmbeddingService::test_search_by_sparse_vector_empty_query PASSED [ 55%]
tests/services/test_sparse_embedding_service.py::TestSparseEmbeddingService::test_search_by_sparse_vector_with_resources PASSED [ 55%]
tests/services/test_sparse_embedding_service.py::TestSparseEmbeddingService::test_update_resource_sparse_embedding_not_found PASSED [ 55%]
tests/services/test_sparse_embedding_service.py::TestSparseEmbeddingService::test_update_resource_sparse_embedding_empty_content PASSED [ 55%]
tests/services/test_sparse_embedding_service.py::TestSparseEmbeddingService::test_batch_update_sparse_embeddings_no_resources PASSED [ 55%]
tests/services/test_sparse_embedding_service.py::TestSparseEmbeddingService::test_batch_update_sparse_embeddings_with_resources PASSED [ 55%]
tests/services/test_sparse_embedding_service.py::TestSparseEmbeddingService::test_model_loading_failure_handling PASSED [ 55%]
tests/services/test_sparse_embedding_service.py::TestSparseEmbeddingService::test_gpu_oom_fallback PASSED [ 55%]
tests/standalone/test_classification_standalone.py::test_classification_prediction_creation PASSED [ 55%]
tests/standalone/test_classification_standalone.py::test_classification_prediction_validation PASSED [ 55%]
tests/standalone/test_classification_standalone.py::test_classification_prediction_confidence_methods PASSED [ 55%]
tests/standalone/test_classification_standalone.py::test_classification_prediction_to_dict PASSED [ 55%]
tests/standalone/test_classification_standalone.py::test_classification_result_creation PASSED [ 55%]
tests/standalone/test_classification_standalone.py::test_classification_result_validation PASSED [ 55%]
tests/standalone/test_classification_standalone.py::test_classification_result_filtering PASSED [ 55%]
tests/standalone/test_classification_standalone.py::test_classification_result_analysis PASSED [ 55%]
tests/standalone/test_classification_standalone.py::test_classification_result_serialization PASSED [ 55%]
tests/unit/core/test_ai_core.py::TestSummarizer::test_summarizer_initialization PASSED [ 56%]
tests/unit/core/test_ai_core.py::TestSummarizer::test_summarizer_empty_text PASSED [ 56%]
tests/unit/core/test_ai_core.py::TestSummarizer::test_summarizer_short_text PASSED [ 56%]
tests/unit/core/test_ai_core.py::TestSummarizer::test_summarizer_long_text_fallback PASSED [ 56%]
tests/unit/core/test_ai_core.py::TestSummarizer::test_summarizer_with_transformers PASSED [ 56%]
tests/unit/core/test_ai_core.py::TestSummarizer::test_summarizer_pipeline_error_fallback PASSED [ 56%]
tests/unit/core/test_ai_core.py::TestZeroShotTagger::test_tagger_initialization PASSED [ 56%]
tests/unit/core/test_ai_core.py::TestZeroShotTagger::test_tagger_empty_text PASSED [ 56%]
tests/unit/core/test_ai_core.py::TestZeroShotTagger::test_tagger_fallback_heuristics PASSED [ 56%]
tests/unit/core/test_ai_core.py::TestZeroShotTagger::test_tagger_with_transformers PASSED [ 56%]
tests/unit/core/test_ai_core.py::TestZeroShotTagger::test_tagger_threshold_filtering PASSED [ 56%]
tests/unit/core/test_ai_core.py::TestZeroShotTagger::test_tagger_pipeline_error_fallback PASSED [ 56%]
tests/unit/core/test_ai_core.py::TestAICore::test_ai_core_initialization PASSED [ 56%]
tests/unit/core/test_ai_core.py::TestAICore::test_ai_core_default_initialization PASSED [ 56%]
tests/unit/core/test_ai_core.py::TestAICore::test_ai_core_generate_summary PASSED [ 56%]
tests/unit/core/test_ai_core.py::TestAICore::test_ai_core_generate_tags PASSED [ 56%]
tests/unit/core/test_ai_core.py::TestAICore::test_ai_core_integration PASSED [ 56%]
tests/unit/core/test_authority_service.py::TestAuthorityControl::test_normalize_subject_basic PASSED [ 56%]
tests/unit/core/test_authority_service.py::TestAuthorityControl::test_normalize_subject_synonym_mapping PASSED [ 57%]
tests/unit/core/test_authority_service.py::TestAuthorityControl::test_normalize_subject_multiple_synonyms PASSED [ 57%]
tests/unit/core/test_authority_service.py::TestAuthorityControl::test_normalize_subject_punctuation_removal PASSED [ 57%]
tests/unit/core/test_authority_service.py::TestAuthorityControl::test_normalize_subject_whitespace_normalization PASSED [ 57%]
tests/unit/core/test_authority_service.py::TestAuthorityControl::test_normalize_subject_small_words_lowercase PASSED [ 57%]
tests/unit/core/test_authority_service.py::TestAuthorityControl::test_normalize_subject_small_words_first_last PASSED [ 57%]
tests/unit/core/test_authority_service.py::TestAuthorityControl::test_normalize_subject_empty_string PASSED [ 57%]
tests/unit/core/test_authority_service.py::TestAuthorityControl::test_normalize_subject_whitespace_only PASSED [ 57%]
tests/unit/core/test_authority_service.py::TestAuthorityControl::test_normalize_subject_single_word PASSED [ 57%]
tests/unit/core/test_authority_service.py::TestAuthorityControl::test_normalize_subject_case_insensitive_synonyms PASSED [ 57%]
tests/unit/core/test_authority_service.py::TestAuthorityControl::test_normalize_subjects_basic PASSED [ 57%]
tests/unit/core/test_authority_service.py::TestAuthorityControl::test_normalize_subjects_deduplication PASSED [ 57%]
tests/unit/core/test_authority_service.py::TestAuthorityControl::test_normalize_subjects_preserves_order PASSED [ 57%]
tests/unit/core/test_authority_service.py::TestAuthorityControl::test_normalize_subjects_empty_list PASSED [ 57%]
tests/unit/core/test_authority_service.py::TestAuthorityControl::test_normalize_subjects_none_input PASSED [ 57%]
tests/unit/core/test_authority_service.py::TestAuthorityControl::test_normalize_subjects_filters_empty PASSED [ 57%]
tests/unit/core/test_authority_service.py::TestAuthorityControl::test_normalize_subjects_mixed_case PASSED [ 57%]
tests/unit/core/test_authority_service.py::TestAuthorityControl::test_normalize_subjects_with_punctuation PASSED [ 58%]
tests/unit/core/test_authority_service.py::TestAuthorityControl::test_normalize_subjects_complex_scenario PASSED [ 58%]
tests/unit/core/test_authority_service.py::TestAuthorityControl::test_authority_control_immutable_behavior PASSED [ 58%]
tests/unit/core/test_authority_service.py::TestAuthorityControl::test_variant_learning_and_usage_counts PASSED [ 58%]
tests/unit/core/test_authority_service.py::TestAuthorityControl::test_subject_suggestions_endpoint_logic PASSED [ 58%]
tests/unit/core/test_content_extractor.py::TestFetchUrl::test_fetch_url_success PASSED [ 58%]
tests/unit/core/test_content_extractor.py::TestFetchUrl::test_fetch_url_http_error PASSED [ 58%]
tests/unit/core/test_content_extractor.py::TestFetchUrl::test_fetch_url_network_error PASSED [ 58%]
tests/unit/core/test_content_extractor.py::TestExtractText::test_extract_text_with_readability PASSED [ 58%]
tests/unit/core/test_content_extractor.py::TestExtractText::test_extract_text_fallback_to_bs4 PASSED [ 58%]
tests/unit/core/test_content_extractor.py::TestExtractText::test_extract_text_no_title PASSED [ 58%]
tests/unit/core/test_content_extractor.py::TestExtractText::test_extract_text_empty_html PASSED [ 58%]
tests/unit/core/test_content_extractor.py::TestArchiveLocal::test_archive_local_creates_files PASSED [ 58%]
tests/unit/core/test_content_extractor.py::TestArchiveLocal::test_archive_local_deterministic_path PASSED [ 58%]
tests/unit/core/test_content_extractor.py::TestArchiveLocal::test_archive_local_different_urls PASSED [ 58%]
tests/unit/core/test_content_extractor_pdf.py::TestPDFDetection::test_looks_like_pdf_bytes_valid PASSED [ 58%]
tests/unit/core/test_content_extractor_pdf.py::TestPDFDetection::test_looks_like_pdf_bytes_invalid PASSED [ 58%]
tests/unit/core/test_content_extractor_pdf.py::TestPDFDetection::test_looks_like_pdf_bytes_empty PASSED [ 58%]
tests/unit/core/test_content_extractor_pdf.py::TestPDFDetection::test_looks_like_pdf_bytes_short PASSED [ 59%]
tests/unit/core/test_content_extractor_pdf.py::TestPDFExtraction::test_extract_pdf_with_pymupdf PASSED [ 59%]
tests/unit/core/test_content_extractor_pdf.py::TestPDFExtraction::test_extract_pdf_with_pdfminer_fallback PASSED [ 59%]
tests/unit/core/test_content_extractor_pdf.py::TestPDFExtraction::test_extract_pdf_no_libraries PASSED [ 59%]
tests/unit/core/test_content_extractor_pdf.py::TestPDFExtraction::test_extract_pdf_pymupdf_error_fallback PASSED [ 59%]
tests/unit/core/test_content_extractor_pdf.py::TestPDFExtraction::test_extract_pdf_both_libraries_fail PASSED [ 59%]
tests/unit/core/test_content_extractor_pdf.py::TestContentTypeDetection::test_extract_from_fetched_html PASSED [ 59%]
tests/unit/core/test_content_extractor_pdf.py::TestContentTypeDetection::test_extract_from_fetched_pdf_by_content_type PASSED [ 59%]
tests/unit/core/test_content_extractor_pdf.py::TestContentTypeDetection::test_extract_from_fetched_pdf_by_url_extension PASSED [ 59%]
tests/unit/core/test_content_extractor_pdf.py::TestContentTypeDetection::test_extract_from_fetched_pdf_by_signature PASSED [ 59%]
tests/unit/core/test_content_extractor_pdf.py::TestContentTypeDetection::test_extract_from_fetched_fallback_text_decode PASSED [ 59%]
tests/unit/core/test_content_extractor_pdf.py::TestContentTypeDetection::test_extract_from_fetched_no_content PASSED [ 59%]
tests/unit/core/test_content_extractor_pdf.py::TestFetchURLEnhancements::test_fetch_url_returns_content_bytes PASSED [ 59%]
tests/unit/core/test_content_extractor_pdf.py::TestFetchURLEnhancements::test_fetch_url_html_content_type PASSED [ 59%]
tests/unit/core/test_content_extractor_pdf.py::TestFetchURLEnhancements::test_fetch_url_network_error PASSED [ 59%]
tests/unit/core/test_content_extractor_pdf.py::TestFetchURLEnhancements::test_fetch_url_http_error PASSED [ 59%]
tests/unit/core/test_fts_migration.py::TestFtsDetection::test_detect_fts5_sqlite_with_fts5 PASSED [ 59%]
tests/unit/core/test_fts_migration.py::TestFtsDetection::test_detect_fts5_sqlite_without_fts5 PASSED [ 60%]
tests/unit/core/test_fts_migration.py::TestFtsDetection::test_detect_fts5_non_sqlite PASSED [ 60%]
tests/unit/core/test_fts_migration.py::TestFtsDetection::test_detect_fts5_connection_error PASSED [ 60%]
tests/unit/core/test_fts_migration.py::TestFtsIndexReady::test_fts_index_ready_when_available PASSED [ 60%]
tests/unit/core/test_fts_migration.py::TestFtsIndexReady::test_fts_index_ready_when_missing PASSED [ 60%]
tests/unit/core/test_fts_migration.py::TestFtsIndexReady::test_fts_index_ready_partial_tables PASSED [ 60%]
tests/unit/core/test_fts_migration.py::TestFtsIndexReady::test_fts_index_ready_non_sqlite PASSED [ 60%]
tests/unit/core/test_fts_migration.py::TestFtsIndexReady::test_fts_index_ready_connection_error PASSED [ 60%]
tests/unit/core/test_fts_migration.py::TestFtsMigrationIntegration::test_migration_creates_tables SKIPPED [ 60%]
tests/unit/core/test_fts_migration.py::TestFtsMigrationIntegration::test_migration_populates_existing_data SKIPPED [ 60%]
tests/unit/core/test_fts_migration.py::TestFtsMigrationIntegration::test_migration_triggers_work SKIPPED [ 60%]
tests/unit/core/test_fts_migration.py::TestFtsMigrationIntegration::test_migration_update_triggers_work SKIPPED [ 60%]
tests/unit/core/test_fts_migration.py::TestFtsMigrationIntegration::test_migration_delete_triggers_work SKIPPED [ 60%]
tests/unit/core/test_resource_service.py::TestPendingResourceCreation::test_create_pending_resource_success FAILED [ 60%]
tests/unit/core/test_resource_service.py::TestPendingResourceCreation::test_create_pending_resource_missing_url PASSED [ 60%]
tests/unit/core/test_resource_service.py::TestPendingResourceCreation::test_create_pending_resource_with_overrides PASSED [ 60%]
tests/unit/core/test_resource_service.py::TestPendingResourceCreation::test_create_pending_resource_idempotent PASSED [ 60%]
tests/unit/core/test_resource_service.py::TestPendingResourceCreation::test_create_pending_resource_authority_normalization PASSED [ 60%]
tests/unit/core/test_resource_service.py::TestBackgroundIngestion::test_process_ingestion_success FAILED [ 61%]
tests/unit/core/test_resource_service.py::TestBackgroundIngestion::test_process_ingestion_fetch_error FAILED [ 61%]
tests/unit/core/test_resource_service.py::TestResourceCRUD::test_get_resource PASSED [ 61%]
tests/unit/core/test_resource_service.py::TestResourceCRUD::test_get_resource_nonexistent PASSED [ 61%]
tests/unit/core/test_resource_service.py::TestResourceCRUD::test_update_resource PASSED [ 61%]
tests/unit/core/test_resource_service.py::TestResourceCRUD::test_delete_resource PASSED [ 61%]
tests/unit/core/test_resource_service.py::TestAsyncIngestionIntegration::test_async_ingestion_flow FAILED [ 61%]
tests/unit/core/test_resource_service.py::TestAsyncIngestionIntegration::test_manual_classification_override_endpoint FAILED [ 61%]
tests/unit/core/test_resource_service.py::TestAsyncIngestionIntegration::test_update_resource_normalizes_fields PASSED [ 61%]
tests/unit/core/test_text_processor.py::TestCleanText::test_clean_text_normal_whitespace PASSED [ 61%]
tests/unit/core/test_text_processor.py::TestCleanText::test_clean_text_control_characters PASSED [ 61%]
tests/unit/core/test_text_processor.py::TestCleanText::test_clean_text_multiple_spaces PASSED [ 61%]
tests/unit/core/test_text_processor.py::TestCleanText::test_clean_text_newlines_and_tabs PASSED [ 61%]
tests/unit/core/test_text_processor.py::TestCleanText::test_clean_text_empty_string PASSED [ 61%]
tests/unit/core/test_text_processor.py::TestCleanText::test_clean_text_none_input PASSED [ 61%]
tests/unit/core/test_text_processor.py::TestReadabilityScores::test_readability_scores_with_textstat PASSED [ 61%]
tests/unit/core/test_text_processor.py::TestReadabilityScores::test_readability_scores_textstat_error_fallback PASSED [ 61%]
tests/unit/core/test_text_processor.py::TestReadabilityScores::test_readability_scores_no_textstat PASSED [ 62%]
tests/unit/core/test_text_processor.py::TestReadabilityScores::test_readability_scores_empty_text PASSED [ 62%]
tests/unit/core/test_text_processor.py::TestReadabilityScores::test_readability_scores_single_word PASSED [ 62%]
tests/unit/core/test_text_processor.py::TestReadabilityScores::test_readability_scores_complex_text PASSED [ 62%]
tests/unit/core/test_text_processor.py::TestReadabilityScores::test_readability_scores_cleaned_text PASSED [ 62%]
tests/unit/dataset_acquisition/test_arxiv_collector.py::TestArxivCollectorInitialization::test_init_creates_output_directory PASSED [ 62%]
tests/unit/dataset_acquisition/test_arxiv_collector.py::TestArxivCollectorInitialization::test_init_with_nested_directory PASSED [ 62%]
tests/unit/dataset_acquisition/test_arxiv_collector.py::TestArxivCollectorInitialization::test_client_configuration PASSED [ 62%]
tests/unit/dataset_acquisition/test_arxiv_collector.py::TestRateLimiting::test_rate_limiting_respected PASSED [ 62%]
tests/unit/dataset_acquisition/test_arxiv_collector.py::TestPaperMetadataExtraction::test_metadata_extraction PASSED [ 62%]
tests/unit/dataset_acquisition/test_arxiv_collector.py::TestPaperMetadataExtraction::test_metadata_extraction_with_missing_fields PASSED [ 62%]
tests/unit/dataset_acquisition/test_arxiv_collector.py::TestRetryLogic::test_retry_on_api_error PASSED [ 62%]
tests/unit/dataset_acquisition/test_arxiv_collector.py::TestRetryLogic::test_partial_results_saved_on_error PASSED [ 62%]
tests/unit/dataset_acquisition/test_arxiv_collector.py::TestBalancedDatasetCollection::test_balanced_collection PASSED [ 62%]
tests/unit/dataset_acquisition/test_arxiv_collector.py::TestBalancedDatasetCollection::test_balanced_collection_with_failure PASSED [ 62%]
tests/unit/dataset_acquisition/test_arxiv_collector.py::TestIntermediateSave::test_intermediate_save_every_100_papers PASSED [ 62%]
tests/unit/dataset_acquisition/test_arxiv_collector.py::TestIntermediateSave::test_save_intermediate_results_creates_file PASSED [ 62%]
tests/unit/dataset_acquisition/test_arxiv_collector.py::TestCreateClassificationDataset::test_create_classification_dataset PASSED [ 62%]
tests/unit/dataset_acquisition/test_dataset_preprocessor.py::TestDatasetPreprocessor::test_clean_text_removes_urls PASSED [ 63%]
tests/unit/dataset_acquisition/test_dataset_preprocessor.py::TestDatasetPreprocessor::test_clean_text_removes_latex PASSED [ 63%]
tests/unit/dataset_acquisition/test_dataset_preprocessor.py::TestDatasetPreprocessor::test_clean_text_removes_inline_math PASSED [ 63%]
tests/unit/dataset_acquisition/test_dataset_preprocessor.py::TestDatasetPreprocessor::test_clean_text_normalizes_whitespace PASSED [ 63%]
tests/unit/dataset_acquisition/test_dataset_preprocessor.py::TestDatasetPreprocessor::test_clean_text_removes_multiple_punctuation PASSED [ 63%]
tests/unit/dataset_acquisition/test_dataset_preprocessor.py::TestDatasetPreprocessor::test_compute_text_hash PASSED [ 63%]
tests/unit/dataset_acquisition/test_dataset_preprocessor.py::TestDatasetPreprocessor::test_deduplicate_samples_removes_duplicate_ids PASSED [ 63%]
tests/unit/dataset_acquisition/test_dataset_preprocessor.py::TestDatasetPreprocessor::test_deduplicate_samples_removes_duplicate_titles PASSED [ 63%]
tests/unit/dataset_acquisition/test_dataset_preprocessor.py::TestDatasetPreprocessor::test_filter_by_quality_removes_short_text PASSED [ 63%]
tests/unit/dataset_acquisition/test_dataset_preprocessor.py::TestDatasetPreprocessor::test_filter_by_quality_removes_empty_text PASSED [ 63%]
tests/unit/dataset_acquisition/test_dataset_preprocessor.py::TestDatasetPreprocessor::test_filter_by_quality_removes_missing_label PASSED [ 63%]
tests/unit/dataset_acquisition/test_dataset_preprocessor.py::TestDatasetPreprocessor::test_filter_by_quality_removes_non_english PASSED [ 63%]
tests/unit/dataset_acquisition/test_dataset_preprocessor.py::TestDatasetPreprocessor::test_preprocess_dataset_complete_pipeline PASSED [ 63%]
tests/unit/dataset_acquisition/test_dataset_preprocessor.py::TestDatasetPreprocessor::test_create_train_val_test_split_ratios PASSED [ 63%]
tests/unit/dataset_acquisition/test_dataset_preprocessor.py::TestDatasetPreprocessor::test_create_train_val_test_split_no_overlap PASSED [ 63%]
tests/unit/dataset_acquisition/test_dataset_preprocessor.py::TestDatasetPreprocessor::test_create_train_val_test_split_reproducibility PASSED [ 63%]
tests/unit/dataset_acquisition/test_dataset_preprocessor.py::TestDatasetPreprocessor::test_create_train_val_test_split_maintains_class_balance PASSED [ 63%]
tests/unit/deployment/test_model_versioning.py::TestModelVersioningInitialization::test_initialization_creates_base_directory PASSED [ 64%]
tests/unit/deployment/test_model_versioning.py::TestModelVersioningInitialization::test_initialization_creates_registry_file PASSED [ 64%]
tests/unit/deployment/test_model_versioning.py::TestModelVersioningInitialization::test_initialization_loads_existing_registry PASSED [ 64%]
tests/unit/deployment/test_model_versioning.py::TestVersionCreation::test_create_version_with_valid_format PASSED [ 64%]
tests/unit/deployment/test_model_versioning.py::TestVersionCreation::test_create_version_rejects_invalid_format PASSED [ 64%]
tests/unit/deployment/test_model_versioning.py::TestVersionCreation::test_create_version_rejects_duplicate_versions PASSED [ 64%]
tests/unit/deployment/test_model_versioning.py::TestVersionCreation::test_create_version_copies_model_files PASSED [ 64%]
tests/unit/deployment/test_model_versioning.py::TestVersionCreation::test_create_version_calculates_model_size PASSED [ 64%]
tests/unit/deployment/test_model_versioning.py::TestVersionListing::test_list_versions_returns_all_versions PASSED [ 64%]
tests/unit/deployment/test_model_versioning.py::TestVersionListing::test_list_versions_returns_empty_for_new_registry PASSED [ 64%]
tests/unit/deployment/test_model_versioning.py::TestVersionLoading::test_load_version_returns_model_and_metadata PASSED [ 64%]
tests/unit/deployment/test_model_versioning.py::TestVersionLoading::test_load_version_raises_error_for_missing_version PASSED [ 64%]
tests/unit/deployment/test_model_versioning.py::TestProductionPromotion::test_promote_to_production_updates_registry PASSED [ 64%]
tests/unit/deployment/test_model_versioning.py::TestProductionPromotion::test_promote_to_production_archives_previous PASSED [ 64%]
tests/unit/deployment/test_model_versioning.py::TestProductionPromotion::test_promote_to_production_raises_error_for_missing_version PASSED [ 64%]
tests/unit/deployment/test_model_versioning.py::TestVersionComparison::test_compare_versions_returns_metrics PASSED [ 64%]
tests/unit/monitoring/test_monitoring.py::TestPredictionMonitor::test_initialization PASSED [ 64%]
tests/unit/monitoring/test_monitoring.py::TestPredictionMonitor::test_log_prediction PASSED [ 64%]
tests/unit/monitoring/test_monitoring.py::TestPredictionMonitor::test_log_prediction_with_error PASSED [ 65%]
tests/unit/monitoring/test_monitoring.py::TestPredictionMonitor::test_get_metrics_empty PASSED [ 65%]
tests/unit/monitoring/test_monitoring.py::TestPredictionMonitor::test_get_metrics_with_predictions PASSED [ 65%]
tests/unit/monitoring/test_monitoring.py::TestPredictionMonitor::test_get_metrics_time_window PASSED [ 65%]
tests/unit/monitoring/test_monitoring.py::TestPredictionMonitor::test_clear_old_predictions PASSED [ 65%]
tests/unit/monitoring/test_monitoring.py::TestAlertManager::test_initialization PASSED [ 65%]
tests/unit/monitoring/test_monitoring.py::TestAlertManager::test_check_and_alert_no_violations PASSED [ 65%]
tests/unit/monitoring/test_monitoring.py::TestAlertManager::test_check_and_alert_high_error_rate PASSED [ 65%]
tests/unit/monitoring/test_monitoring.py::TestAlertManager::test_check_and_alert_high_latency PASSED [ 65%]
tests/unit/monitoring/test_monitoring.py::TestAlertManager::test_check_and_alert_low_confidence PASSED [ 65%]
tests/unit/monitoring/test_monitoring.py::TestAlertManager::test_check_and_alert_multiple_violations PASSED [ 65%]
tests/unit/monitoring/test_monitoring.py::TestAlertManager::test_send_slack_alert_success PASSED [ 65%]
tests/unit/monitoring/test_monitoring.py::TestAlertManager::test_send_slack_alert_failure PASSED [ 65%]
tests/unit/monitoring/test_monitoring.py::TestAlertManager::test_send_slack_alert_no_webhook PASSED [ 65%]
tests/unit/monitoring/test_monitoring.py::TestHealthCheck::test_check_model_health_no_model PASSED [ 65%]
tests/unit/monitoring/test_monitoring.py::TestHealthCheck::test_check_model_health_with_model PASSED [ 65%]
tests/unit/monitoring/test_monitoring.py::TestHealthCheck::test_check_model_health_inference_failure PASSED [ 65%]
tests/unit/monitoring/test_monitoring.py::TestHealthCheck::test_check_model_health_high_latency PASSED [ 66%]
tests/unit/monitoring/test_monitoring.py::TestJSONLogging::test_json_formatter_basic PASSED [ 66%]
tests/unit/monitoring/test_monitoring.py::TestJSONLogging::test_json_formatter_with_exception PASSED [ 66%]
tests/unit/monitoring/test_monitoring.py::TestJSONLogging::test_json_formatter_with_extra_fields PASSED [ 66%]
tests/unit/monitoring/test_monitoring.py::TestJSONLogging::test_configure_json_logging PASSED [ 66%]
tests/unit/monitoring/test_monitoring.py::TestJSONLogging::test_log_with_context PASSED [ 66%]
tests/unit/phase10_graph_intelligence/test_phase10_graph_construction.py::TestMultiLayerGraphConstruction::test_citation_edge_creation FAILED [ 66%]
tests/unit/phase10_graph_intelligence/test_phase10_graph_construction.py::TestMultiLayerGraphConstruction::test_coauthorship_edge_creation FAILED [ 66%]
tests/unit/phase10_graph_intelligence/test_phase10_graph_construction.py::TestMultiLayerGraphConstruction::test_subject_similarity_edge_creation FAILED [ 66%]
tests/unit/phase10_graph_intelligence/test_phase10_graph_construction.py::TestMultiLayerGraphConstruction::test_temporal_edge_creation FAILED [ 66%]
tests/unit/phase10_graph_intelligence/test_phase10_graph_construction.py::TestMultiLayerGraphConstruction::test_graph_caching PASSED [ 66%]
tests/unit/phase10_graph_intelligence/test_phase10_graph_construction.py::TestMultiLayerGraphConstruction::test_edge_weight_calculations FAILED [ 66%]
tests/unit/phase10_graph_intelligence/test_phase10_graph_embeddings.py::test_simple PASSED [ 66%]
tests/unit/phase10_graph_intelligence/test_phase10_lbd_discovery.py::TestLBDOpenDiscovery::test_abc_path_discovery FAILED [ 66%]
tests/unit/phase10_graph_intelligence/test_phase10_lbd_discovery.py::TestLBDOpenDiscovery::test_direct_connection_exclusion FAILED [ 66%]
tests/unit/phase10_graph_intelligence/test_phase10_lbd_discovery.py::TestLBDOpenDiscovery::test_plausibility_scoring FAILED [ 66%]
tests/unit/phase10_graph_intelligence/test_phase10_lbd_discovery.py::TestLBDOpenDiscovery::test_min_plausibility_filtering FAILED [ 66%]
tests/unit/phase10_graph_intelligence/test_phase10_lbd_discovery.py::TestLBDOpenDiscovery::test_hypothesis_storage FAILED [ 66%]
tests/unit/phase10_graph_intelligence/test_phase10_lbd_discovery.py::TestLBDOpenDiscovery::test_ranking_by_plausibility FAILED [ 67%]
tests/unit/phase10_graph_intelligence/test_phase10_neighbor_discovery.py::TestNeighborDiscovery::test_1hop_retrieval PASSED [ 67%]
tests/unit/phase10_graph_intelligence/test_phase10_neighbor_discovery.py::TestNeighborDiscovery::test_2hop_retrieval_with_path_tracking PASSED [ 67%]
tests/unit/phase10_graph_intelligence/test_phase10_neighbor_discovery.py::TestNeighborDiscovery::test_edge_type_filtering FAILED [ 67%]
tests/unit/phase10_graph_intelligence/test_phase10_neighbor_discovery.py::TestNeighborDiscovery::test_min_weight_filtering FAILED [ 67%]
tests/unit/phase10_graph_intelligence/test_phase10_neighbor_discovery.py::TestNeighborDiscovery::test_ranking_algorithm PASSED [ 67%]
tests/unit/phase10_graph_intelligence/test_phase10_neighbor_discovery.py::TestNeighborDiscovery::test_limit_enforcement PASSED [ 67%]
tests/unit/phase11_recommendations/test_collaborative_filtering.py::TestNCFModel::test_model_initialization PASSED [ 67%]
tests/unit/phase11_recommendations/test_collaborative_filtering.py::TestNCFModel::test_model_forward_pass PASSED [ 67%]
tests/unit/phase11_recommendations/test_collaborative_filtering.py::TestNCFModel::test_model_cuda_vs_cpu PASSED [ 67%]
tests/unit/phase11_recommendations/test_collaborative_filtering.py::TestCollaborativeFilteringService::test_service_initialization ERROR [ 67%]
tests/unit/phase11_recommendations/test_collaborative_filtering.py::TestCollaborativeFilteringService::test_device_selection ERROR [ 67%]
tests/unit/phase11_recommendations/test_collaborative_filtering.py::TestCollaborativeFilteringService::test_train_model_insufficient_data ERROR [ 67%]
tests/unit/phase11_recommendations/test_collaborative_filtering.py::TestCollaborativeFilteringService::test_train_model_success ERROR [ 67%]
tests/unit/phase11_recommendations/test_collaborative_filtering.py::TestCollaborativeFilteringService::test_save_and_load_model ERROR [ 67%]
tests/unit/phase11_recommendations/test_collaborative_filtering.py::TestCollaborativeFilteringService::test_predict_score_no_model ERROR [ 67%]
tests/unit/phase11_recommendations/test_collaborative_filtering.py::TestCollaborativeFilteringService::test_predict_score_unknown_user ERROR [ 67%]
tests/unit/phase11_recommendations/test_collaborative_filtering.py::TestCollaborativeFilteringService::test_predict_score_unknown_resource ERROR [ 68%]
tests/unit/phase11_recommendations/test_collaborative_filtering.py::TestCollaborativeFilteringService::test_predict_score_success ERROR [ 68%]
tests/unit/phase11_recommendations/test_collaborative_filtering.py::TestCollaborativeFilteringService::test_get_top_recommendations_no_model ERROR [ 68%]
tests/unit/phase11_recommendations/test_collaborative_filtering.py::TestCollaborativeFilteringService::test_get_top_recommendations_unknown_user ERROR [ 68%]
tests/unit/phase11_recommendations/test_collaborative_filtering.py::TestCollaborativeFilteringService::test_get_top_recommendations_no_valid_candidates ERROR [ 68%]
tests/unit/phase11_recommendations/test_collaborative_filtering.py::TestCollaborativeFilteringService::test_get_top_recommendations_success ERROR [ 68%]
tests/unit/phase11_recommendations/test_collaborative_filtering.py::TestCollaborativeFilteringService::test_get_top_recommendations_respects_limit ERROR [ 68%]
tests/unit/phase11_recommendations/test_collaborative_filtering.py::TestCollaborativeFilteringService::test_save_model_error_handling ERROR [ 68%]
tests/unit/phase11_recommendations/test_collaborative_filtering.py::TestCollaborativeFilteringService::test_load_model_error_handling ERROR [ 68%]
tests/unit/phase11_recommendations/test_hybrid_recommendations.py::TestCandidateGeneration::test_generate_collaborative_candidates PASSED [ 68%]
tests/unit/phase11_recommendations/test_hybrid_recommendations.py::TestCandidateGeneration::test_generate_content_candidates PASSED [ 68%]
tests/unit/phase11_recommendations/test_hybrid_recommendations.py::TestCandidateGeneration::test_generate_graph_candidates PASSED [ 68%]
tests/unit/phase11_recommendations/test_hybrid_recommendations.py::TestCandidateGeneration::test_generate_hybrid_candidates PASSED [ 68%]
tests/unit/phase11_recommendations/test_hybrid_recommendations.py::TestHybridScoring::test_rank_candidates_basic FAILED [ 68%]
tests/unit/phase11_recommendations/test_hybrid_recommendations.py::TestHybridScoring::test_rank_candidates_with_missing_scores FAILED [ 68%]
tests/unit/phase11_recommendations/test_hybrid_recommendations.py::TestMMRDiversity::test_apply_mmr_basic PASSED [ 68%]
tests/unit/phase11_recommendations/test_hybrid_recommendations.py::TestMMRDiversity::test_apply_mmr_empty_candidates PASSED [ 68%]
tests/unit/phase11_recommendations/test_hybrid_recommendations.py::TestMMRDiversity::test_apply_mmr_no_embeddings PASSED [ 68%]
tests/unit/phase11_recommendations/test_hybrid_recommendations.py::TestNoveltyBoosting::test_apply_novelty_boost_basic FAILED [ 69%]
tests/unit/phase11_recommendations/test_hybrid_recommendations.py::TestNoveltyBoosting::test_apply_novelty_boost_empty_candidates PASSED [ 69%]
tests/unit/phase11_recommendations/test_hybrid_recommendations.py::TestRecommendationGeneration::test_generate_recommendations_basic FAILED [ 69%]
tests/unit/phase11_recommendations/test_hybrid_recommendations.py::TestRecommendationGeneration::test_generate_recommendations_cold_start PASSED [ 69%]
tests/unit/phase11_recommendations/test_hybrid_recommendations.py::TestRecommendationGeneration::test_generate_recommendations_with_quality_filters FAILED [ 69%]
tests/unit/phase11_recommendations/test_hybrid_recommendations.py::TestRecommendationGeneration::test_generate_recommendations_no_candidates PASSED [ 69%]
tests/unit/phase11_recommendations/test_hybrid_recommendations.py::TestGiniCoefficient::test_compute_gini_coefficient_basic FAILED [ 69%]
tests/unit/phase11_recommendations/test_hybrid_recommendations.py::TestGiniCoefficient::test_compute_gini_coefficient_empty FAILED [ 69%]
tests/unit/phase11_recommendations/test_hybrid_recommendations.py::TestGiniCoefficient::test_compute_gini_coefficient_uniform FAILED [ 69%]
tests/unit/phase11_recommendations/test_user_profile_service.py::TestUserProfileService::test_get_or_create_profile_creates_new PASSED [ 69%]
tests/unit/phase11_recommendations/test_user_profile_service.py::TestUserProfileService::test_get_or_create_profile_returns_existing PASSED [ 69%]
tests/unit/phase11_recommendations/test_user_profile_service.py::TestUserProfileService::test_get_or_create_profile_user_not_found PASSED [ 69%]
tests/unit/phase11_recommendations/test_user_profile_service.py::TestUserProfileService::test_update_profile_settings_valid_ranges PASSED [ 69%]
tests/unit/phase11_recommendations/test_user_profile_service.py::TestUserProfileService::test_update_profile_settings_invalid_ranges PASSED [ 69%]
tests/unit/phase11_recommendations/test_user_profile_service.py::TestUserProfileService::test_compute_interaction_strength_view PASSED [ 69%]
tests/unit/phase11_recommendations/test_user_profile_service.py::TestUserProfileService::test_compute_interaction_strength_other_types PASSED [ 69%]
tests/unit/phase11_recommendations/test_user_profile_service.py::TestUserProfileService::test_track_interaction_creates_new PASSED [ 69%]
tests/unit/phase11_recommendations/test_user_profile_service.py::TestUserProfileService::test_track_interaction_updates_existing PASSED [ 70%]
tests/unit/phase11_recommendations/test_user_profile_service.py::TestUserProfileService::test_track_interaction_invalid_type PASSED [ 70%]
tests/unit/phase11_recommendations/test_user_profile_service.py::TestUserProfileService::test_track_interaction_resource_not_found PASSED [ 70%]
tests/unit/phase11_recommendations/test_user_profile_service.py::TestUserProfileService::test_get_user_embedding_cold_start PASSED [ 70%]
tests/unit/phase11_recommendations/test_user_profile_service.py::TestUserProfileService::test_get_user_embedding_single_interaction PASSED [ 70%]
tests/unit/phase11_recommendations/test_user_profile_service.py::TestUserProfileService::test_get_user_embedding_multiple_interactions PASSED [ 70%]
tests/unit/phase11_recommendations/test_user_profile_service.py::TestUserProfileService::test_update_learned_preferences PASSED [ 70%]
tests/unit/phase11_recommendations/test_user_profile_service.py::TestUserProfileService::test_update_learned_preferences_no_interactions PASSED [ 70%]
tests/unit/phase11_recommendations/test_user_profile_service.py::TestUserProfileService::test_preference_learning_triggered_every_10_interactions PASSED [ 70%]
tests/unit/phase1_ingestion/test_ingestion_status.py::TestIngestionStatusTracking::test_status_endpoint_pending PASSED [ 70%]
tests/unit/phase1_ingestion/test_ingestion_status.py::TestIngestionStatusTracking::test_status_endpoint_completed FAILED [ 70%]
tests/unit/phase1_ingestion/test_ingestion_status.py::TestIngestionStatusTracking::test_status_endpoint_failed FAILED [ 70%]
tests/unit/phase1_ingestion/test_ingestion_status.py::TestIngestionStatusTracking::test_status_endpoint_nonexistent_resource PASSED [ 70%]
tests/unit/phase1_ingestion/test_ingestion_status.py::TestIngestionStatusTracking::test_status_timestamps_progression FAILED [ 70%]
tests/unit/phase1_ingestion/test_ingestion_status.py::TestIngestionStatusPolling::test_polling_until_completion FAILED [ 70%]
tests/unit/phase1_ingestion/test_ingestion_status.py::TestIngestionStatusPolling::test_polling_until_failure FAILED [ 70%]
tests/unit/phase1_ingestion/test_ingestion_status.py::TestIngestionStatusPolling::test_polling_timeout_handling PASSED [ 70%]
tests/unit/phase1_ingestion/test_ingestion_status.py::TestIngestionStatusErrorHandling::test_status_endpoint_database_error PASSED [ 70%]
tests/unit/phase1_ingestion/test_ingestion_status.py::TestIngestionStatusErrorHandling::test_status_endpoint_malformed_uuid PASSED [ 71%]
tests/unit/phase1_ingestion/test_ingestion_status.py::TestIngestionStatusErrorHandling::test_status_endpoint_empty_uuid PASSED [ 71%]
tests/unit/phase1_ingestion/test_ingestion_status.py::TestIngestionStatusConcurrency::test_concurrent_status_checks FAILED [ 71%]
tests/unit/phase1_ingestion/test_ingestion_status.py::TestIngestionStatusConcurrency::test_status_during_processing FAILED [ 71%]
tests/unit/phase2_curation/test_curation_service.py::TestCurationInterfaceQualityAnalysis::test_quality_analysis_comprehensive FAILED [ 71%]
tests/unit/phase2_curation/test_curation_service.py::TestCurationInterfaceQualityAnalysis::test_quality_analysis_resource_not_found PASSED [ 71%]
tests/unit/phase2_curation/test_curation_service.py::TestCurationInterfaceQualityAnalysis::test_quality_analysis_no_text_file PASSED [ 71%]
tests/unit/phase2_curation/test_curation_service.py::TestCurationInterfaceQualityAnalysis::test_improvement_suggestions_high_quality PASSED [ 71%]
tests/unit/phase2_curation/test_curation_service.py::TestCurationInterfaceQualityAnalysis::test_improvement_suggestions_low_quality FAILED [ 71%]
tests/unit/phase2_curation/test_curation_service.py::TestCurationInterfaceQualityAnalysis::test_improvement_suggestions_medium_quality PASSED [ 71%]
tests/unit/phase2_curation/test_curation_service.py::TestCurationInterfaceQualityAnalysis::test_bulk_quality_check_success PASSED [ 71%]
tests/unit/phase2_curation/test_curation_service.py::TestCurationInterfaceQualityAnalysis::test_bulk_quality_check_with_failures PASSED [ 71%]
tests/unit/phase2_curation/test_curation_service.py::TestCurationInterfaceQualityAnalysis::test_bulk_quality_check_empty_list PASSED [ 71%]
tests/unit/phase2_curation/test_curation_service.py::TestCurationInterfaceQualityAnalysis::test_review_queue_quality_filtering PASSED [ 71%]
tests/unit/phase2_curation/test_curation_service.py::TestCurationInterfaceQualityAnalysis::test_review_queue_sorting PASSED [ 71%]
tests/unit/phase3_search/test_search_service.py::TestQueryParsing::test_simple_query PASSED [ 71%]
tests/unit/phase3_search/test_search_service.py::TestQueryParsing::test_quoted_phrases PASSED [ 71%]
tests/unit/phase3_search/test_search_service.py::TestQueryParsing::test_boolean_operators PASSED [ 72%]
tests/unit/phase3_search/test_search_service.py::TestQueryParsing::test_field_specific_queries PASSED [ 72%]
tests/unit/phase3_search/test_search_service.py::TestQueryParsing::test_wildcard_queries PASSED [ 72%]
tests/unit/phase3_search/test_search_service.py::TestQueryParsing::test_complex_query PASSED [ 72%]
tests/unit/phase3_search/test_search_service.py::TestQueryParsing::test_empty_query PASSED [ 72%]
tests/unit/phase3_search/test_search_service.py::TestQueryParsing::test_special_characters PASSED [ 72%]
tests/unit/phase3_search/test_search_service.py::TestSnippetGeneration::test_basic_snippet PASSED [ 72%]
tests/unit/phase3_search/test_search_service.py::TestSnippetGeneration::test_snippet_with_context PASSED [ 72%]
tests/unit/phase3_search/test_search_service.py::TestSnippetGeneration::test_snippet_truncation PASSED [ 72%]
tests/unit/phase3_search/test_search_service.py::TestSnippetGeneration::test_empty_text PASSED [ 72%]
tests/unit/phase3_search/test_search_service.py::TestSnippetGeneration::test_empty_query PASSED [ 72%]
tests/unit/phase3_search/test_search_service.py::TestRanking::test_ranking_with_quality_boost PASSED [ 72%]
tests/unit/phase3_search/test_search_service.py::TestRanking::test_ranking_with_recency_boost PASSED [ 72%]
tests/unit/phase3_search/test_search_service.py::TestRanking::test_ranking_with_classification_boost PASSED [ 72%]
tests/unit/phase3_search/test_search_service.py::TestFtsSearch::test_fts_search_fallback FAILED [ 72%]
tests/unit/phase3_search/test_search_service.py::TestFtsSearch::test_fts_search_with_mock_connection PASSED [ 72%]
tests/unit/phase3_search/test_search_service.py::TestSearchIntegration::test_search_with_filters FAILED [ 72%]
tests/unit/phase3_search/test_search_service.py::TestSearchIntegration::test_search_without_text FAILED [ 72%]
tests/unit/phase3_search/test_search_service.py::TestSearchIntegration::test_search_pagination FAILED [ 73%]
tests/unit/phase3_search/test_search_service.py::TestSearchIntegration::test_search_sorting FAILED [ 73%]
tests/unit/phase3_search/test_search_service.py::TestFacets::test_facets_computation FAILED [ 73%]
tests/unit/phase3_search/test_search_service.py::TestFacets::test_facets_with_filters FAILED [ 73%]
tests/unit/phase3_search/test_search_service.py::TestThreeWayHybridSearch::test_three_way_hybrid_search_basic PASSED [ 73%]
tests/unit/phase3_search/test_search_service.py::TestThreeWayHybridSearch::test_query_analysis_short PASSED [ 73%]
tests/unit/phase3_search/test_search_service.py::TestThreeWayHybridSearch::test_query_analysis_long PASSED [ 73%]
tests/unit/phase3_search/test_search_service.py::TestThreeWayHybridSearch::test_query_analysis_technical_code PASSED [ 73%]
tests/unit/phase3_search/test_search_service.py::TestThreeWayHybridSearch::test_query_analysis_technical_math PASSED [ 73%]
tests/unit/phase3_search/test_search_service.py::TestThreeWayHybridSearch::test_three_way_hybrid_with_empty_query PASSED [ 73%]
tests/unit/phase3_search/test_search_service.py::TestThreeWayHybridSearch::test_three_way_hybrid_fallback PASSED [ 73%]
tests/unit/phase3_search/test_search_service.py::TestThreeWayHybridSearch::test_fetch_resources_ordered PASSED [ 73%]
tests/unit/phase3_search/test_search_service.py::TestThreeWayHybridSearch::test_search_sparse_empty_query PASSED [ 73%]
tests/unit/phase4_hybrid_search/test_reciprocal_rank_fusion_service.py::TestReciprocalRankFusionService::test_service_initialization PASSED [ 73%]
tests/unit/phase4_hybrid_search/test_reciprocal_rank_fusion_service.py::TestReciprocalRankFusionService::test_fuse_results_empty_lists PASSED [ 73%]
tests/unit/phase4_hybrid_search/test_reciprocal_rank_fusion_service.py::TestReciprocalRankFusionService::test_fuse_results_single_list PASSED [ 73%]
tests/unit/phase4_hybrid_search/test_reciprocal_rank_fusion_service.py::TestReciprocalRankFusionService::test_fuse_results_basic_fusion PASSED [ 73%]
tests/unit/phase4_hybrid_search/test_reciprocal_rank_fusion_service.py::TestReciprocalRankFusionService::test_fuse_results_with_weights PASSED [ 74%]
tests/unit/phase4_hybrid_search/test_reciprocal_rank_fusion_service.py::TestReciprocalRankFusionService::test_fuse_results_weight_normalization PASSED [ 74%]
tests/unit/phase4_hybrid_search/test_reciprocal_rank_fusion_service.py::TestReciprocalRankFusionService::test_fuse_results_mismatched_weights PASSED [ 74%]
tests/unit/phase4_hybrid_search/test_reciprocal_rank_fusion_service.py::TestReciprocalRankFusionService::test_fuse_results_zero_weights PASSED [ 74%]
tests/unit/phase4_hybrid_search/test_reciprocal_rank_fusion_service.py::TestReciprocalRankFusionService::test_fuse_results_rrf_formula PASSED [ 74%]
tests/unit/phase4_hybrid_search/test_reciprocal_rank_fusion_service.py::TestReciprocalRankFusionService::test_adaptive_weights_empty_query PASSED [ 74%]
tests/unit/phase4_hybrid_search/test_reciprocal_rank_fusion_service.py::TestReciprocalRankFusionService::test_adaptive_weights_short_query PASSED [ 74%]
tests/unit/phase4_hybrid_search/test_reciprocal_rank_fusion_service.py::TestReciprocalRankFusionService::test_adaptive_weights_long_query PASSED [ 74%]
tests/unit/phase4_hybrid_search/test_reciprocal_rank_fusion_service.py::TestReciprocalRankFusionService::test_adaptive_weights_question_query PASSED [ 74%]
tests/unit/phase4_hybrid_search/test_reciprocal_rank_fusion_service.py::TestReciprocalRankFusionService::test_adaptive_weights_code_query PASSED [ 74%]
tests/unit/phase4_hybrid_search/test_reciprocal_rank_fusion_service.py::TestReciprocalRankFusionService::test_adaptive_weights_math_query PASSED [ 74%]
tests/unit/phase4_hybrid_search/test_reciprocal_rank_fusion_service.py::TestReciprocalRankFusionService::test_adaptive_weights_combined_characteristics PASSED [ 74%]
tests/unit/phase4_hybrid_search/test_reciprocal_rank_fusion_service.py::TestReciprocalRankFusionService::test_adaptive_weights_normalization PASSED [ 74%]
tests/unit/phase4_hybrid_search/test_reranking_service.py::TestRerankingService::test_service_initialization PASSED [ 74%]
tests/unit/phase4_hybrid_search/test_reranking_service.py::TestRerankingService::test_rerank_empty_query PASSED [ 74%]
tests/unit/phase4_hybrid_search/test_reranking_service.py::TestRerankingService::test_rerank_empty_candidates PASSED [ 74%]
tests/unit/phase4_hybrid_search/test_reranking_service.py::TestRerankingService::test_rerank_no_model PASSED [ 74%]
tests/unit/phase4_hybrid_search/test_reranking_service.py::TestRerankingService::test_rerank_with_mock_model PASSED [ 74%]
tests/unit/phase4_hybrid_search/test_reranking_service.py::TestRerankingService::test_rerank_top_k_limit PASSED [ 75%]
tests/unit/phase4_hybrid_search/test_reranking_service.py::TestRerankingService::test_rerank_no_resources_found PASSED [ 75%]
tests/unit/phase4_hybrid_search/test_reranking_service.py::TestRerankingService::test_rerank_resources_with_no_content PASSED [ 75%]
tests/unit/phase4_hybrid_search/test_reranking_service.py::TestRerankingService::test_rerank_truncates_long_descriptions PASSED [ 75%]
tests/unit/phase4_hybrid_search/test_reranking_service.py::TestRerankingService::test_rerank_with_timeout PASSED [ 75%]
tests/unit/phase4_hybrid_search/test_reranking_service.py::TestRerankingService::test_rerank_gpu_oom_fallback PASSED [ 75%]
tests/unit/phase4_hybrid_search/test_reranking_service.py::TestRerankingService::test_rerank_model_loading_failure PASSED [ 75%]
tests/unit/phase4_hybrid_search/test_reranking_service.py::TestRerankingService::test_rerank_with_caching_no_cache PASSED [ 75%]
tests/unit/phase4_hybrid_search/test_reranking_service.py::TestRerankingService::test_rerank_with_caching_cache_miss PASSED [ 75%]
tests/unit/phase4_hybrid_search/test_reranking_service.py::TestRerankingService::test_rerank_with_caching_cache_hit PASSED [ 75%]
tests/unit/phase4_hybrid_search/test_reranking_service.py::TestRerankingService::test_rerank_with_caching_consistent_cache_keys PASSED [ 75%]
tests/unit/phase4_hybrid_search/test_reranking_service.py::TestRerankingService::test_rerank_performance_target PASSED [ 75%]
tests/unit/phase4_hybrid_search/test_reranking_simple.py::test_class_structure PASSED [ 75%]
tests/unit/phase4_hybrid_search/test_reranking_simple.py::test_initialization PASSED [ 75%]
tests/unit/phase4_hybrid_search/test_reranking_simple.py::test_method_signatures PASSED [ 75%]
tests/unit/phase4_hybrid_search/test_reranking_simple.py::test_docstrings PASSED [ 75%]
tests/unit/phase4_hybrid_search/test_reranking_simple.py::test_error_handling PASSED [ 75%]
tests/unit/phase4_hybrid_search/test_reranking_simple.py::test_caching_logic PASSED [ 76%]
tests/unit/phase4_hybrid_search/test_reranking_simple.py::test_performance_features PASSED [ 76%]
tests/unit/phase4_hybrid_search/test_search_metrics_service.py::TestSearchMetricsService::test_compute_ndcg_perfect_ranking PASSED [ 76%]
tests/unit/phase4_hybrid_search/test_search_metrics_service.py::TestSearchMetricsService::test_compute_ndcg_worst_ranking PASSED [ 76%]
tests/unit/phase4_hybrid_search/test_search_metrics_service.py::TestSearchMetricsService::test_compute_ndcg_partial_ranking PASSED [ 76%]
tests/unit/phase4_hybrid_search/test_search_metrics_service.py::TestSearchMetricsService::test_compute_ndcg_with_k_limit PASSED [ 76%]
tests/unit/phase4_hybrid_search/test_search_metrics_service.py::TestSearchMetricsService::test_compute_ndcg_empty_results PASSED [ 76%]
tests/unit/phase4_hybrid_search/test_search_metrics_service.py::TestSearchMetricsService::test_compute_ndcg_empty_judgments PASSED [ 76%]
tests/unit/phase4_hybrid_search/test_search_metrics_service.py::TestSearchMetricsService::test_compute_ndcg_no_relevant_docs PASSED [ 76%]
tests/unit/phase4_hybrid_search/test_search_metrics_service.py::TestSearchMetricsService::test_compute_ndcg_missing_judgments PASSED [ 76%]
tests/unit/phase4_hybrid_search/test_search_metrics_service.py::TestSearchMetricsService::test_compute_recall_perfect PASSED [ 76%]
tests/unit/phase4_hybrid_search/test_search_metrics_service.py::TestSearchMetricsService::test_compute_recall_partial PASSED [ 76%]
tests/unit/phase4_hybrid_search/test_search_metrics_service.py::TestSearchMetricsService::test_compute_recall_with_k_limit PASSED [ 76%]
tests/unit/phase4_hybrid_search/test_search_metrics_service.py::TestSearchMetricsService::test_compute_recall_zero PASSED [ 76%]
tests/unit/phase4_hybrid_search/test_search_metrics_service.py::TestSearchMetricsService::test_compute_recall_empty_relevant PASSED [ 76%]
tests/unit/phase4_hybrid_search/test_search_metrics_service.py::TestSearchMetricsService::test_compute_precision_perfect PASSED [ 76%]
tests/unit/phase4_hybrid_search/test_search_metrics_service.py::TestSearchMetricsService::test_compute_precision_partial PASSED [ 76%]
tests/unit/phase4_hybrid_search/test_search_metrics_service.py::TestSearchMetricsService::test_compute_precision_with_k_limit PASSED [ 76%]
tests/unit/phase4_hybrid_search/test_search_metrics_service.py::TestSearchMetricsService::test_compute_precision_zero PASSED [ 77%]
tests/unit/phase4_hybrid_search/test_search_metrics_service.py::TestSearchMetricsService::test_compute_precision_k_zero PASSED [ 77%]
tests/unit/phase4_hybrid_search/test_search_metrics_service.py::TestSearchMetricsService::test_compute_mrr_first_position PASSED [ 77%]
tests/unit/phase4_hybrid_search/test_search_metrics_service.py::TestSearchMetricsService::test_compute_mrr_second_position PASSED [ 77%]
tests/unit/phase4_hybrid_search/test_search_metrics_service.py::TestSearchMetricsService::test_compute_mrr_third_position PASSED [ 77%]
tests/unit/phase4_hybrid_search/test_search_metrics_service.py::TestSearchMetricsService::test_compute_mrr_no_relevant_found PASSED [ 77%]
tests/unit/phase4_hybrid_search/test_search_metrics_service.py::TestSearchMetricsService::test_compute_mrr_empty_relevant PASSED [ 77%]
tests/unit/phase4_hybrid_search/test_search_metrics_service.py::TestSearchMetricsService::test_compute_mrr_multiple_relevant PASSED [ 77%]
tests/unit/phase4_hybrid_search/test_search_metrics_service.py::TestSearchMetricsService::test_all_metrics_together PASSED [ 77%]
tests/unit/phase4_hybrid_search/test_sparse_embedding_service.py::TestSparseEmbeddingService::test_service_initialization PASSED [ 77%]
tests/unit/phase4_hybrid_search/test_sparse_embedding_service.py::TestSparseEmbeddingService::test_generate_sparse_embedding_empty_text PASSED [ 77%]
tests/unit/phase4_hybrid_search/test_sparse_embedding_service.py::TestSparseEmbeddingService::test_generate_sparse_embedding_no_model PASSED [ 77%]
tests/unit/phase4_hybrid_search/test_sparse_embedding_service.py::TestSparseEmbeddingService::test_generate_sparse_embedding_with_mock_model FAILED [ 77%]
tests/unit/phase4_hybrid_search/test_sparse_embedding_service.py::TestSparseEmbeddingService::test_generate_sparse_embeddings_batch_empty_list PASSED [ 77%]
tests/unit/phase4_hybrid_search/test_sparse_embedding_service.py::TestSparseEmbeddingService::test_generate_sparse_embeddings_batch_no_model PASSED [ 77%]
tests/unit/phase4_hybrid_search/test_sparse_embedding_service.py::TestSparseEmbeddingService::test_search_by_sparse_vector_empty_query PASSED [ 77%]
tests/unit/phase4_hybrid_search/test_sparse_embedding_service.py::TestSparseEmbeddingService::test_search_by_sparse_vector_with_resources PASSED [ 77%]
tests/unit/phase4_hybrid_search/test_sparse_embedding_service.py::TestSparseEmbeddingService::test_update_resource_sparse_embedding_not_found PASSED [ 78%]
tests/unit/phase4_hybrid_search/test_sparse_embedding_service.py::TestSparseEmbeddingService::test_update_resource_sparse_embedding_empty_content PASSED [ 78%]
tests/unit/phase4_hybrid_search/test_sparse_embedding_service.py::TestSparseEmbeddingService::test_batch_update_sparse_embeddings_no_resources PASSED [ 78%]
tests/unit/phase4_hybrid_search/test_sparse_embedding_service.py::TestSparseEmbeddingService::test_batch_update_sparse_embeddings_with_resources PASSED [ 78%]
tests/unit/phase4_hybrid_search/test_sparse_embedding_service.py::TestSparseEmbeddingService::test_model_loading_failure_handling PASSED [ 78%]
tests/unit/phase4_hybrid_search/test_sparse_embedding_service.py::TestSparseEmbeddingService::test_gpu_oom_fallback PASSED [ 78%]
tests/unit/phase7_collections/test_annotation_export.py::TestExportAnnotationsMarkdown::test_export_all_annotations PASSED [ 78%]
tests/unit/phase7_collections/test_annotation_export.py::TestExportAnnotationsMarkdown::test_export_single_resource PASSED [ 78%]
tests/unit/phase7_collections/test_annotation_export.py::TestExportAnnotationsMarkdown::test_export_with_colors PASSED [ 78%]
tests/unit/phase7_collections/test_annotation_export.py::TestExportAnnotationsMarkdown::test_export_with_timestamps PASSED [ 78%]
tests/unit/phase7_collections/test_annotation_export.py::TestExportAnnotationsMarkdown::test_export_empty_annotations PASSED [ 78%]
tests/unit/phase7_collections/test_annotation_export.py::TestExportAnnotationsMarkdown::test_export_annotation_without_note PASSED [ 78%]
tests/unit/phase7_collections/test_annotation_export.py::TestExportAnnotationsJSON::test_export_all_annotations_json PASSED [ 78%]
tests/unit/phase7_collections/test_annotation_export.py::TestExportAnnotationsJSON::test_export_single_resource_json PASSED [ 78%]
tests/unit/phase7_collections/test_annotation_export.py::TestExportAnnotationsJSON::test_export_json_tags_parsed PASSED [ 78%]
tests/unit/phase7_collections/test_annotation_export.py::TestExportAnnotationsJSON::test_export_json_collection_ids_parsed PASSED [ 78%]
tests/unit/phase7_collections/test_annotation_export.py::TestExportAnnotationsJSON::test_export_json_empty_result PASSED [ 78%]
tests/unit/phase7_collections/test_annotation_export.py::TestExportAnnotationsJSON::test_export_json_datetime_serialization PASSED [ 78%]
tests/unit/phase7_collections/test_annotation_retrieval.py::TestGetAnnotationsForResource::test_get_annotations_basic PASSED [ 79%]
tests/unit/phase7_collections/test_annotation_retrieval.py::TestGetAnnotationsForResource::test_get_annotations_include_shared PASSED [ 79%]
tests/unit/phase7_collections/test_annotation_retrieval.py::TestGetAnnotationsForResource::test_get_annotations_filter_by_tags PASSED [ 79%]
tests/unit/phase7_collections/test_annotation_retrieval.py::TestGetAnnotationsForResource::test_get_annotations_filter_by_multiple_tags PASSED [ 79%]
tests/unit/phase7_collections/test_annotation_retrieval.py::TestGetAnnotationsForResource::test_get_annotations_empty_result PASSED [ 79%]
tests/unit/phase7_collections/test_annotation_retrieval.py::TestGetAnnotationsForUser::test_get_annotations_for_user_basic PASSED [ 79%]
tests/unit/phase7_collections/test_annotation_retrieval.py::TestGetAnnotationsForUser::test_get_annotations_sort_recent PASSED [ 79%]
tests/unit/phase7_collections/test_annotation_retrieval.py::TestGetAnnotationsForUser::test_get_annotations_sort_oldest PASSED [ 79%]
tests/unit/phase7_collections/test_annotation_retrieval.py::TestGetAnnotationsForUser::test_get_annotations_pagination PASSED [ 79%]
tests/unit/phase7_collections/test_annotation_retrieval.py::TestGetAnnotationsForUser::test_get_annotations_resource_loaded PASSED [ 79%]
tests/unit/phase7_collections/test_annotation_search.py::TestFullTextSearch::test_search_in_notes PASSED [ 79%]
tests/unit/phase7_collections/test_annotation_search.py::TestFullTextSearch::test_search_in_highlighted_text PASSED [ 79%]
tests/unit/phase7_collections/test_annotation_search.py::TestFullTextSearch::test_search_case_insensitive PASSED [ 79%]
tests/unit/phase7_collections/test_annotation_search.py::TestFullTextSearch::test_search_filters_by_user PASSED [ 79%]
tests/unit/phase7_collections/test_annotation_search.py::TestFullTextSearch::test_search_empty_query PASSED [ 79%]
tests/unit/phase7_collections/test_annotation_search.py::TestFullTextSearch::test_search_with_limit PASSED [ 79%]
tests/unit/phase7_collections/test_annotation_search.py::TestTagSearch::test_search_by_single_tag PASSED [ 79%]
tests/unit/phase7_collections/test_annotation_search.py::TestTagSearch::test_search_by_multiple_tags_any PASSED [ 80%]
tests/unit/phase7_collections/test_annotation_search.py::TestTagSearch::test_search_by_multiple_tags_all PASSED [ 80%]
tests/unit/phase7_collections/test_annotation_search.py::TestTagSearch::test_search_tags_filters_by_user PASSED [ 80%]
tests/unit/phase7_collections/test_annotation_search.py::TestTagSearch::test_search_empty_tags PASSED [ 80%]
tests/unit/phase7_collections/test_annotation_search.py::TestSemanticSearch::test_semantic_search_basic PASSED [ 80%]
tests/unit/phase7_collections/test_annotation_search.py::TestSemanticSearch::test_semantic_search_empty_query PASSED [ 80%]
tests/unit/phase7_collections/test_annotation_search.py::TestSemanticSearch::test_semantic_search_with_limit PASSED [ 80%]
tests/unit/phase7_collections/test_annotation_search.py::TestSemanticSearch::test_cosine_similarity PASSED [ 80%]
tests/unit/phase7_collections/test_phase7_migration.py::test_collections_table_structure PASSED [ 80%]
tests/unit/phase7_collections/test_phase7_migration.py::test_collection_resources_table_structure PASSED [ 80%]
tests/unit/phase7_collections/test_phase7_migration.py::test_alembic_version FAILED [ 80%]
tests/unit/phase8_classification/test_classification_service.py::TestPersonalClassification::test_auto_classify_language_keyword_in_title PASSED [ 80%]
tests/unit/phase8_classification/test_classification_service.py::TestPersonalClassification::test_auto_classify_ai_keyword_in_description PASSED [ 80%]
tests/unit/phase8_classification/test_classification_service.py::TestPersonalClassification::test_auto_classify_ml_keyword_in_tags PASSED [ 80%]
tests/unit/phase8_classification/test_classification_service.py::TestPersonalClassification::test_auto_classify_programming_keyword PASSED [ 80%]
tests/unit/phase8_classification/test_classification_service.py::TestPersonalClassification::test_auto_classify_multiple_keywords_first_match PASSED [ 80%]
tests/unit/phase8_classification/test_classification_service.py::TestPersonalClassification::test_auto_classify_case_insensitive PASSED [ 80%]
tests/unit/phase8_classification/test_classification_service.py::TestPersonalClassification::test_auto_classify_no_keywords_fallback PASSED [ 80%]
tests/unit/phase8_classification/test_classification_service.py::TestPersonalClassification::test_auto_classify_empty_inputs PASSED [ 81%]
tests/unit/phase8_classification/test_classification_service.py::TestPersonalClassification::test_auto_classify_none_inputs PASSED [ 81%]
tests/unit/phase8_classification/test_classification_service.py::TestPersonalClassification::test_auto_classify_partial_inputs PASSED [ 81%]
tests/unit/phase8_classification/test_classification_service.py::TestPersonalClassification::test_auto_classify_whitespace_handling PASSED [ 81%]
tests/unit/phase8_classification/test_classification_service.py::TestPersonalClassification::test_auto_classify_keyword_variations PASSED [ 81%]
tests/unit/phase8_classification/test_classification_service.py::TestPersonalClassification::test_auto_classify_deterministic_ordering PASSED [ 81%]
tests/unit/phase8_classification/test_classification_service.py::TestPersonalClassification::test_classification_keyword_mapping_completeness PASSED [ 81%]
tests/unit/phase8_classification/test_classification_tree.py::test_classification_tree PASSED [ 81%]
tests/unit/phase8_classification/test_ml_classification_inference.py::test_predict_method_exists PASSED [ 81%]
tests/unit/phase8_classification/test_ml_classification_inference.py::test_predict_batch_method_exists PASSED [ 81%]
tests/unit/phase8_classification/test_ml_classification_inference.py::test_method_documentation PASSED [ 81%]
tests/unit/phase8_classification/test_ml_classification_inference.py::test_requirements_coverage PASSED [ 81%]
tests/unit/phase8_classification/test_ml_classification_model_loading.py::test_checkpoint_directory_structure FAILED [ 81%]
tests/unit/phase8_classification/test_ml_classification_model_loading.py::test_label_mapping_structure PASSED [ 81%]
tests/unit/phase8_classification/test_ml_classification_model_loading.py::test_label_map_file_handling PASSED [ 81%]
tests/unit/phase8_classification/test_ml_classification_model_loading.py::test_load_model_method_exists PASSED [ 81%]
tests/unit/phase8_classification/test_ml_classification_model_loading.py::test_lazy_loading_pattern PASSED [ 81%]
tests/unit/phase8_classification/test_ml_classification_service.py::test_label_mapping_initialization PASSED [ 82%]
tests/unit/phase8_classification/test_ml_classification_service.py::test_label_mapping_bidirectional PASSED [ 82%]
tests/unit/phase8_classification/test_ml_classification_service.py::test_load_model_lazy_loading PASSED [ 82%]
tests/unit/phase8_classification/test_ml_classification_service.py::test_load_model_creates_checkpoint_dir FAILED [ 82%]
tests/unit/phase8_classification/test_ml_classification_service.py::test_load_model_skip_if_already_loaded PASSED [ 82%]
tests/unit/phase8_classification/test_ml_classification_service.py::test_fine_tune_builds_label_mapping PASSED [ 82%]
tests/unit/phase8_classification/test_ml_classification_service.py::test_fine_tune_empty_data_raises_error PASSED [ 82%]
tests/unit/phase8_classification/test_ml_classification_service.py::test_fine_tune_multi_label_encoding PASSED [ 82%]
tests/unit/phase8_classification/test_ml_classification_service.py::test_fine_tune_saves_model_and_label_map PASSED [ 82%]
tests/unit/phase8_classification/test_ml_classification_service.py::test_predict_returns_dict_with_confidence_scores FAILED [ 82%]
tests/unit/phase8_classification/test_ml_classification_service.py::test_predict_respects_top_k_parameter FAILED [ 82%]
tests/unit/phase8_classification/test_ml_classification_service.py::test_predict_batch_returns_list_of_dicts PASSED [ 82%]
tests/unit/phase8_classification/test_ml_classification_service.py::test_predict_batch_handles_empty_input PASSED [ 82%]
tests/unit/phase8_classification/test_ml_classification_service.py::test_predict_batch_uses_correct_batch_size PASSED [ 82%]
tests/unit/phase8_classification/test_ml_classification_service.py::test_semi_supervised_iteration_generates_pseudo_labels FAILED [ 82%]
tests/unit/phase8_classification/test_ml_classification_service.py::test_semi_supervised_iteration_filters_low_confidence FAILED [ 82%]
tests/unit/phase8_classification/test_ml_classification_service.py::test_semi_supervised_iteration_retrains_with_lower_lr FAILED [ 82%]
tests/unit/phase8_classification/test_ml_classification_service.py::test_identify_uncertain_samples_returns_sorted_list PASSED [ 82%]
tests/unit/phase8_classification/test_ml_classification_service.py::test_identify_uncertain_samples_computes_entropy PASSED [ 83%]
tests/unit/phase8_classification/test_ml_classification_service.py::test_identify_uncertain_samples_respects_limit PASSED [ 83%]
tests/unit/phase8_classification/test_ml_classification_service.py::test_identify_uncertain_samples_handles_empty_resources PASSED [ 83%]
tests/unit/phase8_classification/test_ml_classification_service.py::test_update_from_human_feedback_removes_predicted_classifications FAILED [ 83%]
tests/unit/phase8_classification/test_ml_classification_service.py::test_update_from_human_feedback_adds_manual_classifications FAILED [ 83%]
tests/unit/phase8_classification/test_ml_classification_service.py::test_update_from_human_feedback_invalid_resource PASSED [ 83%]
tests/unit/phase8_classification/test_ml_classification_service.py::test_update_from_human_feedback_invalid_taxonomy_node PASSED [ 83%]
tests/unit/phase8_classification/test_ml_classification_service.py::test_update_from_human_feedback_preserves_existing_manual FAILED [ 83%]
tests/unit/phase8_classification/test_ml_classification_service.py::test_compute_metrics_returns_f1_precision_recall PASSED [ 83%]
tests/unit/phase8_classification/test_ml_classification_service.py::test_compute_metrics_handles_perfect_predictions PASSED [ 83%]
tests/unit/phase8_classification/test_ml_classification_service.py::test_service_initialization_with_defaults FAILED [ 83%]
tests/unit/phase8_classification/test_ml_classification_service.py::test_service_initialization_with_custom_params FAILED [ 83%]
tests/unit/phase8_classification/test_ml_classification_service.py::test_end_to_end_workflow_simulation FAILED [ 83%]
tests/unit/phase8_classification/test_ml_classification_service_basic.py::test_service_initialization FAILED [ 83%]
tests/unit/phase8_classification/test_ml_classification_service_basic.py::test_custom_initialization FAILED [ 83%]
tests/unit/phase8_classification/test_ml_classification_service_basic.py::test_lazy_loading_behavior PASSED [ 83%]
tests/unit/phase8_classification/test_ml_training.py::test_training_methods FAILED [ 83%]
tests/unit/phase8_classification/test_taxonomy_classification_standalone.py::test_classify_resource FAILED [ 84%]
tests/unit/phase8_classification/test_taxonomy_classification_standalone.py::test_remove_existing_predicted FAILED [ 84%]
tests/unit/phase8_classification/test_taxonomy_classification_standalone.py::test_update_resource_counts FAILED [ 84%]
tests/unit/phase8_classification/test_taxonomy_classification_standalone.py::test_allow_resources_flag FAILED [ 84%]
tests/unit/phase8_classification/test_taxonomy_service.py::test_slugify_basic PASSED [ 84%]
tests/unit/phase8_classification/test_taxonomy_service.py::test_slugify_special_characters PASSED [ 84%]
tests/unit/phase8_classification/test_taxonomy_service.py::test_compute_path_root_node PASSED [ 84%]
tests/unit/phase8_classification/test_taxonomy_service.py::test_compute_path_with_parent PASSED [ 84%]
tests/unit/phase8_classification/test_taxonomy_service.py::test_compute_path_invalid_parent PASSED [ 84%]
tests/unit/phase8_classification/test_taxonomy_service.py::test_is_descendant_true PASSED [ 84%]
tests/unit/phase8_classification/test_taxonomy_service.py::test_is_descendant_false PASSED [ 84%]
tests/unit/phase8_classification/test_taxonomy_service.py::test_create_root_node PASSED [ 84%]
tests/unit/phase8_classification/test_taxonomy_service.py::test_create_child_node PASSED [ 84%]
tests/unit/phase8_classification/test_taxonomy_service.py::test_create_deep_hierarchy PASSED [ 84%]
tests/unit/phase8_classification/test_taxonomy_service.py::test_create_node_duplicate_slug PASSED [ 84%]
tests/unit/phase8_classification/test_taxonomy_service.py::test_create_node_empty_name PASSED [ 84%]
tests/unit/phase8_classification/test_taxonomy_service.py::test_create_node_invalid_parent PASSED [ 84%]
tests/unit/phase8_classification/test_taxonomy_service.py::test_update_node_metadata PASSED [ 84%]
tests/unit/phase8_classification/test_taxonomy_service.py::test_update_node_name PASSED [ 85%]
tests/unit/phase8_classification/test_taxonomy_service.py::test_update_node_name_with_descendants PASSED [ 85%]
tests/unit/phase8_classification/test_taxonomy_service.py::test_update_node_duplicate_slug PASSED [ 85%]
tests/unit/phase8_classification/test_taxonomy_service.py::test_update_node_not_found PASSED [ 85%]
tests/unit/phase8_classification/test_taxonomy_service.py::test_delete_leaf_node PASSED [ 85%]
tests/unit/phase8_classification/test_taxonomy_service.py::test_delete_node_with_cascade PASSED [ 85%]
tests/unit/phase8_classification/test_taxonomy_service.py::test_delete_node_with_reparenting PASSED [ 85%]
tests/unit/phase8_classification/test_taxonomy_service.py::test_delete_node_with_resources_raises_error PASSED [ 85%]
tests/unit/phase8_classification/test_taxonomy_service.py::test_delete_node_updates_parent_is_leaf PASSED [ 85%]
tests/unit/phase8_classification/test_taxonomy_service.py::test_move_node_to_new_parent PASSED [ 85%]
tests/unit/phase8_classification/test_taxonomy_service.py::test_move_node_to_root PASSED [ 85%]
tests/unit/phase8_classification/test_taxonomy_service.py::test_move_node_updates_descendants PASSED [ 85%]
tests/unit/phase8_classification/test_taxonomy_service.py::test_move_node_circular_reference_prevention PASSED [ 85%]
tests/unit/phase8_classification/test_taxonomy_service.py::test_move_node_to_self_raises_error PASSED [ 85%]
tests/unit/phase8_classification/test_taxonomy_service.py::test_move_node_same_parent_no_change PASSED [ 85%]
tests/unit/phase8_classification/test_taxonomy_service.py::test_get_tree_full PASSED [ 85%]
tests/unit/phase8_classification/test_taxonomy_service.py::test_get_tree_from_root PASSED [ 85%]
tests/unit/phase8_classification/test_taxonomy_service.py::test_get_tree_with_max_depth PASSED [ 86%]
tests/unit/phase8_classification/test_taxonomy_service.py::test_get_tree_includes_metadata PASSED [ 86%]
tests/unit/phase8_classification/test_taxonomy_service.py::test_get_ancestors_basic PASSED [ 86%]
tests/unit/phase8_classification/test_taxonomy_service.py::test_get_ancestors_root_node PASSED [ 86%]
tests/unit/phase8_classification/test_taxonomy_service.py::test_get_ancestors_deep_hierarchy PASSED [ 86%]
tests/unit/phase8_classification/test_taxonomy_service.py::test_get_descendants_basic PASSED [ 86%]
tests/unit/phase8_classification/test_taxonomy_service.py::test_get_descendants_leaf_node PASSED [ 86%]
tests/unit/phase8_classification/test_taxonomy_service.py::test_get_descendants_ordered PASSED [ 86%]
tests/unit/phase8_classification/test_taxonomy_service.py::test_classify_resource_basic PASSED [ 86%]
tests/unit/phase8_classification/test_taxonomy_service.py::test_classify_resource_multiple_categories PASSED [ 86%]
tests/unit/phase8_classification/test_taxonomy_service.py::test_classify_resource_low_confidence_needs_review PASSED [ 86%]
tests/unit/phase8_classification/test_taxonomy_service.py::test_classify_resource_removes_existing_predicted PASSED [ 86%]
tests/unit/phase8_classification/test_taxonomy_service.py::test_classify_resource_skips_disallowed_nodes PASSED [ 86%]
tests/unit/phase8_classification/test_taxonomy_service.py::test_classify_resource_updates_counts PASSED [ 86%]
tests/unit/phase8_classification/test_taxonomy_service.py::test_classify_resource_invalid_resource PASSED [ 86%]
tests/unit/phase8_classification/test_taxonomy_service.py::test_classify_resource_invalid_taxonomy_node PASSED [ 86%]
tests/unit/phase8_classification/test_taxonomy_service.py::test_update_resource_counts_hierarchical PASSED [ 86%]
tests/unit/phase8_classification/test_taxonomy_service.py::test_update_resource_counts_multiple_classifications PASSED [ 86%]
tests/unit/phase9_quality/test_degradation_monitoring.py::test_quality_degradation_monitoring FAILED [ 87%]
tests/unit/phase9_quality/test_metrics_standalone.py::test_ndcg PASSED   [ 87%]
tests/unit/phase9_quality/test_metrics_standalone.py::test_recall PASSED [ 87%]
tests/unit/phase9_quality/test_metrics_standalone.py::test_precision PASSED [ 87%]
tests/unit/phase9_quality/test_metrics_standalone.py::test_mrr PASSED    [ 87%]
tests/unit/phase9_quality/test_outlier_detection.py::test_outlier_detection PASSED [ 87%]
tests/unit/phase9_quality/test_outlier_detection_unit.py::TestDetectQualityOutliers::test_detect_outliers_with_sufficient_data PASSED [ 87%]
tests/unit/phase9_quality/test_outlier_detection_unit.py::TestDetectQualityOutliers::test_detect_outliers_insufficient_data PASSED [ 87%]
tests/unit/phase9_quality/test_outlier_detection_unit.py::TestDetectQualityOutliers::test_detect_outliers_no_anomalies PASSED [ 87%]
tests/unit/phase9_quality/test_outlier_detection_unit.py::TestDetectQualityOutliers::test_detect_outliers_with_summary_scores PASSED [ 87%]
tests/unit/phase9_quality/test_outlier_detection_unit.py::TestDetectQualityOutliers::test_detect_outliers_batch_processing PASSED [ 87%]
tests/unit/phase9_quality/test_outlier_detection_unit.py::TestDetectQualityOutliers::test_detect_outliers_with_missing_dimension_scores PASSED [ 87%]
tests/unit/phase9_quality/test_outlier_detection_unit.py::TestDetectQualityOutliers::test_detect_outliers_with_partial_summary_scores PASSED [ 87%]
tests/unit/phase9_quality/test_outlier_detection_unit.py::TestIdentifyOutlierReasons::test_identify_reasons_low_accuracy PASSED [ 87%]
tests/unit/phase9_quality/test_outlier_detection_unit.py::TestIdentifyOutlierReasons::test_identify_reasons_multiple_dimensions PASSED [ 87%]
tests/unit/phase9_quality/test_outlier_detection_unit.py::TestIdentifyOutlierReasons::test_identify_reasons_with_summary_scores PASSED [ 87%]
tests/unit/phase9_quality/test_outlier_detection_unit.py::TestIdentifyOutlierReasons::test_identify_reasons_no_issues PASSED [ 87%]
tests/unit/phase9_quality/test_outlier_detection_unit.py::TestIdentifyOutlierReasons::test_identify_reasons_threshold_boundary PASSED [ 88%]
tests/unit/phase9_quality/test_quality_degradation_unit.py::TestMonitorQualityDegradation::test_degradation_detection_significant_drop ERROR [ 88%]
tests/unit/phase9_quality/test_quality_degradation_unit.py::TestMonitorQualityDegradation::test_degradation_no_significant_change ERROR [ 88%]
tests/unit/phase9_quality/test_quality_degradation_unit.py::TestMonitorQualityDegradation::test_degradation_quality_improvement ERROR [ 88%]
tests/unit/phase9_quality/test_quality_degradation_unit.py::TestMonitorQualityDegradation::test_degradation_custom_time_window ERROR [ 88%]
tests/unit/phase9_quality/test_quality_degradation_unit.py::TestMonitorQualityDegradation::test_degradation_threshold_boundary ERROR [ 88%]
tests/unit/phase9_quality/test_quality_degradation_unit.py::TestMonitorQualityDegradation::test_degradation_multiple_resources ERROR [ 88%]
tests/unit/phase9_quality/test_quality_degradation_unit.py::TestMonitorQualityDegradation::test_degradation_report_structure ERROR [ 88%]
tests/unit/phase9_quality/test_quality_degradation_unit.py::TestMonitorQualityDegradation::test_degradation_no_resources_in_window ERROR [ 88%]
tests/unit/phase9_quality/test_quality_degradation_unit.py::TestMonitorQualityDegradation::test_degradation_updates_quality_scores ERROR [ 88%]
tests/unit/phase9_quality/test_quality_dimensions.py::TestComputeAccuracy::test_accuracy_with_valid_citations ERROR [ 88%]
tests/unit/phase9_quality/test_quality_dimensions.py::TestComputeAccuracy::test_accuracy_with_invalid_citations ERROR [ 88%]
tests/unit/phase9_quality/test_quality_dimensions.py::TestComputeAccuracy::test_accuracy_without_citations ERROR [ 88%]
tests/unit/phase9_quality/test_quality_dimensions.py::TestComputeAccuracy::test_accuracy_with_scholarly_metadata ERROR [ 88%]
tests/unit/phase9_quality/test_quality_dimensions.py::TestComputeAccuracy::test_accuracy_with_credible_source ERROR [ 88%]
tests/unit/phase9_quality/test_quality_dimensions.py::TestComputeCompleteness::test_completeness_minimal_fields ERROR [ 88%]
tests/unit/phase9_quality/test_quality_dimensions.py::TestComputeCompleteness::test_completeness_with_important_fields ERROR [ 88%]
tests/unit/phase9_quality/test_quality_dimensions.py::TestComputeCompleteness::test_completeness_with_scholarly_fields ERROR [ 88%]
tests/unit/phase9_quality/test_quality_dimensions.py::TestComputeCompleteness::test_completeness_fully_populated ERROR [ 89%]
tests/unit/phase9_quality/test_quality_dimensions.py::TestComputeConsistency::test_consistency_with_aligned_title_content ERROR [ 89%]
tests/unit/phase9_quality/test_quality_dimensions.py::TestComputeConsistency::test_consistency_with_misaligned_title_content ERROR [ 89%]
tests/unit/phase9_quality/test_quality_dimensions.py::TestComputeConsistency::test_consistency_with_summary ERROR [ 89%]
tests/unit/phase9_quality/test_quality_dimensions.py::TestComputeTimeliness::test_timeliness_recent_publication ERROR [ 89%]
tests/unit/phase9_quality/test_quality_dimensions.py::TestComputeTimeliness::test_timeliness_old_publication ERROR [ 89%]
tests/unit/phase9_quality/test_quality_dimensions.py::TestComputeTimeliness::test_timeliness_recent_ingestion ERROR [ 89%]
tests/unit/phase9_quality/test_quality_dimensions.py::TestComputeTimeliness::test_timeliness_no_publication_date ERROR [ 89%]
tests/unit/phase9_quality/test_quality_dimensions.py::TestComputeRelevance::test_relevance_with_classification ERROR [ 89%]
tests/unit/phase9_quality/test_quality_dimensions.py::TestComputeRelevance::test_relevance_with_citations ERROR [ 89%]
tests/unit/phase9_quality/test_quality_dimensions.py::TestComputeRelevance::test_relevance_without_data ERROR [ 89%]
tests/unit/phase9_quality/test_quality_dimensions.py::TestComputeQuality::test_compute_quality_default_weights ERROR [ 89%]
tests/unit/phase9_quality/test_quality_dimensions.py::TestComputeQuality::test_compute_quality_custom_weights ERROR [ 89%]
tests/unit/phase9_quality/test_quality_dimensions.py::TestComputeQuality::test_compute_quality_invalid_weights_sum ERROR [ 89%]
tests/unit/phase9_quality/test_quality_dimensions.py::TestComputeQuality::test_compute_quality_missing_dimension ERROR [ 89%]
tests/unit/phase9_quality/test_quality_dimensions.py::TestComputeQuality::test_compute_quality_backward_compatibility ERROR [ 89%]
tests/unit/phase9_quality/test_quality_service.py::TestContentQualityAnalyzer::test_metadata_completeness_all_present PASSED [ 89%]
tests/unit/phase9_quality/test_quality_service.py::TestContentQualityAnalyzer::test_metadata_completeness_partial PASSED [ 90%]
tests/unit/phase9_quality/test_quality_service.py::TestContentQualityAnalyzer::test_metadata_completeness_empty_strings PASSED [ 90%]
tests/unit/phase9_quality/test_quality_service.py::TestContentQualityAnalyzer::test_metadata_completeness_none_values PASSED [ 90%]
tests/unit/phase9_quality/test_quality_service.py::TestContentQualityAnalyzer::test_text_readability FAILED [ 90%]
tests/unit/phase9_quality/test_quality_service.py::TestContentQualityAnalyzer::test_normalize_reading_ease_high_score PASSED [ 90%]
tests/unit/phase9_quality/test_quality_service.py::TestContentQualityAnalyzer::test_normalize_reading_ease_low_score PASSED [ 90%]
tests/unit/phase9_quality/test_quality_service.py::TestContentQualityAnalyzer::test_normalize_reading_ease_middle_score FAILED [ 90%]
tests/unit/phase9_quality/test_quality_service.py::TestContentQualityAnalyzer::test_normalize_reading_ease_extreme_high PASSED [ 90%]
tests/unit/phase9_quality/test_quality_service.py::TestContentQualityAnalyzer::test_normalize_reading_ease_extreme_low PASSED [ 90%]
tests/unit/phase9_quality/test_quality_service.py::TestContentQualityAnalyzer::test_overall_quality_with_text FAILED [ 90%]
tests/unit/phase9_quality/test_quality_service.py::TestContentQualityAnalyzer::test_overall_quality_without_text PASSED [ 90%]
tests/unit/phase9_quality/test_quality_service.py::TestContentQualityAnalyzer::test_overall_quality_empty_text PASSED [ 90%]
tests/unit/phase9_quality/test_quality_service.py::TestContentQualityAnalyzer::test_overall_quality_partial_metadata FAILED [ 90%]
tests/unit/phase9_quality/test_quality_service.py::TestContentQualityAnalyzer::test_content_readability_enhanced FAILED [ 90%]
tests/unit/phase9_quality/test_quality_service.py::TestContentQualityAnalyzer::test_content_readability_empty_text FAILED [ 90%]
tests/unit/phase9_quality/test_quality_service.py::TestContentQualityAnalyzer::test_source_credibility_high_quality PASSED [ 90%]
tests/unit/phase9_quality/test_quality_service.py::TestContentQualityAnalyzer::test_source_credibility_medium_quality PASSED [ 90%]
tests/unit/phase9_quality/test_quality_service.py::TestContentQualityAnalyzer::test_source_credibility_low_quality FAILED [ 90%]
tests/unit/phase9_quality/test_quality_service.py::TestContentQualityAnalyzer::test_source_credibility_edge_cases FAILED [ 91%]
tests/unit/phase9_quality/test_quality_service.py::TestContentQualityAnalyzer::test_content_depth_rich_content FAILED [ 91%]
tests/unit/phase9_quality/test_quality_service.py::TestContentQualityAnalyzer::test_content_depth_short_content PASSED [ 91%]
tests/unit/phase9_quality/test_quality_service.py::TestContentQualityAnalyzer::test_content_depth_empty_content PASSED [ 91%]
tests/unit/phase9_quality/test_quality_service.py::TestContentQualityAnalyzer::test_overall_quality_score_comprehensive FAILED [ 91%]
tests/unit/phase9_quality/test_quality_service.py::TestContentQualityAnalyzer::test_overall_quality_score_low_quality FAILED [ 91%]
tests/unit/phase9_quality/test_quality_service.py::TestContentQualityAnalyzer::test_quality_level_classification PASSED [ 91%]
tests/unit/phase9_quality/test_quality_service.py::TestContentQualityAnalyzer::test_metadata_completeness_with_orm_object PASSED [ 91%]
tests/unit/phase9_quality/test_quality_service.py::TestContentQualityAnalyzer::test_metadata_completeness_with_orm_object_partial PASSED [ 91%]
tests/unit/phase9_quality/test_quality_service_phase9.py::test_quality_service PASSED [ 91%]
tests/unit/phase9_quality/test_quality_service_phase9.py::test_quality_degradation_monitoring PASSED [ 91%]
tests/unit/phase9_quality/test_recommendation_quality_integration.py::test_generate_user_profile_vector_excludes_outliers ERROR [ 91%]
tests/unit/phase9_quality/test_recommendation_quality_integration.py::test_generate_user_profile_vector_with_min_quality ERROR [ 91%]
tests/unit/phase9_quality/test_recommendation_quality_integration.py::test_get_graph_based_recommendations_excludes_outliers ERROR [ 91%]
tests/unit/phase9_quality/test_recommendation_quality_integration.py::test_generate_recommendations_with_graph_fusion_quality_boost ERROR [ 91%]
tests/unit/phase9_quality/test_recommendation_quality_integration.py::test_generate_recommendations_with_graph_fusion_filters_outliers ERROR [ 91%]
tests/unit/phase9_quality/test_recommendation_quality_integration.py::test_generate_recommendations_with_min_quality_filter ERROR [ 91%]
tests/unit/phase9_quality/test_summarization_evaluator.py::TestGEvalMethods::test_g_eval_coherence_success ERROR [ 92%]
tests/unit/phase9_quality/test_summarization_evaluator.py::TestGEvalMethods::test_g_eval_consistency_success ERROR [ 92%]
tests/unit/phase9_quality/test_summarization_evaluator.py::TestGEvalMethods::test_g_eval_fluency_success ERROR [ 92%]
tests/unit/phase9_quality/test_summarization_evaluator.py::TestGEvalMethods::test_g_eval_relevance_success ERROR [ 92%]
tests/unit/phase9_quality/test_summarization_evaluator.py::TestGEvalMethods::test_g_eval_api_error_fallback ERROR [ 92%]
tests/unit/phase9_quality/test_summarization_evaluator.py::TestGEvalMethods::test_g_eval_without_api_key ERROR [ 92%]
tests/unit/phase9_quality/test_summarization_evaluator.py::TestGEvalMethods::test_g_eval_parse_rating_variations ERROR [ 92%]
tests/unit/phase9_quality/test_summarization_evaluator.py::TestFineSureMetrics::test_finesure_completeness_good_coverage ERROR [ 92%]
tests/unit/phase9_quality/test_summarization_evaluator.py::TestFineSureMetrics::test_finesure_completeness_poor_coverage ERROR [ 92%]
tests/unit/phase9_quality/test_summarization_evaluator.py::TestFineSureMetrics::test_finesure_completeness_empty_summary ERROR [ 92%]
tests/unit/phase9_quality/test_summarization_evaluator.py::TestFineSureMetrics::test_finesure_conciseness_optimal_ratio ERROR [ 92%]
tests/unit/phase9_quality/test_summarization_evaluator.py::TestFineSureMetrics::test_finesure_conciseness_too_long ERROR [ 92%]
tests/unit/phase9_quality/test_summarization_evaluator.py::TestFineSureMetrics::test_finesure_conciseness_too_short ERROR [ 92%]
tests/unit/phase9_quality/test_summarization_evaluator.py::TestBERTScore::test_bertscore_success ERROR [ 92%]
tests/unit/phase9_quality/test_summarization_evaluator.py::TestBERTScore::test_bertscore_error_fallback ERROR [ 92%]
tests/unit/phase9_quality/test_summarization_evaluator.py::TestBERTScore::test_bertscore_model_configuration ERROR [ 92%]
tests/unit/phase9_quality/test_summarization_evaluator.py::TestEvaluateSummary::test_evaluate_summary_with_g_eval ERROR [ 92%]
tests/unit/phase9_quality/test_summarization_evaluator.py::TestEvaluateSummary::test_evaluate_summary_without_g_eval ERROR [ 92%]
tests/unit/phase9_quality/test_summarization_evaluator.py::TestEvaluateSummary::test_evaluate_summary_no_summary ERROR [ 93%]
tests/unit/phase9_quality/test_summarization_evaluator.py::TestEvaluateSummary::test_evaluate_summary_composite_calculation ERROR [ 93%]
tests/unit/phase9_quality/test_summarization_evaluator_unit.py::test_initialization PASSED [ 93%]
tests/unit/phase9_quality/test_summarization_evaluator_unit.py::test_g_eval_fallback PASSED [ 93%]
tests/unit/phase9_quality/test_summarization_evaluator_unit.py::test_finesure_completeness PASSED [ 93%]
tests/unit/phase9_quality/test_summarization_evaluator_unit.py::test_finesure_conciseness PASSED [ 93%]
tests/unit/phase9_quality/test_summarization_evaluator_unit.py::test_bertscore_fallback PASSED [ 93%]
tests/unit/phase9_quality/test_summarization_evaluator_unit.py::test_stopwords PASSED [ 93%]
tests/unit/test_celery_config.py::TestCeleryConfiguration::test_celery_app_exists PASSED [ 93%]
tests/unit/test_celery_config.py::TestCeleryConfiguration::test_task_serialization_config PASSED [ 93%]
tests/unit/test_celery_config.py::TestCeleryConfiguration::test_timezone_config PASSED [ 93%]
tests/unit/test_celery_config.py::TestCeleryConfiguration::test_priority_queuing_config PASSED [ 93%]
tests/unit/test_celery_config.py::TestCeleryConfiguration::test_task_acknowledgment_config PASSED [ 93%]
tests/unit/test_celery_config.py::TestCeleryConfiguration::test_worker_optimization_config PASSED [ 93%]
tests/unit/test_celery_config.py::TestCeleryConfiguration::test_result_expiration_config PASSED [ 93%]
tests/unit/test_celery_config.py::TestCeleryConfiguration::test_task_routing_rules PASSED [ 93%]
tests/unit/test_celery_config.py::TestCeleryConfiguration::test_task_queues_defined PASSED [ 93%]
tests/unit/test_celery_config.py::TestCeleryBeatSchedule::test_beat_schedule_exists PASSED [ 94%]
tests/unit/test_celery_config.py::TestCeleryBeatSchedule::test_quality_degradation_monitoring_schedule PASSED [ 94%]
tests/unit/test_celery_config.py::TestCeleryBeatSchedule::test_quality_outlier_detection_schedule PASSED [ 94%]
tests/unit/test_celery_config.py::TestCeleryBeatSchedule::test_classification_retraining_schedule PASSED [ 94%]
tests/unit/test_celery_config.py::TestCeleryBeatSchedule::test_cache_cleanup_schedule PASSED [ 94%]
tests/unit/test_celery_config.py::TestDatabaseTask::test_database_task_provides_session PASSED [ 94%]
tests/unit/test_celery_config.py::TestDatabaseTask::test_database_task_closes_session_on_error PASSED [ 94%]
tests/unit/test_celery_config.py::TestDatabaseTask::test_database_task_creates_tables PASSED [ 94%]
tests/unit/test_celery_tasks.py::TestRegenerateEmbeddingTask::test_task_configuration PASSED [ 94%]
tests/unit/test_celery_tasks.py::TestRecomputeQualityTask::test_successful_quality_recomputation FAILED [ 94%]
tests/unit/test_celery_tasks.py::TestRecomputeQualityTask::test_quality_task_error_handling PASSED [ 94%]
tests/unit/test_celery_tasks.py::TestUpdateSearchIndexTask::test_task_configuration PASSED [ 94%]
tests/unit/test_celery_tasks.py::TestUpdateGraphEdgesTask::test_successful_graph_edge_update PASSED [ 94%]
tests/unit/test_celery_tasks.py::TestClassifyResourceTask::test_successful_classification PASSED [ 94%]
tests/unit/test_celery_tasks.py::TestInvalidateCacheTask::test_task_configuration PASSED [ 94%]
tests/unit/test_celery_tasks.py::TestRefreshRecommendationProfileTask::test_task_configuration PASSED [ 94%]
tests/unit/test_celery_tasks.py::TestBatchProcessResourcesTask::test_batch_regenerate_embeddings PASSED [ 94%]
tests/unit/test_celery_tasks.py::TestBatchProcessResourcesTask::test_batch_recompute_quality PASSED [ 94%]
tests/unit/test_celery_tasks.py::TestBatchProcessResourcesTask::test_batch_unknown_operation PASSED [ 95%]
tests/unit/test_celery_tasks.py::TestScheduledMaintenanceTasks::test_monitor_quality_degradation PASSED [ 95%]
tests/unit/test_celery_tasks.py::TestScheduledMaintenanceTasks::test_detect_quality_outliers PASSED [ 95%]
tests/unit/test_celery_tasks.py::TestScheduledMaintenanceTasks::test_retrain_classification_model PASSED [ 95%]
tests/unit/test_celery_tasks.py::TestScheduledMaintenanceTasks::test_cleanup_expired_cache_configuration PASSED [ 95%]
tests/unit/test_celery_tasks.py::TestDatabaseTaskSessionManagement::test_session_closed_on_success PASSED [ 95%]
tests/unit/test_celery_tasks.py::TestDatabaseTaskSessionManagement::test_session_closed_on_exception PASSED [ 95%]
tests/unit/test_celery_tasks.py::TestDatabaseTaskSessionManagement::test_multiple_tasks_get_separate_sessions PASSED [ 95%]
tests/unit/test_discovery_hypothesis_compatibility.py::TestDiscoveryHypothesisCompatibility::test_new_field_names PASSED [ 95%]
tests/unit/test_discovery_hypothesis_compatibility.py::TestDiscoveryHypothesisCompatibility::test_backward_compatibility_properties FAILED [ 95%]
tests/unit/test_discovery_hypothesis_compatibility.py::TestDiscoveryHypothesisCompatibility::test_backward_compatibility_setters FAILED [ 95%]
tests/unit/test_discovery_hypothesis_compatibility.py::TestDiscoveryHypothesisCompatibility::test_query_with_new_field_names FAILED [ 95%]
tests/unit/test_event_system.py::TestEventPriority::test_priority_values PASSED [ 95%]
tests/unit/test_event_system.py::TestEvent::test_event_creation PASSED   [ 95%]
tests/unit/test_event_system.py::TestEvent::test_event_with_priority PASSED [ 95%]
tests/unit/test_event_system.py::TestEvent::test_event_with_correlation_id PASSED [ 95%]
tests/unit/test_event_system.py::TestEventEmitter::test_singleton_pattern PASSED [ 95%]
tests/unit/test_event_system.py::TestEventEmitter::test_register_handler PASSED [ 96%]
tests/unit/test_event_system.py::TestEventEmitter::test_unregister_handler PASSED [ 96%]
tests/unit/test_event_system.py::TestEventEmitter::test_multiple_handlers PASSED [ 96%]
tests/unit/test_event_system.py::TestEventEmitter::test_handler_receives_event PASSED [ 96%]
tests/unit/test_event_system.py::TestEventEmitter::test_handler_error_isolation PASSED [ 96%]
tests/unit/test_event_system.py::TestEventEmitter::test_get_listeners PASSED [ 96%]
tests/unit/test_event_system.py::TestEventEmitter::test_no_duplicate_registrations PASSED [ 96%]
tests/unit/test_event_system.py::TestEventHistory::test_event_history_storage PASSED [ 96%]
tests/unit/test_event_system.py::TestEventHistory::test_event_history_limit PASSED [ 96%]
tests/unit/test_event_system.py::TestEventHistory::test_event_history_max_size PASSED [ 96%]
tests/unit/test_event_system.py::TestEventHistory::test_event_history_serialization PASSED [ 96%]
tests/unit/test_event_system.py::TestAsyncHandlers::test_async_handler_registration PASSED [ 96%]
tests/unit/test_event_system.py::TestAsyncHandlers::test_mixed_sync_async_handlers PASSED [ 96%]
tests/unit/test_event_system.py::TestSystemEvents::test_resource_events_defined PASSED [ 96%]
tests/unit/test_event_system.py::TestSystemEvents::test_processing_events_defined PASSED [ 96%]
tests/unit/test_event_system.py::TestSystemEvents::test_search_events_defined PASSED [ 96%]
tests/unit/test_event_system.py::TestSystemEvents::test_graph_events_defined PASSED [ 96%]
tests/unit/test_event_system.py::TestSystemEvents::test_cache_events_defined PASSED [ 96%]
tests/unit/test_event_system.py::TestSystemEvents::test_user_events_defined PASSED [ 97%]
tests/unit/test_event_system.py::TestSystemEvents::test_system_events_defined PASSED [ 97%]
tests/unit/test_refactoring_framework.py::TestModels::test_location_creation PASSED [ 97%]
tests/unit/test_refactoring_framework.py::TestModels::test_code_smell_creation PASSED [ 97%]
tests/unit/test_refactoring_framework.py::TestModels::test_smell_report_creation PASSED [ 97%]
tests/unit/test_refactoring_framework.py::TestFunctionLengthChecker::test_checker_initialization PASSED [ 97%]
tests/unit/test_refactoring_framework.py::TestFunctionLengthChecker::test_check_file_exists PASSED [ 97%]
tests/unit/test_refactoring_framework.py::TestFunctionLengthChecker::test_check_nonexistent_file PASSED [ 97%]
tests/unit/test_refactoring_framework.py::TestClassSizeChecker::test_checker_initialization PASSED [ 97%]
tests/unit/test_refactoring_framework.py::TestClassSizeChecker::test_check_file_exists PASSED [ 97%]
tests/unit/test_refactoring_framework.py::TestTypeHintCoverageChecker::test_checker_initialization PASSED [ 97%]
tests/unit/test_refactoring_framework.py::TestTypeHintCoverageChecker::test_check_file_exists PASSED [ 97%]
tests/unit/test_refactoring_framework.py::TestCodeDuplicationDetector::test_detector_initialization PASSED [ 97%]
tests/unit/test_refactoring_framework.py::TestCodeDuplicationDetector::test_check_files PASSED [ 97%]
tests/unit/test_refactoring_framework.py::TestCodeSmellDetector::test_detector_initialization PASSED [ 97%]
tests/unit/test_refactoring_framework.py::TestCodeSmellDetector::test_analyze_file PASSED [ 97%]
tests/unit/test_refactoring_framework.py::TestCodeSmellDetector::test_analyze_directory PASSED [ 97%]
tests/unit/test_refactoring_framework.py::TestCodeSmellDetector::test_prioritize_smells PASSED [ 98%]
tests/unit/test_refactoring_framework.py::TestCodeSmellDetector::test_generate_summary_report PASSED [ 98%]
tests/unit/test_refactoring_framework.py::TestIntegration::test_full_analysis_workflow PASSED [ 98%]
tests/unit/test_refactoring_framework.py::TestIntegration::test_smell_types_detected PASSED [ 98%]
tests/unit/training/test_error_handling.py::TestTrainingDivergenceDetection::test_check_training_health_with_nan_loss PASSED [ 98%]
tests/unit/training/test_error_handling.py::TestTrainingDivergenceDetection::test_check_training_health_with_inf_loss PASSED [ 98%]
tests/unit/training/test_error_handling.py::TestTrainingDivergenceDetection::test_check_training_health_with_valid_loss PASSED [ 98%]
tests/unit/training/test_error_handling.py::TestCheckpointValidation::test_checkpoint_validation_missing_directory PASSED [ 98%]
tests/unit/training/test_error_handling.py::TestCheckpointValidation::test_checkpoint_validation_missing_files PASSED [ 98%]
tests/unit/training/test_error_handling.py::TestCheckpointValidation::test_checkpoint_validation_with_valid_checkpoint PASSED [ 98%]
tests/unit/training/test_error_handling.py::TestCheckpointValidation::test_checkpoint_validation_with_corrupted_file PASSED [ 98%]
tests/unit/training/test_error_handling.py::TestCheckpointValidation::test_checkpoint_backup_loading PASSED [ 98%]
tests/unit/training/test_error_handling.py::TestCheckpointValidation::test_save_checkpoint_backup PASSED [ 98%]
tests/unit/training/test_error_handling.py::TestDataValidation::test_validate_sample_with_valid_sample PASSED [ 98%]
tests/unit/training/test_error_handling.py::TestDataValidation::test_validate_sample_missing_field PASSED [ 98%]
tests/unit/training/test_error_handling.py::TestDataValidation::test_validate_sample_empty_text PASSED [ 98%]
tests/unit/training/test_error_handling.py::TestDataValidation::test_validate_sample_short_text PASSED [ 98%]
tests/unit/training/test_error_handling.py::TestDataValidation::test_validate_labels_with_valid_labels PASSED [ 98%]
tests/unit/training/test_error_handling.py::TestDataValidation::test_validate_labels_with_expected_set PASSED [ 99%]
tests/unit/training/test_error_handling.py::TestDataValidation::test_validate_labels_with_unexpected_label PASSED [ 99%]
tests/unit/training/test_error_handling.py::TestDataValidation::test_validate_dataset_with_valid_dataset PASSED [ 99%]
tests/unit/training/test_error_handling.py::TestDataValidation::test_validate_dataset_with_empty_dataset PASSED [ 99%]
tests/unit/training/test_error_handling.py::TestDataValidation::test_validate_dataset_with_invalid_samples PASSED [ 99%]
tests/unit/training/test_error_handling.py::TestOOMErrorHandling::test_oom_error_triggers_batch_size_reduction FAILED [ 99%]
tests/unit/training/test_error_handling.py::TestOOMErrorHandling::test_oom_error_clears_gpu_cache FAILED [ 99%]
tests/unit/training/test_error_handling.py::TestOOMErrorHandling::test_persistent_oom_error_provides_suggestions FAILED [ 99%]
tests/unit/training/test_hyperparameter_search.py::TestHyperparameterSearchInitialization::test_initialization_creates_output_dir PASSED [ 99%]
tests/unit/training/test_hyperparameter_search.py::TestHyperparameterSearchInitialization::test_initialization_loads_datasets PASSED [ 99%]
tests/unit/training/test_hyperparameter_search.py::TestHyperparameterSearchInitialization::test_initialization_raises_error_for_missing_files PASSED [ 99%]
tests/unit/training/test_hyperparameter_search.py::TestHyperparameterSearchObjective::test_objective_samples_hyperparameters PASSED [ 99%]
tests/unit/training/test_hyperparameter_search.py::TestHyperparameterSearchObjective::test_objective_returns_zero_on_failure PASSED [ 99%]
tests/unit/training/test_hyperparameter_search.py::TestHyperparameterSearchSearch::test_search_runs_with_small_n_trials PASSED [ 99%]
tests/unit/training/test_hyperparameter_search.py::TestHyperparameterSearchSearch::test_search_saves_best_hyperparameters PASSED [ 99%]
tests/unit/training/test_hyperparameter_search.py::TestHyperparameterSearchSearch::test_search_respects_timeout PASSED [ 99%]
tests/unit/training/test_hyperparameter_search.py::TestHyperparameterSearchSearch::test_pruning_works_for_unpromising_trials PASSED [ 99%]
tests/unit/training/test_hyperparameter_search.py::TestHyperparameterSearchVisualization::test_visualize_results_creates_plots FAILED [100%]

=================================== ERRORS ====================================
___ ERROR at setup of TestEndToEndDiscoveryWorkflow.test_complete_workflow ____
tests\integration\phase10_graph_intelligence\test_phase10_integration.py:59: in test_citations
    source_resource_id=test_resources[source_idx].id,
                       ^^^^^^^^^^^^^^^^^^^^^^^^^^^^^
..\..\..\AppData\Roaming\Python\Python313\site-packages\sqlalchemy\orm\attributes.py:569: in __get__
    return self.impl.get(state, dict_)  # type: ignore[no-any-return]
           ^^^^^^^^^^^^^^^^^^^^^^^^^^^
..\..\..\AppData\Roaming\Python\Python313\site-packages\sqlalchemy\orm\attributes.py:1096: in get
    value = self._fire_loader_callables(state, key, passive)
            ^^^^^^^^^^^^^^^^^^^^^^^^^^^^^^^^^^^^^^^^^^^^^^^^
..\..\..\AppData\Roaming\Python\Python313\site-packages\sqlalchemy\orm\attributes.py:1126: in _fire_loader_callables
    return state._load_expired(state, passive)
           ^^^^^^^^^^^^^^^^^^^^^^^^^^^^^^^^^^^
..\..\..\AppData\Roaming\Python\Python313\site-packages\sqlalchemy\orm\state.py:803: in _load_expired
    self.manager.expired_attribute_loader(self, toload, passive)
..\..\..\AppData\Roaming\Python\Python313\site-packages\sqlalchemy\orm\loading.py:1607: in load_scalar_attributes
    raise orm_exc.DetachedInstanceError(
E   sqlalchemy.orm.exc.DetachedInstanceError: Instance <Resource at 0x196196b5010> is not bound to a Session; attribute refresh operation cannot proceed (Background on this error at: https://sqlalche.me/e/20/bhk3)
_ ERROR at setup of TestEndToEndDiscoveryWorkflow.test_closed_discovery_workflow _
tests\integration\phase10_graph_intelligence\test_phase10_integration.py:59: in test_citations
    source_resource_id=test_resources[source_idx].id,
                       ^^^^^^^^^^^^^^^^^^^^^^^^^^^^^
..\..\..\AppData\Roaming\Python\Python313\site-packages\sqlalchemy\orm\attributes.py:569: in __get__
    return self.impl.get(state, dict_)  # type: ignore[no-any-return]
           ^^^^^^^^^^^^^^^^^^^^^^^^^^^
..\..\..\AppData\Roaming\Python\Python313\site-packages\sqlalchemy\orm\attributes.py:1096: in get
    value = self._fire_loader_callables(state, key, passive)
            ^^^^^^^^^^^^^^^^^^^^^^^^^^^^^^^^^^^^^^^^^^^^^^^^
..\..\..\AppData\Roaming\Python\Python313\site-packages\sqlalchemy\orm\attributes.py:1126: in _fire_loader_callables
    return state._load_expired(state, passive)
           ^^^^^^^^^^^^^^^^^^^^^^^^^^^^^^^^^^^
..\..\..\AppData\Roaming\Python\Python313\site-packages\sqlalchemy\orm\state.py:803: in _load_expired
    self.manager.expired_attribute_loader(self, toload, passive)
..\..\..\AppData\Roaming\Python\Python313\site-packages\sqlalchemy\orm\loading.py:1607: in load_scalar_attributes
    raise orm_exc.DetachedInstanceError(
E   sqlalchemy.orm.exc.DetachedInstanceError: Instance <Resource at 0x1961924c830> is not bound to a Session; attribute refresh operation cannot proceed (Background on this error at: https://sqlalche.me/e/20/bhk3)
_ ERROR at setup of TestRecommendationIntegration.test_graph_based_recommendations _
tests\integration\phase10_graph_intelligence\test_phase10_integration.py:59: in test_citations
    source_resource_id=test_resources[source_idx].id,
                       ^^^^^^^^^^^^^^^^^^^^^^^^^^^^^
..\..\..\AppData\Roaming\Python\Python313\site-packages\sqlalchemy\orm\attributes.py:569: in __get__
    return self.impl.get(state, dict_)  # type: ignore[no-any-return]
           ^^^^^^^^^^^^^^^^^^^^^^^^^^^
..\..\..\AppData\Roaming\Python\Python313\site-packages\sqlalchemy\orm\attributes.py:1096: in get
    value = self._fire_loader_callables(state, key, passive)
            ^^^^^^^^^^^^^^^^^^^^^^^^^^^^^^^^^^^^^^^^^^^^^^^^
..\..\..\AppData\Roaming\Python\Python313\site-packages\sqlalchemy\orm\attributes.py:1126: in _fire_loader_callables
    return state._load_expired(state, passive)
           ^^^^^^^^^^^^^^^^^^^^^^^^^^^^^^^^^^^
..\..\..\AppData\Roaming\Python\Python313\site-packages\sqlalchemy\orm\state.py:803: in _load_expired
    self.manager.expired_attribute_loader(self, toload, passive)
..\..\..\AppData\Roaming\Python\Python313\site-packages\sqlalchemy\orm\loading.py:1607: in load_scalar_attributes
    raise orm_exc.DetachedInstanceError(
E   sqlalchemy.orm.exc.DetachedInstanceError: Instance <Resource at 0x196191bf530> is not bound to a Session; attribute refresh operation cannot proceed (Background on this error at: https://sqlalche.me/e/20/bhk3)
_ ERROR at setup of TestRecommendationIntegration.test_recommendation_fusion __
tests\integration\phase10_graph_intelligence\test_phase10_integration.py:59: in test_citations
    source_resource_id=test_resources[source_idx].id,
                       ^^^^^^^^^^^^^^^^^^^^^^^^^^^^^
..\..\..\AppData\Roaming\Python\Python313\site-packages\sqlalchemy\orm\attributes.py:569: in __get__
    return self.impl.get(state, dict_)  # type: ignore[no-any-return]
           ^^^^^^^^^^^^^^^^^^^^^^^^^^^
..\..\..\AppData\Roaming\Python\Python313\site-packages\sqlalchemy\orm\attributes.py:1096: in get
    value = self._fire_loader_callables(state, key, passive)
            ^^^^^^^^^^^^^^^^^^^^^^^^^^^^^^^^^^^^^^^^^^^^^^^^
..\..\..\AppData\Roaming\Python\Python313\site-packages\sqlalchemy\orm\attributes.py:1126: in _fire_loader_callables
    return state._load_expired(state, passive)
           ^^^^^^^^^^^^^^^^^^^^^^^^^^^^^^^^^^^
..\..\..\AppData\Roaming\Python\Python313\site-packages\sqlalchemy\orm\state.py:803: in _load_expired
    self.manager.expired_attribute_loader(self, toload, passive)
..\..\..\AppData\Roaming\Python\Python313\site-packages\sqlalchemy\orm\loading.py:1607: in load_scalar_attributes
    raise orm_exc.DetachedInstanceError(
E   sqlalchemy.orm.exc.DetachedInstanceError: Instance <Resource at 0x196196b70b0> is not bound to a Session; attribute refresh operation cannot proceed (Background on this error at: https://sqlalche.me/e/20/bhk3)
_ ERROR at setup of TestRecommendationIntegration.test_hypothesis_based_recommendations _
tests\integration\phase10_graph_intelligence\test_phase10_integration.py:59: in test_citations
    source_resource_id=test_resources[source_idx].id,
                       ^^^^^^^^^^^^^^^^^^^^^^^^^^^^^
..\..\..\AppData\Roaming\Python\Python313\site-packages\sqlalchemy\orm\attributes.py:569: in __get__
    return self.impl.get(state, dict_)  # type: ignore[no-any-return]
           ^^^^^^^^^^^^^^^^^^^^^^^^^^^
..\..\..\AppData\Roaming\Python\Python313\site-packages\sqlalchemy\orm\attributes.py:1096: in get
    value = self._fire_loader_callables(state, key, passive)
            ^^^^^^^^^^^^^^^^^^^^^^^^^^^^^^^^^^^^^^^^^^^^^^^^
..\..\..\AppData\Roaming\Python\Python313\site-packages\sqlalchemy\orm\attributes.py:1126: in _fire_loader_callables
    return state._load_expired(state, passive)
           ^^^^^^^^^^^^^^^^^^^^^^^^^^^^^^^^^^^
..\..\..\AppData\Roaming\Python\Python313\site-packages\sqlalchemy\orm\state.py:803: in _load_expired
    self.manager.expired_attribute_loader(self, toload, passive)
..\..\..\AppData\Roaming\Python\Python313\site-packages\sqlalchemy\orm\loading.py:1607: in load_scalar_attributes
    raise orm_exc.DetachedInstanceError(
E   sqlalchemy.orm.exc.DetachedInstanceError: Instance <Resource at 0x1961981be30> is not bound to a Session; attribute refresh operation cannot proceed (Background on this error at: https://sqlalche.me/e/20/bhk3)
__________ ERROR at setup of TestGraphCaching.test_graph_cache_reuse __________
tests\integration\phase10_graph_intelligence\test_phase10_integration.py:59: in test_citations
    source_resource_id=test_resources[source_idx].id,
                       ^^^^^^^^^^^^^^^^^^^^^^^^^^^^^
..\..\..\AppData\Roaming\Python\Python313\site-packages\sqlalchemy\orm\attributes.py:569: in __get__
    return self.impl.get(state, dict_)  # type: ignore[no-any-return]
           ^^^^^^^^^^^^^^^^^^^^^^^^^^^
..\..\..\AppData\Roaming\Python\Python313\site-packages\sqlalchemy\orm\attributes.py:1096: in get
    value = self._fire_loader_callables(state, key, passive)
            ^^^^^^^^^^^^^^^^^^^^^^^^^^^^^^^^^^^^^^^^^^^^^^^^
..\..\..\AppData\Roaming\Python\Python313\site-packages\sqlalchemy\orm\attributes.py:1126: in _fire_loader_callables
    return state._load_expired(state, passive)
           ^^^^^^^^^^^^^^^^^^^^^^^^^^^^^^^^^^^
..\..\..\AppData\Roaming\Python\Python313\site-packages\sqlalchemy\orm\state.py:803: in _load_expired
    self.manager.expired_attribute_loader(self, toload, passive)
..\..\..\AppData\Roaming\Python\Python313\site-packages\sqlalchemy\orm\loading.py:1607: in load_scalar_attributes
    raise orm_exc.DetachedInstanceError(
E   sqlalchemy.orm.exc.DetachedInstanceError: Instance <Resource at 0x19616d4d910> is not bound to a Session; attribute refresh operation cannot proceed (Background on this error at: https://sqlalche.me/e/20/bhk3)
______ ERROR at setup of TestGraphCaching.test_graph_cache_invalidation _______
tests\integration\phase10_graph_intelligence\test_phase10_integration.py:59: in test_citations
    source_resource_id=test_resources[source_idx].id,
                       ^^^^^^^^^^^^^^^^^^^^^^^^^^^^^
..\..\..\AppData\Roaming\Python\Python313\site-packages\sqlalchemy\orm\attributes.py:569: in __get__
    return self.impl.get(state, dict_)  # type: ignore[no-any-return]
           ^^^^^^^^^^^^^^^^^^^^^^^^^^^
..\..\..\AppData\Roaming\Python\Python313\site-packages\sqlalchemy\orm\attributes.py:1096: in get
    value = self._fire_loader_callables(state, key, passive)
            ^^^^^^^^^^^^^^^^^^^^^^^^^^^^^^^^^^^^^^^^^^^^^^^^
..\..\..\AppData\Roaming\Python\Python313\site-packages\sqlalchemy\orm\attributes.py:1126: in _fire_loader_callables
    return state._load_expired(state, passive)
           ^^^^^^^^^^^^^^^^^^^^^^^^^^^^^^^^^^^
..\..\..\AppData\Roaming\Python\Python313\site-packages\sqlalchemy\orm\state.py:803: in _load_expired
    self.manager.expired_attribute_loader(self, toload, passive)
..\..\..\AppData\Roaming\Python\Python313\site-packages\sqlalchemy\orm\loading.py:1607: in load_scalar_attributes
    raise orm_exc.DetachedInstanceError(
E   sqlalchemy.orm.exc.DetachedInstanceError: Instance <Resource at 0x1962c40bbf0> is not bound to a Session; attribute refresh operation cannot proceed (Background on this error at: https://sqlalche.me/e/20/bhk3)
_ ERROR at setup of TestRecommendationsEndpoint.test_get_recommendations_default _
file C:\Users\rooma\PycharmProjects\neo_alexadria\backend\tests\integration\phase11_recommendations\test_recommendation_api.py, line 102
      def test_get_recommendations_default(self, client: TestClient, test_user, test_resources):
file C:\Users\rooma\PycharmProjects\neo_alexadria\backend\tests\integration\phase11_recommendations\test_recommendation_api.py, line 17
  @pytest.fixture
  def test_user(db_session: Session):
E       fixture 'db_session' not found
>       available fixtures: anyio_backend, anyio_backend_name, anyio_backend_options, cache, capfd, capfdbinary, caplog, capsys, capsysbinary, capteesys, client, cov, doctest_namespace, empty_library, free_tcp_port, free_tcp_port_factory, free_udp_port, free_udp_port_factory, mock_ai_core, mock_archive_local, mock_ddgs_search, mock_fetch_url, monkeypatch, no_cover, pytestconfig, recommendation_test_data, record_property, record_testsuite_property, record_xml_attribute, recwarn, reset_prometheus_registry, sample_html, sample_resource_data, sample_text, seeded_resources, single_resource_library, temp_dir, test_db, test_interactions, test_resources, test_user, test_user_profile, tmp_path, tmp_path_factory, tmpdir, tmpdir_factory
>       use 'pytest --fixtures [testpath]' for help on them.

C:\Users\rooma\PycharmProjects\neo_alexadria\backend\tests\integration\phase11_recommendations\test_recommendation_api.py:17
_ ERROR at setup of TestRecommendationsEndpoint.test_get_recommendations_with_limit _
file C:\Users\rooma\PycharmProjects\neo_alexadria\backend\tests\integration\phase11_recommendations\test_recommendation_api.py, line 119
      def test_get_recommendations_with_limit(self, client: TestClient, test_user, test_resources):
file C:\Users\rooma\PycharmProjects\neo_alexadria\backend\tests\integration\phase11_recommendations\test_recommendation_api.py, line 17
  @pytest.fixture
  def test_user(db_session: Session):
E       fixture 'db_session' not found
>       available fixtures: anyio_backend, anyio_backend_name, anyio_backend_options, cache, capfd, capfdbinary, caplog, capsys, capsysbinary, capteesys, client, cov, doctest_namespace, empty_library, free_tcp_port, free_tcp_port_factory, free_udp_port, free_udp_port_factory, mock_ai_core, mock_archive_local, mock_ddgs_search, mock_fetch_url, monkeypatch, no_cover, pytestconfig, recommendation_test_data, record_property, record_testsuite_property, record_xml_attribute, recwarn, reset_prometheus_registry, sample_html, sample_resource_data, sample_text, seeded_resources, single_resource_library, temp_dir, test_db, test_interactions, test_resources, test_user, test_user_profile, tmp_path, tmp_path_factory, tmpdir, tmpdir_factory
>       use 'pytest --fixtures [testpath]' for help on them.

C:\Users\rooma\PycharmProjects\neo_alexadria\backend\tests\integration\phase11_recommendations\test_recommendation_api.py:17
_ ERROR at setup of TestRecommendationsEndpoint.test_get_recommendations_invalid_limit _
file C:\Users\rooma\PycharmProjects\neo_alexadria\backend\tests\integration\phase11_recommendations\test_recommendation_api.py, line 129
      def test_get_recommendations_invalid_limit(self, client: TestClient, test_user):
file C:\Users\rooma\PycharmProjects\neo_alexadria\backend\tests\integration\phase11_recommendations\test_recommendation_api.py, line 17
  @pytest.fixture
  def test_user(db_session: Session):
E       fixture 'db_session' not found
>       available fixtures: anyio_backend, anyio_backend_name, anyio_backend_options, cache, capfd, capfdbinary, caplog, capsys, capsysbinary, capteesys, client, cov, doctest_namespace, empty_library, free_tcp_port, free_tcp_port_factory, free_udp_port, free_udp_port_factory, mock_ai_core, mock_archive_local, mock_ddgs_search, mock_fetch_url, monkeypatch, no_cover, pytestconfig, recommendation_test_data, record_property, record_testsuite_property, record_xml_attribute, recwarn, reset_prometheus_registry, sample_html, sample_resource_data, sample_text, seeded_resources, single_resource_library, temp_dir, test_db, test_interactions, test_resources, test_user, test_user_profile, tmp_path, tmp_path_factory, tmpdir, tmpdir_factory
>       use 'pytest --fixtures [testpath]' for help on them.

C:\Users\rooma\PycharmProjects\neo_alexadria\backend\tests\integration\phase11_recommendations\test_recommendation_api.py:17
_ ERROR at setup of TestRecommendationsEndpoint.test_get_recommendations_with_strategy _
file C:\Users\rooma\PycharmProjects\neo_alexadria\backend\tests\integration\phase11_recommendations\test_recommendation_api.py, line 139
      def test_get_recommendations_with_strategy(self, client: TestClient, test_user, test_resources):
file C:\Users\rooma\PycharmProjects\neo_alexadria\backend\tests\integration\phase11_recommendations\test_recommendation_api.py, line 17
  @pytest.fixture
  def test_user(db_session: Session):
E       fixture 'db_session' not found
>       available fixtures: anyio_backend, anyio_backend_name, anyio_backend_options, cache, capfd, capfdbinary, caplog, capsys, capsysbinary, capteesys, client, cov, doctest_namespace, empty_library, free_tcp_port, free_tcp_port_factory, free_udp_port, free_udp_port_factory, mock_ai_core, mock_archive_local, mock_ddgs_search, mock_fetch_url, monkeypatch, no_cover, pytestconfig, recommendation_test_data, record_property, record_testsuite_property, record_xml_attribute, recwarn, reset_prometheus_registry, sample_html, sample_resource_data, sample_text, seeded_resources, single_resource_library, temp_dir, test_db, test_interactions, test_resources, test_user, test_user_profile, tmp_path, tmp_path_factory, tmpdir, tmpdir_factory
>       use 'pytest --fixtures [testpath]' for help on them.

C:\Users\rooma\PycharmProjects\neo_alexadria\backend\tests\integration\phase11_recommendations\test_recommendation_api.py:17
_ ERROR at setup of TestRecommendationsEndpoint.test_get_recommendations_invalid_strategy _
file C:\Users\rooma\PycharmProjects\neo_alexadria\backend\tests\integration\phase11_recommendations\test_recommendation_api.py, line 150
      def test_get_recommendations_invalid_strategy(self, client: TestClient, test_user):
file C:\Users\rooma\PycharmProjects\neo_alexadria\backend\tests\integration\phase11_recommendations\test_recommendation_api.py, line 17
  @pytest.fixture
  def test_user(db_session: Session):
E       fixture 'db_session' not found
>       available fixtures: anyio_backend, anyio_backend_name, anyio_backend_options, cache, capfd, capfdbinary, caplog, capsys, capsysbinary, capteesys, client, cov, doctest_namespace, empty_library, free_tcp_port, free_tcp_port_factory, free_udp_port, free_udp_port_factory, mock_ai_core, mock_archive_local, mock_ddgs_search, mock_fetch_url, monkeypatch, no_cover, pytestconfig, recommendation_test_data, record_property, record_testsuite_property, record_xml_attribute, recwarn, reset_prometheus_registry, sample_html, sample_resource_data, sample_text, seeded_resources, single_resource_library, temp_dir, test_db, test_interactions, test_resources, test_user, test_user_profile, tmp_path, tmp_path_factory, tmpdir, tmpdir_factory
>       use 'pytest --fixtures [testpath]' for help on them.

C:\Users\rooma\PycharmProjects\neo_alexadria\backend\tests\integration\phase11_recommendations\test_recommendation_api.py:17
_ ERROR at setup of TestRecommendationsEndpoint.test_get_recommendations_with_diversity _
file C:\Users\rooma\PycharmProjects\neo_alexadria\backend\tests\integration\phase11_recommendations\test_recommendation_api.py, line 158
      def test_get_recommendations_with_diversity(self, client: TestClient, test_user, test_resources):
file C:\Users\rooma\PycharmProjects\neo_alexadria\backend\tests\integration\phase11_recommendations\test_recommendation_api.py, line 17
  @pytest.fixture
  def test_user(db_session: Session):
E       fixture 'db_session' not found
>       available fixtures: anyio_backend, anyio_backend_name, anyio_backend_options, cache, capfd, capfdbinary, caplog, capsys, capsysbinary, capteesys, client, cov, doctest_namespace, empty_library, free_tcp_port, free_tcp_port_factory, free_udp_port, free_udp_port_factory, mock_ai_core, mock_archive_local, mock_ddgs_search, mock_fetch_url, monkeypatch, no_cover, pytestconfig, recommendation_test_data, record_property, record_testsuite_property, record_xml_attribute, recwarn, reset_prometheus_registry, sample_html, sample_resource_data, sample_text, seeded_resources, single_resource_library, temp_dir, test_db, test_interactions, test_resources, test_user, test_user_profile, tmp_path, tmp_path_factory, tmpdir, tmpdir_factory
>       use 'pytest --fixtures [testpath]' for help on them.

C:\Users\rooma\PycharmProjects\neo_alexadria\backend\tests\integration\phase11_recommendations\test_recommendation_api.py:17
_ ERROR at setup of TestRecommendationsEndpoint.test_get_recommendations_with_min_quality _
file C:\Users\rooma\PycharmProjects\neo_alexadria\backend\tests\integration\phase11_recommendations\test_recommendation_api.py, line 169
      def test_get_recommendations_with_min_quality(self, client: TestClient, test_user, test_resources):
file C:\Users\rooma\PycharmProjects\neo_alexadria\backend\tests\integration\phase11_recommendations\test_recommendation_api.py, line 17
  @pytest.fixture
  def test_user(db_session: Session):
E       fixture 'db_session' not found
>       available fixtures: anyio_backend, anyio_backend_name, anyio_backend_options, cache, capfd, capfdbinary, caplog, capsys, capsysbinary, capteesys, client, cov, doctest_namespace, empty_library, free_tcp_port, free_tcp_port_factory, free_udp_port, free_udp_port_factory, mock_ai_core, mock_archive_local, mock_ddgs_search, mock_fetch_url, monkeypatch, no_cover, pytestconfig, recommendation_test_data, record_property, record_testsuite_property, record_xml_attribute, recwarn, reset_prometheus_registry, sample_html, sample_resource_data, sample_text, seeded_resources, single_resource_library, temp_dir, test_db, test_interactions, test_resources, test_user, test_user_profile, tmp_path, tmp_path_factory, tmpdir, tmpdir_factory
>       use 'pytest --fixtures [testpath]' for help on them.

C:\Users\rooma\PycharmProjects\neo_alexadria\backend\tests\integration\phase11_recommendations\test_recommendation_api.py:17
_ ERROR at setup of TestRecommendationsEndpoint.test_get_recommendations_cold_start _
file C:\Users\rooma\PycharmProjects\neo_alexadria\backend\tests\integration\phase11_recommendations\test_recommendation_api.py, line 179
      def test_get_recommendations_cold_start(self, client: TestClient, db_session):
E       fixture 'db_session' not found
>       available fixtures: anyio_backend, anyio_backend_name, anyio_backend_options, cache, capfd, capfdbinary, caplog, capsys, capsysbinary, capteesys, client, cov, doctest_namespace, empty_library, free_tcp_port, free_tcp_port_factory, free_udp_port, free_udp_port_factory, mock_ai_core, mock_archive_local, mock_ddgs_search, mock_fetch_url, monkeypatch, no_cover, pytestconfig, recommendation_test_data, record_property, record_testsuite_property, record_xml_attribute, recwarn, reset_prometheus_registry, sample_html, sample_resource_data, sample_text, seeded_resources, single_resource_library, temp_dir, test_db, test_interactions, test_resources, test_user, test_user_profile, tmp_path, tmp_path_factory, tmpdir, tmpdir_factory
>       use 'pytest --fixtures [testpath]' for help on them.

C:\Users\rooma\PycharmProjects\neo_alexadria\backend\tests\integration\phase11_recommendations\test_recommendation_api.py:179
___ ERROR at setup of TestInteractionsEndpoint.test_track_view_interaction ____
file C:\Users\rooma\PycharmProjects\neo_alexadria\backend\tests\integration\phase11_recommendations\test_recommendation_api.py, line 199
      def test_track_view_interaction(self, client: TestClient, test_user, test_resources):
file C:\Users\rooma\PycharmProjects\neo_alexadria\backend\tests\integration\phase11_recommendations\test_recommendation_api.py, line 17
  @pytest.fixture
  def test_user(db_session: Session):
E       fixture 'db_session' not found
>       available fixtures: anyio_backend, anyio_backend_name, anyio_backend_options, cache, capfd, capfdbinary, caplog, capsys, capsysbinary, capteesys, client, cov, doctest_namespace, empty_library, free_tcp_port, free_tcp_port_factory, free_udp_port, free_udp_port_factory, mock_ai_core, mock_archive_local, mock_ddgs_search, mock_fetch_url, monkeypatch, no_cover, pytestconfig, recommendation_test_data, record_property, record_testsuite_property, record_xml_attribute, recwarn, reset_prometheus_registry, sample_html, sample_resource_data, sample_text, seeded_resources, single_resource_library, temp_dir, test_db, test_interactions, test_resources, test_user, test_user_profile, tmp_path, tmp_path_factory, tmpdir, tmpdir_factory
>       use 'pytest --fixtures [testpath]' for help on them.

C:\Users\rooma\PycharmProjects\neo_alexadria\backend\tests\integration\phase11_recommendations\test_recommendation_api.py:17
_ ERROR at setup of TestInteractionsEndpoint.test_track_annotation_interaction _
file C:\Users\rooma\PycharmProjects\neo_alexadria\backend\tests\integration\phase11_recommendations\test_recommendation_api.py, line 222
      def test_track_annotation_interaction(self, client: TestClient, test_user, test_resources):
file C:\Users\rooma\PycharmProjects\neo_alexadria\backend\tests\integration\phase11_recommendations\test_recommendation_api.py, line 17
  @pytest.fixture
  def test_user(db_session: Session):
E       fixture 'db_session' not found
>       available fixtures: anyio_backend, anyio_backend_name, anyio_backend_options, cache, capfd, capfdbinary, caplog, capsys, capsysbinary, capteesys, client, cov, doctest_namespace, empty_library, free_tcp_port, free_tcp_port_factory, free_udp_port, free_udp_port_factory, mock_ai_core, mock_archive_local, mock_ddgs_search, mock_fetch_url, monkeypatch, no_cover, pytestconfig, recommendation_test_data, record_property, record_testsuite_property, record_xml_attribute, recwarn, reset_prometheus_registry, sample_html, sample_resource_data, sample_text, seeded_resources, single_resource_library, temp_dir, test_db, test_interactions, test_resources, test_user, test_user_profile, tmp_path, tmp_path_factory, tmpdir, tmpdir_factory
>       use 'pytest --fixtures [testpath]' for help on them.

C:\Users\rooma\PycharmProjects\neo_alexadria\backend\tests\integration\phase11_recommendations\test_recommendation_api.py:17
__ ERROR at setup of TestInteractionsEndpoint.test_track_rating_interaction ___
file C:\Users\rooma\PycharmProjects\neo_alexadria\backend\tests\integration\phase11_recommendations\test_recommendation_api.py, line 240
      def test_track_rating_interaction(self, client: TestClient, test_user, test_resources):
file C:\Users\rooma\PycharmProjects\neo_alexadria\backend\tests\integration\phase11_recommendations\test_recommendation_api.py, line 17
  @pytest.fixture
  def test_user(db_session: Session):
E       fixture 'db_session' not found
>       available fixtures: anyio_backend, anyio_backend_name, anyio_backend_options, cache, capfd, capfdbinary, caplog, capsys, capsysbinary, capteesys, client, cov, doctest_namespace, empty_library, free_tcp_port, free_tcp_port_factory, free_udp_port, free_udp_port_factory, mock_ai_core, mock_archive_local, mock_ddgs_search, mock_fetch_url, monkeypatch, no_cover, pytestconfig, recommendation_test_data, record_property, record_testsuite_property, record_xml_attribute, recwarn, reset_prometheus_registry, sample_html, sample_resource_data, sample_text, seeded_resources, single_resource_library, temp_dir, test_db, test_interactions, test_resources, test_user, test_user_profile, tmp_path, tmp_path_factory, tmpdir, tmpdir_factory
>       use 'pytest --fixtures [testpath]' for help on them.

C:\Users\rooma\PycharmProjects\neo_alexadria\backend\tests\integration\phase11_recommendations\test_recommendation_api.py:17
_ ERROR at setup of TestInteractionsEndpoint.test_track_interaction_invalid_type _
file C:\Users\rooma\PycharmProjects\neo_alexadria\backend\tests\integration\phase11_recommendations\test_recommendation_api.py, line 258
      def test_track_interaction_invalid_type(self, client: TestClient, test_user, test_resources):
file C:\Users\rooma\PycharmProjects\neo_alexadria\backend\tests\integration\phase11_recommendations\test_recommendation_api.py, line 17
  @pytest.fixture
  def test_user(db_session: Session):
E       fixture 'db_session' not found
>       available fixtures: anyio_backend, anyio_backend_name, anyio_backend_options, cache, capfd, capfdbinary, caplog, capsys, capsysbinary, capteesys, client, cov, doctest_namespace, empty_library, free_tcp_port, free_tcp_port_factory, free_udp_port, free_udp_port_factory, mock_ai_core, mock_archive_local, mock_ddgs_search, mock_fetch_url, monkeypatch, no_cover, pytestconfig, recommendation_test_data, record_property, record_testsuite_property, record_xml_attribute, recwarn, reset_prometheus_registry, sample_html, sample_resource_data, sample_text, seeded_resources, single_resource_library, temp_dir, test_db, test_interactions, test_resources, test_user, test_user_profile, tmp_path, tmp_path_factory, tmpdir, tmpdir_factory
>       use 'pytest --fixtures [testpath]' for help on them.

C:\Users\rooma\PycharmProjects\neo_alexadria\backend\tests\integration\phase11_recommendations\test_recommendation_api.py:17
_ ERROR at setup of TestInteractionsEndpoint.test_track_interaction_invalid_resource _
file C:\Users\rooma\PycharmProjects\neo_alexadria\backend\tests\integration\phase11_recommendations\test_recommendation_api.py, line 272
      def test_track_interaction_invalid_resource(self, client: TestClient, test_user):
file C:\Users\rooma\PycharmProjects\neo_alexadria\backend\tests\integration\phase11_recommendations\test_recommendation_api.py, line 17
  @pytest.fixture
  def test_user(db_session: Session):
E       fixture 'db_session' not found
>       available fixtures: anyio_backend, anyio_backend_name, anyio_backend_options, cache, capfd, capfdbinary, caplog, capsys, capsysbinary, capteesys, client, cov, doctest_namespace, empty_library, free_tcp_port, free_tcp_port_factory, free_udp_port, free_udp_port_factory, mock_ai_core, mock_archive_local, mock_ddgs_search, mock_fetch_url, monkeypatch, no_cover, pytestconfig, recommendation_test_data, record_property, record_testsuite_property, record_xml_attribute, recwarn, reset_prometheus_registry, sample_html, sample_resource_data, sample_text, seeded_resources, single_resource_library, temp_dir, test_db, test_interactions, test_resources, test_user, test_user_profile, tmp_path, tmp_path_factory, tmpdir, tmpdir_factory
>       use 'pytest --fixtures [testpath]' for help on them.

C:\Users\rooma\PycharmProjects\neo_alexadria\backend\tests\integration\phase11_recommendations\test_recommendation_api.py:17
_ ERROR at setup of TestInteractionsEndpoint.test_track_interaction_invalid_uuid _
file C:\Users\rooma\PycharmProjects\neo_alexadria\backend\tests\integration\phase11_recommendations\test_recommendation_api.py, line 286
      def test_track_interaction_invalid_uuid(self, client: TestClient, test_user):
file C:\Users\rooma\PycharmProjects\neo_alexadria\backend\tests\integration\phase11_recommendations\test_recommendation_api.py, line 17
  @pytest.fixture
  def test_user(db_session: Session):
E       fixture 'db_session' not found
>       available fixtures: anyio_backend, anyio_backend_name, anyio_backend_options, cache, capfd, capfdbinary, caplog, capsys, capsysbinary, capteesys, client, cov, doctest_namespace, empty_library, free_tcp_port, free_tcp_port_factory, free_udp_port, free_udp_port_factory, mock_ai_core, mock_archive_local, mock_ddgs_search, mock_fetch_url, monkeypatch, no_cover, pytestconfig, recommendation_test_data, record_property, record_testsuite_property, record_xml_attribute, recwarn, reset_prometheus_registry, sample_html, sample_resource_data, sample_text, seeded_resources, single_resource_library, temp_dir, test_db, test_interactions, test_resources, test_user, test_user_profile, tmp_path, tmp_path_factory, tmpdir, tmpdir_factory
>       use 'pytest --fixtures [testpath]' for help on them.

C:\Users\rooma\PycharmProjects\neo_alexadria\backend\tests\integration\phase11_recommendations\test_recommendation_api.py:17
___________ ERROR at setup of TestProfileEndpoints.test_get_profile ___________
file C:\Users\rooma\PycharmProjects\neo_alexadria\backend\tests\integration\phase11_recommendations\test_recommendation_api.py, line 305
      def test_get_profile(self, client: TestClient, test_user, test_user_profile):
file C:\Users\rooma\PycharmProjects\neo_alexadria\backend\tests\integration\phase11_recommendations\test_recommendation_api.py, line 17
  @pytest.fixture
  def test_user(db_session: Session):
E       fixture 'db_session' not found
>       available fixtures: anyio_backend, anyio_backend_name, anyio_backend_options, cache, capfd, capfdbinary, caplog, capsys, capsysbinary, capteesys, client, cov, doctest_namespace, empty_library, free_tcp_port, free_tcp_port_factory, free_udp_port, free_udp_port_factory, mock_ai_core, mock_archive_local, mock_ddgs_search, mock_fetch_url, monkeypatch, no_cover, pytestconfig, recommendation_test_data, record_property, record_testsuite_property, record_xml_attribute, recwarn, reset_prometheus_registry, sample_html, sample_resource_data, sample_text, seeded_resources, single_resource_library, temp_dir, test_db, test_interactions, test_resources, test_user, test_user_profile, tmp_path, tmp_path_factory, tmpdir, tmpdir_factory
>       use 'pytest --fixtures [testpath]' for help on them.

C:\Users\rooma\PycharmProjects\neo_alexadria\backend\tests\integration\phase11_recommendations\test_recommendation_api.py:17
_ ERROR at setup of TestProfileEndpoints.test_get_profile_creates_if_not_exists _
file C:\Users\rooma\PycharmProjects\neo_alexadria\backend\tests\integration\phase11_recommendations\test_recommendation_api.py, line 318
      def test_get_profile_creates_if_not_exists(self, client: TestClient, db_session):
E       fixture 'db_session' not found
>       available fixtures: anyio_backend, anyio_backend_name, anyio_backend_options, cache, capfd, capfdbinary, caplog, capsys, capsysbinary, capteesys, client, cov, doctest_namespace, empty_library, free_tcp_port, free_tcp_port_factory, free_udp_port, free_udp_port_factory, mock_ai_core, mock_archive_local, mock_ddgs_search, mock_fetch_url, monkeypatch, no_cover, pytestconfig, recommendation_test_data, record_property, record_testsuite_property, record_xml_attribute, recwarn, reset_prometheus_registry, sample_html, sample_resource_data, sample_text, seeded_resources, single_resource_library, temp_dir, test_db, test_interactions, test_resources, test_user, test_user_profile, tmp_path, tmp_path_factory, tmpdir, tmpdir_factory
>       use 'pytest --fixtures [testpath]' for help on them.

C:\Users\rooma\PycharmProjects\neo_alexadria\backend\tests\integration\phase11_recommendations\test_recommendation_api.py:318
___ ERROR at setup of TestProfileEndpoints.test_update_profile_preferences ____
file C:\Users\rooma\PycharmProjects\neo_alexadria\backend\tests\integration\phase11_recommendations\test_recommendation_api.py, line 335
      def test_update_profile_preferences(self, client: TestClient, test_user, test_user_profile):
file C:\Users\rooma\PycharmProjects\neo_alexadria\backend\tests\integration\phase11_recommendations\test_recommendation_api.py, line 17
  @pytest.fixture
  def test_user(db_session: Session):
E       fixture 'db_session' not found
>       available fixtures: anyio_backend, anyio_backend_name, anyio_backend_options, cache, capfd, capfdbinary, caplog, capsys, capsysbinary, capteesys, client, cov, doctest_namespace, empty_library, free_tcp_port, free_tcp_port_factory, free_udp_port, free_udp_port_factory, mock_ai_core, mock_archive_local, mock_ddgs_search, mock_fetch_url, monkeypatch, no_cover, pytestconfig, recommendation_test_data, record_property, record_testsuite_property, record_xml_attribute, recwarn, reset_prometheus_registry, sample_html, sample_resource_data, sample_text, seeded_resources, single_resource_library, temp_dir, test_db, test_interactions, test_resources, test_user, test_user_profile, tmp_path, tmp_path_factory, tmpdir, tmpdir_factory
>       use 'pytest --fixtures [testpath]' for help on them.

C:\Users\rooma\PycharmProjects\neo_alexadria\backend\tests\integration\phase11_recommendations\test_recommendation_api.py:17
_ ERROR at setup of TestProfileEndpoints.test_update_profile_research_domains _
file C:\Users\rooma\PycharmProjects\neo_alexadria\backend\tests\integration\phase11_recommendations\test_recommendation_api.py, line 353
      def test_update_profile_research_domains(self, client: TestClient, test_user, test_user_profile):
file C:\Users\rooma\PycharmProjects\neo_alexadria\backend\tests\integration\phase11_recommendations\test_recommendation_api.py, line 17
  @pytest.fixture
  def test_user(db_session: Session):
E       fixture 'db_session' not found
>       available fixtures: anyio_backend, anyio_backend_name, anyio_backend_options, cache, capfd, capfdbinary, caplog, capsys, capsysbinary, capteesys, client, cov, doctest_namespace, empty_library, free_tcp_port, free_tcp_port_factory, free_udp_port, free_udp_port_factory, mock_ai_core, mock_archive_local, mock_ddgs_search, mock_fetch_url, monkeypatch, no_cover, pytestconfig, recommendation_test_data, record_property, record_testsuite_property, record_xml_attribute, recwarn, reset_prometheus_registry, sample_html, sample_resource_data, sample_text, seeded_resources, single_resource_library, temp_dir, test_db, test_interactions, test_resources, test_user, test_user_profile, tmp_path, tmp_path_factory, tmpdir, tmpdir_factory
>       use 'pytest --fixtures [testpath]' for help on them.

C:\Users\rooma\PycharmProjects\neo_alexadria\backend\tests\integration\phase11_recommendations\test_recommendation_api.py:17
_ ERROR at setup of TestProfileEndpoints.test_update_profile_excluded_sources _
file C:\Users\rooma\PycharmProjects\neo_alexadria\backend\tests\integration\phase11_recommendations\test_recommendation_api.py, line 369
      def test_update_profile_excluded_sources(self, client: TestClient, test_user, test_user_profile):
file C:\Users\rooma\PycharmProjects\neo_alexadria\backend\tests\integration\phase11_recommendations\test_recommendation_api.py, line 17
  @pytest.fixture
  def test_user(db_session: Session):
E       fixture 'db_session' not found
>       available fixtures: anyio_backend, anyio_backend_name, anyio_backend_options, cache, capfd, capfdbinary, caplog, capsys, capsysbinary, capteesys, client, cov, doctest_namespace, empty_library, free_tcp_port, free_tcp_port_factory, free_udp_port, free_udp_port_factory, mock_ai_core, mock_archive_local, mock_ddgs_search, mock_fetch_url, monkeypatch, no_cover, pytestconfig, recommendation_test_data, record_property, record_testsuite_property, record_xml_attribute, recwarn, reset_prometheus_registry, sample_html, sample_resource_data, sample_text, seeded_resources, single_resource_library, temp_dir, test_db, test_interactions, test_resources, test_user, test_user_profile, tmp_path, tmp_path_factory, tmpdir, tmpdir_factory
>       use 'pytest --fixtures [testpath]' for help on them.

C:\Users\rooma\PycharmProjects\neo_alexadria\backend\tests\integration\phase11_recommendations\test_recommendation_api.py:17
_ ERROR at setup of TestProfileEndpoints.test_update_profile_invalid_preference_range _
file C:\Users\rooma\PycharmProjects\neo_alexadria\backend\tests\integration\phase11_recommendations\test_recommendation_api.py, line 383
      def test_update_profile_invalid_preference_range(self, client: TestClient, test_user, test_user_profile):
file C:\Users\rooma\PycharmProjects\neo_alexadria\backend\tests\integration\phase11_recommendations\test_recommendation_api.py, line 17
  @pytest.fixture
  def test_user(db_session: Session):
E       fixture 'db_session' not found
>       available fixtures: anyio_backend, anyio_backend_name, anyio_backend_options, cache, capfd, capfdbinary, caplog, capsys, capsysbinary, capteesys, client, cov, doctest_namespace, empty_library, free_tcp_port, free_tcp_port_factory, free_udp_port, free_udp_port_factory, mock_ai_core, mock_archive_local, mock_ddgs_search, mock_fetch_url, monkeypatch, no_cover, pytestconfig, recommendation_test_data, record_property, record_testsuite_property, record_xml_attribute, recwarn, reset_prometheus_registry, sample_html, sample_resource_data, sample_text, seeded_resources, single_resource_library, temp_dir, test_db, test_interactions, test_resources, test_user, test_user_profile, tmp_path, tmp_path_factory, tmpdir, tmpdir_factory
>       use 'pytest --fixtures [testpath]' for help on them.

C:\Users\rooma\PycharmProjects\neo_alexadria\backend\tests\integration\phase11_recommendations\test_recommendation_api.py:17
_____ ERROR at setup of TestFeedbackEndpoint.test_submit_feedback_clicked _____
file C:\Users\rooma\PycharmProjects\neo_alexadria\backend\tests\integration\phase11_recommendations\test_recommendation_api.py, line 403
      def test_submit_feedback_clicked(self, client: TestClient, test_user, test_resources):
file C:\Users\rooma\PycharmProjects\neo_alexadria\backend\tests\integration\phase11_recommendations\test_recommendation_api.py, line 17
  @pytest.fixture
  def test_user(db_session: Session):
E       fixture 'db_session' not found
>       available fixtures: anyio_backend, anyio_backend_name, anyio_backend_options, cache, capfd, capfdbinary, caplog, capsys, capsysbinary, capteesys, client, cov, doctest_namespace, empty_library, free_tcp_port, free_tcp_port_factory, free_udp_port, free_udp_port_factory, mock_ai_core, mock_archive_local, mock_ddgs_search, mock_fetch_url, monkeypatch, no_cover, pytestconfig, recommendation_test_data, record_property, record_testsuite_property, record_xml_attribute, recwarn, reset_prometheus_registry, sample_html, sample_resource_data, sample_text, seeded_resources, single_resource_library, temp_dir, test_db, test_interactions, test_resources, test_user, test_user_profile, tmp_path, tmp_path_factory, tmpdir, tmpdir_factory
>       use 'pytest --fixtures [testpath]' for help on them.

C:\Users\rooma\PycharmProjects\neo_alexadria\backend\tests\integration\phase11_recommendations\test_recommendation_api.py:17
_ ERROR at setup of TestFeedbackEndpoint.test_submit_feedback_with_usefulness _
file C:\Users\rooma\PycharmProjects\neo_alexadria\backend\tests\integration\phase11_recommendations\test_recommendation_api.py, line 421
      def test_submit_feedback_with_usefulness(self, client: TestClient, test_user, test_resources):
file C:\Users\rooma\PycharmProjects\neo_alexadria\backend\tests\integration\phase11_recommendations\test_recommendation_api.py, line 17
  @pytest.fixture
  def test_user(db_session: Session):
E       fixture 'db_session' not found
>       available fixtures: anyio_backend, anyio_backend_name, anyio_backend_options, cache, capfd, capfdbinary, caplog, capsys, capsysbinary, capteesys, client, cov, doctest_namespace, empty_library, free_tcp_port, free_tcp_port_factory, free_udp_port, free_udp_port_factory, mock_ai_core, mock_archive_local, mock_ddgs_search, mock_fetch_url, monkeypatch, no_cover, pytestconfig, recommendation_test_data, record_property, record_testsuite_property, record_xml_attribute, recwarn, reset_prometheus_registry, sample_html, sample_resource_data, sample_text, seeded_resources, single_resource_library, temp_dir, test_db, test_interactions, test_resources, test_user, test_user_profile, tmp_path, tmp_path_factory, tmpdir, tmpdir_factory
>       use 'pytest --fixtures [testpath]' for help on them.

C:\Users\rooma\PycharmProjects\neo_alexadria\backend\tests\integration\phase11_recommendations\test_recommendation_api.py:17
___ ERROR at setup of TestFeedbackEndpoint.test_submit_feedback_not_clicked ___
file C:\Users\rooma\PycharmProjects\neo_alexadria\backend\tests\integration\phase11_recommendations\test_recommendation_api.py, line 441
      def test_submit_feedback_not_clicked(self, client: TestClient, test_user, test_resources):
file C:\Users\rooma\PycharmProjects\neo_alexadria\backend\tests\integration\phase11_recommendations\test_recommendation_api.py, line 17
  @pytest.fixture
  def test_user(db_session: Session):
E       fixture 'db_session' not found
>       available fixtures: anyio_backend, anyio_backend_name, anyio_backend_options, cache, capfd, capfdbinary, caplog, capsys, capsysbinary, capteesys, client, cov, doctest_namespace, empty_library, free_tcp_port, free_tcp_port_factory, free_udp_port, free_udp_port_factory, mock_ai_core, mock_archive_local, mock_ddgs_search, mock_fetch_url, monkeypatch, no_cover, pytestconfig, recommendation_test_data, record_property, record_testsuite_property, record_xml_attribute, recwarn, reset_prometheus_registry, sample_html, sample_resource_data, sample_text, seeded_resources, single_resource_library, temp_dir, test_db, test_interactions, test_resources, test_user, test_user_profile, tmp_path, tmp_path_factory, tmpdir, tmpdir_factory
>       use 'pytest --fixtures [testpath]' for help on them.

C:\Users\rooma\PycharmProjects\neo_alexadria\backend\tests\integration\phase11_recommendations\test_recommendation_api.py:17
_ ERROR at setup of TestFeedbackEndpoint.test_submit_feedback_invalid_resource _
file C:\Users\rooma\PycharmProjects\neo_alexadria\backend\tests\integration\phase11_recommendations\test_recommendation_api.py, line 458
      def test_submit_feedback_invalid_resource(self, client: TestClient, test_user):
file C:\Users\rooma\PycharmProjects\neo_alexadria\backend\tests\integration\phase11_recommendations\test_recommendation_api.py, line 17
  @pytest.fixture
  def test_user(db_session: Session):
E       fixture 'db_session' not found
>       available fixtures: anyio_backend, anyio_backend_name, anyio_backend_options, cache, capfd, capfdbinary, caplog, capsys, capsysbinary, capteesys, client, cov, doctest_namespace, empty_library, free_tcp_port, free_tcp_port_factory, free_udp_port, free_udp_port_factory, mock_ai_core, mock_archive_local, mock_ddgs_search, mock_fetch_url, monkeypatch, no_cover, pytestconfig, recommendation_test_data, record_property, record_testsuite_property, record_xml_attribute, recwarn, reset_prometheus_registry, sample_html, sample_resource_data, sample_text, seeded_resources, single_resource_library, temp_dir, test_db, test_interactions, test_resources, test_user, test_user_profile, tmp_path, tmp_path_factory, tmpdir, tmpdir_factory
>       use 'pytest --fixtures [testpath]' for help on them.

C:\Users\rooma\PycharmProjects\neo_alexadria\backend\tests\integration\phase11_recommendations\test_recommendation_api.py:17
__ ERROR at setup of TestFeedbackEndpoint.test_submit_feedback_invalid_uuid ___
file C:\Users\rooma\PycharmProjects\neo_alexadria\backend\tests\integration\phase11_recommendations\test_recommendation_api.py, line 474
      def test_submit_feedback_invalid_uuid(self, client: TestClient, test_user):
file C:\Users\rooma\PycharmProjects\neo_alexadria\backend\tests\integration\phase11_recommendations\test_recommendation_api.py, line 17
  @pytest.fixture
  def test_user(db_session: Session):
E       fixture 'db_session' not found
>       available fixtures: anyio_backend, anyio_backend_name, anyio_backend_options, cache, capfd, capfdbinary, caplog, capsys, capsysbinary, capteesys, client, cov, doctest_namespace, empty_library, free_tcp_port, free_tcp_port_factory, free_udp_port, free_udp_port_factory, mock_ai_core, mock_archive_local, mock_ddgs_search, mock_fetch_url, monkeypatch, no_cover, pytestconfig, recommendation_test_data, record_property, record_testsuite_property, record_xml_attribute, recwarn, reset_prometheus_registry, sample_html, sample_resource_data, sample_text, seeded_resources, single_resource_library, temp_dir, test_db, test_interactions, test_resources, test_user, test_user_profile, tmp_path, tmp_path_factory, tmpdir, tmpdir_factory
>       use 'pytest --fixtures [testpath]' for help on them.

C:\Users\rooma\PycharmProjects\neo_alexadria\backend\tests\integration\phase11_recommendations\test_recommendation_api.py:17
_ ERROR at setup of TestEndToEndWorkflow.test_complete_recommendation_workflow _
file C:\Users\rooma\PycharmProjects\neo_alexadria\backend\tests\integration\phase11_recommendations\test_recommendation_api.py, line 493
      def test_complete_recommendation_workflow(
file C:\Users\rooma\PycharmProjects\neo_alexadria\backend\tests\integration\phase11_recommendations\test_recommendation_api.py, line 17
  @pytest.fixture
  def test_user(db_session: Session):
E       fixture 'db_session' not found
>       available fixtures: anyio_backend, anyio_backend_name, anyio_backend_options, cache, capfd, capfdbinary, caplog, capsys, capsysbinary, capteesys, client, cov, doctest_namespace, empty_library, free_tcp_port, free_tcp_port_factory, free_udp_port, free_udp_port_factory, mock_ai_core, mock_archive_local, mock_ddgs_search, mock_fetch_url, monkeypatch, no_cover, pytestconfig, recommendation_test_data, record_property, record_testsuite_property, record_xml_attribute, recwarn, reset_prometheus_registry, sample_html, sample_resource_data, sample_text, seeded_resources, single_resource_library, temp_dir, test_db, test_interactions, test_resources, test_user, test_user_profile, tmp_path, tmp_path_factory, tmpdir, tmpdir_factory
>       use 'pytest --fixtures [testpath]' for help on them.

C:\Users\rooma\PycharmProjects\neo_alexadria\backend\tests\integration\phase11_recommendations\test_recommendation_api.py:17
_ ERROR at setup of TestEndToEndWorkflow.test_profile_update_affects_recommendations _
file C:\Users\rooma\PycharmProjects\neo_alexadria\backend\tests\integration\phase11_recommendations\test_recommendation_api.py, line 528
      def test_profile_update_affects_recommendations(
file C:\Users\rooma\PycharmProjects\neo_alexadria\backend\tests\integration\phase11_recommendations\test_recommendation_api.py, line 17
  @pytest.fixture
  def test_user(db_session: Session):
E       fixture 'db_session' not found
>       available fixtures: anyio_backend, anyio_backend_name, anyio_backend_options, cache, capfd, capfdbinary, caplog, capsys, capsysbinary, capteesys, client, cov, doctest_namespace, empty_library, free_tcp_port, free_tcp_port_factory, free_udp_port, free_udp_port_factory, mock_ai_core, mock_archive_local, mock_ddgs_search, mock_fetch_url, monkeypatch, no_cover, pytestconfig, recommendation_test_data, record_property, record_testsuite_property, record_xml_attribute, recwarn, reset_prometheus_registry, sample_html, sample_resource_data, sample_text, seeded_resources, single_resource_library, temp_dir, test_db, test_interactions, test_resources, test_user, test_user_profile, tmp_path, tmp_path_factory, tmpdir, tmpdir_factory
>       use 'pytest --fixtures [testpath]' for help on them.

C:\Users\rooma\PycharmProjects\neo_alexadria\backend\tests\integration\phase11_recommendations\test_recommendation_api.py:17
_______ ERROR at setup of test_classification_executes_after_embeddings _______
..\..\..\AppData\Roaming\Python\Python313\site-packages\sqlalchemy\engine\base.py:2118: in _exec_insertmany_context
    dialect.do_execute(
..\..\..\AppData\Roaming\Python\Python313\site-packages\sqlalchemy\engine\default.py:951: in do_execute
    cursor.execute(statement, parameters)
E   sqlite3.IntegrityError: UNIQUE constraint failed: taxonomy_nodes.slug

The above exception was the direct cause of the following exception:
tests\integration\phase1_ingestion\test_resource_ingestion_classification.py:79: in sample_taxonomy_nodes
    db_session.commit()
..\..\..\AppData\Roaming\Python\Python313\site-packages\sqlalchemy\orm\session.py:2032: in commit
    trans.commit(_to_root=True)
<string>:2: in commit
    ???
..\..\..\AppData\Roaming\Python\Python313\site-packages\sqlalchemy\orm\state_changes.py:137: in _go
    ret_value = fn(self, *arg, **kw)
                ^^^^^^^^^^^^^^^^^^^^
..\..\..\AppData\Roaming\Python\Python313\site-packages\sqlalchemy\orm\session.py:1313: in commit
    self._prepare_impl()
<string>:2: in _prepare_impl
    ???
..\..\..\AppData\Roaming\Python\Python313\site-packages\sqlalchemy\orm\state_changes.py:137: in _go
    ret_value = fn(self, *arg, **kw)
                ^^^^^^^^^^^^^^^^^^^^
..\..\..\AppData\Roaming\Python\Python313\site-packages\sqlalchemy\orm\session.py:1288: in _prepare_impl
    self.session.flush()
..\..\..\AppData\Roaming\Python\Python313\site-packages\sqlalchemy\orm\session.py:4345: in flush
    self._flush(objects)
..\..\..\AppData\Roaming\Python\Python313\site-packages\sqlalchemy\orm\session.py:4480: in _flush
    with util.safe_reraise():
         ^^^^^^^^^^^^^^^^^^^
..\..\..\AppData\Roaming\Python\Python313\site-packages\sqlalchemy\util\langhelpers.py:224: in __exit__
    raise exc_value.with_traceback(exc_tb)
..\..\..\AppData\Roaming\Python\Python313\site-packages\sqlalchemy\orm\session.py:4441: in _flush
    flush_context.execute()
..\..\..\AppData\Roaming\Python\Python313\site-packages\sqlalchemy\orm\unitofwork.py:466: in execute
    rec.execute(self)
..\..\..\AppData\Roaming\Python\Python313\site-packages\sqlalchemy\orm\unitofwork.py:642: in execute
    util.preloaded.orm_persistence.save_obj(
..\..\..\AppData\Roaming\Python\Python313\site-packages\sqlalchemy\orm\persistence.py:93: in save_obj
    _emit_insert_statements(
..\..\..\AppData\Roaming\Python\Python313\site-packages\sqlalchemy\orm\persistence.py:1143: in _emit_insert_statements
    result = connection.execute(
..\..\..\AppData\Roaming\Python\Python313\site-packages\sqlalchemy\engine\base.py:1419: in execute
    return meth(
..\..\..\AppData\Roaming\Python\Python313\site-packages\sqlalchemy\sql\elements.py:526: in _execute_on_connection
    return connection._execute_clauseelement(
..\..\..\AppData\Roaming\Python\Python313\site-packages\sqlalchemy\engine\base.py:1641: in _execute_clauseelement
    ret = self._execute_context(
..\..\..\AppData\Roaming\Python\Python313\site-packages\sqlalchemy\engine\base.py:1844: in _execute_context
    return self._exec_insertmany_context(dialect, context)
           ^^^^^^^^^^^^^^^^^^^^^^^^^^^^^^^^^^^^^^^^^^^^^^^
..\..\..\AppData\Roaming\Python\Python313\site-packages\sqlalchemy\engine\base.py:2126: in _exec_insertmany_context
    self._handle_dbapi_exception(
..\..\..\AppData\Roaming\Python\Python313\site-packages\sqlalchemy\engine\base.py:2355: in _handle_dbapi_exception
    raise sqlalchemy_exception.with_traceback(exc_info[2]) from e
..\..\..\AppData\Roaming\Python\Python313\site-packages\sqlalchemy\engine\base.py:2118: in _exec_insertmany_context
    dialect.do_execute(
..\..\..\AppData\Roaming\Python\Python313\site-packages\sqlalchemy\engine\default.py:951: in do_execute
    cursor.execute(statement, parameters)
E   sqlalchemy.exc.IntegrityError: (sqlite3.IntegrityError) UNIQUE constraint failed: taxonomy_nodes.slug
E   [SQL: INSERT INTO taxonomy_nodes (id, name, slug, parent_id, level, path, description, resource_count, descendant_resource_count, is_leaf, allow_resources) VALUES (?, ?, ?, ?, ?, ?, ?, ?, ?, ?, ?), (?, ?, ?, ?, ?, ?, ?, ?, ?, ?, ?) RETURNING created_at, updated_at, id]
E   [parameters: ('6d7c3cc4-7221-4edd-b1b5-661042cb0047', 'Computer Science', 'computer-science', None, 0, '/computer-science', None, 0, 0, False, True, '43b9a822-8a6c-4f1f-b996-908d37884fa2', 'Machine Learning', 'machine-learning', '6d7c3cc4-7221-4edd-b1b5-661042cb0047', 1, '/computer-science/machine-learning', None, 0, 0, True, True)]
E   (Background on this error at: https://sqlalche.me/e/20/gkpj)
---------------------------- Captured stdout setup ----------------------------
2025-11-18 13:41:51,613 INFO sqlalchemy.engine.Engine BEGIN (implicit)
2025-11-18 13:41:51,614 INFO sqlalchemy.engine.Engine PRAGMA main.table_info("resources")
2025-11-18 13:41:51,614 INFO sqlalchemy.engine.Engine [raw sql] ()
2025-11-18 13:41:51,615 INFO sqlalchemy.engine.Engine PRAGMA main.table_info("classification_codes")
2025-11-18 13:41:51,615 INFO sqlalchemy.engine.Engine [raw sql] ()
2025-11-18 13:41:51,617 INFO sqlalchemy.engine.Engine PRAGMA main.table_info("authority_subjects")
2025-11-18 13:41:51,618 INFO sqlalchemy.engine.Engine [raw sql] ()
2025-11-18 13:41:51,619 INFO sqlalchemy.engine.Engine PRAGMA main.table_info("authority_creators")
2025-11-18 13:41:51,621 INFO sqlalchemy.engine.Engine [raw sql] ()
2025-11-18 13:41:51,621 INFO sqlalchemy.engine.Engine PRAGMA main.table_info("authority_publishers")
2025-11-18 13:41:51,621 INFO sqlalchemy.engine.Engine [raw sql] ()
2025-11-18 13:41:51,622 INFO sqlalchemy.engine.Engine PRAGMA main.table_info("citations")
2025-11-18 13:41:51,622 INFO sqlalchemy.engine.Engine [raw sql] ()
2025-11-18 13:41:51,622 INFO sqlalchemy.engine.Engine PRAGMA main.table_info("collection_resources")
2025-11-18 13:41:51,622 INFO sqlalchemy.engine.Engine [raw sql] ()
2025-11-18 13:41:51,623 INFO sqlalchemy.engine.Engine PRAGMA main.table_info("collections")
2025-11-18 13:41:51,623 INFO sqlalchemy.engine.Engine [raw sql] ()
2025-11-18 13:41:51,624 INFO sqlalchemy.engine.Engine PRAGMA main.table_info("taxonomy_nodes")
2025-11-18 13:41:51,624 INFO sqlalchemy.engine.Engine [raw sql] ()
2025-11-18 13:41:51,624 INFO sqlalchemy.engine.Engine PRAGMA main.table_info("resource_taxonomy")
2025-11-18 13:41:51,625 INFO sqlalchemy.engine.Engine [raw sql] ()
2025-11-18 13:41:51,625 INFO sqlalchemy.engine.Engine PRAGMA main.table_info("annotations")
2025-11-18 13:41:51,625 INFO sqlalchemy.engine.Engine [raw sql] ()
2025-11-18 13:41:51,625 INFO sqlalchemy.engine.Engine PRAGMA main.table_info("graph_edges")
2025-11-18 13:41:51,626 INFO sqlalchemy.engine.Engine [raw sql] ()
2025-11-18 13:41:51,626 INFO sqlalchemy.engine.Engine PRAGMA main.table_info("graph_embeddings")
2025-11-18 13:41:51,626 INFO sqlalchemy.engine.Engine [raw sql] ()
2025-11-18 13:41:51,626 INFO sqlalchemy.engine.Engine PRAGMA main.table_info("discovery_hypotheses")
2025-11-18 13:41:51,626 INFO sqlalchemy.engine.Engine [raw sql] ()
2025-11-18 13:41:51,626 INFO sqlalchemy.engine.Engine PRAGMA main.table_info("users")
2025-11-18 13:41:51,626 INFO sqlalchemy.engine.Engine [raw sql] ()
2025-11-18 13:41:51,627 INFO sqlalchemy.engine.Engine PRAGMA main.table_info("user_profiles")
2025-11-18 13:41:51,627 INFO sqlalchemy.engine.Engine [raw sql] ()
2025-11-18 13:41:51,627 INFO sqlalchemy.engine.Engine PRAGMA main.table_info("user_interactions")
2025-11-18 13:41:51,628 INFO sqlalchemy.engine.Engine [raw sql] ()
2025-11-18 13:41:51,629 INFO sqlalchemy.engine.Engine PRAGMA main.table_info("recommendation_feedback")
2025-11-18 13:41:51,629 INFO sqlalchemy.engine.Engine [raw sql] ()
2025-11-18 13:41:51,629 INFO sqlalchemy.engine.Engine PRAGMA main.table_info("model_versions")
2025-11-18 13:41:51,629 INFO sqlalchemy.engine.Engine [raw sql] ()
2025-11-18 13:41:51,630 INFO sqlalchemy.engine.Engine PRAGMA main.table_info("ab_test_experiments")
2025-11-18 13:41:51,630 INFO sqlalchemy.engine.Engine [raw sql] ()
2025-11-18 13:41:51,631 INFO sqlalchemy.engine.Engine PRAGMA main.table_info("prediction_logs")
2025-11-18 13:41:51,631 INFO sqlalchemy.engine.Engine [raw sql] ()
2025-11-18 13:41:51,631 INFO sqlalchemy.engine.Engine PRAGMA main.table_info("retraining_runs")
2025-11-18 13:41:51,632 INFO sqlalchemy.engine.Engine [raw sql] ()
2025-11-18 13:41:51,632 INFO sqlalchemy.engine.Engine COMMIT
2025-11-18 13:41:51,633 INFO sqlalchemy.engine.Engine BEGIN (implicit)
2025-11-18 13:41:51,633 INFO sqlalchemy.engine.Engine PRAGMA main.table_info("resources")
2025-11-18 13:41:51,633 INFO sqlalchemy.engine.Engine [raw sql] ()
2025-11-18 13:41:51,634 INFO sqlalchemy.engine.Engine PRAGMA main.table_info("classification_codes")
2025-11-18 13:41:51,634 INFO sqlalchemy.engine.Engine [raw sql] ()
2025-11-18 13:41:51,635 INFO sqlalchemy.engine.Engine PRAGMA main.table_info("authority_subjects")
2025-11-18 13:41:51,635 INFO sqlalchemy.engine.Engine [raw sql] ()
2025-11-18 13:41:51,635 INFO sqlalchemy.engine.Engine PRAGMA main.table_info("authority_creators")
2025-11-18 13:41:51,636 INFO sqlalchemy.engine.Engine [raw sql] ()
2025-11-18 13:41:51,636 INFO sqlalchemy.engine.Engine PRAGMA main.table_info("authority_publishers")
2025-11-18 13:41:51,636 INFO sqlalchemy.engine.Engine [raw sql] ()
2025-11-18 13:41:51,636 INFO sqlalchemy.engine.Engine PRAGMA main.table_info("citations")
2025-11-18 13:41:51,636 INFO sqlalchemy.engine.Engine [raw sql] ()
2025-11-18 13:41:51,637 INFO sqlalchemy.engine.Engine PRAGMA main.table_info("collection_resources")
2025-11-18 13:41:51,637 INFO sqlalchemy.engine.Engine [raw sql] ()
2025-11-18 13:41:51,637 INFO sqlalchemy.engine.Engine PRAGMA main.table_info("collections")
2025-11-18 13:41:51,637 INFO sqlalchemy.engine.Engine [raw sql] ()
2025-11-18 13:41:51,639 INFO sqlalchemy.engine.Engine PRAGMA main.table_info("taxonomy_nodes")
2025-11-18 13:41:51,639 INFO sqlalchemy.engine.Engine [raw sql] ()
2025-11-18 13:41:51,639 INFO sqlalchemy.engine.Engine PRAGMA main.table_info("resource_taxonomy")
2025-11-18 13:41:51,639 INFO sqlalchemy.engine.Engine [raw sql] ()
2025-11-18 13:41:51,640 INFO sqlalchemy.engine.Engine PRAGMA main.table_info("annotations")
2025-11-18 13:41:51,640 INFO sqlalchemy.engine.Engine [raw sql] ()
2025-11-18 13:41:51,640 INFO sqlalchemy.engine.Engine PRAGMA main.table_info("graph_edges")
2025-11-18 13:41:51,641 INFO sqlalchemy.engine.Engine [raw sql] ()
2025-11-18 13:41:51,641 INFO sqlalchemy.engine.Engine PRAGMA main.table_info("graph_embeddings")
2025-11-18 13:41:51,641 INFO sqlalchemy.engine.Engine [raw sql] ()
2025-11-18 13:41:51,642 INFO sqlalchemy.engine.Engine PRAGMA main.table_info("discovery_hypotheses")
2025-11-18 13:41:51,642 INFO sqlalchemy.engine.Engine [raw sql] ()
2025-11-18 13:41:51,643 INFO sqlalchemy.engine.Engine PRAGMA main.table_info("users")
2025-11-18 13:41:51,643 INFO sqlalchemy.engine.Engine [raw sql] ()
2025-11-18 13:41:51,644 INFO sqlalchemy.engine.Engine PRAGMA main.table_info("user_profiles")
2025-11-18 13:41:51,644 INFO sqlalchemy.engine.Engine [raw sql] ()
2025-11-18 13:41:51,645 INFO sqlalchemy.engine.Engine PRAGMA main.table_info("user_interactions")
2025-11-18 13:41:51,645 INFO sqlalchemy.engine.Engine [raw sql] ()
2025-11-18 13:41:51,646 INFO sqlalchemy.engine.Engine PRAGMA main.table_info("recommendation_feedback")
2025-11-18 13:41:51,647 INFO sqlalchemy.engine.Engine [raw sql] ()
2025-11-18 13:41:51,647 INFO sqlalchemy.engine.Engine PRAGMA main.table_info("model_versions")
2025-11-18 13:41:51,648 INFO sqlalchemy.engine.Engine [raw sql] ()
2025-11-18 13:41:51,648 INFO sqlalchemy.engine.Engine PRAGMA main.table_info("ab_test_experiments")
2025-11-18 13:41:51,648 INFO sqlalchemy.engine.Engine [raw sql] ()
2025-11-18 13:41:51,649 INFO sqlalchemy.engine.Engine PRAGMA main.table_info("prediction_logs")
2025-11-18 13:41:51,649 INFO sqlalchemy.engine.Engine [raw sql] ()
2025-11-18 13:41:51,649 INFO sqlalchemy.engine.Engine PRAGMA main.table_info("retraining_runs")
2025-11-18 13:41:51,649 INFO sqlalchemy.engine.Engine [raw sql] ()
2025-11-18 13:41:51,650 INFO sqlalchemy.engine.Engine COMMIT
2025-11-18 13:41:51,650 INFO sqlalchemy.engine.Engine BEGIN (implicit)
2025-11-18 13:41:51,651 INFO sqlalchemy.engine.Engine INSERT INTO resources (id, title, description, creator, publisher, contributor, date_created, date_modified, type, format, identifier, source, language, coverage, rights, subject, relation, classification_code, read_status, quality_score, ingestion_status, ingestion_error, ingestion_started_at, ingestion_completed_at, embedding, sparse_embedding, sparse_embedding_model, sparse_embedding_updated_at, authors, affiliations, doi, pmid, arxiv_id, isbn, journal, conference, volume, issue, pages, publication_year, funding_sources, acknowledgments, equation_count, table_count, figure_count, reference_count, equations, tables, figures, metadata_completeness_score, extraction_confidence, requires_manual_review, quality_accuracy, quality_completeness, quality_consistency, quality_timeliness, quality_relevance, quality_overall, quality_weights, quality_last_computed, quality_computation_version, is_quality_outlier, outlier_score, outlier_reasons, needs_quality_review, summary_coherence, summary_consistency, summary_fluency, summary_relevance, is_ocr_processed, ocr_confidence, ocr_corrections_applied) VALUES (?, ?, ?, ?, ?, ?, ?, ?, ?, ?, ?, ?, ?, ?, ?, ?, ?, ?, ?, ?, ?, ?, ?, ?, ?, ?, ?, ?, ?, ?, ?, ?, ?, ?, ?, ?, ?, ?, ?, ?, ?, ?, ?, ?, ?, ?, ?, ?, ?, ?, ?, ?, ?, ?, ?, ?, ?, ?, ?, ?, ?, ?, ?, ?, ?, ?, ?, ?, ?, ?, ?, ?) RETURNING created_at, updated_at
2025-11-18 13:41:51,652 INFO sqlalchemy.engine.Engine [cached since 1.496s ago] ('c78fa2f1-84f7-43da-beea-d994fab66fd3', 'Test Resource', 'A test resource for classification', None, None, None, None, None, None, None, None, 'https://example.com/test', None, None, None, '[]', '[]', None, 'unread', 0.0, 'pending', None, None, None, '[]', None, None, None, None, None, None, None, None, None, None, None, None, None, None, None, None, None, 0, 0, 0, None, None, None, None, None, None, 0, None, None, None, None, None, None, None, None, None, 0, None, None, 0, None, None, None, None, 0, None, None)
2025-11-18 13:41:51,654 INFO sqlalchemy.engine.Engine COMMIT
2025-11-18 13:41:51,663 INFO sqlalchemy.engine.Engine BEGIN (implicit)
2025-11-18 13:41:51,663 INFO sqlalchemy.engine.Engine SELECT resources.id, resources.title, resources.description, resources.creator, resources.publisher, resources.contributor, resources.date_created, resources.date_modified, resources.type, resources.format, resources.identifier, resources.source, resources.language, resources.coverage, resources.rights, resources.subject, resources.relation, resources.classification_code, resources.read_status, resources.quality_score, resources.ingestion_status, resources.ingestion_error, resources.ingestion_started_at, resources.ingestion_completed_at, resources.embedding, resources.sparse_embedding, resources.sparse_embedding_model, resources.sparse_embedding_updated_at, resources.authors, resources.affiliations, resources.doi, resources.pmid, resources.arxiv_id, resources.isbn, resources.journal, resources.conference, resources.volume, resources.issue, resources.pages, resources.publication_year, resources.funding_sources, resources.acknowledgments, resources.equation_count, resources.table_count, resources.figure_count, resources.reference_count, resources.equations, resources.tables, resources.figures, resources.metadata_completeness_score, resources.extraction_confidence, resources.requires_manual_review, resources.quality_accuracy, resources.quality_completeness, resources.quality_consistency, resources.quality_timeliness, resources.quality_relevance, resources.quality_overall, resources.quality_weights, resources.quality_last_computed, resources.quality_computation_version, resources.is_quality_outlier, resources.outlier_score, resources.outlier_reasons, resources.needs_quality_review, resources.summary_coherence, resources.summary_consistency, resources.summary_fluency, resources.summary_relevance, resources.is_ocr_processed, resources.ocr_confidence, resources.ocr_corrections_applied, resources.created_at, resources.updated_at 
FROM resources 
WHERE resources.id = ?
2025-11-18 13:41:51,664 INFO sqlalchemy.engine.Engine [cached since 1.497s ago] ('c78fa2f1-84f7-43da-beea-d994fab66fd3',)
2025-11-18 13:41:51,666 INFO sqlalchemy.engine.Engine BEGIN (implicit)
2025-11-18 13:41:51,666 INFO sqlalchemy.engine.Engine PRAGMA main.table_info("resources")
2025-11-18 13:41:51,667 INFO sqlalchemy.engine.Engine [raw sql] ()
2025-11-18 13:41:51,668 INFO sqlalchemy.engine.Engine PRAGMA main.table_info("classification_codes")
2025-11-18 13:41:51,668 INFO sqlalchemy.engine.Engine [raw sql] ()
2025-11-18 13:41:51,668 INFO sqlalchemy.engine.Engine PRAGMA main.table_info("authority_subjects")
2025-11-18 13:41:51,669 INFO sqlalchemy.engine.Engine [raw sql] ()
2025-11-18 13:41:51,669 INFO sqlalchemy.engine.Engine PRAGMA main.table_info("authority_creators")
2025-11-18 13:41:51,669 INFO sqlalchemy.engine.Engine [raw sql] ()
2025-11-18 13:41:51,670 INFO sqlalchemy.engine.Engine PRAGMA main.table_info("authority_publishers")
2025-11-18 13:41:51,670 INFO sqlalchemy.engine.Engine [raw sql] ()
2025-11-18 13:41:51,671 INFO sqlalchemy.engine.Engine PRAGMA main.table_info("citations")
2025-11-18 13:41:51,671 INFO sqlalchemy.engine.Engine [raw sql] ()
2025-11-18 13:41:51,672 INFO sqlalchemy.engine.Engine PRAGMA main.table_info("collection_resources")
2025-11-18 13:41:51,672 INFO sqlalchemy.engine.Engine [raw sql] ()
2025-11-18 13:41:51,672 INFO sqlalchemy.engine.Engine PRAGMA main.table_info("collections")
2025-11-18 13:41:51,672 INFO sqlalchemy.engine.Engine [raw sql] ()
2025-11-18 13:41:51,673 INFO sqlalchemy.engine.Engine PRAGMA main.table_info("taxonomy_nodes")
2025-11-18 13:41:51,673 INFO sqlalchemy.engine.Engine [raw sql] ()
2025-11-18 13:41:51,673 INFO sqlalchemy.engine.Engine PRAGMA main.table_info("resource_taxonomy")
2025-11-18 13:41:51,673 INFO sqlalchemy.engine.Engine [raw sql] ()
2025-11-18 13:41:51,673 INFO sqlalchemy.engine.Engine PRAGMA main.table_info("annotations")
2025-11-18 13:41:51,673 INFO sqlalchemy.engine.Engine [raw sql] ()
2025-11-18 13:41:51,674 INFO sqlalchemy.engine.Engine PRAGMA main.table_info("graph_edges")
2025-11-18 13:41:51,674 INFO sqlalchemy.engine.Engine [raw sql] ()
2025-11-18 13:41:51,676 INFO sqlalchemy.engine.Engine PRAGMA main.table_info("graph_embeddings")
2025-11-18 13:41:51,677 INFO sqlalchemy.engine.Engine [raw sql] ()
2025-11-18 13:41:51,677 INFO sqlalchemy.engine.Engine PRAGMA main.table_info("discovery_hypotheses")
2025-11-18 13:41:51,677 INFO sqlalchemy.engine.Engine [raw sql] ()
2025-11-18 13:41:51,678 INFO sqlalchemy.engine.Engine PRAGMA main.table_info("users")
2025-11-18 13:41:51,679 INFO sqlalchemy.engine.Engine [raw sql] ()
2025-11-18 13:41:51,680 INFO sqlalchemy.engine.Engine PRAGMA main.table_info("user_profiles")
2025-11-18 13:41:51,680 INFO sqlalchemy.engine.Engine [raw sql] ()
2025-11-18 13:41:51,680 INFO sqlalchemy.engine.Engine PRAGMA main.table_info("user_interactions")
2025-11-18 13:41:51,681 INFO sqlalchemy.engine.Engine [raw sql] ()
2025-11-18 13:41:51,681 INFO sqlalchemy.engine.Engine PRAGMA main.table_info("recommendation_feedback")
2025-11-18 13:41:51,681 INFO sqlalchemy.engine.Engine [raw sql] ()
2025-11-18 13:41:51,681 INFO sqlalchemy.engine.Engine PRAGMA main.table_info("model_versions")
2025-11-18 13:41:51,682 INFO sqlalchemy.engine.Engine [raw sql] ()
2025-11-18 13:41:51,682 INFO sqlalchemy.engine.Engine PRAGMA main.table_info("ab_test_experiments")
2025-11-18 13:41:51,682 INFO sqlalchemy.engine.Engine [raw sql] ()
2025-11-18 13:41:51,683 INFO sqlalchemy.engine.Engine PRAGMA main.table_info("prediction_logs")
2025-11-18 13:41:51,683 INFO sqlalchemy.engine.Engine [raw sql] ()
2025-11-18 13:41:51,683 INFO sqlalchemy.engine.Engine PRAGMA main.table_info("retraining_runs")
2025-11-18 13:41:51,683 INFO sqlalchemy.engine.Engine [raw sql] ()
2025-11-18 13:41:51,684 INFO sqlalchemy.engine.Engine COMMIT
2025-11-18 13:41:51,684 INFO sqlalchemy.engine.Engine BEGIN (implicit)
2025-11-18 13:41:51,684 INFO sqlalchemy.engine.Engine PRAGMA main.table_info("resources")
2025-11-18 13:41:51,684 INFO sqlalchemy.engine.Engine [raw sql] ()
2025-11-18 13:41:51,685 INFO sqlalchemy.engine.Engine PRAGMA main.table_info("classification_codes")
2025-11-18 13:41:51,685 INFO sqlalchemy.engine.Engine [raw sql] ()
2025-11-18 13:41:51,686 INFO sqlalchemy.engine.Engine PRAGMA main.table_info("authority_subjects")
2025-11-18 13:41:51,686 INFO sqlalchemy.engine.Engine [raw sql] ()
2025-11-18 13:41:51,686 INFO sqlalchemy.engine.Engine PRAGMA main.table_info("authority_creators")
2025-11-18 13:41:51,687 INFO sqlalchemy.engine.Engine [raw sql] ()
2025-11-18 13:41:51,687 INFO sqlalchemy.engine.Engine PRAGMA main.table_info("authority_publishers")
2025-11-18 13:41:51,687 INFO sqlalchemy.engine.Engine [raw sql] ()
2025-11-18 13:41:51,688 INFO sqlalchemy.engine.Engine PRAGMA main.table_info("citations")
2025-11-18 13:41:51,688 INFO sqlalchemy.engine.Engine [raw sql] ()
2025-11-18 13:41:51,688 INFO sqlalchemy.engine.Engine PRAGMA main.table_info("collection_resources")
2025-11-18 13:41:51,689 INFO sqlalchemy.engine.Engine [raw sql] ()
2025-11-18 13:41:51,689 INFO sqlalchemy.engine.Engine PRAGMA main.table_info("collections")
2025-11-18 13:41:51,689 INFO sqlalchemy.engine.Engine [raw sql] ()
2025-11-18 13:41:51,689 INFO sqlalchemy.engine.Engine PRAGMA main.table_info("taxonomy_nodes")
2025-11-18 13:41:51,689 INFO sqlalchemy.engine.Engine [raw sql] ()
2025-11-18 13:41:51,690 INFO sqlalchemy.engine.Engine PRAGMA main.table_info("resource_taxonomy")
2025-11-18 13:41:51,690 INFO sqlalchemy.engine.Engine [raw sql] ()
2025-11-18 13:41:51,691 INFO sqlalchemy.engine.Engine PRAGMA main.table_info("annotations")
2025-11-18 13:41:51,691 INFO sqlalchemy.engine.Engine [raw sql] ()
2025-11-18 13:41:51,692 INFO sqlalchemy.engine.Engine PRAGMA main.table_info("graph_edges")
2025-11-18 13:41:51,692 INFO sqlalchemy.engine.Engine [raw sql] ()
2025-11-18 13:41:51,692 INFO sqlalchemy.engine.Engine PRAGMA main.table_info("graph_embeddings")
2025-11-18 13:41:51,692 INFO sqlalchemy.engine.Engine [raw sql] ()
2025-11-18 13:41:51,692 INFO sqlalchemy.engine.Engine PRAGMA main.table_info("discovery_hypotheses")
2025-11-18 13:41:51,693 INFO sqlalchemy.engine.Engine [raw sql] ()
2025-11-18 13:41:51,693 INFO sqlalchemy.engine.Engine PRAGMA main.table_info("users")
2025-11-18 13:41:51,693 INFO sqlalchemy.engine.Engine [raw sql] ()
2025-11-18 13:41:51,694 INFO sqlalchemy.engine.Engine PRAGMA main.table_info("user_profiles")
2025-11-18 13:41:51,694 INFO sqlalchemy.engine.Engine [raw sql] ()
2025-11-18 13:41:51,694 INFO sqlalchemy.engine.Engine PRAGMA main.table_info("user_interactions")
2025-11-18 13:41:51,694 INFO sqlalchemy.engine.Engine [raw sql] ()
2025-11-18 13:41:51,694 INFO sqlalchemy.engine.Engine PRAGMA main.table_info("recommendation_feedback")
2025-11-18 13:41:51,694 INFO sqlalchemy.engine.Engine [raw sql] ()
2025-11-18 13:41:51,695 INFO sqlalchemy.engine.Engine PRAGMA main.table_info("model_versions")
2025-11-18 13:41:51,695 INFO sqlalchemy.engine.Engine [raw sql] ()
2025-11-18 13:41:51,695 INFO sqlalchemy.engine.Engine PRAGMA main.table_info("ab_test_experiments")
2025-11-18 13:41:51,696 INFO sqlalchemy.engine.Engine [raw sql] ()
2025-11-18 13:41:51,696 INFO sqlalchemy.engine.Engine PRAGMA main.table_info("prediction_logs")
2025-11-18 13:41:51,696 INFO sqlalchemy.engine.Engine [raw sql] ()
2025-11-18 13:41:51,696 INFO sqlalchemy.engine.Engine PRAGMA main.table_info("retraining_runs")
2025-11-18 13:41:51,696 INFO sqlalchemy.engine.Engine [raw sql] ()
2025-11-18 13:41:51,697 INFO sqlalchemy.engine.Engine COMMIT
2025-11-18 13:41:51,698 INFO sqlalchemy.engine.Engine INSERT INTO taxonomy_nodes (id, name, slug, parent_id, level, path, description, resource_count, descendant_resource_count, is_leaf, allow_resources) VALUES (?, ?, ?, ?, ?, ?, ?, ?, ?, ?, ?), (?, ?, ?, ?, ?, ?, ?, ?, ?, ?, ?) RETURNING created_at, updated_at, id
2025-11-18 13:41:51,698 INFO sqlalchemy.engine.Engine [cached since 1.464s ago (insertmanyvalues) 1/1 (ordered)] ('6d7c3cc4-7221-4edd-b1b5-661042cb0047', 'Computer Science', 'computer-science', None, 0, '/computer-science', None, 0, 0, False, True, '43b9a822-8a6c-4f1f-b996-908d37884fa2', 'Machine Learning', 'machine-learning', '6d7c3cc4-7221-4edd-b1b5-661042cb0047', 1, '/computer-science/machine-learning', None, 0, 0, True, True)
2025-11-18 13:41:51,700 INFO sqlalchemy.engine.Engine ROLLBACK
---------------------------- Captured stderr setup ----------------------------
2025-11-18 13:41:51,613 - sqlalchemy.engine.Engine - INFO - BEGIN (implicit)
2025-11-18 13:41:51,614 - sqlalchemy.engine.Engine - INFO - PRAGMA main.table_info("resources")
2025-11-18 13:41:51,614 - sqlalchemy.engine.Engine - INFO - [raw sql] ()
2025-11-18 13:41:51,615 - sqlalchemy.engine.Engine - INFO - PRAGMA main.table_info("classification_codes")
2025-11-18 13:41:51,615 - sqlalchemy.engine.Engine - INFO - [raw sql] ()
2025-11-18 13:41:51,617 - sqlalchemy.engine.Engine - INFO - PRAGMA main.table_info("authority_subjects")
2025-11-18 13:41:51,618 - sqlalchemy.engine.Engine - INFO - [raw sql] ()
2025-11-18 13:41:51,619 - sqlalchemy.engine.Engine - INFO - PRAGMA main.table_info("authority_creators")
2025-11-18 13:41:51,621 - sqlalchemy.engine.Engine - INFO - [raw sql] ()
2025-11-18 13:41:51,621 - sqlalchemy.engine.Engine - INFO - PRAGMA main.table_info("authority_publishers")
2025-11-18 13:41:51,621 - sqlalchemy.engine.Engine - INFO - [raw sql] ()
2025-11-18 13:41:51,622 - sqlalchemy.engine.Engine - INFO - PRAGMA main.table_info("citations")
2025-11-18 13:41:51,622 - sqlalchemy.engine.Engine - INFO - [raw sql] ()
2025-11-18 13:41:51,622 - sqlalchemy.engine.Engine - INFO - PRAGMA main.table_info("collection_resources")
2025-11-18 13:41:51,622 - sqlalchemy.engine.Engine - INFO - [raw sql] ()
2025-11-18 13:41:51,623 - sqlalchemy.engine.Engine - INFO - PRAGMA main.table_info("collections")
2025-11-18 13:41:51,623 - sqlalchemy.engine.Engine - INFO - [raw sql] ()
2025-11-18 13:41:51,624 - sqlalchemy.engine.Engine - INFO - PRAGMA main.table_info("taxonomy_nodes")
2025-11-18 13:41:51,624 - sqlalchemy.engine.Engine - INFO - [raw sql] ()
2025-11-18 13:41:51,624 - sqlalchemy.engine.Engine - INFO - PRAGMA main.table_info("resource_taxonomy")
2025-11-18 13:41:51,625 - sqlalchemy.engine.Engine - INFO - [raw sql] ()
2025-11-18 13:41:51,625 - sqlalchemy.engine.Engine - INFO - PRAGMA main.table_info("annotations")
2025-11-18 13:41:51,625 - sqlalchemy.engine.Engine - INFO - [raw sql] ()
2025-11-18 13:41:51,625 - sqlalchemy.engine.Engine - INFO - PRAGMA main.table_info("graph_edges")
2025-11-18 13:41:51,626 - sqlalchemy.engine.Engine - INFO - [raw sql] ()
2025-11-18 13:41:51,626 - sqlalchemy.engine.Engine - INFO - PRAGMA main.table_info("graph_embeddings")
2025-11-18 13:41:51,626 - sqlalchemy.engine.Engine - INFO - [raw sql] ()
2025-11-18 13:41:51,626 - sqlalchemy.engine.Engine - INFO - PRAGMA main.table_info("discovery_hypotheses")
2025-11-18 13:41:51,626 - sqlalchemy.engine.Engine - INFO - [raw sql] ()
2025-11-18 13:41:51,626 - sqlalchemy.engine.Engine - INFO - PRAGMA main.table_info("users")
2025-11-18 13:41:51,626 - sqlalchemy.engine.Engine - INFO - [raw sql] ()
2025-11-18 13:41:51,627 - sqlalchemy.engine.Engine - INFO - PRAGMA main.table_info("user_profiles")
2025-11-18 13:41:51,627 - sqlalchemy.engine.Engine - INFO - [raw sql] ()
2025-11-18 13:41:51,627 - sqlalchemy.engine.Engine - INFO - PRAGMA main.table_info("user_interactions")
2025-11-18 13:41:51,628 - sqlalchemy.engine.Engine - INFO - [raw sql] ()
2025-11-18 13:41:51,629 - sqlalchemy.engine.Engine - INFO - PRAGMA main.table_info("recommendation_feedback")
2025-11-18 13:41:51,629 - sqlalchemy.engine.Engine - INFO - [raw sql] ()
2025-11-18 13:41:51,629 - sqlalchemy.engine.Engine - INFO - PRAGMA main.table_info("model_versions")
2025-11-18 13:41:51,629 - sqlalchemy.engine.Engine - INFO - [raw sql] ()
2025-11-18 13:41:51,630 - sqlalchemy.engine.Engine - INFO - PRAGMA main.table_info("ab_test_experiments")
2025-11-18 13:41:51,630 - sqlalchemy.engine.Engine - INFO - [raw sql] ()
2025-11-18 13:41:51,631 - sqlalchemy.engine.Engine - INFO - PRAGMA main.table_info("prediction_logs")
2025-11-18 13:41:51,631 - sqlalchemy.engine.Engine - INFO - [raw sql] ()
2025-11-18 13:41:51,631 - sqlalchemy.engine.Engine - INFO - PRAGMA main.table_info("retraining_runs")
2025-11-18 13:41:51,632 - sqlalchemy.engine.Engine - INFO - [raw sql] ()
2025-11-18 13:41:51,632 - sqlalchemy.engine.Engine - INFO - COMMIT
2025-11-18 13:41:51,633 - sqlalchemy.engine.Engine - INFO - BEGIN (implicit)
2025-11-18 13:41:51,633 - sqlalchemy.engine.Engine - INFO - PRAGMA main.table_info("resources")
2025-11-18 13:41:51,633 - sqlalchemy.engine.Engine - INFO - [raw sql] ()
2025-11-18 13:41:51,634 - sqlalchemy.engine.Engine - INFO - PRAGMA main.table_info("classification_codes")
2025-11-18 13:41:51,634 - sqlalchemy.engine.Engine - INFO - [raw sql] ()
2025-11-18 13:41:51,635 - sqlalchemy.engine.Engine - INFO - PRAGMA main.table_info("authority_subjects")
2025-11-18 13:41:51,635 - sqlalchemy.engine.Engine - INFO - [raw sql] ()
2025-11-18 13:41:51,635 - sqlalchemy.engine.Engine - INFO - PRAGMA main.table_info("authority_creators")
2025-11-18 13:41:51,636 - sqlalchemy.engine.Engine - INFO - [raw sql] ()
2025-11-18 13:41:51,636 - sqlalchemy.engine.Engine - INFO - PRAGMA main.table_info("authority_publishers")
2025-11-18 13:41:51,636 - sqlalchemy.engine.Engine - INFO - [raw sql] ()
2025-11-18 13:41:51,636 - sqlalchemy.engine.Engine - INFO - PRAGMA main.table_info("citations")
2025-11-18 13:41:51,636 - sqlalchemy.engine.Engine - INFO - [raw sql] ()
2025-11-18 13:41:51,637 - sqlalchemy.engine.Engine - INFO - PRAGMA main.table_info("collection_resources")
2025-11-18 13:41:51,637 - sqlalchemy.engine.Engine - INFO - [raw sql] ()
2025-11-18 13:41:51,637 - sqlalchemy.engine.Engine - INFO - PRAGMA main.table_info("collections")
2025-11-18 13:41:51,637 - sqlalchemy.engine.Engine - INFO - [raw sql] ()
2025-11-18 13:41:51,639 - sqlalchemy.engine.Engine - INFO - PRAGMA main.table_info("taxonomy_nodes")
2025-11-18 13:41:51,639 - sqlalchemy.engine.Engine - INFO - [raw sql] ()
2025-11-18 13:41:51,639 - sqlalchemy.engine.Engine - INFO - PRAGMA main.table_info("resource_taxonomy")
2025-11-18 13:41:51,639 - sqlalchemy.engine.Engine - INFO - [raw sql] ()
2025-11-18 13:41:51,640 - sqlalchemy.engine.Engine - INFO - PRAGMA main.table_info("annotations")
2025-11-18 13:41:51,640 - sqlalchemy.engine.Engine - INFO - [raw sql] ()
2025-11-18 13:41:51,640 - sqlalchemy.engine.Engine - INFO - PRAGMA main.table_info("graph_edges")
2025-11-18 13:41:51,641 - sqlalchemy.engine.Engine - INFO - [raw sql] ()
2025-11-18 13:41:51,641 - sqlalchemy.engine.Engine - INFO - PRAGMA main.table_info("graph_embeddings")
2025-11-18 13:41:51,641 - sqlalchemy.engine.Engine - INFO - [raw sql] ()
2025-11-18 13:41:51,642 - sqlalchemy.engine.Engine - INFO - PRAGMA main.table_info("discovery_hypotheses")
2025-11-18 13:41:51,642 - sqlalchemy.engine.Engine - INFO - [raw sql] ()
2025-11-18 13:41:51,643 - sqlalchemy.engine.Engine - INFO - PRAGMA main.table_info("users")
2025-11-18 13:41:51,643 - sqlalchemy.engine.Engine - INFO - [raw sql] ()
2025-11-18 13:41:51,644 - sqlalchemy.engine.Engine - INFO - PRAGMA main.table_info("user_profiles")
2025-11-18 13:41:51,644 - sqlalchemy.engine.Engine - INFO - [raw sql] ()
2025-11-18 13:41:51,645 - sqlalchemy.engine.Engine - INFO - PRAGMA main.table_info("user_interactions")
2025-11-18 13:41:51,645 - sqlalchemy.engine.Engine - INFO - [raw sql] ()
2025-11-18 13:41:51,646 - sqlalchemy.engine.Engine - INFO - PRAGMA main.table_info("recommendation_feedback")
2025-11-18 13:41:51,647 - sqlalchemy.engine.Engine - INFO - [raw sql] ()
2025-11-18 13:41:51,647 - sqlalchemy.engine.Engine - INFO - PRAGMA main.table_info("model_versions")
2025-11-18 13:41:51,648 - sqlalchemy.engine.Engine - INFO - [raw sql] ()
2025-11-18 13:41:51,648 - sqlalchemy.engine.Engine - INFO - PRAGMA main.table_info("ab_test_experiments")
2025-11-18 13:41:51,648 - sqlalchemy.engine.Engine - INFO - [raw sql] ()
2025-11-18 13:41:51,649 - sqlalchemy.engine.Engine - INFO - PRAGMA main.table_info("prediction_logs")
2025-11-18 13:41:51,649 - sqlalchemy.engine.Engine - INFO - [raw sql] ()
2025-11-18 13:41:51,649 - sqlalchemy.engine.Engine - INFO - PRAGMA main.table_info("retraining_runs")
2025-11-18 13:41:51,649 - sqlalchemy.engine.Engine - INFO - [raw sql] ()
2025-11-18 13:41:51,650 - sqlalchemy.engine.Engine - INFO - COMMIT
2025-11-18 13:41:51,650 - sqlalchemy.engine.Engine - INFO - BEGIN (implicit)
2025-11-18 13:41:51,651 - sqlalchemy.engine.Engine - INFO - INSERT INTO resources (id, title, description, creator, publisher, contributor, date_created, date_modified, type, format, identifier, source, language, coverage, rights, subject, relation, classification_code, read_status, quality_score, ingestion_status, ingestion_error, ingestion_started_at, ingestion_completed_at, embedding, sparse_embedding, sparse_embedding_model, sparse_embedding_updated_at, authors, affiliations, doi, pmid, arxiv_id, isbn, journal, conference, volume, issue, pages, publication_year, funding_sources, acknowledgments, equation_count, table_count, figure_count, reference_count, equations, tables, figures, metadata_completeness_score, extraction_confidence, requires_manual_review, quality_accuracy, quality_completeness, quality_consistency, quality_timeliness, quality_relevance, quality_overall, quality_weights, quality_last_computed, quality_computation_version, is_quality_outlier, outlier_score, outlier_reasons, needs_quality_review, summary_coherence, summary_consistency, summary_fluency, summary_relevance, is_ocr_processed, ocr_confidence, ocr_corrections_applied) VALUES (?, ?, ?, ?, ?, ?, ?, ?, ?, ?, ?, ?, ?, ?, ?, ?, ?, ?, ?, ?, ?, ?, ?, ?, ?, ?, ?, ?, ?, ?, ?, ?, ?, ?, ?, ?, ?, ?, ?, ?, ?, ?, ?, ?, ?, ?, ?, ?, ?, ?, ?, ?, ?, ?, ?, ?, ?, ?, ?, ?, ?, ?, ?, ?, ?, ?, ?, ?, ?, ?, ?, ?) RETURNING created_at, updated_at
2025-11-18 13:41:51,652 - sqlalchemy.engine.Engine - INFO - [cached since 1.496s ago] ('c78fa2f1-84f7-43da-beea-d994fab66fd3', 'Test Resource', 'A test resource for classification', None, None, None, None, None, None, None, None, 'https://example.com/test', None, None, None, '[]', '[]', None, 'unread', 0.0, 'pending', None, None, None, '[]', None, None, None, None, None, None, None, None, None, None, None, None, None, None, None, None, None, 0, 0, 0, None, None, None, None, None, None, 0, None, None, None, None, None, None, None, None, None, 0, None, None, 0, None, None, None, None, 0, None, None)
2025-11-18 13:41:51,654 - sqlalchemy.engine.Engine - INFO - COMMIT
2025-11-18 13:41:51,663 - sqlalchemy.engine.Engine - INFO - BEGIN (implicit)
2025-11-18 13:41:51,663 - sqlalchemy.engine.Engine - INFO - SELECT resources.id, resources.title, resources.description, resources.creator, resources.publisher, resources.contributor, resources.date_created, resources.date_modified, resources.type, resources.format, resources.identifier, resources.source, resources.language, resources.coverage, resources.rights, resources.subject, resources.relation, resources.classification_code, resources.read_status, resources.quality_score, resources.ingestion_status, resources.ingestion_error, resources.ingestion_started_at, resources.ingestion_completed_at, resources.embedding, resources.sparse_embedding, resources.sparse_embedding_model, resources.sparse_embedding_updated_at, resources.authors, resources.affiliations, resources.doi, resources.pmid, resources.arxiv_id, resources.isbn, resources.journal, resources.conference, resources.volume, resources.issue, resources.pages, resources.publication_year, resources.funding_sources, resources.acknowledgments, resources.equation_count, resources.table_count, resources.figure_count, resources.reference_count, resources.equations, resources.tables, resources.figures, resources.metadata_completeness_score, resources.extraction_confidence, resources.requires_manual_review, resources.quality_accuracy, resources.quality_completeness, resources.quality_consistency, resources.quality_timeliness, resources.quality_relevance, resources.quality_overall, resources.quality_weights, resources.quality_last_computed, resources.quality_computation_version, resources.is_quality_outlier, resources.outlier_score, resources.outlier_reasons, resources.needs_quality_review, resources.summary_coherence, resources.summary_consistency, resources.summary_fluency, resources.summary_relevance, resources.is_ocr_processed, resources.ocr_confidence, resources.ocr_corrections_applied, resources.created_at, resources.updated_at 
FROM resources 
WHERE resources.id = ?
2025-11-18 13:41:51,664 - sqlalchemy.engine.Engine - INFO - [cached since 1.497s ago] ('c78fa2f1-84f7-43da-beea-d994fab66fd3',)
2025-11-18 13:41:51,666 - sqlalchemy.engine.Engine - INFO - BEGIN (implicit)
2025-11-18 13:41:51,666 - sqlalchemy.engine.Engine - INFO - PRAGMA main.table_info("resources")
2025-11-18 13:41:51,667 - sqlalchemy.engine.Engine - INFO - [raw sql] ()
2025-11-18 13:41:51,668 - sqlalchemy.engine.Engine - INFO - PRAGMA main.table_info("classification_codes")
2025-11-18 13:41:51,668 - sqlalchemy.engine.Engine - INFO - [raw sql] ()
2025-11-18 13:41:51,668 - sqlalchemy.engine.Engine - INFO - PRAGMA main.table_info("authority_subjects")
2025-11-18 13:41:51,669 - sqlalchemy.engine.Engine - INFO - [raw sql] ()
2025-11-18 13:41:51,669 - sqlalchemy.engine.Engine - INFO - PRAGMA main.table_info("authority_creators")
2025-11-18 13:41:51,669 - sqlalchemy.engine.Engine - INFO - [raw sql] ()
2025-11-18 13:41:51,670 - sqlalchemy.engine.Engine - INFO - PRAGMA main.table_info("authority_publishers")
2025-11-18 13:41:51,670 - sqlalchemy.engine.Engine - INFO - [raw sql] ()
2025-11-18 13:41:51,671 - sqlalchemy.engine.Engine - INFO - PRAGMA main.table_info("citations")
2025-11-18 13:41:51,671 - sqlalchemy.engine.Engine - INFO - [raw sql] ()
2025-11-18 13:41:51,672 - sqlalchemy.engine.Engine - INFO - PRAGMA main.table_info("collection_resources")
2025-11-18 13:41:51,672 - sqlalchemy.engine.Engine - INFO - [raw sql] ()
2025-11-18 13:41:51,672 - sqlalchemy.engine.Engine - INFO - PRAGMA main.table_info("collections")
2025-11-18 13:41:51,672 - sqlalchemy.engine.Engine - INFO - [raw sql] ()
2025-11-18 13:41:51,673 - sqlalchemy.engine.Engine - INFO - PRAGMA main.table_info("taxonomy_nodes")
2025-11-18 13:41:51,673 - sqlalchemy.engine.Engine - INFO - [raw sql] ()
2025-11-18 13:41:51,673 - sqlalchemy.engine.Engine - INFO - PRAGMA main.table_info("resource_taxonomy")
2025-11-18 13:41:51,673 - sqlalchemy.engine.Engine - INFO - [raw sql] ()
2025-11-18 13:41:51,673 - sqlalchemy.engine.Engine - INFO - PRAGMA main.table_info("annotations")
2025-11-18 13:41:51,673 - sqlalchemy.engine.Engine - INFO - [raw sql] ()
2025-11-18 13:41:51,674 - sqlalchemy.engine.Engine - INFO - PRAGMA main.table_info("graph_edges")
2025-11-18 13:41:51,674 - sqlalchemy.engine.Engine - INFO - [raw sql] ()
2025-11-18 13:41:51,676 - sqlalchemy.engine.Engine - INFO - PRAGMA main.table_info("graph_embeddings")
2025-11-18 13:41:51,677 - sqlalchemy.engine.Engine - INFO - [raw sql] ()
2025-11-18 13:41:51,677 - sqlalchemy.engine.Engine - INFO - PRAGMA main.table_info("discovery_hypotheses")
2025-11-18 13:41:51,677 - sqlalchemy.engine.Engine - INFO - [raw sql] ()
2025-11-18 13:41:51,678 - sqlalchemy.engine.Engine - INFO - PRAGMA main.table_info("users")
2025-11-18 13:41:51,679 - sqlalchemy.engine.Engine - INFO - [raw sql] ()
2025-11-18 13:41:51,680 - sqlalchemy.engine.Engine - INFO - PRAGMA main.table_info("user_profiles")
2025-11-18 13:41:51,680 - sqlalchemy.engine.Engine - INFO - [raw sql] ()
2025-11-18 13:41:51,680 - sqlalchemy.engine.Engine - INFO - PRAGMA main.table_info("user_interactions")
2025-11-18 13:41:51,681 - sqlalchemy.engine.Engine - INFO - [raw sql] ()
2025-11-18 13:41:51,681 - sqlalchemy.engine.Engine - INFO - PRAGMA main.table_info("recommendation_feedback")
2025-11-18 13:41:51,681 - sqlalchemy.engine.Engine - INFO - [raw sql] ()
2025-11-18 13:41:51,681 - sqlalchemy.engine.Engine - INFO - PRAGMA main.table_info("model_versions")
2025-11-18 13:41:51,682 - sqlalchemy.engine.Engine - INFO - [raw sql] ()
2025-11-18 13:41:51,682 - sqlalchemy.engine.Engine - INFO - PRAGMA main.table_info("ab_test_experiments")
2025-11-18 13:41:51,682 - sqlalchemy.engine.Engine - INFO - [raw sql] ()
2025-11-18 13:41:51,683 - sqlalchemy.engine.Engine - INFO - PRAGMA main.table_info("prediction_logs")
2025-11-18 13:41:51,683 - sqlalchemy.engine.Engine - INFO - [raw sql] ()
2025-11-18 13:41:51,683 - sqlalchemy.engine.Engine - INFO - PRAGMA main.table_info("retraining_runs")
2025-11-18 13:41:51,683 - sqlalchemy.engine.Engine - INFO - [raw sql] ()
2025-11-18 13:41:51,684 - sqlalchemy.engine.Engine - INFO - COMMIT
2025-11-18 13:41:51,684 - sqlalchemy.engine.Engine - INFO - BEGIN (implicit)
2025-11-18 13:41:51,684 - sqlalchemy.engine.Engine - INFO - PRAGMA main.table_info("resources")
2025-11-18 13:41:51,684 - sqlalchemy.engine.Engine - INFO - [raw sql] ()
2025-11-18 13:41:51,685 - sqlalchemy.engine.Engine - INFO - PRAGMA main.table_info("classification_codes")
2025-11-18 13:41:51,685 - sqlalchemy.engine.Engine - INFO - [raw sql] ()
2025-11-18 13:41:51,686 - sqlalchemy.engine.Engine - INFO - PRAGMA main.table_info("authority_subjects")
2025-11-18 13:41:51,686 - sqlalchemy.engine.Engine - INFO - [raw sql] ()
2025-11-18 13:41:51,686 - sqlalchemy.engine.Engine - INFO - PRAGMA main.table_info("authority_creators")
2025-11-18 13:41:51,687 - sqlalchemy.engine.Engine - INFO - [raw sql] ()
2025-11-18 13:41:51,687 - sqlalchemy.engine.Engine - INFO - PRAGMA main.table_info("authority_publishers")
2025-11-18 13:41:51,687 - sqlalchemy.engine.Engine - INFO - [raw sql] ()
2025-11-18 13:41:51,688 - sqlalchemy.engine.Engine - INFO - PRAGMA main.table_info("citations")
2025-11-18 13:41:51,688 - sqlalchemy.engine.Engine - INFO - [raw sql] ()
2025-11-18 13:41:51,688 - sqlalchemy.engine.Engine - INFO - PRAGMA main.table_info("collection_resources")
2025-11-18 13:41:51,689 - sqlalchemy.engine.Engine - INFO - [raw sql] ()
2025-11-18 13:41:51,689 - sqlalchemy.engine.Engine - INFO - PRAGMA main.table_info("collections")
2025-11-18 13:41:51,689 - sqlalchemy.engine.Engine - INFO - [raw sql] ()
2025-11-18 13:41:51,689 - sqlalchemy.engine.Engine - INFO - PRAGMA main.table_info("taxonomy_nodes")
2025-11-18 13:41:51,689 - sqlalchemy.engine.Engine - INFO - [raw sql] ()
2025-11-18 13:41:51,690 - sqlalchemy.engine.Engine - INFO - PRAGMA main.table_info("resource_taxonomy")
2025-11-18 13:41:51,690 - sqlalchemy.engine.Engine - INFO - [raw sql] ()
2025-11-18 13:41:51,691 - sqlalchemy.engine.Engine - INFO - PRAGMA main.table_info("annotations")
2025-11-18 13:41:51,691 - sqlalchemy.engine.Engine - INFO - [raw sql] ()
2025-11-18 13:41:51,692 - sqlalchemy.engine.Engine - INFO - PRAGMA main.table_info("graph_edges")
2025-11-18 13:41:51,692 - sqlalchemy.engine.Engine - INFO - [raw sql] ()
2025-11-18 13:41:51,692 - sqlalchemy.engine.Engine - INFO - PRAGMA main.table_info("graph_embeddings")
2025-11-18 13:41:51,692 - sqlalchemy.engine.Engine - INFO - [raw sql] ()
2025-11-18 13:41:51,692 - sqlalchemy.engine.Engine - INFO - PRAGMA main.table_info("discovery_hypotheses")
2025-11-18 13:41:51,693 - sqlalchemy.engine.Engine - INFO - [raw sql] ()
2025-11-18 13:41:51,693 - sqlalchemy.engine.Engine - INFO - PRAGMA main.table_info("users")
2025-11-18 13:41:51,693 - sqlalchemy.engine.Engine - INFO - [raw sql] ()
2025-11-18 13:41:51,694 - sqlalchemy.engine.Engine - INFO - PRAGMA main.table_info("user_profiles")
2025-11-18 13:41:51,694 - sqlalchemy.engine.Engine - INFO - [raw sql] ()
2025-11-18 13:41:51,694 - sqlalchemy.engine.Engine - INFO - PRAGMA main.table_info("user_interactions")
2025-11-18 13:41:51,694 - sqlalchemy.engine.Engine - INFO - [raw sql] ()
2025-11-18 13:41:51,694 - sqlalchemy.engine.Engine - INFO - PRAGMA main.table_info("recommendation_feedback")
2025-11-18 13:41:51,694 - sqlalchemy.engine.Engine - INFO - [raw sql] ()
2025-11-18 13:41:51,695 - sqlalchemy.engine.Engine - INFO - PRAGMA main.table_info("model_versions")
2025-11-18 13:41:51,695 - sqlalchemy.engine.Engine - INFO - [raw sql] ()
2025-11-18 13:41:51,695 - sqlalchemy.engine.Engine - INFO - PRAGMA main.table_info("ab_test_experiments")
2025-11-18 13:41:51,696 - sqlalchemy.engine.Engine - INFO - [raw sql] ()
2025-11-18 13:41:51,696 - sqlalchemy.engine.Engine - INFO - PRAGMA main.table_info("prediction_logs")
2025-11-18 13:41:51,696 - sqlalchemy.engine.Engine - INFO - [raw sql] ()
2025-11-18 13:41:51,696 - sqlalchemy.engine.Engine - INFO - PRAGMA main.table_info("retraining_runs")
2025-11-18 13:41:51,696 - sqlalchemy.engine.Engine - INFO - [raw sql] ()
2025-11-18 13:41:51,697 - sqlalchemy.engine.Engine - INFO - COMMIT
2025-11-18 13:41:51,698 - sqlalchemy.engine.Engine - INFO - INSERT INTO taxonomy_nodes (id, name, slug, parent_id, level, path, description, resource_count, descendant_resource_count, is_leaf, allow_resources) VALUES (?, ?, ?, ?, ?, ?, ?, ?, ?, ?, ?), (?, ?, ?, ?, ?, ?, ?, ?, ?, ?, ?) RETURNING created_at, updated_at, id
2025-11-18 13:41:51,698 - sqlalchemy.engine.Engine - INFO - [cached since 1.464s ago (insertmanyvalues) 1/1 (ordered)] ('6d7c3cc4-7221-4edd-b1b5-661042cb0047', 'Computer Science', 'computer-science', None, 0, '/computer-science', None, 0, 0, False, True, '43b9a822-8a6c-4f1f-b996-908d37884fa2', 'Machine Learning', 'machine-learning', '6d7c3cc4-7221-4edd-b1b5-661042cb0047', 1, '/computer-science/machine-learning', None, 0, 0, True, True)
2025-11-18 13:41:51,700 - sqlalchemy.engine.Engine - INFO - ROLLBACK
----------------------------- Captured log setup ------------------------------
INFO     sqlalchemy.engine.Engine:base.py:2702 BEGIN (implicit)
INFO     sqlalchemy.engine.Engine:base.py:1846 PRAGMA main.table_info("resources")
INFO     sqlalchemy.engine.Engine:base.py:1846 [raw sql] ()
INFO     sqlalchemy.engine.Engine:base.py:1846 PRAGMA main.table_info("classification_codes")
INFO     sqlalchemy.engine.Engine:base.py:1846 [raw sql] ()
INFO     sqlalchemy.engine.Engine:base.py:1846 PRAGMA main.table_info("authority_subjects")
INFO     sqlalchemy.engine.Engine:base.py:1846 [raw sql] ()
INFO     sqlalchemy.engine.Engine:base.py:1846 PRAGMA main.table_info("authority_creators")
INFO     sqlalchemy.engine.Engine:base.py:1846 [raw sql] ()
INFO     sqlalchemy.engine.Engine:base.py:1846 PRAGMA main.table_info("authority_publishers")
INFO     sqlalchemy.engine.Engine:base.py:1846 [raw sql] ()
INFO     sqlalchemy.engine.Engine:base.py:1846 PRAGMA main.table_info("citations")
INFO     sqlalchemy.engine.Engine:base.py:1846 [raw sql] ()
INFO     sqlalchemy.engine.Engine:base.py:1846 PRAGMA main.table_info("collection_resources")
INFO     sqlalchemy.engine.Engine:base.py:1846 [raw sql] ()
INFO     sqlalchemy.engine.Engine:base.py:1846 PRAGMA main.table_info("collections")
INFO     sqlalchemy.engine.Engine:base.py:1846 [raw sql] ()
INFO     sqlalchemy.engine.Engine:base.py:1846 PRAGMA main.table_info("taxonomy_nodes")
INFO     sqlalchemy.engine.Engine:base.py:1846 [raw sql] ()
INFO     sqlalchemy.engine.Engine:base.py:1846 PRAGMA main.table_info("resource_taxonomy")
INFO     sqlalchemy.engine.Engine:base.py:1846 [raw sql] ()
INFO     sqlalchemy.engine.Engine:base.py:1846 PRAGMA main.table_info("annotations")
INFO     sqlalchemy.engine.Engine:base.py:1846 [raw sql] ()
INFO     sqlalchemy.engine.Engine:base.py:1846 PRAGMA main.table_info("graph_edges")
INFO     sqlalchemy.engine.Engine:base.py:1846 [raw sql] ()
INFO     sqlalchemy.engine.Engine:base.py:1846 PRAGMA main.table_info("graph_embeddings")
INFO     sqlalchemy.engine.Engine:base.py:1846 [raw sql] ()
INFO     sqlalchemy.engine.Engine:base.py:1846 PRAGMA main.table_info("discovery_hypotheses")
INFO     sqlalchemy.engine.Engine:base.py:1846 [raw sql] ()
INFO     sqlalchemy.engine.Engine:base.py:1846 PRAGMA main.table_info("users")
INFO     sqlalchemy.engine.Engine:base.py:1846 [raw sql] ()
INFO     sqlalchemy.engine.Engine:base.py:1846 PRAGMA main.table_info("user_profiles")
INFO     sqlalchemy.engine.Engine:base.py:1846 [raw sql] ()
INFO     sqlalchemy.engine.Engine:base.py:1846 PRAGMA main.table_info("user_interactions")
INFO     sqlalchemy.engine.Engine:base.py:1846 [raw sql] ()
INFO     sqlalchemy.engine.Engine:base.py:1846 PRAGMA main.table_info("recommendation_feedback")
INFO     sqlalchemy.engine.Engine:base.py:1846 [raw sql] ()
INFO     sqlalchemy.engine.Engine:base.py:1846 PRAGMA main.table_info("model_versions")
INFO     sqlalchemy.engine.Engine:base.py:1846 [raw sql] ()
INFO     sqlalchemy.engine.Engine:base.py:1846 PRAGMA main.table_info("ab_test_experiments")
INFO     sqlalchemy.engine.Engine:base.py:1846 [raw sql] ()
INFO     sqlalchemy.engine.Engine:base.py:1846 PRAGMA main.table_info("prediction_logs")
INFO     sqlalchemy.engine.Engine:base.py:1846 [raw sql] ()
INFO     sqlalchemy.engine.Engine:base.py:1846 PRAGMA main.table_info("retraining_runs")
INFO     sqlalchemy.engine.Engine:base.py:1846 [raw sql] ()
INFO     sqlalchemy.engine.Engine:base.py:2708 COMMIT
INFO     sqlalchemy.engine.Engine:base.py:2702 BEGIN (implicit)
INFO     sqlalchemy.engine.Engine:base.py:1846 PRAGMA main.table_info("resources")
INFO     sqlalchemy.engine.Engine:base.py:1846 [raw sql] ()
INFO     sqlalchemy.engine.Engine:base.py:1846 PRAGMA main.table_info("classification_codes")
INFO     sqlalchemy.engine.Engine:base.py:1846 [raw sql] ()
INFO     sqlalchemy.engine.Engine:base.py:1846 PRAGMA main.table_info("authority_subjects")
INFO     sqlalchemy.engine.Engine:base.py:1846 [raw sql] ()
INFO     sqlalchemy.engine.Engine:base.py:1846 PRAGMA main.table_info("authority_creators")
INFO     sqlalchemy.engine.Engine:base.py:1846 [raw sql] ()
INFO     sqlalchemy.engine.Engine:base.py:1846 PRAGMA main.table_info("authority_publishers")
INFO     sqlalchemy.engine.Engine:base.py:1846 [raw sql] ()
INFO     sqlalchemy.engine.Engine:base.py:1846 PRAGMA main.table_info("citations")
INFO     sqlalchemy.engine.Engine:base.py:1846 [raw sql] ()
INFO     sqlalchemy.engine.Engine:base.py:1846 PRAGMA main.table_info("collection_resources")
INFO     sqlalchemy.engine.Engine:base.py:1846 [raw sql] ()
INFO     sqlalchemy.engine.Engine:base.py:1846 PRAGMA main.table_info("collections")
INFO     sqlalchemy.engine.Engine:base.py:1846 [raw sql] ()
INFO     sqlalchemy.engine.Engine:base.py:1846 PRAGMA main.table_info("taxonomy_nodes")
INFO     sqlalchemy.engine.Engine:base.py:1846 [raw sql] ()
INFO     sqlalchemy.engine.Engine:base.py:1846 PRAGMA main.table_info("resource_taxonomy")
INFO     sqlalchemy.engine.Engine:base.py:1846 [raw sql] ()
INFO     sqlalchemy.engine.Engine:base.py:1846 PRAGMA main.table_info("annotations")
INFO     sqlalchemy.engine.Engine:base.py:1846 [raw sql] ()
INFO     sqlalchemy.engine.Engine:base.py:1846 PRAGMA main.table_info("graph_edges")
INFO     sqlalchemy.engine.Engine:base.py:1846 [raw sql] ()
INFO     sqlalchemy.engine.Engine:base.py:1846 PRAGMA main.table_info("graph_embeddings")
INFO     sqlalchemy.engine.Engine:base.py:1846 [raw sql] ()
INFO     sqlalchemy.engine.Engine:base.py:1846 PRAGMA main.table_info("discovery_hypotheses")
INFO     sqlalchemy.engine.Engine:base.py:1846 [raw sql] ()
INFO     sqlalchemy.engine.Engine:base.py:1846 PRAGMA main.table_info("users")
INFO     sqlalchemy.engine.Engine:base.py:1846 [raw sql] ()
INFO     sqlalchemy.engine.Engine:base.py:1846 PRAGMA main.table_info("user_profiles")
INFO     sqlalchemy.engine.Engine:base.py:1846 [raw sql] ()
INFO     sqlalchemy.engine.Engine:base.py:1846 PRAGMA main.table_info("user_interactions")
INFO     sqlalchemy.engine.Engine:base.py:1846 [raw sql] ()
INFO     sqlalchemy.engine.Engine:base.py:1846 PRAGMA main.table_info("recommendation_feedback")
INFO     sqlalchemy.engine.Engine:base.py:1846 [raw sql] ()
INFO     sqlalchemy.engine.Engine:base.py:1846 PRAGMA main.table_info("model_versions")
INFO     sqlalchemy.engine.Engine:base.py:1846 [raw sql] ()
INFO     sqlalchemy.engine.Engine:base.py:1846 PRAGMA main.table_info("ab_test_experiments")
INFO     sqlalchemy.engine.Engine:base.py:1846 [raw sql] ()
INFO     sqlalchemy.engine.Engine:base.py:1846 PRAGMA main.table_info("prediction_logs")
INFO     sqlalchemy.engine.Engine:base.py:1846 [raw sql] ()
INFO     sqlalchemy.engine.Engine:base.py:1846 PRAGMA main.table_info("retraining_runs")
INFO     sqlalchemy.engine.Engine:base.py:1846 [raw sql] ()
INFO     sqlalchemy.engine.Engine:base.py:2708 COMMIT
INFO     sqlalchemy.engine.Engine:base.py:2702 BEGIN (implicit)
INFO     sqlalchemy.engine.Engine:base.py:1846 INSERT INTO resources (id, title, description, creator, publisher, contributor, date_created, date_modified, type, format, identifier, source, language, coverage, rights, subject, relation, classification_code, read_status, quality_score, ingestion_status, ingestion_error, ingestion_started_at, ingestion_completed_at, embedding, sparse_embedding, sparse_embedding_model, sparse_embedding_updated_at, authors, affiliations, doi, pmid, arxiv_id, isbn, journal, conference, volume, issue, pages, publication_year, funding_sources, acknowledgments, equation_count, table_count, figure_count, reference_count, equations, tables, figures, metadata_completeness_score, extraction_confidence, requires_manual_review, quality_accuracy, quality_completeness, quality_consistency, quality_timeliness, quality_relevance, quality_overall, quality_weights, quality_last_computed, quality_computation_version, is_quality_outlier, outlier_score, outlier_reasons, needs_quality_review, summary_coherence, summary_consistency, summary_fluency, summary_relevance, is_ocr_processed, ocr_confidence, ocr_corrections_applied) VALUES (?, ?, ?, ?, ?, ?, ?, ?, ?, ?, ?, ?, ?, ?, ?, ?, ?, ?, ?, ?, ?, ?, ?, ?, ?, ?, ?, ?, ?, ?, ?, ?, ?, ?, ?, ?, ?, ?, ?, ?, ?, ?, ?, ?, ?, ?, ?, ?, ?, ?, ?, ?, ?, ?, ?, ?, ?, ?, ?, ?, ?, ?, ?, ?, ?, ?, ?, ?, ?, ?, ?, ?) RETURNING created_at, updated_at
INFO     sqlalchemy.engine.Engine:base.py:1846 [cached since 1.496s ago] ('c78fa2f1-84f7-43da-beea-d994fab66fd3', 'Test Resource', 'A test resource for classification', None, None, None, None, None, None, None, None, 'https://example.com/test', None, None, None, '[]', '[]', None, 'unread', 0.0, 'pending', None, None, None, '[]', None, None, None, None, None, None, None, None, None, None, None, None, None, None, None, None, None, 0, 0, 0, None, None, None, None, None, None, 0, None, None, None, None, None, None, None, None, None, 0, None, None, 0, None, None, None, None, 0, None, None)
INFO     sqlalchemy.engine.Engine:base.py:2708 COMMIT
INFO     sqlalchemy.engine.Engine:base.py:2702 BEGIN (implicit)
INFO     sqlalchemy.engine.Engine:base.py:1846 SELECT resources.id, resources.title, resources.description, resources.creator, resources.publisher, resources.contributor, resources.date_created, resources.date_modified, resources.type, resources.format, resources.identifier, resources.source, resources.language, resources.coverage, resources.rights, resources.subject, resources.relation, resources.classification_code, resources.read_status, resources.quality_score, resources.ingestion_status, resources.ingestion_error, resources.ingestion_started_at, resources.ingestion_completed_at, resources.embedding, resources.sparse_embedding, resources.sparse_embedding_model, resources.sparse_embedding_updated_at, resources.authors, resources.affiliations, resources.doi, resources.pmid, resources.arxiv_id, resources.isbn, resources.journal, resources.conference, resources.volume, resources.issue, resources.pages, resources.publication_year, resources.funding_sources, resources.acknowledgments, resources.equation_count, resources.table_count, resources.figure_count, resources.reference_count, resources.equations, resources.tables, resources.figures, resources.metadata_completeness_score, resources.extraction_confidence, resources.requires_manual_review, resources.quality_accuracy, resources.quality_completeness, resources.quality_consistency, resources.quality_timeliness, resources.quality_relevance, resources.quality_overall, resources.quality_weights, resources.quality_last_computed, resources.quality_computation_version, resources.is_quality_outlier, resources.outlier_score, resources.outlier_reasons, resources.needs_quality_review, resources.summary_coherence, resources.summary_consistency, resources.summary_fluency, resources.summary_relevance, resources.is_ocr_processed, resources.ocr_confidence, resources.ocr_corrections_applied, resources.created_at, resources.updated_at 
FROM resources 
WHERE resources.id = ?
INFO     sqlalchemy.engine.Engine:base.py:1846 [cached since 1.497s ago] ('c78fa2f1-84f7-43da-beea-d994fab66fd3',)
INFO     sqlalchemy.engine.Engine:base.py:2702 BEGIN (implicit)
INFO     sqlalchemy.engine.Engine:base.py:1846 PRAGMA main.table_info("resources")
INFO     sqlalchemy.engine.Engine:base.py:1846 [raw sql] ()
INFO     sqlalchemy.engine.Engine:base.py:1846 PRAGMA main.table_info("classification_codes")
INFO     sqlalchemy.engine.Engine:base.py:1846 [raw sql] ()
INFO     sqlalchemy.engine.Engine:base.py:1846 PRAGMA main.table_info("authority_subjects")
INFO     sqlalchemy.engine.Engine:base.py:1846 [raw sql] ()
INFO     sqlalchemy.engine.Engine:base.py:1846 PRAGMA main.table_info("authority_creators")
INFO     sqlalchemy.engine.Engine:base.py:1846 [raw sql] ()
INFO     sqlalchemy.engine.Engine:base.py:1846 PRAGMA main.table_info("authority_publishers")
INFO     sqlalchemy.engine.Engine:base.py:1846 [raw sql] ()
INFO     sqlalchemy.engine.Engine:base.py:1846 PRAGMA main.table_info("citations")
INFO     sqlalchemy.engine.Engine:base.py:1846 [raw sql] ()
INFO     sqlalchemy.engine.Engine:base.py:1846 PRAGMA main.table_info("collection_resources")
INFO     sqlalchemy.engine.Engine:base.py:1846 [raw sql] ()
INFO     sqlalchemy.engine.Engine:base.py:1846 PRAGMA main.table_info("collections")
INFO     sqlalchemy.engine.Engine:base.py:1846 [raw sql] ()
INFO     sqlalchemy.engine.Engine:base.py:1846 PRAGMA main.table_info("taxonomy_nodes")
INFO     sqlalchemy.engine.Engine:base.py:1846 [raw sql] ()
INFO     sqlalchemy.engine.Engine:base.py:1846 PRAGMA main.table_info("resource_taxonomy")
INFO     sqlalchemy.engine.Engine:base.py:1846 [raw sql] ()
INFO     sqlalchemy.engine.Engine:base.py:1846 PRAGMA main.table_info("annotations")
INFO     sqlalchemy.engine.Engine:base.py:1846 [raw sql] ()
INFO     sqlalchemy.engine.Engine:base.py:1846 PRAGMA main.table_info("graph_edges")
INFO     sqlalchemy.engine.Engine:base.py:1846 [raw sql] ()
INFO     sqlalchemy.engine.Engine:base.py:1846 PRAGMA main.table_info("graph_embeddings")
INFO     sqlalchemy.engine.Engine:base.py:1846 [raw sql] ()
INFO     sqlalchemy.engine.Engine:base.py:1846 PRAGMA main.table_info("discovery_hypotheses")
INFO     sqlalchemy.engine.Engine:base.py:1846 [raw sql] ()
INFO     sqlalchemy.engine.Engine:base.py:1846 PRAGMA main.table_info("users")
INFO     sqlalchemy.engine.Engine:base.py:1846 [raw sql] ()
INFO     sqlalchemy.engine.Engine:base.py:1846 PRAGMA main.table_info("user_profiles")
INFO     sqlalchemy.engine.Engine:base.py:1846 [raw sql] ()
INFO     sqlalchemy.engine.Engine:base.py:1846 PRAGMA main.table_info("user_interactions")
INFO     sqlalchemy.engine.Engine:base.py:1846 [raw sql] ()
INFO     sqlalchemy.engine.Engine:base.py:1846 PRAGMA main.table_info("recommendation_feedback")
INFO     sqlalchemy.engine.Engine:base.py:1846 [raw sql] ()
INFO     sqlalchemy.engine.Engine:base.py:1846 PRAGMA main.table_info("model_versions")
INFO     sqlalchemy.engine.Engine:base.py:1846 [raw sql] ()
INFO     sqlalchemy.engine.Engine:base.py:1846 PRAGMA main.table_info("ab_test_experiments")
INFO     sqlalchemy.engine.Engine:base.py:1846 [raw sql] ()
INFO     sqlalchemy.engine.Engine:base.py:1846 PRAGMA main.table_info("prediction_logs")
INFO     sqlalchemy.engine.Engine:base.py:1846 [raw sql] ()
INFO     sqlalchemy.engine.Engine:base.py:1846 PRAGMA main.table_info("retraining_runs")
INFO     sqlalchemy.engine.Engine:base.py:1846 [raw sql] ()
INFO     sqlalchemy.engine.Engine:base.py:2708 COMMIT
INFO     sqlalchemy.engine.Engine:base.py:2702 BEGIN (implicit)
INFO     sqlalchemy.engine.Engine:base.py:1846 PRAGMA main.table_info("resources")
INFO     sqlalchemy.engine.Engine:base.py:1846 [raw sql] ()
INFO     sqlalchemy.engine.Engine:base.py:1846 PRAGMA main.table_info("classification_codes")
INFO     sqlalchemy.engine.Engine:base.py:1846 [raw sql] ()
INFO     sqlalchemy.engine.Engine:base.py:1846 PRAGMA main.table_info("authority_subjects")
INFO     sqlalchemy.engine.Engine:base.py:1846 [raw sql] ()
INFO     sqlalchemy.engine.Engine:base.py:1846 PRAGMA main.table_info("authority_creators")
INFO     sqlalchemy.engine.Engine:base.py:1846 [raw sql] ()
INFO     sqlalchemy.engine.Engine:base.py:1846 PRAGMA main.table_info("authority_publishers")
INFO     sqlalchemy.engine.Engine:base.py:1846 [raw sql] ()
INFO     sqlalchemy.engine.Engine:base.py:1846 PRAGMA main.table_info("citations")
INFO     sqlalchemy.engine.Engine:base.py:1846 [raw sql] ()
INFO     sqlalchemy.engine.Engine:base.py:1846 PRAGMA main.table_info("collection_resources")
INFO     sqlalchemy.engine.Engine:base.py:1846 [raw sql] ()
INFO     sqlalchemy.engine.Engine:base.py:1846 PRAGMA main.table_info("collections")
INFO     sqlalchemy.engine.Engine:base.py:1846 [raw sql] ()
INFO     sqlalchemy.engine.Engine:base.py:1846 PRAGMA main.table_info("taxonomy_nodes")
INFO     sqlalchemy.engine.Engine:base.py:1846 [raw sql] ()
INFO     sqlalchemy.engine.Engine:base.py:1846 PRAGMA main.table_info("resource_taxonomy")
INFO     sqlalchemy.engine.Engine:base.py:1846 [raw sql] ()
INFO     sqlalchemy.engine.Engine:base.py:1846 PRAGMA main.table_info("annotations")
INFO     sqlalchemy.engine.Engine:base.py:1846 [raw sql] ()
INFO     sqlalchemy.engine.Engine:base.py:1846 PRAGMA main.table_info("graph_edges")
INFO     sqlalchemy.engine.Engine:base.py:1846 [raw sql] ()
INFO     sqlalchemy.engine.Engine:base.py:1846 PRAGMA main.table_info("graph_embeddings")
INFO     sqlalchemy.engine.Engine:base.py:1846 [raw sql] ()
INFO     sqlalchemy.engine.Engine:base.py:1846 PRAGMA main.table_info("discovery_hypotheses")
INFO     sqlalchemy.engine.Engine:base.py:1846 [raw sql] ()
INFO     sqlalchemy.engine.Engine:base.py:1846 PRAGMA main.table_info("users")
INFO     sqlalchemy.engine.Engine:base.py:1846 [raw sql] ()
INFO     sqlalchemy.engine.Engine:base.py:1846 PRAGMA main.table_info("user_profiles")
INFO     sqlalchemy.engine.Engine:base.py:1846 [raw sql] ()
INFO     sqlalchemy.engine.Engine:base.py:1846 PRAGMA main.table_info("user_interactions")
INFO     sqlalchemy.engine.Engine:base.py:1846 [raw sql] ()
INFO     sqlalchemy.engine.Engine:base.py:1846 PRAGMA main.table_info("recommendation_feedback")
INFO     sqlalchemy.engine.Engine:base.py:1846 [raw sql] ()
INFO     sqlalchemy.engine.Engine:base.py:1846 PRAGMA main.table_info("model_versions")
INFO     sqlalchemy.engine.Engine:base.py:1846 [raw sql] ()
INFO     sqlalchemy.engine.Engine:base.py:1846 PRAGMA main.table_info("ab_test_experiments")
INFO     sqlalchemy.engine.Engine:base.py:1846 [raw sql] ()
INFO     sqlalchemy.engine.Engine:base.py:1846 PRAGMA main.table_info("prediction_logs")
INFO     sqlalchemy.engine.Engine:base.py:1846 [raw sql] ()
INFO     sqlalchemy.engine.Engine:base.py:1846 PRAGMA main.table_info("retraining_runs")
INFO     sqlalchemy.engine.Engine:base.py:1846 [raw sql] ()
INFO     sqlalchemy.engine.Engine:base.py:2708 COMMIT
INFO     sqlalchemy.engine.Engine:base.py:1844 INSERT INTO taxonomy_nodes (id, name, slug, parent_id, level, path, description, resource_count, descendant_resource_count, is_leaf, allow_resources) VALUES (?, ?, ?, ?, ?, ?, ?, ?, ?, ?, ?), (?, ?, ?, ?, ?, ?, ?, ?, ?, ?, ?) RETURNING created_at, updated_at, id
INFO     sqlalchemy.engine.Engine:base.py:1844 [cached since 1.464s ago (insertmanyvalues) 1/1 (ordered)] ('6d7c3cc4-7221-4edd-b1b5-661042cb0047', 'Computer Science', 'computer-science', None, 0, '/computer-science', None, 0, 0, False, True, '43b9a822-8a6c-4f1f-b996-908d37884fa2', 'Machine Learning', 'machine-learning', '6d7c3cc4-7221-4edd-b1b5-661042cb0047', 1, '/computer-science/machine-learning', None, 0, 0, True, True)
INFO     sqlalchemy.engine.Engine:base.py:2705 ROLLBACK
_ ERROR at setup of TestRecommendationService.test_generate_recommendations_full_flow _
tests\conftest.py:349: in mock_ddgs_search
    with patch('backend.app.services.recommendation_service.DDGS') as mock_ddgs:
         ^^^^^^^^^^^^^^^^^^^^^^^^^^^^^^^^^^^^^^^^^^^^^^^^^^^^^^^^^
C:\Python313\Lib\unittest\mock.py:1497: in __enter__
    original, local = self.get_original()
                      ^^^^^^^^^^^^^^^^^^^
C:\Python313\Lib\unittest\mock.py:1467: in get_original
    raise AttributeError(
E   AttributeError: <module 'backend.app.services.recommendation_service' from 'C:\\Users\\rooma\\PycharmProjects\\neo_alexadria\\backend\\app\\services\\recommendation_service.py'> does not have the attribute 'DDGS'
_ ERROR at setup of TestRecommendationService.test_generate_recommendations_empty_library _
tests\conftest.py:349: in mock_ddgs_search
    with patch('backend.app.services.recommendation_service.DDGS') as mock_ddgs:
         ^^^^^^^^^^^^^^^^^^^^^^^^^^^^^^^^^^^^^^^^^^^^^^^^^^^^^^^^^
C:\Python313\Lib\unittest\mock.py:1497: in __enter__
    original, local = self.get_original()
                      ^^^^^^^^^^^^^^^^^^^
C:\Python313\Lib\unittest\mock.py:1467: in get_original
    raise AttributeError(
E   AttributeError: <module 'backend.app.services.recommendation_service' from 'C:\\Users\\rooma\\PycharmProjects\\neo_alexadria\\backend\\app\\services\\recommendation_service.py'> does not have the attribute 'DDGS'
_ ERROR at setup of TestRecommendationService.test_generate_recommendations_single_resource _
tests\conftest.py:349: in mock_ddgs_search
    with patch('backend.app.services.recommendation_service.DDGS') as mock_ddgs:
         ^^^^^^^^^^^^^^^^^^^^^^^^^^^^^^^^^^^^^^^^^^^^^^^^^^^^^^^^^
C:\Python313\Lib\unittest\mock.py:1497: in __enter__
    original, local = self.get_original()
                      ^^^^^^^^^^^^^^^^^^^
C:\Python313\Lib\unittest\mock.py:1467: in get_original
    raise AttributeError(
E   AttributeError: <module 'backend.app.services.recommendation_service' from 'C:\\Users\\rooma\\PycharmProjects\\neo_alexadria\\backend\\app\\services\\recommendation_service.py'> does not have the attribute 'DDGS'
__ ERROR at setup of TestRecommendationAPI.test_get_recommendations_success ___
tests\conftest.py:349: in mock_ddgs_search
    with patch('backend.app.services.recommendation_service.DDGS') as mock_ddgs:
         ^^^^^^^^^^^^^^^^^^^^^^^^^^^^^^^^^^^^^^^^^^^^^^^^^^^^^^^^^
C:\Python313\Lib\unittest\mock.py:1497: in __enter__
    original, local = self.get_original()
                      ^^^^^^^^^^^^^^^^^^^
C:\Python313\Lib\unittest\mock.py:1467: in get_original
    raise AttributeError(
E   AttributeError: <module 'backend.app.services.recommendation_service' from 'C:\\Users\\rooma\\PycharmProjects\\neo_alexadria\\backend\\app\\services\\recommendation_service.py'> does not have the attribute 'DDGS'
_ ERROR at setup of TestRecommendationAPI.test_get_recommendations_with_limit _
tests\conftest.py:349: in mock_ddgs_search
    with patch('backend.app.services.recommendation_service.DDGS') as mock_ddgs:
         ^^^^^^^^^^^^^^^^^^^^^^^^^^^^^^^^^^^^^^^^^^^^^^^^^^^^^^^^^
C:\Python313\Lib\unittest\mock.py:1497: in __enter__
    original, local = self.get_original()
                      ^^^^^^^^^^^^^^^^^^^
C:\Python313\Lib\unittest\mock.py:1467: in get_original
    raise AttributeError(
E   AttributeError: <module 'backend.app.services.recommendation_service' from 'C:\\Users\\rooma\\PycharmProjects\\neo_alexadria\\backend\\app\\services\\recommendation_service.py'> does not have the attribute 'DDGS'
_ ERROR at setup of TestRecommendationAPI.test_get_recommendations_invalid_limit _
tests\conftest.py:349: in mock_ddgs_search
    with patch('backend.app.services.recommendation_service.DDGS') as mock_ddgs:
         ^^^^^^^^^^^^^^^^^^^^^^^^^^^^^^^^^^^^^^^^^^^^^^^^^^^^^^^^^
C:\Python313\Lib\unittest\mock.py:1497: in __enter__
    original, local = self.get_original()
                      ^^^^^^^^^^^^^^^^^^^
C:\Python313\Lib\unittest\mock.py:1467: in get_original
    raise AttributeError(
E   AttributeError: <module 'backend.app.services.recommendation_service' from 'C:\\Users\\rooma\\PycharmProjects\\neo_alexadria\\backend\\app\\services\\recommendation_service.py'> does not have the attribute 'DDGS'
_ ERROR at setup of TestRecommendationAPI.test_get_recommendations_empty_library _
tests\conftest.py:349: in mock_ddgs_search
    with patch('backend.app.services.recommendation_service.DDGS') as mock_ddgs:
         ^^^^^^^^^^^^^^^^^^^^^^^^^^^^^^^^^^^^^^^^^^^^^^^^^^^^^^^^^
C:\Python313\Lib\unittest\mock.py:1497: in __enter__
    original, local = self.get_original()
                      ^^^^^^^^^^^^^^^^^^^
C:\Python313\Lib\unittest\mock.py:1467: in get_original
    raise AttributeError(
E   AttributeError: <module 'backend.app.services.recommendation_service' from 'C:\\Users\\rooma\\PycharmProjects\\neo_alexadria\\backend\\app\\services\\recommendation_service.py'> does not have the attribute 'DDGS'
______ ERROR at setup of TestRecommendationAPI.test_duplicate_filtering _______
tests\conftest.py:349: in mock_ddgs_search
    with patch('backend.app.services.recommendation_service.DDGS') as mock_ddgs:
         ^^^^^^^^^^^^^^^^^^^^^^^^^^^^^^^^^^^^^^^^^^^^^^^^^^^^^^^^^
C:\Python313\Lib\unittest\mock.py:1497: in __enter__
    original, local = self.get_original()
                      ^^^^^^^^^^^^^^^^^^^
C:\Python313\Lib\unittest\mock.py:1467: in get_original
    raise AttributeError(
E   AttributeError: <module 'backend.app.services.recommendation_service' from 'C:\\Users\\rooma\\PycharmProjects\\neo_alexadria\\backend\\app\\services\\recommendation_service.py'> does not have the attribute 'DDGS'
____ ERROR at setup of TestRecommendationAPI.test_relevance_score_ordering ____
tests\conftest.py:349: in mock_ddgs_search
    with patch('backend.app.services.recommendation_service.DDGS') as mock_ddgs:
         ^^^^^^^^^^^^^^^^^^^^^^^^^^^^^^^^^^^^^^^^^^^^^^^^^^^^^^^^^
C:\Python313\Lib\unittest\mock.py:1497: in __enter__
    original, local = self.get_original()
                      ^^^^^^^^^^^^^^^^^^^
C:\Python313\Lib\unittest\mock.py:1467: in get_original
    raise AttributeError(
E   AttributeError: <module 'backend.app.services.recommendation_service' from 'C:\\Users\\rooma\\PycharmProjects\\neo_alexadria\\backend\\app\\services\\recommendation_service.py'> does not have the attribute 'DDGS'
__________ ERROR at setup of TestEdgeCases.test_malformed_embeddings __________
tests\conftest.py:349: in mock_ddgs_search
    with patch('backend.app.services.recommendation_service.DDGS') as mock_ddgs:
         ^^^^^^^^^^^^^^^^^^^^^^^^^^^^^^^^^^^^^^^^^^^^^^^^^^^^^^^^^
C:\Python313\Lib\unittest\mock.py:1497: in __enter__
    original, local = self.get_original()
                      ^^^^^^^^^^^^^^^^^^^
C:\Python313\Lib\unittest\mock.py:1467: in get_original
    raise AttributeError(
E   AttributeError: <module 'backend.app.services.recommendation_service' from 'C:\\Users\\rooma\\PycharmProjects\\neo_alexadria\\backend\\app\\services\\recommendation_service.py'> does not have the attribute 'DDGS'
_______ ERROR at setup of TestEdgeCases.test_mixed_embedding_dimensions _______
tests\conftest.py:349: in mock_ddgs_search
    with patch('backend.app.services.recommendation_service.DDGS') as mock_ddgs:
         ^^^^^^^^^^^^^^^^^^^^^^^^^^^^^^^^^^^^^^^^^^^^^^^^^^^^^^^^^
C:\Python313\Lib\unittest\mock.py:1497: in __enter__
    original, local = self.get_original()
                      ^^^^^^^^^^^^^^^^^^^
C:\Python313\Lib\unittest\mock.py:1467: in get_original
    raise AttributeError(
E   AttributeError: <module 'backend.app.services.recommendation_service' from 'C:\\Users\\rooma\\PycharmProjects\\neo_alexadria\\backend\\app\\services\\recommendation_service.py'> does not have the attribute 'DDGS'
______ ERROR at setup of TestPerformance.test_large_library_performance _______
tests\conftest.py:349: in mock_ddgs_search
    with patch('backend.app.services.recommendation_service.DDGS') as mock_ddgs:
         ^^^^^^^^^^^^^^^^^^^^^^^^^^^^^^^^^^^^^^^^^^^^^^^^^^^^^^^^^
C:\Python313\Lib\unittest\mock.py:1497: in __enter__
    original, local = self.get_original()
                      ^^^^^^^^^^^^^^^^^^^
C:\Python313\Lib\unittest\mock.py:1467: in get_original
    raise AttributeError(
E   AttributeError: <module 'backend.app.services.recommendation_service' from 'C:\\Users\\rooma\\PycharmProjects\\neo_alexadria\\backend\\app\\services\\recommendation_service.py'> does not have the attribute 'DDGS'
___________ ERROR at setup of TestPerformance.test_caching_behavior ___________
tests\conftest.py:349: in mock_ddgs_search
    with patch('backend.app.services.recommendation_service.DDGS') as mock_ddgs:
         ^^^^^^^^^^^^^^^^^^^^^^^^^^^^^^^^^^^^^^^^^^^^^^^^^^^^^^^^^
C:\Python313\Lib\unittest\mock.py:1497: in __enter__
    original, local = self.get_original()
                      ^^^^^^^^^^^^^^^^^^^
C:\Python313\Lib\unittest\mock.py:1467: in get_original
    raise AttributeError(
E   AttributeError: <module 'backend.app.services.recommendation_service' from 'C:\\Users\\rooma\\PycharmProjects\\neo_alexadria\\backend\\app\\services\\recommendation_service.py'> does not have the attribute 'DDGS'
_____ ERROR at setup of TestMetadataExtraction.test_extract_doi_from_text _____
tests\integration\phase6_citations\test_phase6_5_scholarly.py:250: in db_session
    from backend.app.database.base import SessionLocal, Base, engine
E   ImportError: cannot import name 'engine' from 'backend.app.database.base' (C:\Users\rooma\PycharmProjects\neo_alexadria\backend\app\database\base.py)
_______ ERROR at setup of TestMetadataExtraction.test_extract_arxiv_id ________
tests\integration\phase6_citations\test_phase6_5_scholarly.py:250: in db_session
    from backend.app.database.base import SessionLocal, Base, engine
E   ImportError: cannot import name 'engine' from 'backend.app.database.base' (C:\Users\rooma\PycharmProjects\neo_alexadria\backend\app\database\base.py)
___ ERROR at setup of TestMetadataExtraction.test_extract_publication_year ____
tests\integration\phase6_citations\test_phase6_5_scholarly.py:250: in db_session
    from backend.app.database.base import SessionLocal, Base, engine
E   ImportError: cannot import name 'engine' from 'backend.app.database.base' (C:\Users\rooma\PycharmProjects\neo_alexadria\backend\app\database\base.py)
__ ERROR at setup of TestMetadataExtraction.test_compute_completeness_score ___
tests\integration\phase6_citations\test_phase6_5_scholarly.py:250: in db_session
    from backend.app.database.base import SessionLocal, Base, engine
E   ImportError: cannot import name 'engine' from 'backend.app.database.base' (C:\Users\rooma\PycharmProjects\neo_alexadria\backend\app\database\base.py)
___ ERROR at setup of TestMetadataExtraction.test_compute_confidence_score ____
tests\integration\phase6_citations\test_phase6_5_scholarly.py:250: in db_session
    from backend.app.database.base import SessionLocal, Base, engine
E   ImportError: cannot import name 'engine' from 'backend.app.database.base' (C:\Users\rooma\PycharmProjects\neo_alexadria\backend\app\database\base.py)
_ ERROR at setup of TestScholarlyIntegration.test_resource_model_has_scholarly_fields _
tests\integration\phase6_citations\test_phase6_5_scholarly.py:250: in db_session
    from backend.app.database.base import SessionLocal, Base, engine
E   ImportError: cannot import name 'engine' from 'backend.app.database.base' (C:\Users\rooma\PycharmProjects\neo_alexadria\backend\app\database\base.py)
_ ERROR at setup of TestScholarlyIntegration.test_extract_scholarly_metadata_integration _
tests\integration\phase6_citations\test_phase6_5_scholarly.py:250: in db_session
    from backend.app.database.base import SessionLocal, Base, engine
E   ImportError: cannot import name 'engine' from 'backend.app.database.base' (C:\Users\rooma\PycharmProjects\neo_alexadria\backend\app\database\base.py)
_ ERROR at setup of TestQualityDetailsEndpoint.test_get_quality_details_success _
file C:\Users\rooma\PycharmProjects\neo_alexadria\backend\tests\integration\phase9_quality\test_quality_api_endpoints.py, line 63
      def test_get_quality_details_success(self, client: TestClient, test_resource):
file C:\Users\rooma\PycharmProjects\neo_alexadria\backend\tests\integration\phase9_quality\test_quality_api_endpoints.py, line 12
  @pytest.fixture
  def test_resource(db_session: Session):
E       fixture 'db_session' not found
>       available fixtures: anyio_backend, anyio_backend_name, anyio_backend_options, cache, capfd, capfdbinary, caplog, capsys, capsysbinary, capteesys, client, cov, doctest_namespace, empty_library, free_tcp_port, free_tcp_port_factory, free_udp_port, free_udp_port_factory, mock_ai_core, mock_archive_local, mock_ddgs_search, mock_fetch_url, monkeypatch, no_cover, outlier_resource, pytestconfig, recommendation_test_data, record_property, record_testsuite_property, record_xml_attribute, recwarn, reset_prometheus_registry, sample_html, sample_resource_data, sample_text, seeded_resources, single_resource_library, temp_dir, test_db, test_resource, tmp_path, tmp_path_factory, tmpdir, tmpdir_factory
>       use 'pytest --fixtures [testpath]' for help on them.

C:\Users\rooma\PycharmProjects\neo_alexadria\backend\tests\integration\phase9_quality\test_quality_api_endpoints.py:12
_ ERROR at setup of TestQualityDetailsEndpoint.test_get_quality_details_no_quality_computed _
file C:\Users\rooma\PycharmProjects\neo_alexadria\backend\tests\integration\phase9_quality\test_quality_api_endpoints.py, line 84
      def test_get_quality_details_no_quality_computed(self, client: TestClient, db_session):
E       fixture 'db_session' not found
>       available fixtures: anyio_backend, anyio_backend_name, anyio_backend_options, cache, capfd, capfdbinary, caplog, capsys, capsysbinary, capteesys, client, cov, doctest_namespace, empty_library, free_tcp_port, free_tcp_port_factory, free_udp_port, free_udp_port_factory, mock_ai_core, mock_archive_local, mock_ddgs_search, mock_fetch_url, monkeypatch, no_cover, outlier_resource, pytestconfig, recommendation_test_data, record_property, record_testsuite_property, record_xml_attribute, recwarn, reset_prometheus_registry, sample_html, sample_resource_data, sample_text, seeded_resources, single_resource_library, temp_dir, test_db, test_resource, tmp_path, tmp_path_factory, tmpdir, tmpdir_factory
>       use 'pytest --fixtures [testpath]' for help on them.

C:\Users\rooma\PycharmProjects\neo_alexadria\backend\tests\integration\phase9_quality\test_quality_api_endpoints.py:84
_ ERROR at setup of TestQualityRecalculateEndpoint.test_recalculate_single_resource _
file C:\Users\rooma\PycharmProjects\neo_alexadria\backend\tests\integration\phase9_quality\test_quality_api_endpoints.py, line 104
      def test_recalculate_single_resource(self, client: TestClient, test_resource):
file C:\Users\rooma\PycharmProjects\neo_alexadria\backend\tests\integration\phase9_quality\test_quality_api_endpoints.py, line 12
  @pytest.fixture
  def test_resource(db_session: Session):
E       fixture 'db_session' not found
>       available fixtures: anyio_backend, anyio_backend_name, anyio_backend_options, cache, capfd, capfdbinary, caplog, capsys, capsysbinary, capteesys, client, cov, doctest_namespace, empty_library, free_tcp_port, free_tcp_port_factory, free_udp_port, free_udp_port_factory, mock_ai_core, mock_archive_local, mock_ddgs_search, mock_fetch_url, monkeypatch, no_cover, outlier_resource, pytestconfig, recommendation_test_data, record_property, record_testsuite_property, record_xml_attribute, recwarn, reset_prometheus_registry, sample_html, sample_resource_data, sample_text, seeded_resources, single_resource_library, temp_dir, test_db, test_resource, tmp_path, tmp_path_factory, tmpdir, tmpdir_factory
>       use 'pytest --fixtures [testpath]' for help on them.

C:\Users\rooma\PycharmProjects\neo_alexadria\backend\tests\integration\phase9_quality\test_quality_api_endpoints.py:12
_ ERROR at setup of TestQualityRecalculateEndpoint.test_recalculate_multiple_resources _
file C:\Users\rooma\PycharmProjects\neo_alexadria\backend\tests\integration\phase9_quality\test_quality_api_endpoints.py, line 113
      def test_recalculate_multiple_resources(self, client: TestClient, test_resource, db_session):
file C:\Users\rooma\PycharmProjects\neo_alexadria\backend\tests\integration\phase9_quality\test_quality_api_endpoints.py, line 12
  @pytest.fixture
  def test_resource(db_session: Session):
E       fixture 'db_session' not found
>       available fixtures: anyio_backend, anyio_backend_name, anyio_backend_options, cache, capfd, capfdbinary, caplog, capsys, capsysbinary, capteesys, client, cov, doctest_namespace, empty_library, free_tcp_port, free_tcp_port_factory, free_udp_port, free_udp_port_factory, mock_ai_core, mock_archive_local, mock_ddgs_search, mock_fetch_url, monkeypatch, no_cover, outlier_resource, pytestconfig, recommendation_test_data, record_property, record_testsuite_property, record_xml_attribute, recwarn, reset_prometheus_registry, sample_html, sample_resource_data, sample_text, seeded_resources, single_resource_library, temp_dir, test_db, test_resource, tmp_path, tmp_path_factory, tmpdir, tmpdir_factory
>       use 'pytest --fixtures [testpath]' for help on them.

C:\Users\rooma\PycharmProjects\neo_alexadria\backend\tests\integration\phase9_quality\test_quality_api_endpoints.py:12
_ ERROR at setup of TestQualityRecalculateEndpoint.test_recalculate_with_custom_weights _
file C:\Users\rooma\PycharmProjects\neo_alexadria\backend\tests\integration\phase9_quality\test_quality_api_endpoints.py, line 131
      def test_recalculate_with_custom_weights(self, client: TestClient, test_resource):
file C:\Users\rooma\PycharmProjects\neo_alexadria\backend\tests\integration\phase9_quality\test_quality_api_endpoints.py, line 12
  @pytest.fixture
  def test_resource(db_session: Session):
E       fixture 'db_session' not found
>       available fixtures: anyio_backend, anyio_backend_name, anyio_backend_options, cache, capfd, capfdbinary, caplog, capsys, capsysbinary, capteesys, client, cov, doctest_namespace, empty_library, free_tcp_port, free_tcp_port_factory, free_udp_port, free_udp_port_factory, mock_ai_core, mock_archive_local, mock_ddgs_search, mock_fetch_url, monkeypatch, no_cover, outlier_resource, pytestconfig, recommendation_test_data, record_property, record_testsuite_property, record_xml_attribute, recwarn, reset_prometheus_registry, sample_html, sample_resource_data, sample_text, seeded_resources, single_resource_library, temp_dir, test_db, test_resource, tmp_path, tmp_path_factory, tmpdir, tmpdir_factory
>       use 'pytest --fixtures [testpath]' for help on them.

C:\Users\rooma\PycharmProjects\neo_alexadria\backend\tests\integration\phase9_quality\test_quality_api_endpoints.py:12
_ ERROR at setup of TestQualityRecalculateEndpoint.test_recalculate_invalid_weights_sum _
file C:\Users\rooma\PycharmProjects\neo_alexadria\backend\tests\integration\phase9_quality\test_quality_api_endpoints.py, line 149
      def test_recalculate_invalid_weights_sum(self, client: TestClient, test_resource):
file C:\Users\rooma\PycharmProjects\neo_alexadria\backend\tests\integration\phase9_quality\test_quality_api_endpoints.py, line 12
  @pytest.fixture
  def test_resource(db_session: Session):
E       fixture 'db_session' not found
>       available fixtures: anyio_backend, anyio_backend_name, anyio_backend_options, cache, capfd, capfdbinary, caplog, capsys, capsysbinary, capteesys, client, cov, doctest_namespace, empty_library, free_tcp_port, free_tcp_port_factory, free_udp_port, free_udp_port_factory, mock_ai_core, mock_archive_local, mock_ddgs_search, mock_fetch_url, monkeypatch, no_cover, outlier_resource, pytestconfig, recommendation_test_data, record_property, record_testsuite_property, record_xml_attribute, recwarn, reset_prometheus_registry, sample_html, sample_resource_data, sample_text, seeded_resources, single_resource_library, temp_dir, test_db, test_resource, tmp_path, tmp_path_factory, tmpdir, tmpdir_factory
>       use 'pytest --fixtures [testpath]' for help on them.

C:\Users\rooma\PycharmProjects\neo_alexadria\backend\tests\integration\phase9_quality\test_quality_api_endpoints.py:12
_ ERROR at setup of TestQualityRecalculateEndpoint.test_recalculate_missing_dimension _
file C:\Users\rooma\PycharmProjects\neo_alexadria\backend\tests\integration\phase9_quality\test_quality_api_endpoints.py, line 167
      def test_recalculate_missing_dimension(self, client: TestClient, test_resource):
file C:\Users\rooma\PycharmProjects\neo_alexadria\backend\tests\integration\phase9_quality\test_quality_api_endpoints.py, line 12
  @pytest.fixture
  def test_resource(db_session: Session):
E       fixture 'db_session' not found
>       available fixtures: anyio_backend, anyio_backend_name, anyio_backend_options, cache, capfd, capfdbinary, caplog, capsys, capsysbinary, capteesys, client, cov, doctest_namespace, empty_library, free_tcp_port, free_tcp_port_factory, free_udp_port, free_udp_port_factory, mock_ai_core, mock_archive_local, mock_ddgs_search, mock_fetch_url, monkeypatch, no_cover, outlier_resource, pytestconfig, recommendation_test_data, record_property, record_testsuite_property, record_xml_attribute, recwarn, reset_prometheus_registry, sample_html, sample_resource_data, sample_text, seeded_resources, single_resource_library, temp_dir, test_db, test_resource, tmp_path, tmp_path_factory, tmpdir, tmpdir_factory
>       use 'pytest --fixtures [testpath]' for help on them.

C:\Users\rooma\PycharmProjects\neo_alexadria\backend\tests\integration\phase9_quality\test_quality_api_endpoints.py:12
______ ERROR at setup of TestOutliersEndpoint.test_get_outliers_success _______
file C:\Users\rooma\PycharmProjects\neo_alexadria\backend\tests\integration\phase9_quality\test_quality_api_endpoints.py, line 186
      def test_get_outliers_success(self, client: TestClient, outlier_resource):
file C:\Users\rooma\PycharmProjects\neo_alexadria\backend\tests\integration\phase9_quality\test_quality_api_endpoints.py, line 35
  @pytest.fixture
  def outlier_resource(db_session: Session):
E       fixture 'db_session' not found
>       available fixtures: anyio_backend, anyio_backend_name, anyio_backend_options, cache, capfd, capfdbinary, caplog, capsys, capsysbinary, capteesys, client, cov, doctest_namespace, empty_library, free_tcp_port, free_tcp_port_factory, free_udp_port, free_udp_port_factory, mock_ai_core, mock_archive_local, mock_ddgs_search, mock_fetch_url, monkeypatch, no_cover, outlier_resource, pytestconfig, recommendation_test_data, record_property, record_testsuite_property, record_xml_attribute, recwarn, reset_prometheus_registry, sample_html, sample_resource_data, sample_text, seeded_resources, single_resource_library, temp_dir, test_db, test_resource, tmp_path, tmp_path_factory, tmpdir, tmpdir_factory
>       use 'pytest --fixtures [testpath]' for help on them.

C:\Users\rooma\PycharmProjects\neo_alexadria\backend\tests\integration\phase9_quality\test_quality_api_endpoints.py:35
__ ERROR at setup of TestOutliersEndpoint.test_get_outliers_with_pagination ___
file C:\Users\rooma\PycharmProjects\neo_alexadria\backend\tests\integration\phase9_quality\test_quality_api_endpoints.py, line 203
      def test_get_outliers_with_pagination(self, client: TestClient, outlier_resource):
file C:\Users\rooma\PycharmProjects\neo_alexadria\backend\tests\integration\phase9_quality\test_quality_api_endpoints.py, line 35
  @pytest.fixture
  def outlier_resource(db_session: Session):
E       fixture 'db_session' not found
>       available fixtures: anyio_backend, anyio_backend_name, anyio_backend_options, cache, capfd, capfdbinary, caplog, capsys, capsysbinary, capteesys, client, cov, doctest_namespace, empty_library, free_tcp_port, free_tcp_port_factory, free_udp_port, free_udp_port_factory, mock_ai_core, mock_archive_local, mock_ddgs_search, mock_fetch_url, monkeypatch, no_cover, outlier_resource, pytestconfig, recommendation_test_data, record_property, record_testsuite_property, record_xml_attribute, recwarn, reset_prometheus_registry, sample_html, sample_resource_data, sample_text, seeded_resources, single_resource_library, temp_dir, test_db, test_resource, tmp_path, tmp_path_factory, tmpdir, tmpdir_factory
>       use 'pytest --fixtures [testpath]' for help on them.

C:\Users\rooma\PycharmProjects\neo_alexadria\backend\tests\integration\phase9_quality\test_quality_api_endpoints.py:35
__ ERROR at setup of TestOutliersEndpoint.test_get_outliers_filter_by_score ___
file C:\Users\rooma\PycharmProjects\neo_alexadria\backend\tests\integration\phase9_quality\test_quality_api_endpoints.py, line 211
      def test_get_outliers_filter_by_score(self, client: TestClient, outlier_resource):
file C:\Users\rooma\PycharmProjects\neo_alexadria\backend\tests\integration\phase9_quality\test_quality_api_endpoints.py, line 35
  @pytest.fixture
  def outlier_resource(db_session: Session):
E       fixture 'db_session' not found
>       available fixtures: anyio_backend, anyio_backend_name, anyio_backend_options, cache, capfd, capfdbinary, caplog, capsys, capsysbinary, capteesys, client, cov, doctest_namespace, empty_library, free_tcp_port, free_tcp_port_factory, free_udp_port, free_udp_port_factory, mock_ai_core, mock_archive_local, mock_ddgs_search, mock_fetch_url, monkeypatch, no_cover, outlier_resource, pytestconfig, recommendation_test_data, record_property, record_testsuite_property, record_xml_attribute, recwarn, reset_prometheus_registry, sample_html, sample_resource_data, sample_text, seeded_resources, single_resource_library, temp_dir, test_db, test_resource, tmp_path, tmp_path_factory, tmpdir, tmpdir_factory
>       use 'pytest --fixtures [testpath]' for help on them.

C:\Users\rooma\PycharmProjects\neo_alexadria\backend\tests\integration\phase9_quality\test_quality_api_endpoints.py:35
__ ERROR at setup of TestOutliersEndpoint.test_get_outliers_filter_by_reason __
file C:\Users\rooma\PycharmProjects\neo_alexadria\backend\tests\integration\phase9_quality\test_quality_api_endpoints.py, line 221
      def test_get_outliers_filter_by_reason(self, client: TestClient, outlier_resource):
file C:\Users\rooma\PycharmProjects\neo_alexadria\backend\tests\integration\phase9_quality\test_quality_api_endpoints.py, line 35
  @pytest.fixture
  def outlier_resource(db_session: Session):
E       fixture 'db_session' not found
>       available fixtures: anyio_backend, anyio_backend_name, anyio_backend_options, cache, capfd, capfdbinary, caplog, capsys, capsysbinary, capteesys, client, cov, doctest_namespace, empty_library, free_tcp_port, free_tcp_port_factory, free_udp_port, free_udp_port_factory, mock_ai_core, mock_archive_local, mock_ddgs_search, mock_fetch_url, monkeypatch, no_cover, outlier_resource, pytestconfig, recommendation_test_data, record_property, record_testsuite_property, record_xml_attribute, recwarn, reset_prometheus_registry, sample_html, sample_resource_data, sample_text, seeded_resources, single_resource_library, temp_dir, test_db, test_resource, tmp_path, tmp_path_factory, tmpdir, tmpdir_factory
>       use 'pytest --fixtures [testpath]' for help on them.

C:\Users\rooma\PycharmProjects\neo_alexadria\backend\tests\integration\phase9_quality\test_quality_api_endpoints.py:35
____ ERROR at setup of TestOutliersEndpoint.test_get_outliers_empty_result ____
file C:\Users\rooma\PycharmProjects\neo_alexadria\backend\tests\integration\phase9_quality\test_quality_api_endpoints.py, line 231
      def test_get_outliers_empty_result(self, client: TestClient, test_resource):
file C:\Users\rooma\PycharmProjects\neo_alexadria\backend\tests\integration\phase9_quality\test_quality_api_endpoints.py, line 12
  @pytest.fixture
  def test_resource(db_session: Session):
E       fixture 'db_session' not found
>       available fixtures: anyio_backend, anyio_backend_name, anyio_backend_options, cache, capfd, capfdbinary, caplog, capsys, capsysbinary, capteesys, client, cov, doctest_namespace, empty_library, free_tcp_port, free_tcp_port_factory, free_udp_port, free_udp_port_factory, mock_ai_core, mock_archive_local, mock_ddgs_search, mock_fetch_url, monkeypatch, no_cover, outlier_resource, pytestconfig, recommendation_test_data, record_property, record_testsuite_property, record_xml_attribute, recwarn, reset_prometheus_registry, sample_html, sample_resource_data, sample_text, seeded_resources, single_resource_library, temp_dir, test_db, test_resource, tmp_path, tmp_path_factory, tmpdir, tmpdir_factory
>       use 'pytest --fixtures [testpath]' for help on them.

C:\Users\rooma\PycharmProjects\neo_alexadria\backend\tests\integration\phase9_quality\test_quality_api_endpoints.py:12
____ ERROR at setup of TestDegradationEndpoint.test_get_degradation_report ____
file C:\Users\rooma\PycharmProjects\neo_alexadria\backend\tests\integration\phase9_quality\test_quality_api_endpoints.py, line 244
      def test_get_degradation_report(self, client: TestClient, db_session):
E       fixture 'db_session' not found
>       available fixtures: anyio_backend, anyio_backend_name, anyio_backend_options, cache, capfd, capfdbinary, caplog, capsys, capsysbinary, capteesys, client, cov, doctest_namespace, empty_library, free_tcp_port, free_tcp_port_factory, free_udp_port, free_udp_port_factory, mock_ai_core, mock_archive_local, mock_ddgs_search, mock_fetch_url, monkeypatch, no_cover, outlier_resource, pytestconfig, recommendation_test_data, record_property, record_testsuite_property, record_xml_attribute, recwarn, reset_prometheus_registry, sample_html, sample_resource_data, sample_text, seeded_resources, single_resource_library, temp_dir, test_db, test_resource, tmp_path, tmp_path_factory, tmpdir, tmpdir_factory
>       use 'pytest --fixtures [testpath]' for help on them.

C:\Users\rooma\PycharmProjects\neo_alexadria\backend\tests\integration\phase9_quality\test_quality_api_endpoints.py:244
_ ERROR at setup of TestSummaryEvaluationEndpoint.test_evaluate_summary_success _
file C:\Users\rooma\PycharmProjects\neo_alexadria\backend\tests\integration\phase9_quality\test_quality_api_endpoints.py, line 283
      def test_evaluate_summary_success(self, client: TestClient, db_session):
E       fixture 'db_session' not found
>       available fixtures: anyio_backend, anyio_backend_name, anyio_backend_options, cache, capfd, capfdbinary, caplog, capsys, capsysbinary, capteesys, client, cov, doctest_namespace, empty_library, free_tcp_port, free_tcp_port_factory, free_udp_port, free_udp_port_factory, mock_ai_core, mock_archive_local, mock_ddgs_search, mock_fetch_url, monkeypatch, no_cover, outlier_resource, pytestconfig, recommendation_test_data, record_property, record_testsuite_property, record_xml_attribute, recwarn, reset_prometheus_registry, sample_html, sample_resource_data, sample_text, seeded_resources, single_resource_library, temp_dir, test_db, test_resource, tmp_path, tmp_path_factory, tmpdir, tmpdir_factory
>       use 'pytest --fixtures [testpath]' for help on them.

C:\Users\rooma\PycharmProjects\neo_alexadria\backend\tests\integration\phase9_quality\test_quality_api_endpoints.py:283
_ ERROR at setup of TestSummaryEvaluationEndpoint.test_evaluate_summary_with_g_eval _
file C:\Users\rooma\PycharmProjects\neo_alexadria\backend\tests\integration\phase9_quality\test_quality_api_endpoints.py, line 299
      def test_evaluate_summary_with_g_eval(self, client: TestClient, db_session):
E       fixture 'db_session' not found
>       available fixtures: anyio_backend, anyio_backend_name, anyio_backend_options, cache, capfd, capfdbinary, caplog, capsys, capsysbinary, capteesys, client, cov, doctest_namespace, empty_library, free_tcp_port, free_tcp_port_factory, free_udp_port, free_udp_port_factory, mock_ai_core, mock_archive_local, mock_ddgs_search, mock_fetch_url, monkeypatch, no_cover, outlier_resource, pytestconfig, recommendation_test_data, record_property, record_testsuite_property, record_xml_attribute, recwarn, reset_prometheus_registry, sample_html, sample_resource_data, sample_text, seeded_resources, single_resource_library, temp_dir, test_db, test_resource, tmp_path, tmp_path_factory, tmpdir, tmpdir_factory
>       use 'pytest --fixtures [testpath]' for help on them.

C:\Users\rooma\PycharmProjects\neo_alexadria\backend\tests\integration\phase9_quality\test_quality_api_endpoints.py:299
_ ERROR at setup of TestSummaryEvaluationEndpoint.test_evaluate_summary_no_summary _
file C:\Users\rooma\PycharmProjects\neo_alexadria\backend\tests\integration\phase9_quality\test_quality_api_endpoints.py, line 317
      def test_evaluate_summary_no_summary(self, client: TestClient, test_resource):
file C:\Users\rooma\PycharmProjects\neo_alexadria\backend\tests\integration\phase9_quality\test_quality_api_endpoints.py, line 12
  @pytest.fixture
  def test_resource(db_session: Session):
E       fixture 'db_session' not found
>       available fixtures: anyio_backend, anyio_backend_name, anyio_backend_options, cache, capfd, capfdbinary, caplog, capsys, capsysbinary, capteesys, client, cov, doctest_namespace, empty_library, free_tcp_port, free_tcp_port_factory, free_udp_port, free_udp_port_factory, mock_ai_core, mock_archive_local, mock_ddgs_search, mock_fetch_url, monkeypatch, no_cover, outlier_resource, pytestconfig, recommendation_test_data, record_property, record_testsuite_property, record_xml_attribute, recwarn, reset_prometheus_registry, sample_html, sample_resource_data, sample_text, seeded_resources, single_resource_library, temp_dir, test_db, test_resource, tmp_path, tmp_path_factory, tmpdir, tmpdir_factory
>       use 'pytest --fixtures [testpath]' for help on them.

C:\Users\rooma\PycharmProjects\neo_alexadria\backend\tests\integration\phase9_quality\test_quality_api_endpoints.py:12
_ ERROR at setup of TestQualityDistributionEndpoint.test_get_distribution_default _
file C:\Users\rooma\PycharmProjects\neo_alexadria\backend\tests\integration\phase9_quality\test_quality_api_endpoints.py, line 327
      def test_get_distribution_default(self, client: TestClient, test_resource):
file C:\Users\rooma\PycharmProjects\neo_alexadria\backend\tests\integration\phase9_quality\test_quality_api_endpoints.py, line 12
  @pytest.fixture
  def test_resource(db_session: Session):
E       fixture 'db_session' not found
>       available fixtures: anyio_backend, anyio_backend_name, anyio_backend_options, cache, capfd, capfdbinary, caplog, capsys, capsysbinary, capteesys, client, cov, doctest_namespace, empty_library, free_tcp_port, free_tcp_port_factory, free_udp_port, free_udp_port_factory, mock_ai_core, mock_archive_local, mock_ddgs_search, mock_fetch_url, monkeypatch, no_cover, outlier_resource, pytestconfig, recommendation_test_data, record_property, record_testsuite_property, record_xml_attribute, recwarn, reset_prometheus_registry, sample_html, sample_resource_data, sample_text, seeded_resources, single_resource_library, temp_dir, test_db, test_resource, tmp_path, tmp_path_factory, tmpdir, tmpdir_factory
>       use 'pytest --fixtures [testpath]' for help on them.

C:\Users\rooma\PycharmProjects\neo_alexadria\backend\tests\integration\phase9_quality\test_quality_api_endpoints.py:12
_ ERROR at setup of TestQualityDistributionEndpoint.test_get_distribution_specific_dimension _
file C:\Users\rooma\PycharmProjects\neo_alexadria\backend\tests\integration\phase9_quality\test_quality_api_endpoints.py, line 340
      def test_get_distribution_specific_dimension(self, client: TestClient, test_resource):
file C:\Users\rooma\PycharmProjects\neo_alexadria\backend\tests\integration\phase9_quality\test_quality_api_endpoints.py, line 12
  @pytest.fixture
  def test_resource(db_session: Session):
E       fixture 'db_session' not found
>       available fixtures: anyio_backend, anyio_backend_name, anyio_backend_options, cache, capfd, capfdbinary, caplog, capsys, capsysbinary, capteesys, client, cov, doctest_namespace, empty_library, free_tcp_port, free_tcp_port_factory, free_udp_port, free_udp_port_factory, mock_ai_core, mock_archive_local, mock_ddgs_search, mock_fetch_url, monkeypatch, no_cover, outlier_resource, pytestconfig, recommendation_test_data, record_property, record_testsuite_property, record_xml_attribute, recwarn, reset_prometheus_registry, sample_html, sample_resource_data, sample_text, seeded_resources, single_resource_library, temp_dir, test_db, test_resource, tmp_path, tmp_path_factory, tmpdir, tmpdir_factory
>       use 'pytest --fixtures [testpath]' for help on them.

C:\Users\rooma\PycharmProjects\neo_alexadria\backend\tests\integration\phase9_quality\test_quality_api_endpoints.py:12
_ ERROR at setup of TestQualityDistributionEndpoint.test_get_distribution_custom_bins _
file C:\Users\rooma\PycharmProjects\neo_alexadria\backend\tests\integration\phase9_quality\test_quality_api_endpoints.py, line 348
      def test_get_distribution_custom_bins(self, client: TestClient, test_resource):
file C:\Users\rooma\PycharmProjects\neo_alexadria\backend\tests\integration\phase9_quality\test_quality_api_endpoints.py, line 12
  @pytest.fixture
  def test_resource(db_session: Session):
E       fixture 'db_session' not found
>       available fixtures: anyio_backend, anyio_backend_name, anyio_backend_options, cache, capfd, capfdbinary, caplog, capsys, capsysbinary, capteesys, client, cov, doctest_namespace, empty_library, free_tcp_port, free_tcp_port_factory, free_udp_port, free_udp_port_factory, mock_ai_core, mock_archive_local, mock_ddgs_search, mock_fetch_url, monkeypatch, no_cover, outlier_resource, pytestconfig, recommendation_test_data, record_property, record_testsuite_property, record_xml_attribute, recwarn, reset_prometheus_registry, sample_html, sample_resource_data, sample_text, seeded_resources, single_resource_library, temp_dir, test_db, test_resource, tmp_path, tmp_path_factory, tmpdir, tmpdir_factory
>       use 'pytest --fixtures [testpath]' for help on them.

C:\Users\rooma\PycharmProjects\neo_alexadria\backend\tests\integration\phase9_quality\test_quality_api_endpoints.py:12
______ ERROR at setup of TestQualityTrendsEndpoint.test_get_trends_daily ______
file C:\Users\rooma\PycharmProjects\neo_alexadria\backend\tests\integration\phase9_quality\test_quality_api_endpoints.py, line 360
      def test_get_trends_daily(self, client: TestClient, test_resource):
file C:\Users\rooma\PycharmProjects\neo_alexadria\backend\tests\integration\phase9_quality\test_quality_api_endpoints.py, line 12
  @pytest.fixture
  def test_resource(db_session: Session):
E       fixture 'db_session' not found
>       available fixtures: anyio_backend, anyio_backend_name, anyio_backend_options, cache, capfd, capfdbinary, caplog, capsys, capsysbinary, capteesys, client, cov, doctest_namespace, empty_library, free_tcp_port, free_tcp_port_factory, free_udp_port, free_udp_port_factory, mock_ai_core, mock_archive_local, mock_ddgs_search, mock_fetch_url, monkeypatch, no_cover, outlier_resource, pytestconfig, recommendation_test_data, record_property, record_testsuite_property, record_xml_attribute, recwarn, reset_prometheus_registry, sample_html, sample_resource_data, sample_text, seeded_resources, single_resource_library, temp_dir, test_db, test_resource, tmp_path, tmp_path_factory, tmpdir, tmpdir_factory
>       use 'pytest --fixtures [testpath]' for help on them.

C:\Users\rooma\PycharmProjects\neo_alexadria\backend\tests\integration\phase9_quality\test_quality_api_endpoints.py:12
_ ERROR at setup of TestQualityTrendsEndpoint.test_get_trends_with_date_range _
file C:\Users\rooma\PycharmProjects\neo_alexadria\backend\tests\integration\phase9_quality\test_quality_api_endpoints.py, line 370
      def test_get_trends_with_date_range(self, client: TestClient, test_resource):
file C:\Users\rooma\PycharmProjects\neo_alexadria\backend\tests\integration\phase9_quality\test_quality_api_endpoints.py, line 12
  @pytest.fixture
  def test_resource(db_session: Session):
E       fixture 'db_session' not found
>       available fixtures: anyio_backend, anyio_backend_name, anyio_backend_options, cache, capfd, capfdbinary, caplog, capsys, capsysbinary, capteesys, client, cov, doctest_namespace, empty_library, free_tcp_port, free_tcp_port_factory, free_udp_port, free_udp_port_factory, mock_ai_core, mock_archive_local, mock_ddgs_search, mock_fetch_url, monkeypatch, no_cover, outlier_resource, pytestconfig, recommendation_test_data, record_property, record_testsuite_property, record_xml_attribute, recwarn, reset_prometheus_registry, sample_html, sample_resource_data, sample_text, seeded_resources, single_resource_library, temp_dir, test_db, test_resource, tmp_path, tmp_path_factory, tmpdir, tmpdir_factory
>       use 'pytest --fixtures [testpath]' for help on them.

C:\Users\rooma\PycharmProjects\neo_alexadria\backend\tests\integration\phase9_quality\test_quality_api_endpoints.py:12
_ ERROR at setup of TestDimensionAveragesEndpoint.test_get_dimension_averages _
file C:\Users\rooma\PycharmProjects\neo_alexadria\backend\tests\integration\phase9_quality\test_quality_api_endpoints.py, line 385
      def test_get_dimension_averages(self, client: TestClient, test_resource):
file C:\Users\rooma\PycharmProjects\neo_alexadria\backend\tests\integration\phase9_quality\test_quality_api_endpoints.py, line 12
  @pytest.fixture
  def test_resource(db_session: Session):
E       fixture 'db_session' not found
>       available fixtures: anyio_backend, anyio_backend_name, anyio_backend_options, cache, capfd, capfdbinary, caplog, capsys, capsysbinary, capteesys, client, cov, doctest_namespace, empty_library, free_tcp_port, free_tcp_port_factory, free_udp_port, free_udp_port_factory, mock_ai_core, mock_archive_local, mock_ddgs_search, mock_fetch_url, monkeypatch, no_cover, outlier_resource, pytestconfig, recommendation_test_data, record_property, record_testsuite_property, record_xml_attribute, recwarn, reset_prometheus_registry, sample_html, sample_resource_data, sample_text, seeded_resources, single_resource_library, temp_dir, test_db, test_resource, tmp_path, tmp_path_factory, tmpdir, tmpdir_factory
>       use 'pytest --fixtures [testpath]' for help on them.

C:\Users\rooma\PycharmProjects\neo_alexadria\backend\tests\integration\phase9_quality\test_quality_api_endpoints.py:12
_______ ERROR at setup of TestReviewQueueEndpoint.test_get_review_queue _______
file C:\Users\rooma\PycharmProjects\neo_alexadria\backend\tests\integration\phase9_quality\test_quality_api_endpoints.py, line 411
      def test_get_review_queue(self, client: TestClient, outlier_resource):
file C:\Users\rooma\PycharmProjects\neo_alexadria\backend\tests\integration\phase9_quality\test_quality_api_endpoints.py, line 35
  @pytest.fixture
  def outlier_resource(db_session: Session):
E       fixture 'db_session' not found
>       available fixtures: anyio_backend, anyio_backend_name, anyio_backend_options, cache, capfd, capfdbinary, caplog, capsys, capsysbinary, capteesys, client, cov, doctest_namespace, empty_library, free_tcp_port, free_tcp_port_factory, free_udp_port, free_udp_port_factory, mock_ai_core, mock_archive_local, mock_ddgs_search, mock_fetch_url, monkeypatch, no_cover, outlier_resource, pytestconfig, recommendation_test_data, record_property, record_testsuite_property, record_xml_attribute, recwarn, reset_prometheus_registry, sample_html, sample_resource_data, sample_text, seeded_resources, single_resource_library, temp_dir, test_db, test_resource, tmp_path, tmp_path_factory, tmpdir, tmpdir_factory
>       use 'pytest --fixtures [testpath]' for help on them.

C:\Users\rooma\PycharmProjects\neo_alexadria\backend\tests\integration\phase9_quality\test_quality_api_endpoints.py:35
_ ERROR at setup of TestReviewQueueEndpoint.test_get_review_queue_with_pagination _
file C:\Users\rooma\PycharmProjects\neo_alexadria\backend\tests\integration\phase9_quality\test_quality_api_endpoints.py, line 422
      def test_get_review_queue_with_pagination(self, client: TestClient, outlier_resource):
file C:\Users\rooma\PycharmProjects\neo_alexadria\backend\tests\integration\phase9_quality\test_quality_api_endpoints.py, line 35
  @pytest.fixture
  def outlier_resource(db_session: Session):
E       fixture 'db_session' not found
>       available fixtures: anyio_backend, anyio_backend_name, anyio_backend_options, cache, capfd, capfdbinary, caplog, capsys, capsysbinary, capteesys, client, cov, doctest_namespace, empty_library, free_tcp_port, free_tcp_port_factory, free_udp_port, free_udp_port_factory, mock_ai_core, mock_archive_local, mock_ddgs_search, mock_fetch_url, monkeypatch, no_cover, outlier_resource, pytestconfig, recommendation_test_data, record_property, record_testsuite_property, record_xml_attribute, recwarn, reset_prometheus_registry, sample_html, sample_resource_data, sample_text, seeded_resources, single_resource_library, temp_dir, test_db, test_resource, tmp_path, tmp_path_factory, tmpdir, tmpdir_factory
>       use 'pytest --fixtures [testpath]' for help on them.

C:\Users\rooma\PycharmProjects\neo_alexadria\backend\tests\integration\phase9_quality\test_quality_api_endpoints.py:35
_ ERROR at setup of TestReviewQueueEndpoint.test_get_review_queue_sort_by_score _
file C:\Users\rooma\PycharmProjects\neo_alexadria\backend\tests\integration\phase9_quality\test_quality_api_endpoints.py, line 430
      def test_get_review_queue_sort_by_score(self, client: TestClient, outlier_resource):
file C:\Users\rooma\PycharmProjects\neo_alexadria\backend\tests\integration\phase9_quality\test_quality_api_endpoints.py, line 35
  @pytest.fixture
  def outlier_resource(db_session: Session):
E       fixture 'db_session' not found
>       available fixtures: anyio_backend, anyio_backend_name, anyio_backend_options, cache, capfd, capfdbinary, caplog, capsys, capsysbinary, capteesys, client, cov, doctest_namespace, empty_library, free_tcp_port, free_tcp_port_factory, free_udp_port, free_udp_port_factory, mock_ai_core, mock_archive_local, mock_ddgs_search, mock_fetch_url, monkeypatch, no_cover, outlier_resource, pytestconfig, recommendation_test_data, record_property, record_testsuite_property, record_xml_attribute, recwarn, reset_prometheus_registry, sample_html, sample_resource_data, sample_text, seeded_resources, single_resource_library, temp_dir, test_db, test_resource, tmp_path, tmp_path_factory, tmpdir, tmpdir_factory
>       use 'pytest --fixtures [testpath]' for help on them.

C:\Users\rooma\PycharmProjects\neo_alexadria\backend\tests\integration\phase9_quality\test_quality_api_endpoints.py:35
____ ERROR at setup of TestReviewQueueEndpoint.test_get_review_queue_empty ____
file C:\Users\rooma\PycharmProjects\neo_alexadria\backend\tests\integration\phase9_quality\test_quality_api_endpoints.py, line 442
      def test_get_review_queue_empty(self, client: TestClient, test_resource):
file C:\Users\rooma\PycharmProjects\neo_alexadria\backend\tests\integration\phase9_quality\test_quality_api_endpoints.py, line 12
  @pytest.fixture
  def test_resource(db_session: Session):
E       fixture 'db_session' not found
>       available fixtures: anyio_backend, anyio_backend_name, anyio_backend_options, cache, capfd, capfdbinary, caplog, capsys, capsysbinary, capteesys, client, cov, doctest_namespace, empty_library, free_tcp_port, free_tcp_port_factory, free_udp_port, free_udp_port_factory, mock_ai_core, mock_archive_local, mock_ddgs_search, mock_fetch_url, monkeypatch, no_cover, outlier_resource, pytestconfig, recommendation_test_data, record_property, record_testsuite_property, record_xml_attribute, recwarn, reset_prometheus_registry, sample_html, sample_resource_data, sample_text, seeded_resources, single_resource_library, temp_dir, test_db, test_resource, tmp_path, tmp_path_factory, tmpdir, tmpdir_factory
>       use 'pytest --fixtures [testpath]' for help on them.

C:\Users\rooma\PycharmProjects\neo_alexadria\backend\tests\integration\phase9_quality\test_quality_api_endpoints.py:12
_ ERROR at setup of TestEndToEndQualityAssessment.test_resource_creation_to_quality_score _
file C:\Users\rooma\PycharmProjects\neo_alexadria\backend\tests\integration\phase9_quality\test_quality_workflows_integration.py, line 29
      def test_resource_creation_to_quality_score(
file C:\Users\rooma\PycharmProjects\neo_alexadria\backend\tests\integration\phase9_quality\test_quality_workflows_integration.py, line 14
  @pytest.fixture
  def quality_service(db_session: Session):
E       fixture 'db_session' not found
>       available fixtures: anyio_backend, anyio_backend_name, anyio_backend_options, cache, capfd, capfdbinary, caplog, capsys, capsysbinary, capteesys, client, cov, doctest_namespace, empty_library, free_tcp_port, free_tcp_port_factory, free_udp_port, free_udp_port_factory, mock_ai_core, mock_archive_local, mock_ddgs_search, mock_fetch_url, monkeypatch, no_cover, pytestconfig, quality_service, recommendation_test_data, record_property, record_testsuite_property, record_xml_attribute, recwarn, reset_prometheus_registry, sample_html, sample_resource_data, sample_text, seeded_resources, single_resource_library, summarization_evaluator, temp_dir, test_db, tmp_path, tmp_path_factory, tmpdir, tmpdir_factory
>       use 'pytest --fixtures [testpath]' for help on them.

C:\Users\rooma\PycharmProjects\neo_alexadria\backend\tests\integration\phase9_quality\test_quality_workflows_integration.py:14
_ ERROR at setup of TestEndToEndQualityAssessment.test_quality_with_phase6_citations _
file C:\Users\rooma\PycharmProjects\neo_alexadria\backend\tests\integration\phase9_quality\test_quality_workflows_integration.py, line 70
      def test_quality_with_phase6_citations(
file C:\Users\rooma\PycharmProjects\neo_alexadria\backend\tests\integration\phase9_quality\test_quality_workflows_integration.py, line 14
  @pytest.fixture
  def quality_service(db_session: Session):
E       fixture 'db_session' not found
>       available fixtures: anyio_backend, anyio_backend_name, anyio_backend_options, cache, capfd, capfdbinary, caplog, capsys, capsysbinary, capteesys, client, cov, doctest_namespace, empty_library, free_tcp_port, free_tcp_port_factory, free_udp_port, free_udp_port_factory, mock_ai_core, mock_archive_local, mock_ddgs_search, mock_fetch_url, monkeypatch, no_cover, pytestconfig, quality_service, recommendation_test_data, record_property, record_testsuite_property, record_xml_attribute, recwarn, reset_prometheus_registry, sample_html, sample_resource_data, sample_text, seeded_resources, single_resource_library, summarization_evaluator, temp_dir, test_db, tmp_path, tmp_path_factory, tmpdir, tmpdir_factory
>       use 'pytest --fixtures [testpath]' for help on them.

C:\Users\rooma\PycharmProjects\neo_alexadria\backend\tests\integration\phase9_quality\test_quality_workflows_integration.py:14
_ ERROR at setup of TestEndToEndQualityAssessment.test_quality_with_phase65_scholarly_metadata _
file C:\Users\rooma\PycharmProjects\neo_alexadria\backend\tests\integration\phase9_quality\test_quality_workflows_integration.py, line 108
      def test_quality_with_phase65_scholarly_metadata(
file C:\Users\rooma\PycharmProjects\neo_alexadria\backend\tests\integration\phase9_quality\test_quality_workflows_integration.py, line 14
  @pytest.fixture
  def quality_service(db_session: Session):
E       fixture 'db_session' not found
>       available fixtures: anyio_backend, anyio_backend_name, anyio_backend_options, cache, capfd, capfdbinary, caplog, capsys, capsysbinary, capteesys, client, cov, doctest_namespace, empty_library, free_tcp_port, free_tcp_port_factory, free_udp_port, free_udp_port_factory, mock_ai_core, mock_archive_local, mock_ddgs_search, mock_fetch_url, monkeypatch, no_cover, pytestconfig, quality_service, recommendation_test_data, record_property, record_testsuite_property, record_xml_attribute, recwarn, reset_prometheus_registry, sample_html, sample_resource_data, sample_text, seeded_resources, single_resource_library, summarization_evaluator, temp_dir, test_db, tmp_path, tmp_path_factory, tmpdir, tmpdir_factory
>       use 'pytest --fixtures [testpath]' for help on them.

C:\Users\rooma\PycharmProjects\neo_alexadria\backend\tests\integration\phase9_quality\test_quality_workflows_integration.py:14
_ ERROR at setup of TestEndToEndQualityAssessment.test_quality_with_phase85_classification _
file C:\Users\rooma\PycharmProjects\neo_alexadria\backend\tests\integration\phase9_quality\test_quality_workflows_integration.py, line 136
      def test_quality_with_phase85_classification(
file C:\Users\rooma\PycharmProjects\neo_alexadria\backend\tests\integration\phase9_quality\test_quality_workflows_integration.py, line 14
  @pytest.fixture
  def quality_service(db_session: Session):
E       fixture 'db_session' not found
>       available fixtures: anyio_backend, anyio_backend_name, anyio_backend_options, cache, capfd, capfdbinary, caplog, capsys, capsysbinary, capteesys, client, cov, doctest_namespace, empty_library, free_tcp_port, free_tcp_port_factory, free_udp_port, free_udp_port_factory, mock_ai_core, mock_archive_local, mock_ddgs_search, mock_fetch_url, monkeypatch, no_cover, pytestconfig, quality_service, recommendation_test_data, record_property, record_testsuite_property, record_xml_attribute, recwarn, reset_prometheus_registry, sample_html, sample_resource_data, sample_text, seeded_resources, single_resource_library, summarization_evaluator, temp_dir, test_db, tmp_path, tmp_path_factory, tmpdir, tmpdir_factory
>       use 'pytest --fixtures [testpath]' for help on them.

C:\Users\rooma\PycharmProjects\neo_alexadria\backend\tests\integration\phase9_quality\test_quality_workflows_integration.py:14
_ ERROR at setup of TestSummarizationEvaluationWorkflow.test_summary_generation_to_evaluation _
file C:\Users\rooma\PycharmProjects\neo_alexadria\backend\tests\integration\phase9_quality\test_quality_workflows_integration.py, line 178
      def test_summary_generation_to_evaluation(
file C:\Users\rooma\PycharmProjects\neo_alexadria\backend\tests\integration\phase9_quality\test_quality_workflows_integration.py, line 20
  @pytest.fixture
  def summarization_evaluator(db_session: Session):
E       fixture 'db_session' not found
>       available fixtures: anyio_backend, anyio_backend_name, anyio_backend_options, cache, capfd, capfdbinary, caplog, capsys, capsysbinary, capteesys, client, cov, doctest_namespace, empty_library, free_tcp_port, free_tcp_port_factory, free_udp_port, free_udp_port_factory, mock_ai_core, mock_archive_local, mock_ddgs_search, mock_fetch_url, monkeypatch, no_cover, pytestconfig, quality_service, recommendation_test_data, record_property, record_testsuite_property, record_xml_attribute, recwarn, reset_prometheus_registry, sample_html, sample_resource_data, sample_text, seeded_resources, single_resource_library, summarization_evaluator, temp_dir, test_db, tmp_path, tmp_path_factory, tmpdir, tmpdir_factory
>       use 'pytest --fixtures [testpath]' for help on them.

C:\Users\rooma\PycharmProjects\neo_alexadria\backend\tests\integration\phase9_quality\test_quality_workflows_integration.py:20
_ ERROR at setup of TestOutlierDetectionWorkflow.test_batch_outlier_detection _
file C:\Users\rooma\PycharmProjects\neo_alexadria\backend\tests\integration\phase9_quality\test_quality_workflows_integration.py, line 220
      def test_batch_outlier_detection(self, quality_service, db_session):
file C:\Users\rooma\PycharmProjects\neo_alexadria\backend\tests\integration\phase9_quality\test_quality_workflows_integration.py, line 14
  @pytest.fixture
  def quality_service(db_session: Session):
E       fixture 'db_session' not found
>       available fixtures: anyio_backend, anyio_backend_name, anyio_backend_options, cache, capfd, capfdbinary, caplog, capsys, capsysbinary, capteesys, client, cov, doctest_namespace, empty_library, free_tcp_port, free_tcp_port_factory, free_udp_port, free_udp_port_factory, mock_ai_core, mock_archive_local, mock_ddgs_search, mock_fetch_url, monkeypatch, no_cover, pytestconfig, quality_service, recommendation_test_data, record_property, record_testsuite_property, record_xml_attribute, recwarn, reset_prometheus_registry, sample_html, sample_resource_data, sample_text, seeded_resources, single_resource_library, summarization_evaluator, temp_dir, test_db, tmp_path, tmp_path_factory, tmpdir, tmpdir_factory
>       use 'pytest --fixtures [testpath]' for help on them.

C:\Users\rooma\PycharmProjects\neo_alexadria\backend\tests\integration\phase9_quality\test_quality_workflows_integration.py:14
_ ERROR at setup of TestQualityDegradationWorkflow.test_time_based_degradation_monitoring _
file C:\Users\rooma\PycharmProjects\neo_alexadria\backend\tests\integration\phase9_quality\test_quality_workflows_integration.py, line 282
      def test_time_based_degradation_monitoring(
file C:\Users\rooma\PycharmProjects\neo_alexadria\backend\tests\integration\phase9_quality\test_quality_workflows_integration.py, line 14
  @pytest.fixture
  def quality_service(db_session: Session):
E       fixture 'db_session' not found
>       available fixtures: anyio_backend, anyio_backend_name, anyio_backend_options, cache, capfd, capfdbinary, caplog, capsys, capsysbinary, capteesys, client, cov, doctest_namespace, empty_library, free_tcp_port, free_tcp_port_factory, free_udp_port, free_udp_port_factory, mock_ai_core, mock_archive_local, mock_ddgs_search, mock_fetch_url, monkeypatch, no_cover, pytestconfig, quality_service, recommendation_test_data, record_property, record_testsuite_property, record_xml_attribute, recwarn, reset_prometheus_registry, sample_html, sample_resource_data, sample_text, seeded_resources, single_resource_library, summarization_evaluator, temp_dir, test_db, tmp_path, tmp_path_factory, tmpdir, tmpdir_factory
>       use 'pytest --fixtures [testpath]' for help on them.

C:\Users\rooma\PycharmProjects\neo_alexadria\backend\tests\integration\phase9_quality\test_quality_workflows_integration.py:14
_ ERROR at setup of TestCrossPhaseIntegration.test_complete_resource_lifecycle _
file C:\Users\rooma\PycharmProjects\neo_alexadria\backend\tests\integration\phase9_quality\test_quality_workflows_integration.py, line 319
      def test_complete_resource_lifecycle(
file C:\Users\rooma\PycharmProjects\neo_alexadria\backend\tests\integration\phase9_quality\test_quality_workflows_integration.py, line 14
  @pytest.fixture
  def quality_service(db_session: Session):
E       fixture 'db_session' not found
>       available fixtures: anyio_backend, anyio_backend_name, anyio_backend_options, cache, capfd, capfdbinary, caplog, capsys, capsysbinary, capteesys, client, cov, doctest_namespace, empty_library, free_tcp_port, free_tcp_port_factory, free_udp_port, free_udp_port_factory, mock_ai_core, mock_archive_local, mock_ddgs_search, mock_fetch_url, monkeypatch, no_cover, pytestconfig, quality_service, recommendation_test_data, record_property, record_testsuite_property, record_xml_attribute, recwarn, reset_prometheus_registry, sample_html, sample_resource_data, sample_text, seeded_resources, single_resource_library, summarization_evaluator, temp_dir, test_db, tmp_path, tmp_path_factory, tmpdir, tmpdir_factory
>       use 'pytest --fixtures [testpath]' for help on them.

C:\Users\rooma\PycharmProjects\neo_alexadria\backend\tests\integration\phase9_quality\test_quality_workflows_integration.py:14
_ ERROR at setup of TestQualityComputationLatency.test_single_resource_latency _
file C:\Users\rooma\PycharmProjects\neo_alexadria\backend\tests\performance\phase9_quality\test_quality_performance.py, line 56
      def test_single_resource_latency(self, quality_service, db_session):
file C:\Users\rooma\PycharmProjects\neo_alexadria\backend\tests\performance\phase9_quality\test_quality_performance.py, line 14
  @pytest.fixture
  def quality_service(db_session: Session):
E       fixture 'db_session' not found
>       available fixtures: anyio_backend, anyio_backend_name, anyio_backend_options, benchmark_output_dir, benchmark_session_db, benchmark_timeout, cache, capfd, capfdbinary, caplog, capsys, capsysbinary, capteesys, classification_test_data, client, cov, create_test_resources, doctest_namespace, empty_library, free_tcp_port, free_tcp_port_factory, free_udp_port, free_udp_port_factory, gpu_memory_monitor, isolated_test_db, memory_monitor, mock_ai_core, mock_all_external_apis, mock_archive_local, mock_ddgs_search, mock_fetch_url, mock_openai_api, monkeypatch, no_cover, pytestconfig, quality_service, recommendation_test_data, record_property, record_testsuite_property, record_xml_attribute, recwarn, reset_prometheus_registry, sample_html, sample_resource_data, sample_text, search_relevance_data, seeded_resources, set_random_seeds, single_resource_library, summarization_evaluator, summarization_test_data, temp_dir, test_db, tmp_path, tmp_path_factory, tmpdir, tmpdir_factory, trained_classifier, trained_ncf_model
>       use 'pytest --fixtures [testpath]' for help on them.

C:\Users\rooma\PycharmProjects\neo_alexadria\backend\tests\performance\phase9_quality\test_quality_performance.py:14
_ ERROR at setup of TestQualityComputationLatency.test_average_latency_multiple_resources _
file C:\Users\rooma\PycharmProjects\neo_alexadria\backend\tests\performance\phase9_quality\test_quality_performance.py, line 79
      def test_average_latency_multiple_resources(self, quality_service, create_test_resources):
file C:\Users\rooma\PycharmProjects\neo_alexadria\backend\tests\performance\phase9_quality\test_quality_performance.py, line 14
  @pytest.fixture
  def quality_service(db_session: Session):
E       fixture 'db_session' not found
>       available fixtures: anyio_backend, anyio_backend_name, anyio_backend_options, benchmark_output_dir, benchmark_session_db, benchmark_timeout, cache, capfd, capfdbinary, caplog, capsys, capsysbinary, capteesys, classification_test_data, client, cov, create_test_resources, doctest_namespace, empty_library, free_tcp_port, free_tcp_port_factory, free_udp_port, free_udp_port_factory, gpu_memory_monitor, isolated_test_db, memory_monitor, mock_ai_core, mock_all_external_apis, mock_archive_local, mock_ddgs_search, mock_fetch_url, mock_openai_api, monkeypatch, no_cover, pytestconfig, quality_service, recommendation_test_data, record_property, record_testsuite_property, record_xml_attribute, recwarn, reset_prometheus_registry, sample_html, sample_resource_data, sample_text, search_relevance_data, seeded_resources, set_random_seeds, single_resource_library, summarization_evaluator, summarization_test_data, temp_dir, test_db, tmp_path, tmp_path_factory, tmpdir, tmpdir_factory, trained_classifier, trained_ncf_model
>       use 'pytest --fixtures [testpath]' for help on them.

C:\Users\rooma\PycharmProjects\neo_alexadria\backend\tests\performance\phase9_quality\test_quality_performance.py:14
_ ERROR at setup of TestBatchQualityComputationThroughput.test_batch_throughput_100_resources _
file C:\Users\rooma\PycharmProjects\neo_alexadria\backend\tests\performance\phase9_quality\test_quality_performance.py, line 102
      def test_batch_throughput_100_resources(self, quality_service, create_test_resources):
file C:\Users\rooma\PycharmProjects\neo_alexadria\backend\tests\performance\phase9_quality\test_quality_performance.py, line 14
  @pytest.fixture
  def quality_service(db_session: Session):
E       fixture 'db_session' not found
>       available fixtures: anyio_backend, anyio_backend_name, anyio_backend_options, benchmark_output_dir, benchmark_session_db, benchmark_timeout, cache, capfd, capfdbinary, caplog, capsys, capsysbinary, capteesys, classification_test_data, client, cov, create_test_resources, doctest_namespace, empty_library, free_tcp_port, free_tcp_port_factory, free_udp_port, free_udp_port_factory, gpu_memory_monitor, isolated_test_db, memory_monitor, mock_ai_core, mock_all_external_apis, mock_archive_local, mock_ddgs_search, mock_fetch_url, mock_openai_api, monkeypatch, no_cover, pytestconfig, quality_service, recommendation_test_data, record_property, record_testsuite_property, record_xml_attribute, recwarn, reset_prometheus_registry, sample_html, sample_resource_data, sample_text, search_relevance_data, seeded_resources, set_random_seeds, single_resource_library, summarization_evaluator, summarization_test_data, temp_dir, test_db, tmp_path, tmp_path_factory, tmpdir, tmpdir_factory, trained_classifier, trained_ncf_model
>       use 'pytest --fixtures [testpath]' for help on them.

C:\Users\rooma\PycharmProjects\neo_alexadria\backend\tests\performance\phase9_quality\test_quality_performance.py:14
_ ERROR at setup of TestBatchQualityComputationThroughput.test_batch_computation_scales_linearly _
file C:\Users\rooma\PycharmProjects\neo_alexadria\backend\tests\performance\phase9_quality\test_quality_performance.py, line 120
      def test_batch_computation_scales_linearly(self, quality_service, create_test_resources):
file C:\Users\rooma\PycharmProjects\neo_alexadria\backend\tests\performance\phase9_quality\test_quality_performance.py, line 14
  @pytest.fixture
  def quality_service(db_session: Session):
E       fixture 'db_session' not found
>       available fixtures: anyio_backend, anyio_backend_name, anyio_backend_options, benchmark_output_dir, benchmark_session_db, benchmark_timeout, cache, capfd, capfdbinary, caplog, capsys, capsysbinary, capteesys, classification_test_data, client, cov, create_test_resources, doctest_namespace, empty_library, free_tcp_port, free_tcp_port_factory, free_udp_port, free_udp_port_factory, gpu_memory_monitor, isolated_test_db, memory_monitor, mock_ai_core, mock_all_external_apis, mock_archive_local, mock_ddgs_search, mock_fetch_url, mock_openai_api, monkeypatch, no_cover, pytestconfig, quality_service, recommendation_test_data, record_property, record_testsuite_property, record_xml_attribute, recwarn, reset_prometheus_registry, sample_html, sample_resource_data, sample_text, search_relevance_data, seeded_resources, set_random_seeds, single_resource_library, summarization_evaluator, summarization_test_data, temp_dir, test_db, tmp_path, tmp_path_factory, tmpdir, tmpdir_factory, trained_classifier, trained_ncf_model
>       use 'pytest --fixtures [testpath]' for help on them.

C:\Users\rooma\PycharmProjects\neo_alexadria\backend\tests\performance\phase9_quality\test_quality_performance.py:14
_ ERROR at setup of TestOutlierDetectionPerformance.test_outlier_detection_1000_resources _
file C:\Users\rooma\PycharmProjects\neo_alexadria\backend\tests\performance\phase9_quality\test_quality_performance.py, line 148
      def test_outlier_detection_1000_resources(self, quality_service, create_test_resources):
file C:\Users\rooma\PycharmProjects\neo_alexadria\backend\tests\performance\phase9_quality\test_quality_performance.py, line 14
  @pytest.fixture
  def quality_service(db_session: Session):
E       fixture 'db_session' not found
>       available fixtures: anyio_backend, anyio_backend_name, anyio_backend_options, benchmark_output_dir, benchmark_session_db, benchmark_timeout, cache, capfd, capfdbinary, caplog, capsys, capsysbinary, capteesys, classification_test_data, client, cov, create_test_resources, doctest_namespace, empty_library, free_tcp_port, free_tcp_port_factory, free_udp_port, free_udp_port_factory, gpu_memory_monitor, isolated_test_db, memory_monitor, mock_ai_core, mock_all_external_apis, mock_archive_local, mock_ddgs_search, mock_fetch_url, mock_openai_api, monkeypatch, no_cover, pytestconfig, quality_service, recommendation_test_data, record_property, record_testsuite_property, record_xml_attribute, recwarn, reset_prometheus_registry, sample_html, sample_resource_data, sample_text, search_relevance_data, seeded_resources, set_random_seeds, single_resource_library, summarization_evaluator, summarization_test_data, temp_dir, test_db, tmp_path, tmp_path_factory, tmpdir, tmpdir_factory, trained_classifier, trained_ncf_model
>       use 'pytest --fixtures [testpath]' for help on them.

C:\Users\rooma\PycharmProjects\neo_alexadria\backend\tests\performance\phase9_quality\test_quality_performance.py:14
_ ERROR at setup of TestOutlierDetectionPerformance.test_outlier_detection_with_batching _
file C:\Users\rooma\PycharmProjects\neo_alexadria\backend\tests\performance\phase9_quality\test_quality_performance.py, line 173
      def test_outlier_detection_with_batching(self, quality_service, create_test_resources):
file C:\Users\rooma\PycharmProjects\neo_alexadria\backend\tests\performance\phase9_quality\test_quality_performance.py, line 14
  @pytest.fixture
  def quality_service(db_session: Session):
E       fixture 'db_session' not found
>       available fixtures: anyio_backend, anyio_backend_name, anyio_backend_options, benchmark_output_dir, benchmark_session_db, benchmark_timeout, cache, capfd, capfdbinary, caplog, capsys, capsysbinary, capteesys, classification_test_data, client, cov, create_test_resources, doctest_namespace, empty_library, free_tcp_port, free_tcp_port_factory, free_udp_port, free_udp_port_factory, gpu_memory_monitor, isolated_test_db, memory_monitor, mock_ai_core, mock_all_external_apis, mock_archive_local, mock_ddgs_search, mock_fetch_url, mock_openai_api, monkeypatch, no_cover, pytestconfig, quality_service, recommendation_test_data, record_property, record_testsuite_property, record_xml_attribute, recwarn, reset_prometheus_registry, sample_html, sample_resource_data, sample_text, search_relevance_data, seeded_resources, set_random_seeds, single_resource_library, summarization_evaluator, summarization_test_data, temp_dir, test_db, tmp_path, tmp_path_factory, tmpdir, tmpdir_factory, trained_classifier, trained_ncf_model
>       use 'pytest --fixtures [testpath]' for help on them.

C:\Users\rooma\PycharmProjects\neo_alexadria\backend\tests\performance\phase9_quality\test_quality_performance.py:14
_ ERROR at setup of TestSummarizationEvaluationLatency.test_evaluation_without_g_eval_latency _
file C:\Users\rooma\PycharmProjects\neo_alexadria\backend\tests\performance\phase9_quality\test_quality_performance.py, line 206
      def test_evaluation_without_g_eval_latency(self, summarization_evaluator, db_session):
file C:\Users\rooma\PycharmProjects\neo_alexadria\backend\tests\performance\phase9_quality\test_quality_performance.py, line 20
  @pytest.fixture
  def summarization_evaluator(db_session: Session):
E       fixture 'db_session' not found
>       available fixtures: anyio_backend, anyio_backend_name, anyio_backend_options, benchmark_output_dir, benchmark_session_db, benchmark_timeout, cache, capfd, capfdbinary, caplog, capsys, capsysbinary, capteesys, classification_test_data, client, cov, create_test_resources, doctest_namespace, empty_library, free_tcp_port, free_tcp_port_factory, free_udp_port, free_udp_port_factory, gpu_memory_monitor, isolated_test_db, memory_monitor, mock_ai_core, mock_all_external_apis, mock_archive_local, mock_ddgs_search, mock_fetch_url, mock_openai_api, monkeypatch, no_cover, pytestconfig, quality_service, recommendation_test_data, record_property, record_testsuite_property, record_xml_attribute, recwarn, reset_prometheus_registry, sample_html, sample_resource_data, sample_text, search_relevance_data, seeded_resources, set_random_seeds, single_resource_library, summarization_evaluator, summarization_test_data, temp_dir, test_db, tmp_path, tmp_path_factory, tmpdir, tmpdir_factory, trained_classifier, trained_ncf_model
>       use 'pytest --fixtures [testpath]' for help on them.

C:\Users\rooma\PycharmProjects\neo_alexadria\backend\tests\performance\phase9_quality\test_quality_performance.py:20
_ ERROR at setup of TestDegradationMonitoringPerformance.test_degradation_monitoring_performance _
file C:\Users\rooma\PycharmProjects\neo_alexadria\backend\tests\performance\phase9_quality\test_quality_performance.py, line 257
      def test_degradation_monitoring_performance(self, quality_service, create_test_resources):
file C:\Users\rooma\PycharmProjects\neo_alexadria\backend\tests\performance\phase9_quality\test_quality_performance.py, line 14
  @pytest.fixture
  def quality_service(db_session: Session):
E       fixture 'db_session' not found
>       available fixtures: anyio_backend, anyio_backend_name, anyio_backend_options, benchmark_output_dir, benchmark_session_db, benchmark_timeout, cache, capfd, capfdbinary, caplog, capsys, capsysbinary, capteesys, classification_test_data, client, cov, create_test_resources, doctest_namespace, empty_library, free_tcp_port, free_tcp_port_factory, free_udp_port, free_udp_port_factory, gpu_memory_monitor, isolated_test_db, memory_monitor, mock_ai_core, mock_all_external_apis, mock_archive_local, mock_ddgs_search, mock_fetch_url, mock_openai_api, monkeypatch, no_cover, pytestconfig, quality_service, recommendation_test_data, record_property, record_testsuite_property, record_xml_attribute, recwarn, reset_prometheus_registry, sample_html, sample_resource_data, sample_text, search_relevance_data, seeded_resources, set_random_seeds, single_resource_library, summarization_evaluator, summarization_test_data, temp_dir, test_db, tmp_path, tmp_path_factory, tmpdir, tmpdir_factory, trained_classifier, trained_ncf_model
>       use 'pytest --fixtures [testpath]' for help on them.

C:\Users\rooma\PycharmProjects\neo_alexadria\backend\tests\performance\phase9_quality\test_quality_performance.py:14
__ ERROR at setup of TestMemoryUsage.test_batch_processing_memory_efficiency __
file C:\Users\rooma\PycharmProjects\neo_alexadria\backend\tests\performance\phase9_quality\test_quality_performance.py, line 289
      def test_batch_processing_memory_efficiency(self, quality_service, create_test_resources):
file C:\Users\rooma\PycharmProjects\neo_alexadria\backend\tests\performance\phase9_quality\test_quality_performance.py, line 14
  @pytest.fixture
  def quality_service(db_session: Session):
E       fixture 'db_session' not found
>       available fixtures: anyio_backend, anyio_backend_name, anyio_backend_options, benchmark_output_dir, benchmark_session_db, benchmark_timeout, cache, capfd, capfdbinary, caplog, capsys, capsysbinary, capteesys, classification_test_data, client, cov, create_test_resources, doctest_namespace, empty_library, free_tcp_port, free_tcp_port_factory, free_udp_port, free_udp_port_factory, gpu_memory_monitor, isolated_test_db, memory_monitor, mock_ai_core, mock_all_external_apis, mock_archive_local, mock_ddgs_search, mock_fetch_url, mock_openai_api, monkeypatch, no_cover, pytestconfig, quality_service, recommendation_test_data, record_property, record_testsuite_property, record_xml_attribute, recwarn, reset_prometheus_registry, sample_html, sample_resource_data, sample_text, search_relevance_data, seeded_resources, set_random_seeds, single_resource_library, summarization_evaluator, summarization_test_data, temp_dir, test_db, tmp_path, tmp_path_factory, tmpdir, tmpdir_factory, trained_classifier, trained_ncf_model
>       use 'pytest --fixtures [testpath]' for help on them.

C:\Users\rooma\PycharmProjects\neo_alexadria\backend\tests\performance\phase9_quality\test_quality_performance.py:14
_ ERROR at setup of TestMemoryUsage.test_outlier_detection_memory_efficiency __
file C:\Users\rooma\PycharmProjects\neo_alexadria\backend\tests\performance\phase9_quality\test_quality_performance.py, line 309
      def test_outlier_detection_memory_efficiency(self, quality_service, create_test_resources):
file C:\Users\rooma\PycharmProjects\neo_alexadria\backend\tests\performance\phase9_quality\test_quality_performance.py, line 14
  @pytest.fixture
  def quality_service(db_session: Session):
E       fixture 'db_session' not found
>       available fixtures: anyio_backend, anyio_backend_name, anyio_backend_options, benchmark_output_dir, benchmark_session_db, benchmark_timeout, cache, capfd, capfdbinary, caplog, capsys, capsysbinary, capteesys, classification_test_data, client, cov, create_test_resources, doctest_namespace, empty_library, free_tcp_port, free_tcp_port_factory, free_udp_port, free_udp_port_factory, gpu_memory_monitor, isolated_test_db, memory_monitor, mock_ai_core, mock_all_external_apis, mock_archive_local, mock_ddgs_search, mock_fetch_url, mock_openai_api, monkeypatch, no_cover, pytestconfig, quality_service, recommendation_test_data, record_property, record_testsuite_property, record_xml_attribute, recwarn, reset_prometheus_registry, sample_html, sample_resource_data, sample_text, search_relevance_data, seeded_resources, set_random_seeds, single_resource_library, summarization_evaluator, summarization_test_data, temp_dir, test_db, tmp_path, tmp_path_factory, tmpdir, tmpdir_factory, trained_classifier, trained_ncf_model
>       use 'pytest --fixtures [testpath]' for help on them.

C:\Users\rooma\PycharmProjects\neo_alexadria\backend\tests\performance\phase9_quality\test_quality_performance.py:14
_ ERROR at setup of TestConcurrentOperations.test_concurrent_quality_computations _
file C:\Users\rooma\PycharmProjects\neo_alexadria\backend\tests\performance\phase9_quality\test_quality_performance.py, line 342
      def test_concurrent_quality_computations(self, quality_service, create_test_resources):
file C:\Users\rooma\PycharmProjects\neo_alexadria\backend\tests\performance\phase9_quality\test_quality_performance.py, line 14
  @pytest.fixture
  def quality_service(db_session: Session):
E       fixture 'db_session' not found
>       available fixtures: anyio_backend, anyio_backend_name, anyio_backend_options, benchmark_output_dir, benchmark_session_db, benchmark_timeout, cache, capfd, capfdbinary, caplog, capsys, capsysbinary, capteesys, classification_test_data, client, cov, create_test_resources, doctest_namespace, empty_library, free_tcp_port, free_tcp_port_factory, free_udp_port, free_udp_port_factory, gpu_memory_monitor, isolated_test_db, memory_monitor, mock_ai_core, mock_all_external_apis, mock_archive_local, mock_ddgs_search, mock_fetch_url, mock_openai_api, monkeypatch, no_cover, pytestconfig, quality_service, recommendation_test_data, record_property, record_testsuite_property, record_xml_attribute, recwarn, reset_prometheus_registry, sample_html, sample_resource_data, sample_text, search_relevance_data, seeded_resources, set_random_seeds, single_resource_library, summarization_evaluator, summarization_test_data, temp_dir, test_db, tmp_path, tmp_path_factory, tmpdir, tmpdir_factory, trained_classifier, trained_ncf_model
>       use 'pytest --fixtures [testpath]' for help on them.

C:\Users\rooma\PycharmProjects\neo_alexadria\backend\tests\performance\phase9_quality\test_quality_performance.py:14
_ ERROR at setup of TestCollaborativeFilteringService.test_service_initialization _
file C:\Users\rooma\PycharmProjects\neo_alexadria\backend\tests\unit\phase11_recommendations\test_collaborative_filtering.py, line 170
      def test_service_initialization(self, service):
file C:\Users\rooma\PycharmProjects\neo_alexadria\backend\tests\unit\phase11_recommendations\test_collaborative_filtering.py, line 109
      @pytest.fixture
      def service(self, db_session, temp_model_path):
E       fixture 'db_session' not found
>       available fixtures: anyio_backend, anyio_backend_name, anyio_backend_options, cache, capfd, capfdbinary, caplog, capsys, capsysbinary, capteesys, client, cov, doctest_namespace, empty_library, free_tcp_port, free_tcp_port_factory, free_udp_port, free_udp_port_factory, mock_ai_core, mock_archive_local, mock_ddgs_search, mock_fetch_url, monkeypatch, no_cover, pytestconfig, recommendation_test_data, record_property, record_testsuite_property, record_xml_attribute, recwarn, reset_prometheus_registry, sample_html, sample_interactions, sample_resource_data, sample_resources, sample_text, sample_users, seeded_resources, service, single_resource_library, temp_dir, temp_model_path, test_db, tmp_path, tmp_path_factory, tmpdir, tmpdir_factory
>       use 'pytest --fixtures [testpath]' for help on them.

C:\Users\rooma\PycharmProjects\neo_alexadria\backend\tests\unit\phase11_recommendations\test_collaborative_filtering.py:109
__ ERROR at setup of TestCollaborativeFilteringService.test_device_selection __
file C:\Users\rooma\PycharmProjects\neo_alexadria\backend\tests\unit\phase11_recommendations\test_collaborative_filtering.py, line 178
      def test_device_selection(self, service):
file C:\Users\rooma\PycharmProjects\neo_alexadria\backend\tests\unit\phase11_recommendations\test_collaborative_filtering.py, line 109
      @pytest.fixture
      def service(self, db_session, temp_model_path):
E       fixture 'db_session' not found
>       available fixtures: anyio_backend, anyio_backend_name, anyio_backend_options, cache, capfd, capfdbinary, caplog, capsys, capsysbinary, capteesys, client, cov, doctest_namespace, empty_library, free_tcp_port, free_tcp_port_factory, free_udp_port, free_udp_port_factory, mock_ai_core, mock_archive_local, mock_ddgs_search, mock_fetch_url, monkeypatch, no_cover, pytestconfig, recommendation_test_data, record_property, record_testsuite_property, record_xml_attribute, recwarn, reset_prometheus_registry, sample_html, sample_interactions, sample_resource_data, sample_resources, sample_text, sample_users, seeded_resources, service, single_resource_library, temp_dir, temp_model_path, test_db, tmp_path, tmp_path_factory, tmpdir, tmpdir_factory
>       use 'pytest --fixtures [testpath]' for help on them.

C:\Users\rooma\PycharmProjects\neo_alexadria\backend\tests\unit\phase11_recommendations\test_collaborative_filtering.py:109
_ ERROR at setup of TestCollaborativeFilteringService.test_train_model_insufficient_data _
file C:\Users\rooma\PycharmProjects\neo_alexadria\backend\tests\unit\phase11_recommendations\test_collaborative_filtering.py, line 185
      def test_train_model_insufficient_data(self, service):
file C:\Users\rooma\PycharmProjects\neo_alexadria\backend\tests\unit\phase11_recommendations\test_collaborative_filtering.py, line 109
      @pytest.fixture
      def service(self, db_session, temp_model_path):
E       fixture 'db_session' not found
>       available fixtures: anyio_backend, anyio_backend_name, anyio_backend_options, cache, capfd, capfdbinary, caplog, capsys, capsysbinary, capteesys, client, cov, doctest_namespace, empty_library, free_tcp_port, free_tcp_port_factory, free_udp_port, free_udp_port_factory, mock_ai_core, mock_archive_local, mock_ddgs_search, mock_fetch_url, monkeypatch, no_cover, pytestconfig, recommendation_test_data, record_property, record_testsuite_property, record_xml_attribute, recwarn, reset_prometheus_registry, sample_html, sample_interactions, sample_resource_data, sample_resources, sample_text, sample_users, seeded_resources, service, single_resource_library, temp_dir, temp_model_path, test_db, tmp_path, tmp_path_factory, tmpdir, tmpdir_factory
>       use 'pytest --fixtures [testpath]' for help on them.

C:\Users\rooma\PycharmProjects\neo_alexadria\backend\tests\unit\phase11_recommendations\test_collaborative_filtering.py:109
_ ERROR at setup of TestCollaborativeFilteringService.test_train_model_success _
file C:\Users\rooma\PycharmProjects\neo_alexadria\backend\tests\unit\phase11_recommendations\test_collaborative_filtering.py, line 193
      def test_train_model_success(self, service, sample_interactions):
file C:\Users\rooma\PycharmProjects\neo_alexadria\backend\tests\unit\phase11_recommendations\test_collaborative_filtering.py, line 109
      @pytest.fixture
      def service(self, db_session, temp_model_path):
E       fixture 'db_session' not found
>       available fixtures: anyio_backend, anyio_backend_name, anyio_backend_options, cache, capfd, capfdbinary, caplog, capsys, capsysbinary, capteesys, client, cov, doctest_namespace, empty_library, free_tcp_port, free_tcp_port_factory, free_udp_port, free_udp_port_factory, mock_ai_core, mock_archive_local, mock_ddgs_search, mock_fetch_url, monkeypatch, no_cover, pytestconfig, recommendation_test_data, record_property, record_testsuite_property, record_xml_attribute, recwarn, reset_prometheus_registry, sample_html, sample_interactions, sample_resource_data, sample_resources, sample_text, sample_users, seeded_resources, service, single_resource_library, temp_dir, temp_model_path, test_db, tmp_path, tmp_path_factory, tmpdir, tmpdir_factory
>       use 'pytest --fixtures [testpath]' for help on them.

C:\Users\rooma\PycharmProjects\neo_alexadria\backend\tests\unit\phase11_recommendations\test_collaborative_filtering.py:109
_ ERROR at setup of TestCollaborativeFilteringService.test_save_and_load_model _
file C:\Users\rooma\PycharmProjects\neo_alexadria\backend\tests\unit\phase11_recommendations\test_collaborative_filtering.py, line 210
      def test_save_and_load_model(self, service, sample_interactions, temp_model_path):
file C:\Users\rooma\PycharmProjects\neo_alexadria\backend\tests\unit\phase11_recommendations\test_collaborative_filtering.py, line 109
      @pytest.fixture
      def service(self, db_session, temp_model_path):
E       fixture 'db_session' not found
>       available fixtures: anyio_backend, anyio_backend_name, anyio_backend_options, cache, capfd, capfdbinary, caplog, capsys, capsysbinary, capteesys, client, cov, doctest_namespace, empty_library, free_tcp_port, free_tcp_port_factory, free_udp_port, free_udp_port_factory, mock_ai_core, mock_archive_local, mock_ddgs_search, mock_fetch_url, monkeypatch, no_cover, pytestconfig, recommendation_test_data, record_property, record_testsuite_property, record_xml_attribute, recwarn, reset_prometheus_registry, sample_html, sample_interactions, sample_resource_data, sample_resources, sample_text, sample_users, seeded_resources, service, single_resource_library, temp_dir, temp_model_path, test_db, tmp_path, tmp_path_factory, tmpdir, tmpdir_factory
>       use 'pytest --fixtures [testpath]' for help on them.

C:\Users\rooma\PycharmProjects\neo_alexadria\backend\tests\unit\phase11_recommendations\test_collaborative_filtering.py:109
_ ERROR at setup of TestCollaborativeFilteringService.test_predict_score_no_model _
file C:\Users\rooma\PycharmProjects\neo_alexadria\backend\tests\unit\phase11_recommendations\test_collaborative_filtering.py, line 227
      def test_predict_score_no_model(self, service):
file C:\Users\rooma\PycharmProjects\neo_alexadria\backend\tests\unit\phase11_recommendations\test_collaborative_filtering.py, line 109
      @pytest.fixture
      def service(self, db_session, temp_model_path):
E       fixture 'db_session' not found
>       available fixtures: anyio_backend, anyio_backend_name, anyio_backend_options, cache, capfd, capfdbinary, caplog, capsys, capsysbinary, capteesys, client, cov, doctest_namespace, empty_library, free_tcp_port, free_tcp_port_factory, free_udp_port, free_udp_port_factory, mock_ai_core, mock_archive_local, mock_ddgs_search, mock_fetch_url, monkeypatch, no_cover, pytestconfig, recommendation_test_data, record_property, record_testsuite_property, record_xml_attribute, recwarn, reset_prometheus_registry, sample_html, sample_interactions, sample_resource_data, sample_resources, sample_text, sample_users, seeded_resources, service, single_resource_library, temp_dir, temp_model_path, test_db, tmp_path, tmp_path_factory, tmpdir, tmpdir_factory
>       use 'pytest --fixtures [testpath]' for help on them.

C:\Users\rooma\PycharmProjects\neo_alexadria\backend\tests\unit\phase11_recommendations\test_collaborative_filtering.py:109
_ ERROR at setup of TestCollaborativeFilteringService.test_predict_score_unknown_user _
file C:\Users\rooma\PycharmProjects\neo_alexadria\backend\tests\unit\phase11_recommendations\test_collaborative_filtering.py, line 236
      def test_predict_score_unknown_user(self, service, sample_interactions, sample_resources):
file C:\Users\rooma\PycharmProjects\neo_alexadria\backend\tests\unit\phase11_recommendations\test_collaborative_filtering.py, line 109
      @pytest.fixture
      def service(self, db_session, temp_model_path):
E       fixture 'db_session' not found
>       available fixtures: anyio_backend, anyio_backend_name, anyio_backend_options, cache, capfd, capfdbinary, caplog, capsys, capsysbinary, capteesys, client, cov, doctest_namespace, empty_library, free_tcp_port, free_tcp_port_factory, free_udp_port, free_udp_port_factory, mock_ai_core, mock_archive_local, mock_ddgs_search, mock_fetch_url, monkeypatch, no_cover, pytestconfig, recommendation_test_data, record_property, record_testsuite_property, record_xml_attribute, recwarn, reset_prometheus_registry, sample_html, sample_interactions, sample_resource_data, sample_resources, sample_text, sample_users, seeded_resources, service, single_resource_library, temp_dir, temp_model_path, test_db, tmp_path, tmp_path_factory, tmpdir, tmpdir_factory
>       use 'pytest --fixtures [testpath]' for help on them.

C:\Users\rooma\PycharmProjects\neo_alexadria\backend\tests\unit\phase11_recommendations\test_collaborative_filtering.py:109
_ ERROR at setup of TestCollaborativeFilteringService.test_predict_score_unknown_resource _
file C:\Users\rooma\PycharmProjects\neo_alexadria\backend\tests\unit\phase11_recommendations\test_collaborative_filtering.py, line 249
      def test_predict_score_unknown_resource(self, service, sample_interactions, sample_users):
file C:\Users\rooma\PycharmProjects\neo_alexadria\backend\tests\unit\phase11_recommendations\test_collaborative_filtering.py, line 109
      @pytest.fixture
      def service(self, db_session, temp_model_path):
E       fixture 'db_session' not found
>       available fixtures: anyio_backend, anyio_backend_name, anyio_backend_options, cache, capfd, capfdbinary, caplog, capsys, capsysbinary, capteesys, client, cov, doctest_namespace, empty_library, free_tcp_port, free_tcp_port_factory, free_udp_port, free_udp_port_factory, mock_ai_core, mock_archive_local, mock_ddgs_search, mock_fetch_url, monkeypatch, no_cover, pytestconfig, recommendation_test_data, record_property, record_testsuite_property, record_xml_attribute, recwarn, reset_prometheus_registry, sample_html, sample_interactions, sample_resource_data, sample_resources, sample_text, sample_users, seeded_resources, service, single_resource_library, temp_dir, temp_model_path, test_db, tmp_path, tmp_path_factory, tmpdir, tmpdir_factory
>       use 'pytest --fixtures [testpath]' for help on them.

C:\Users\rooma\PycharmProjects\neo_alexadria\backend\tests\unit\phase11_recommendations\test_collaborative_filtering.py:109
_ ERROR at setup of TestCollaborativeFilteringService.test_predict_score_success _
file C:\Users\rooma\PycharmProjects\neo_alexadria\backend\tests\unit\phase11_recommendations\test_collaborative_filtering.py, line 262
      def test_predict_score_success(self, service, sample_interactions, sample_users, sample_resources):
file C:\Users\rooma\PycharmProjects\neo_alexadria\backend\tests\unit\phase11_recommendations\test_collaborative_filtering.py, line 109
      @pytest.fixture
      def service(self, db_session, temp_model_path):
E       fixture 'db_session' not found
>       available fixtures: anyio_backend, anyio_backend_name, anyio_backend_options, cache, capfd, capfdbinary, caplog, capsys, capsysbinary, capteesys, client, cov, doctest_namespace, empty_library, free_tcp_port, free_tcp_port_factory, free_udp_port, free_udp_port_factory, mock_ai_core, mock_archive_local, mock_ddgs_search, mock_fetch_url, monkeypatch, no_cover, pytestconfig, recommendation_test_data, record_property, record_testsuite_property, record_xml_attribute, recwarn, reset_prometheus_registry, sample_html, sample_interactions, sample_resource_data, sample_resources, sample_text, sample_users, seeded_resources, service, single_resource_library, temp_dir, temp_model_path, test_db, tmp_path, tmp_path_factory, tmpdir, tmpdir_factory
>       use 'pytest --fixtures [testpath]' for help on them.

C:\Users\rooma\PycharmProjects\neo_alexadria\backend\tests\unit\phase11_recommendations\test_collaborative_filtering.py:109
_ ERROR at setup of TestCollaborativeFilteringService.test_get_top_recommendations_no_model _
file C:\Users\rooma\PycharmProjects\neo_alexadria\backend\tests\unit\phase11_recommendations\test_collaborative_filtering.py, line 277
      def test_get_top_recommendations_no_model(self, service):
file C:\Users\rooma\PycharmProjects\neo_alexadria\backend\tests\unit\phase11_recommendations\test_collaborative_filtering.py, line 109
      @pytest.fixture
      def service(self, db_session, temp_model_path):
E       fixture 'db_session' not found
>       available fixtures: anyio_backend, anyio_backend_name, anyio_backend_options, cache, capfd, capfdbinary, caplog, capsys, capsysbinary, capteesys, client, cov, doctest_namespace, empty_library, free_tcp_port, free_tcp_port_factory, free_udp_port, free_udp_port_factory, mock_ai_core, mock_archive_local, mock_ddgs_search, mock_fetch_url, monkeypatch, no_cover, pytestconfig, recommendation_test_data, record_property, record_testsuite_property, record_xml_attribute, recwarn, reset_prometheus_registry, sample_html, sample_interactions, sample_resource_data, sample_resources, sample_text, sample_users, seeded_resources, service, single_resource_library, temp_dir, temp_model_path, test_db, tmp_path, tmp_path_factory, tmpdir, tmpdir_factory
>       use 'pytest --fixtures [testpath]' for help on them.

C:\Users\rooma\PycharmProjects\neo_alexadria\backend\tests\unit\phase11_recommendations\test_collaborative_filtering.py:109
_ ERROR at setup of TestCollaborativeFilteringService.test_get_top_recommendations_unknown_user _
file C:\Users\rooma\PycharmProjects\neo_alexadria\backend\tests\unit\phase11_recommendations\test_collaborative_filtering.py, line 286
      def test_get_top_recommendations_unknown_user(self, service, sample_interactions, sample_resources):
file C:\Users\rooma\PycharmProjects\neo_alexadria\backend\tests\unit\phase11_recommendations\test_collaborative_filtering.py, line 109
      @pytest.fixture
      def service(self, db_session, temp_model_path):
E       fixture 'db_session' not found
>       available fixtures: anyio_backend, anyio_backend_name, anyio_backend_options, cache, capfd, capfdbinary, caplog, capsys, capsysbinary, capteesys, client, cov, doctest_namespace, empty_library, free_tcp_port, free_tcp_port_factory, free_udp_port, free_udp_port_factory, mock_ai_core, mock_archive_local, mock_ddgs_search, mock_fetch_url, monkeypatch, no_cover, pytestconfig, recommendation_test_data, record_property, record_testsuite_property, record_xml_attribute, recwarn, reset_prometheus_registry, sample_html, sample_interactions, sample_resource_data, sample_resources, sample_text, sample_users, seeded_resources, service, single_resource_library, temp_dir, temp_model_path, test_db, tmp_path, tmp_path_factory, tmpdir, tmpdir_factory
>       use 'pytest --fixtures [testpath]' for help on them.

C:\Users\rooma\PycharmProjects\neo_alexadria\backend\tests\unit\phase11_recommendations\test_collaborative_filtering.py:109
_ ERROR at setup of TestCollaborativeFilteringService.test_get_top_recommendations_no_valid_candidates _
file C:\Users\rooma\PycharmProjects\neo_alexadria\backend\tests\unit\phase11_recommendations\test_collaborative_filtering.py, line 299
      def test_get_top_recommendations_no_valid_candidates(self, service, sample_interactions, sample_users):
file C:\Users\rooma\PycharmProjects\neo_alexadria\backend\tests\unit\phase11_recommendations\test_collaborative_filtering.py, line 109
      @pytest.fixture
      def service(self, db_session, temp_model_path):
E       fixture 'db_session' not found
>       available fixtures: anyio_backend, anyio_backend_name, anyio_backend_options, cache, capfd, capfdbinary, caplog, capsys, capsysbinary, capteesys, client, cov, doctest_namespace, empty_library, free_tcp_port, free_tcp_port_factory, free_udp_port, free_udp_port_factory, mock_ai_core, mock_archive_local, mock_ddgs_search, mock_fetch_url, monkeypatch, no_cover, pytestconfig, recommendation_test_data, record_property, record_testsuite_property, record_xml_attribute, recwarn, reset_prometheus_registry, sample_html, sample_interactions, sample_resource_data, sample_resources, sample_text, sample_users, seeded_resources, service, single_resource_library, temp_dir, temp_model_path, test_db, tmp_path, tmp_path_factory, tmpdir, tmpdir_factory
>       use 'pytest --fixtures [testpath]' for help on them.

C:\Users\rooma\PycharmProjects\neo_alexadria\backend\tests\unit\phase11_recommendations\test_collaborative_filtering.py:109
_ ERROR at setup of TestCollaborativeFilteringService.test_get_top_recommendations_success _
file C:\Users\rooma\PycharmProjects\neo_alexadria\backend\tests\unit\phase11_recommendations\test_collaborative_filtering.py, line 312
      def test_get_top_recommendations_success(self, service, sample_interactions, sample_users, sample_resources):
file C:\Users\rooma\PycharmProjects\neo_alexadria\backend\tests\unit\phase11_recommendations\test_collaborative_filtering.py, line 109
      @pytest.fixture
      def service(self, db_session, temp_model_path):
E       fixture 'db_session' not found
>       available fixtures: anyio_backend, anyio_backend_name, anyio_backend_options, cache, capfd, capfdbinary, caplog, capsys, capsysbinary, capteesys, client, cov, doctest_namespace, empty_library, free_tcp_port, free_tcp_port_factory, free_udp_port, free_udp_port_factory, mock_ai_core, mock_archive_local, mock_ddgs_search, mock_fetch_url, monkeypatch, no_cover, pytestconfig, recommendation_test_data, record_property, record_testsuite_property, record_xml_attribute, recwarn, reset_prometheus_registry, sample_html, sample_interactions, sample_resource_data, sample_resources, sample_text, sample_users, seeded_resources, service, single_resource_library, temp_dir, temp_model_path, test_db, tmp_path, tmp_path_factory, tmpdir, tmpdir_factory
>       use 'pytest --fixtures [testpath]' for help on them.

C:\Users\rooma\PycharmProjects\neo_alexadria\backend\tests\unit\phase11_recommendations\test_collaborative_filtering.py:109
_ ERROR at setup of TestCollaborativeFilteringService.test_get_top_recommendations_respects_limit _
file C:\Users\rooma\PycharmProjects\neo_alexadria\backend\tests\unit\phase11_recommendations\test_collaborative_filtering.py, line 337
      def test_get_top_recommendations_respects_limit(self, service, sample_interactions, sample_users, sample_resources):
file C:\Users\rooma\PycharmProjects\neo_alexadria\backend\tests\unit\phase11_recommendations\test_collaborative_filtering.py, line 109
      @pytest.fixture
      def service(self, db_session, temp_model_path):
E       fixture 'db_session' not found
>       available fixtures: anyio_backend, anyio_backend_name, anyio_backend_options, cache, capfd, capfdbinary, caplog, capsys, capsysbinary, capteesys, client, cov, doctest_namespace, empty_library, free_tcp_port, free_tcp_port_factory, free_udp_port, free_udp_port_factory, mock_ai_core, mock_archive_local, mock_ddgs_search, mock_fetch_url, monkeypatch, no_cover, pytestconfig, recommendation_test_data, record_property, record_testsuite_property, record_xml_attribute, recwarn, reset_prometheus_registry, sample_html, sample_interactions, sample_resource_data, sample_resources, sample_text, sample_users, seeded_resources, service, single_resource_library, temp_dir, temp_model_path, test_db, tmp_path, tmp_path_factory, tmpdir, tmpdir_factory
>       use 'pytest --fixtures [testpath]' for help on them.

C:\Users\rooma\PycharmProjects\neo_alexadria\backend\tests\unit\phase11_recommendations\test_collaborative_filtering.py:109
_ ERROR at setup of TestCollaborativeFilteringService.test_save_model_error_handling _
file C:\Users\rooma\PycharmProjects\neo_alexadria\backend\tests\unit\phase11_recommendations\test_collaborative_filtering.py, line 353
      @patch('torch.save')
      def test_save_model_error_handling(self, mock_save, service, sample_interactions):
file C:\Users\rooma\PycharmProjects\neo_alexadria\backend\tests\unit\phase11_recommendations\test_collaborative_filtering.py, line 109
      @pytest.fixture
      def service(self, db_session, temp_model_path):
E       fixture 'db_session' not found
>       available fixtures: anyio_backend, anyio_backend_name, anyio_backend_options, cache, capfd, capfdbinary, caplog, capsys, capsysbinary, capteesys, client, cov, doctest_namespace, empty_library, free_tcp_port, free_tcp_port_factory, free_udp_port, free_udp_port_factory, mock_ai_core, mock_archive_local, mock_ddgs_search, mock_fetch_url, monkeypatch, no_cover, pytestconfig, recommendation_test_data, record_property, record_testsuite_property, record_xml_attribute, recwarn, reset_prometheus_registry, sample_html, sample_interactions, sample_resource_data, sample_resources, sample_text, sample_users, seeded_resources, service, single_resource_library, temp_dir, temp_model_path, test_db, tmp_path, tmp_path_factory, tmpdir, tmpdir_factory
>       use 'pytest --fixtures [testpath]' for help on them.

C:\Users\rooma\PycharmProjects\neo_alexadria\backend\tests\unit\phase11_recommendations\test_collaborative_filtering.py:109
_ ERROR at setup of TestCollaborativeFilteringService.test_load_model_error_handling _
file C:\Users\rooma\PycharmProjects\neo_alexadria\backend\tests\unit\phase11_recommendations\test_collaborative_filtering.py, line 367
      @patch('torch.load')
      def test_load_model_error_handling(self, mock_load, db_session, temp_model_path):
E       fixture 'db_session' not found
>       available fixtures: anyio_backend, anyio_backend_name, anyio_backend_options, cache, capfd, capfdbinary, caplog, capsys, capsysbinary, capteesys, client, cov, doctest_namespace, empty_library, free_tcp_port, free_tcp_port_factory, free_udp_port, free_udp_port_factory, mock_ai_core, mock_archive_local, mock_ddgs_search, mock_fetch_url, monkeypatch, no_cover, pytestconfig, recommendation_test_data, record_property, record_testsuite_property, record_xml_attribute, recwarn, reset_prometheus_registry, sample_html, sample_interactions, sample_resource_data, sample_resources, sample_text, sample_users, seeded_resources, service, single_resource_library, temp_dir, temp_model_path, test_db, tmp_path, tmp_path_factory, tmpdir, tmpdir_factory
>       use 'pytest --fixtures [testpath]' for help on them.

C:\Users\rooma\PycharmProjects\neo_alexadria\backend\tests\unit\phase11_recommendations\test_collaborative_filtering.py:367
_ ERROR at setup of TestMonitorQualityDegradation.test_degradation_detection_significant_drop _
file C:\Users\rooma\PycharmProjects\neo_alexadria\backend\tests\unit\phase9_quality\test_quality_degradation_unit.py, line 46
      def test_degradation_detection_significant_drop(
file C:\Users\rooma\PycharmProjects\neo_alexadria\backend\tests\unit\phase9_quality\test_quality_degradation_unit.py, line 12
  @pytest.fixture
  def quality_service(db_session: Session):
E       fixture 'db_session' not found
>       available fixtures: anyio_backend, anyio_backend_name, anyio_backend_options, cache, capfd, capfdbinary, caplog, capsys, capsysbinary, capteesys, client, cov, create_resource_with_old_quality, doctest_namespace, empty_library, free_tcp_port, free_tcp_port_factory, free_udp_port, free_udp_port_factory, mock_ai_core, mock_archive_local, mock_ddgs_search, mock_fetch_url, monkeypatch, no_cover, pytestconfig, quality_service, recommendation_test_data, record_property, record_testsuite_property, record_xml_attribute, recwarn, reset_prometheus_registry, sample_html, sample_resource_data, sample_text, seeded_resources, single_resource_library, temp_dir, test_db, tmp_path, tmp_path_factory, tmpdir, tmpdir_factory
>       use 'pytest --fixtures [testpath]' for help on them.

C:\Users\rooma\PycharmProjects\neo_alexadria\backend\tests\unit\phase9_quality\test_quality_degradation_unit.py:12
_ ERROR at setup of TestMonitorQualityDegradation.test_degradation_no_significant_change _
file C:\Users\rooma\PycharmProjects\neo_alexadria\backend\tests\unit\phase9_quality\test_quality_degradation_unit.py, line 82
      def test_degradation_no_significant_change(
file C:\Users\rooma\PycharmProjects\neo_alexadria\backend\tests\unit\phase9_quality\test_quality_degradation_unit.py, line 12
  @pytest.fixture
  def quality_service(db_session: Session):
E       fixture 'db_session' not found
>       available fixtures: anyio_backend, anyio_backend_name, anyio_backend_options, cache, capfd, capfdbinary, caplog, capsys, capsysbinary, capteesys, client, cov, create_resource_with_old_quality, doctest_namespace, empty_library, free_tcp_port, free_tcp_port_factory, free_udp_port, free_udp_port_factory, mock_ai_core, mock_archive_local, mock_ddgs_search, mock_fetch_url, monkeypatch, no_cover, pytestconfig, quality_service, recommendation_test_data, record_property, record_testsuite_property, record_xml_attribute, recwarn, reset_prometheus_registry, sample_html, sample_resource_data, sample_text, seeded_resources, single_resource_library, temp_dir, test_db, tmp_path, tmp_path_factory, tmpdir, tmpdir_factory
>       use 'pytest --fixtures [testpath]' for help on them.

C:\Users\rooma\PycharmProjects\neo_alexadria\backend\tests\unit\phase9_quality\test_quality_degradation_unit.py:12
_ ERROR at setup of TestMonitorQualityDegradation.test_degradation_quality_improvement _
file C:\Users\rooma\PycharmProjects\neo_alexadria\backend\tests\unit\phase9_quality\test_quality_degradation_unit.py, line 102
      def test_degradation_quality_improvement(
file C:\Users\rooma\PycharmProjects\neo_alexadria\backend\tests\unit\phase9_quality\test_quality_degradation_unit.py, line 12
  @pytest.fixture
  def quality_service(db_session: Session):
E       fixture 'db_session' not found
>       available fixtures: anyio_backend, anyio_backend_name, anyio_backend_options, cache, capfd, capfdbinary, caplog, capsys, capsysbinary, capteesys, client, cov, create_resource_with_old_quality, doctest_namespace, empty_library, free_tcp_port, free_tcp_port_factory, free_udp_port, free_udp_port_factory, mock_ai_core, mock_archive_local, mock_ddgs_search, mock_fetch_url, monkeypatch, no_cover, pytestconfig, quality_service, recommendation_test_data, record_property, record_testsuite_property, record_xml_attribute, recwarn, reset_prometheus_registry, sample_html, sample_resource_data, sample_text, seeded_resources, single_resource_library, temp_dir, test_db, tmp_path, tmp_path_factory, tmpdir, tmpdir_factory
>       use 'pytest --fixtures [testpath]' for help on them.

C:\Users\rooma\PycharmProjects\neo_alexadria\backend\tests\unit\phase9_quality\test_quality_degradation_unit.py:12
_ ERROR at setup of TestMonitorQualityDegradation.test_degradation_custom_time_window _
file C:\Users\rooma\PycharmProjects\neo_alexadria\backend\tests\unit\phase9_quality\test_quality_degradation_unit.py, line 124
      def test_degradation_custom_time_window(
file C:\Users\rooma\PycharmProjects\neo_alexadria\backend\tests\unit\phase9_quality\test_quality_degradation_unit.py, line 12
  @pytest.fixture
  def quality_service(db_session: Session):
E       fixture 'db_session' not found
>       available fixtures: anyio_backend, anyio_backend_name, anyio_backend_options, cache, capfd, capfdbinary, caplog, capsys, capsysbinary, capteesys, client, cov, create_resource_with_old_quality, doctest_namespace, empty_library, free_tcp_port, free_tcp_port_factory, free_udp_port, free_udp_port_factory, mock_ai_core, mock_archive_local, mock_ddgs_search, mock_fetch_url, monkeypatch, no_cover, pytestconfig, quality_service, recommendation_test_data, record_property, record_testsuite_property, record_xml_attribute, recwarn, reset_prometheus_registry, sample_html, sample_resource_data, sample_text, seeded_resources, single_resource_library, temp_dir, test_db, tmp_path, tmp_path_factory, tmpdir, tmpdir_factory
>       use 'pytest --fixtures [testpath]' for help on them.

C:\Users\rooma\PycharmProjects\neo_alexadria\backend\tests\unit\phase9_quality\test_quality_degradation_unit.py:12
_ ERROR at setup of TestMonitorQualityDegradation.test_degradation_threshold_boundary _
file C:\Users\rooma\PycharmProjects\neo_alexadria\backend\tests\unit\phase9_quality\test_quality_degradation_unit.py, line 149
      def test_degradation_threshold_boundary(
file C:\Users\rooma\PycharmProjects\neo_alexadria\backend\tests\unit\phase9_quality\test_quality_degradation_unit.py, line 12
  @pytest.fixture
  def quality_service(db_session: Session):
E       fixture 'db_session' not found
>       available fixtures: anyio_backend, anyio_backend_name, anyio_backend_options, cache, capfd, capfdbinary, caplog, capsys, capsysbinary, capteesys, client, cov, create_resource_with_old_quality, doctest_namespace, empty_library, free_tcp_port, free_tcp_port_factory, free_udp_port, free_udp_port_factory, mock_ai_core, mock_archive_local, mock_ddgs_search, mock_fetch_url, monkeypatch, no_cover, pytestconfig, quality_service, recommendation_test_data, record_property, record_testsuite_property, record_xml_attribute, recwarn, reset_prometheus_registry, sample_html, sample_resource_data, sample_text, seeded_resources, single_resource_library, temp_dir, test_db, tmp_path, tmp_path_factory, tmpdir, tmpdir_factory
>       use 'pytest --fixtures [testpath]' for help on them.

C:\Users\rooma\PycharmProjects\neo_alexadria\backend\tests\unit\phase9_quality\test_quality_degradation_unit.py:12
_ ERROR at setup of TestMonitorQualityDegradation.test_degradation_multiple_resources _
file C:\Users\rooma\PycharmProjects\neo_alexadria\backend\tests\unit\phase9_quality\test_quality_degradation_unit.py, line 176
      def test_degradation_multiple_resources(
file C:\Users\rooma\PycharmProjects\neo_alexadria\backend\tests\unit\phase9_quality\test_quality_degradation_unit.py, line 12
  @pytest.fixture
  def quality_service(db_session: Session):
E       fixture 'db_session' not found
>       available fixtures: anyio_backend, anyio_backend_name, anyio_backend_options, cache, capfd, capfdbinary, caplog, capsys, capsysbinary, capteesys, client, cov, create_resource_with_old_quality, doctest_namespace, empty_library, free_tcp_port, free_tcp_port_factory, free_udp_port, free_udp_port_factory, mock_ai_core, mock_archive_local, mock_ddgs_search, mock_fetch_url, monkeypatch, no_cover, pytestconfig, quality_service, recommendation_test_data, record_property, record_testsuite_property, record_xml_attribute, recwarn, reset_prometheus_registry, sample_html, sample_resource_data, sample_text, seeded_resources, single_resource_library, temp_dir, test_db, tmp_path, tmp_path_factory, tmpdir, tmpdir_factory
>       use 'pytest --fixtures [testpath]' for help on them.

C:\Users\rooma\PycharmProjects\neo_alexadria\backend\tests\unit\phase9_quality\test_quality_degradation_unit.py:12
_ ERROR at setup of TestMonitorQualityDegradation.test_degradation_report_structure _
file C:\Users\rooma\PycharmProjects\neo_alexadria\backend\tests\unit\phase9_quality\test_quality_degradation_unit.py, line 201
      def test_degradation_report_structure(
file C:\Users\rooma\PycharmProjects\neo_alexadria\backend\tests\unit\phase9_quality\test_quality_degradation_unit.py, line 12
  @pytest.fixture
  def quality_service(db_session: Session):
E       fixture 'db_session' not found
>       available fixtures: anyio_backend, anyio_backend_name, anyio_backend_options, cache, capfd, capfdbinary, caplog, capsys, capsysbinary, capteesys, client, cov, create_resource_with_old_quality, doctest_namespace, empty_library, free_tcp_port, free_tcp_port_factory, free_udp_port, free_udp_port_factory, mock_ai_core, mock_archive_local, mock_ddgs_search, mock_fetch_url, monkeypatch, no_cover, pytestconfig, quality_service, recommendation_test_data, record_property, record_testsuite_property, record_xml_attribute, recwarn, reset_prometheus_registry, sample_html, sample_resource_data, sample_text, seeded_resources, single_resource_library, temp_dir, test_db, tmp_path, tmp_path_factory, tmpdir, tmpdir_factory
>       use 'pytest --fixtures [testpath]' for help on them.

C:\Users\rooma\PycharmProjects\neo_alexadria\backend\tests\unit\phase9_quality\test_quality_degradation_unit.py:12
_ ERROR at setup of TestMonitorQualityDegradation.test_degradation_no_resources_in_window _
file C:\Users\rooma\PycharmProjects\neo_alexadria\backend\tests\unit\phase9_quality\test_quality_degradation_unit.py, line 235
      def test_degradation_no_resources_in_window(self, quality_service, db_session):
file C:\Users\rooma\PycharmProjects\neo_alexadria\backend\tests\unit\phase9_quality\test_quality_degradation_unit.py, line 12
  @pytest.fixture
  def quality_service(db_session: Session):
E       fixture 'db_session' not found
>       available fixtures: anyio_backend, anyio_backend_name, anyio_backend_options, cache, capfd, capfdbinary, caplog, capsys, capsysbinary, capteesys, client, cov, create_resource_with_old_quality, doctest_namespace, empty_library, free_tcp_port, free_tcp_port_factory, free_udp_port, free_udp_port_factory, mock_ai_core, mock_archive_local, mock_ddgs_search, mock_fetch_url, monkeypatch, no_cover, pytestconfig, quality_service, recommendation_test_data, record_property, record_testsuite_property, record_xml_attribute, recwarn, reset_prometheus_registry, sample_html, sample_resource_data, sample_text, seeded_resources, single_resource_library, temp_dir, test_db, tmp_path, tmp_path_factory, tmpdir, tmpdir_factory
>       use 'pytest --fixtures [testpath]' for help on them.

C:\Users\rooma\PycharmProjects\neo_alexadria\backend\tests\unit\phase9_quality\test_quality_degradation_unit.py:12
_ ERROR at setup of TestMonitorQualityDegradation.test_degradation_updates_quality_scores _
file C:\Users\rooma\PycharmProjects\neo_alexadria\backend\tests\unit\phase9_quality\test_quality_degradation_unit.py, line 255
      def test_degradation_updates_quality_scores(
file C:\Users\rooma\PycharmProjects\neo_alexadria\backend\tests\unit\phase9_quality\test_quality_degradation_unit.py, line 12
  @pytest.fixture
  def quality_service(db_session: Session):
E       fixture 'db_session' not found
>       available fixtures: anyio_backend, anyio_backend_name, anyio_backend_options, cache, capfd, capfdbinary, caplog, capsys, capsysbinary, capteesys, client, cov, create_resource_with_old_quality, doctest_namespace, empty_library, free_tcp_port, free_tcp_port_factory, free_udp_port, free_udp_port_factory, mock_ai_core, mock_archive_local, mock_ddgs_search, mock_fetch_url, monkeypatch, no_cover, pytestconfig, quality_service, recommendation_test_data, record_property, record_testsuite_property, record_xml_attribute, recwarn, reset_prometheus_registry, sample_html, sample_resource_data, sample_text, seeded_resources, single_resource_library, temp_dir, test_db, tmp_path, tmp_path_factory, tmpdir, tmpdir_factory
>       use 'pytest --fixtures [testpath]' for help on them.

C:\Users\rooma\PycharmProjects\neo_alexadria\backend\tests\unit\phase9_quality\test_quality_degradation_unit.py:12
__ ERROR at setup of TestComputeAccuracy.test_accuracy_with_valid_citations ___
file C:\Users\rooma\PycharmProjects\neo_alexadria\backend\tests\unit\phase9_quality\test_quality_dimensions.py, line 37
      def test_accuracy_with_valid_citations(self, quality_service, base_resource, db_session):
file C:\Users\rooma\PycharmProjects\neo_alexadria\backend\tests\unit\phase9_quality\test_quality_dimensions.py, line 13
  @pytest.fixture
  def quality_service(db_session: Session):
E       fixture 'db_session' not found
>       available fixtures: anyio_backend, anyio_backend_name, anyio_backend_options, base_resource, cache, capfd, capfdbinary, caplog, capsys, capsysbinary, capteesys, client, cov, doctest_namespace, empty_library, free_tcp_port, free_tcp_port_factory, free_udp_port, free_udp_port_factory, mock_ai_core, mock_archive_local, mock_ddgs_search, mock_fetch_url, monkeypatch, no_cover, pytestconfig, quality_service, recommendation_test_data, record_property, record_testsuite_property, record_xml_attribute, recwarn, reset_prometheus_registry, sample_html, sample_resource_data, sample_text, seeded_resources, single_resource_library, temp_dir, test_db, tmp_path, tmp_path_factory, tmpdir, tmpdir_factory
>       use 'pytest --fixtures [testpath]' for help on them.

C:\Users\rooma\PycharmProjects\neo_alexadria\backend\tests\unit\phase9_quality\test_quality_dimensions.py:13
_ ERROR at setup of TestComputeAccuracy.test_accuracy_with_invalid_citations __
file C:\Users\rooma\PycharmProjects\neo_alexadria\backend\tests\unit\phase9_quality\test_quality_dimensions.py, line 59
      def test_accuracy_with_invalid_citations(self, quality_service, base_resource, db_session):
file C:\Users\rooma\PycharmProjects\neo_alexadria\backend\tests\unit\phase9_quality\test_quality_dimensions.py, line 13
  @pytest.fixture
  def quality_service(db_session: Session):
E       fixture 'db_session' not found
>       available fixtures: anyio_backend, anyio_backend_name, anyio_backend_options, base_resource, cache, capfd, capfdbinary, caplog, capsys, capsysbinary, capteesys, client, cov, doctest_namespace, empty_library, free_tcp_port, free_tcp_port_factory, free_udp_port, free_udp_port_factory, mock_ai_core, mock_archive_local, mock_ddgs_search, mock_fetch_url, monkeypatch, no_cover, pytestconfig, quality_service, recommendation_test_data, record_property, record_testsuite_property, record_xml_attribute, recwarn, reset_prometheus_registry, sample_html, sample_resource_data, sample_text, seeded_resources, single_resource_library, temp_dir, test_db, tmp_path, tmp_path_factory, tmpdir, tmpdir_factory
>       use 'pytest --fixtures [testpath]' for help on them.

C:\Users\rooma\PycharmProjects\neo_alexadria\backend\tests\unit\phase9_quality\test_quality_dimensions.py:13
____ ERROR at setup of TestComputeAccuracy.test_accuracy_without_citations ____
file C:\Users\rooma\PycharmProjects\neo_alexadria\backend\tests\unit\phase9_quality\test_quality_dimensions.py, line 74
      def test_accuracy_without_citations(self, quality_service, base_resource):
file C:\Users\rooma\PycharmProjects\neo_alexadria\backend\tests\unit\phase9_quality\test_quality_dimensions.py, line 13
  @pytest.fixture
  def quality_service(db_session: Session):
E       fixture 'db_session' not found
>       available fixtures: anyio_backend, anyio_backend_name, anyio_backend_options, base_resource, cache, capfd, capfdbinary, caplog, capsys, capsysbinary, capteesys, client, cov, doctest_namespace, empty_library, free_tcp_port, free_tcp_port_factory, free_udp_port, free_udp_port_factory, mock_ai_core, mock_archive_local, mock_ddgs_search, mock_fetch_url, monkeypatch, no_cover, pytestconfig, quality_service, recommendation_test_data, record_property, record_testsuite_property, record_xml_attribute, recwarn, reset_prometheus_registry, sample_html, sample_resource_data, sample_text, seeded_resources, single_resource_library, temp_dir, test_db, tmp_path, tmp_path_factory, tmpdir, tmpdir_factory
>       use 'pytest --fixtures [testpath]' for help on them.

C:\Users\rooma\PycharmProjects\neo_alexadria\backend\tests\unit\phase9_quality\test_quality_dimensions.py:13
_ ERROR at setup of TestComputeAccuracy.test_accuracy_with_scholarly_metadata _
file C:\Users\rooma\PycharmProjects\neo_alexadria\backend\tests\unit\phase9_quality\test_quality_dimensions.py, line 79
      def test_accuracy_with_scholarly_metadata(self, quality_service, base_resource, db_session):
file C:\Users\rooma\PycharmProjects\neo_alexadria\backend\tests\unit\phase9_quality\test_quality_dimensions.py, line 13
  @pytest.fixture
  def quality_service(db_session: Session):
E       fixture 'db_session' not found
>       available fixtures: anyio_backend, anyio_backend_name, anyio_backend_options, base_resource, cache, capfd, capfdbinary, caplog, capsys, capsysbinary, capteesys, client, cov, doctest_namespace, empty_library, free_tcp_port, free_tcp_port_factory, free_udp_port, free_udp_port_factory, mock_ai_core, mock_archive_local, mock_ddgs_search, mock_fetch_url, monkeypatch, no_cover, pytestconfig, quality_service, recommendation_test_data, record_property, record_testsuite_property, record_xml_attribute, recwarn, reset_prometheus_registry, sample_html, sample_resource_data, sample_text, seeded_resources, single_resource_library, temp_dir, test_db, tmp_path, tmp_path_factory, tmpdir, tmpdir_factory
>       use 'pytest --fixtures [testpath]' for help on them.

C:\Users\rooma\PycharmProjects\neo_alexadria\backend\tests\unit\phase9_quality\test_quality_dimensions.py:13
__ ERROR at setup of TestComputeAccuracy.test_accuracy_with_credible_source ___
file C:\Users\rooma\PycharmProjects\neo_alexadria\backend\tests\unit\phase9_quality\test_quality_dimensions.py, line 89
      def test_accuracy_with_credible_source(self, quality_service, base_resource, db_session):
file C:\Users\rooma\PycharmProjects\neo_alexadria\backend\tests\unit\phase9_quality\test_quality_dimensions.py, line 13
  @pytest.fixture
  def quality_service(db_session: Session):
E       fixture 'db_session' not found
>       available fixtures: anyio_backend, anyio_backend_name, anyio_backend_options, base_resource, cache, capfd, capfdbinary, caplog, capsys, capsysbinary, capteesys, client, cov, doctest_namespace, empty_library, free_tcp_port, free_tcp_port_factory, free_udp_port, free_udp_port_factory, mock_ai_core, mock_archive_local, mock_ddgs_search, mock_fetch_url, monkeypatch, no_cover, pytestconfig, quality_service, recommendation_test_data, record_property, record_testsuite_property, record_xml_attribute, recwarn, reset_prometheus_registry, sample_html, sample_resource_data, sample_text, seeded_resources, single_resource_library, temp_dir, test_db, tmp_path, tmp_path_factory, tmpdir, tmpdir_factory
>       use 'pytest --fixtures [testpath]' for help on them.

C:\Users\rooma\PycharmProjects\neo_alexadria\backend\tests\unit\phase9_quality\test_quality_dimensions.py:13
_ ERROR at setup of TestComputeCompleteness.test_completeness_minimal_fields __
file C:\Users\rooma\PycharmProjects\neo_alexadria\backend\tests\unit\phase9_quality\test_quality_dimensions.py, line 102
      def test_completeness_minimal_fields(self, quality_service, base_resource):
file C:\Users\rooma\PycharmProjects\neo_alexadria\backend\tests\unit\phase9_quality\test_quality_dimensions.py, line 13
  @pytest.fixture
  def quality_service(db_session: Session):
E       fixture 'db_session' not found
>       available fixtures: anyio_backend, anyio_backend_name, anyio_backend_options, base_resource, cache, capfd, capfdbinary, caplog, capsys, capsysbinary, capteesys, client, cov, doctest_namespace, empty_library, free_tcp_port, free_tcp_port_factory, free_udp_port, free_udp_port_factory, mock_ai_core, mock_archive_local, mock_ddgs_search, mock_fetch_url, monkeypatch, no_cover, pytestconfig, quality_service, recommendation_test_data, record_property, record_testsuite_property, record_xml_attribute, recwarn, reset_prometheus_registry, sample_html, sample_resource_data, sample_text, seeded_resources, single_resource_library, temp_dir, test_db, tmp_path, tmp_path_factory, tmpdir, tmpdir_factory
>       use 'pytest --fixtures [testpath]' for help on them.

C:\Users\rooma\PycharmProjects\neo_alexadria\backend\tests\unit\phase9_quality\test_quality_dimensions.py:13
_ ERROR at setup of TestComputeCompleteness.test_completeness_with_important_fields _
file C:\Users\rooma\PycharmProjects\neo_alexadria\backend\tests\unit\phase9_quality\test_quality_dimensions.py, line 108
      def test_completeness_with_important_fields(self, quality_service, base_resource, db_session):
file C:\Users\rooma\PycharmProjects\neo_alexadria\backend\tests\unit\phase9_quality\test_quality_dimensions.py, line 13
  @pytest.fixture
  def quality_service(db_session: Session):
E       fixture 'db_session' not found
>       available fixtures: anyio_backend, anyio_backend_name, anyio_backend_options, base_resource, cache, capfd, capfdbinary, caplog, capsys, capsysbinary, capteesys, client, cov, doctest_namespace, empty_library, free_tcp_port, free_tcp_port_factory, free_udp_port, free_udp_port_factory, mock_ai_core, mock_archive_local, mock_ddgs_search, mock_fetch_url, monkeypatch, no_cover, pytestconfig, quality_service, recommendation_test_data, record_property, record_testsuite_property, record_xml_attribute, recwarn, reset_prometheus_registry, sample_html, sample_resource_data, sample_text, seeded_resources, single_resource_library, temp_dir, test_db, tmp_path, tmp_path_factory, tmpdir, tmpdir_factory
>       use 'pytest --fixtures [testpath]' for help on them.

C:\Users\rooma\PycharmProjects\neo_alexadria\backend\tests\unit\phase9_quality\test_quality_dimensions.py:13
_ ERROR at setup of TestComputeCompleteness.test_completeness_with_scholarly_fields _
file C:\Users\rooma\PycharmProjects\neo_alexadria\backend\tests\unit\phase9_quality\test_quality_dimensions.py, line 120
      def test_completeness_with_scholarly_fields(self, quality_service, base_resource, db_session):
file C:\Users\rooma\PycharmProjects\neo_alexadria\backend\tests\unit\phase9_quality\test_quality_dimensions.py, line 13
  @pytest.fixture
  def quality_service(db_session: Session):
E       fixture 'db_session' not found
>       available fixtures: anyio_backend, anyio_backend_name, anyio_backend_options, base_resource, cache, capfd, capfdbinary, caplog, capsys, capsysbinary, capteesys, client, cov, doctest_namespace, empty_library, free_tcp_port, free_tcp_port_factory, free_udp_port, free_udp_port_factory, mock_ai_core, mock_archive_local, mock_ddgs_search, mock_fetch_url, monkeypatch, no_cover, pytestconfig, quality_service, recommendation_test_data, record_property, record_testsuite_property, record_xml_attribute, recwarn, reset_prometheus_registry, sample_html, sample_resource_data, sample_text, seeded_resources, single_resource_library, temp_dir, test_db, tmp_path, tmp_path_factory, tmpdir, tmpdir_factory
>       use 'pytest --fixtures [testpath]' for help on them.

C:\Users\rooma\PycharmProjects\neo_alexadria\backend\tests\unit\phase9_quality\test_quality_dimensions.py:13
_ ERROR at setup of TestComputeCompleteness.test_completeness_fully_populated _
file C:\Users\rooma\PycharmProjects\neo_alexadria\backend\tests\unit\phase9_quality\test_quality_dimensions.py, line 132
      def test_completeness_fully_populated(self, quality_service, base_resource, db_session):
file C:\Users\rooma\PycharmProjects\neo_alexadria\backend\tests\unit\phase9_quality\test_quality_dimensions.py, line 13
  @pytest.fixture
  def quality_service(db_session: Session):
E       fixture 'db_session' not found
>       available fixtures: anyio_backend, anyio_backend_name, anyio_backend_options, base_resource, cache, capfd, capfdbinary, caplog, capsys, capsysbinary, capteesys, client, cov, doctest_namespace, empty_library, free_tcp_port, free_tcp_port_factory, free_udp_port, free_udp_port_factory, mock_ai_core, mock_archive_local, mock_ddgs_search, mock_fetch_url, monkeypatch, no_cover, pytestconfig, quality_service, recommendation_test_data, record_property, record_testsuite_property, record_xml_attribute, recwarn, reset_prometheus_registry, sample_html, sample_resource_data, sample_text, seeded_resources, single_resource_library, temp_dir, test_db, tmp_path, tmp_path_factory, tmpdir, tmpdir_factory
>       use 'pytest --fixtures [testpath]' for help on them.

C:\Users\rooma\PycharmProjects\neo_alexadria\backend\tests\unit\phase9_quality\test_quality_dimensions.py:13
_ ERROR at setup of TestComputeConsistency.test_consistency_with_aligned_title_content _
file C:\Users\rooma\PycharmProjects\neo_alexadria\backend\tests\unit\phase9_quality\test_quality_dimensions.py, line 155
      def test_consistency_with_aligned_title_content(self, quality_service, base_resource, db_session):
file C:\Users\rooma\PycharmProjects\neo_alexadria\backend\tests\unit\phase9_quality\test_quality_dimensions.py, line 13
  @pytest.fixture
  def quality_service(db_session: Session):
E       fixture 'db_session' not found
>       available fixtures: anyio_backend, anyio_backend_name, anyio_backend_options, base_resource, cache, capfd, capfdbinary, caplog, capsys, capsysbinary, capteesys, client, cov, doctest_namespace, empty_library, free_tcp_port, free_tcp_port_factory, free_udp_port, free_udp_port_factory, mock_ai_core, mock_archive_local, mock_ddgs_search, mock_fetch_url, monkeypatch, no_cover, pytestconfig, quality_service, recommendation_test_data, record_property, record_testsuite_property, record_xml_attribute, recwarn, reset_prometheus_registry, sample_html, sample_resource_data, sample_text, seeded_resources, single_resource_library, temp_dir, test_db, tmp_path, tmp_path_factory, tmpdir, tmpdir_factory
>       use 'pytest --fixtures [testpath]' for help on them.

C:\Users\rooma\PycharmProjects\neo_alexadria\backend\tests\unit\phase9_quality\test_quality_dimensions.py:13
_ ERROR at setup of TestComputeConsistency.test_consistency_with_misaligned_title_content _
file C:\Users\rooma\PycharmProjects\neo_alexadria\backend\tests\unit\phase9_quality\test_quality_dimensions.py, line 165
      def test_consistency_with_misaligned_title_content(self, quality_service, base_resource, db_session):
file C:\Users\rooma\PycharmProjects\neo_alexadria\backend\tests\unit\phase9_quality\test_quality_dimensions.py, line 13
  @pytest.fixture
  def quality_service(db_session: Session):
E       fixture 'db_session' not found
>       available fixtures: anyio_backend, anyio_backend_name, anyio_backend_options, base_resource, cache, capfd, capfdbinary, caplog, capsys, capsysbinary, capteesys, client, cov, doctest_namespace, empty_library, free_tcp_port, free_tcp_port_factory, free_udp_port, free_udp_port_factory, mock_ai_core, mock_archive_local, mock_ddgs_search, mock_fetch_url, monkeypatch, no_cover, pytestconfig, quality_service, recommendation_test_data, record_property, record_testsuite_property, record_xml_attribute, recwarn, reset_prometheus_registry, sample_html, sample_resource_data, sample_text, seeded_resources, single_resource_library, temp_dir, test_db, tmp_path, tmp_path_factory, tmpdir, tmpdir_factory
>       use 'pytest --fixtures [testpath]' for help on them.

C:\Users\rooma\PycharmProjects\neo_alexadria\backend\tests\unit\phase9_quality\test_quality_dimensions.py:13
___ ERROR at setup of TestComputeConsistency.test_consistency_with_summary ____
file C:\Users\rooma\PycharmProjects\neo_alexadria\backend\tests\unit\phase9_quality\test_quality_dimensions.py, line 175
      def test_consistency_with_summary(self, quality_service, base_resource, db_session):
file C:\Users\rooma\PycharmProjects\neo_alexadria\backend\tests\unit\phase9_quality\test_quality_dimensions.py, line 13
  @pytest.fixture
  def quality_service(db_session: Session):
E       fixture 'db_session' not found
>       available fixtures: anyio_backend, anyio_backend_name, anyio_backend_options, base_resource, cache, capfd, capfdbinary, caplog, capsys, capsysbinary, capteesys, client, cov, doctest_namespace, empty_library, free_tcp_port, free_tcp_port_factory, free_udp_port, free_udp_port_factory, mock_ai_core, mock_archive_local, mock_ddgs_search, mock_fetch_url, monkeypatch, no_cover, pytestconfig, quality_service, recommendation_test_data, record_property, record_testsuite_property, record_xml_attribute, recwarn, reset_prometheus_registry, sample_html, sample_resource_data, sample_text, seeded_resources, single_resource_library, temp_dir, test_db, tmp_path, tmp_path_factory, tmpdir, tmpdir_factory
>       use 'pytest --fixtures [testpath]' for help on them.

C:\Users\rooma\PycharmProjects\neo_alexadria\backend\tests\unit\phase9_quality\test_quality_dimensions.py:13
_ ERROR at setup of TestComputeTimeliness.test_timeliness_recent_publication __
file C:\Users\rooma\PycharmProjects\neo_alexadria\backend\tests\unit\phase9_quality\test_quality_dimensions.py, line 189
      def test_timeliness_recent_publication(self, quality_service, base_resource, db_session):
file C:\Users\rooma\PycharmProjects\neo_alexadria\backend\tests\unit\phase9_quality\test_quality_dimensions.py, line 13
  @pytest.fixture
  def quality_service(db_session: Session):
E       fixture 'db_session' not found
>       available fixtures: anyio_backend, anyio_backend_name, anyio_backend_options, base_resource, cache, capfd, capfdbinary, caplog, capsys, capsysbinary, capteesys, client, cov, doctest_namespace, empty_library, free_tcp_port, free_tcp_port_factory, free_udp_port, free_udp_port_factory, mock_ai_core, mock_archive_local, mock_ddgs_search, mock_fetch_url, monkeypatch, no_cover, pytestconfig, quality_service, recommendation_test_data, record_property, record_testsuite_property, record_xml_attribute, recwarn, reset_prometheus_registry, sample_html, sample_resource_data, sample_text, seeded_resources, single_resource_library, temp_dir, test_db, tmp_path, tmp_path_factory, tmpdir, tmpdir_factory
>       use 'pytest --fixtures [testpath]' for help on them.

C:\Users\rooma\PycharmProjects\neo_alexadria\backend\tests\unit\phase9_quality\test_quality_dimensions.py:13
___ ERROR at setup of TestComputeTimeliness.test_timeliness_old_publication ___
file C:\Users\rooma\PycharmProjects\neo_alexadria\backend\tests\unit\phase9_quality\test_quality_dimensions.py, line 198
      def test_timeliness_old_publication(self, quality_service, base_resource, db_session):
file C:\Users\rooma\PycharmProjects\neo_alexadria\backend\tests\unit\phase9_quality\test_quality_dimensions.py, line 13
  @pytest.fixture
  def quality_service(db_session: Session):
E       fixture 'db_session' not found
>       available fixtures: anyio_backend, anyio_backend_name, anyio_backend_options, base_resource, cache, capfd, capfdbinary, caplog, capsys, capsysbinary, capteesys, client, cov, doctest_namespace, empty_library, free_tcp_port, free_tcp_port_factory, free_udp_port, free_udp_port_factory, mock_ai_core, mock_archive_local, mock_ddgs_search, mock_fetch_url, monkeypatch, no_cover, pytestconfig, quality_service, recommendation_test_data, record_property, record_testsuite_property, record_xml_attribute, recwarn, reset_prometheus_registry, sample_html, sample_resource_data, sample_text, seeded_resources, single_resource_library, temp_dir, test_db, tmp_path, tmp_path_factory, tmpdir, tmpdir_factory
>       use 'pytest --fixtures [testpath]' for help on them.

C:\Users\rooma\PycharmProjects\neo_alexadria\backend\tests\unit\phase9_quality\test_quality_dimensions.py:13
__ ERROR at setup of TestComputeTimeliness.test_timeliness_recent_ingestion ___
file C:\Users\rooma\PycharmProjects\neo_alexadria\backend\tests\unit\phase9_quality\test_quality_dimensions.py, line 207
      def test_timeliness_recent_ingestion(self, quality_service, base_resource, db_session):
file C:\Users\rooma\PycharmProjects\neo_alexadria\backend\tests\unit\phase9_quality\test_quality_dimensions.py, line 13
  @pytest.fixture
  def quality_service(db_session: Session):
E       fixture 'db_session' not found
>       available fixtures: anyio_backend, anyio_backend_name, anyio_backend_options, base_resource, cache, capfd, capfdbinary, caplog, capsys, capsysbinary, capteesys, client, cov, doctest_namespace, empty_library, free_tcp_port, free_tcp_port_factory, free_udp_port, free_udp_port_factory, mock_ai_core, mock_archive_local, mock_ddgs_search, mock_fetch_url, monkeypatch, no_cover, pytestconfig, quality_service, recommendation_test_data, record_property, record_testsuite_property, record_xml_attribute, recwarn, reset_prometheus_registry, sample_html, sample_resource_data, sample_text, seeded_resources, single_resource_library, temp_dir, test_db, tmp_path, tmp_path_factory, tmpdir, tmpdir_factory
>       use 'pytest --fixtures [testpath]' for help on them.

C:\Users\rooma\PycharmProjects\neo_alexadria\backend\tests\unit\phase9_quality\test_quality_dimensions.py:13
_ ERROR at setup of TestComputeTimeliness.test_timeliness_no_publication_date _
file C:\Users\rooma\PycharmProjects\neo_alexadria\backend\tests\unit\phase9_quality\test_quality_dimensions.py, line 216
      def test_timeliness_no_publication_date(self, quality_service, base_resource):
file C:\Users\rooma\PycharmProjects\neo_alexadria\backend\tests\unit\phase9_quality\test_quality_dimensions.py, line 13
  @pytest.fixture
  def quality_service(db_session: Session):
E       fixture 'db_session' not found
>       available fixtures: anyio_backend, anyio_backend_name, anyio_backend_options, base_resource, cache, capfd, capfdbinary, caplog, capsys, capsysbinary, capteesys, client, cov, doctest_namespace, empty_library, free_tcp_port, free_tcp_port_factory, free_udp_port, free_udp_port_factory, mock_ai_core, mock_archive_local, mock_ddgs_search, mock_fetch_url, monkeypatch, no_cover, pytestconfig, quality_service, recommendation_test_data, record_property, record_testsuite_property, record_xml_attribute, recwarn, reset_prometheus_registry, sample_html, sample_resource_data, sample_text, seeded_resources, single_resource_library, temp_dir, test_db, tmp_path, tmp_path_factory, tmpdir, tmpdir_factory
>       use 'pytest --fixtures [testpath]' for help on them.

C:\Users\rooma\PycharmProjects\neo_alexadria\backend\tests\unit\phase9_quality\test_quality_dimensions.py:13
__ ERROR at setup of TestComputeRelevance.test_relevance_with_classification __
file C:\Users\rooma\PycharmProjects\neo_alexadria\backend\tests\unit\phase9_quality\test_quality_dimensions.py, line 225
      def test_relevance_with_classification(self, quality_service, base_resource, db_session):
file C:\Users\rooma\PycharmProjects\neo_alexadria\backend\tests\unit\phase9_quality\test_quality_dimensions.py, line 13
  @pytest.fixture
  def quality_service(db_session: Session):
E       fixture 'db_session' not found
>       available fixtures: anyio_backend, anyio_backend_name, anyio_backend_options, base_resource, cache, capfd, capfdbinary, caplog, capsys, capsysbinary, capteesys, client, cov, doctest_namespace, empty_library, free_tcp_port, free_tcp_port_factory, free_udp_port, free_udp_port_factory, mock_ai_core, mock_archive_local, mock_ddgs_search, mock_fetch_url, monkeypatch, no_cover, pytestconfig, quality_service, recommendation_test_data, record_property, record_testsuite_property, record_xml_attribute, recwarn, reset_prometheus_registry, sample_html, sample_resource_data, sample_text, seeded_resources, single_resource_library, temp_dir, test_db, tmp_path, tmp_path_factory, tmpdir, tmpdir_factory
>       use 'pytest --fixtures [testpath]' for help on them.

C:\Users\rooma\PycharmProjects\neo_alexadria\backend\tests\unit\phase9_quality\test_quality_dimensions.py:13
____ ERROR at setup of TestComputeRelevance.test_relevance_with_citations _____
file C:\Users\rooma\PycharmProjects\neo_alexadria\backend\tests\unit\phase9_quality\test_quality_dimensions.py, line 243
      def test_relevance_with_citations(self, quality_service, base_resource, db_session):
file C:\Users\rooma\PycharmProjects\neo_alexadria\backend\tests\unit\phase9_quality\test_quality_dimensions.py, line 13
  @pytest.fixture
  def quality_service(db_session: Session):
E       fixture 'db_session' not found
>       available fixtures: anyio_backend, anyio_backend_name, anyio_backend_options, base_resource, cache, capfd, capfdbinary, caplog, capsys, capsysbinary, capteesys, client, cov, doctest_namespace, empty_library, free_tcp_port, free_tcp_port_factory, free_udp_port, free_udp_port_factory, mock_ai_core, mock_archive_local, mock_ddgs_search, mock_fetch_url, monkeypatch, no_cover, pytestconfig, quality_service, recommendation_test_data, record_property, record_testsuite_property, record_xml_attribute, recwarn, reset_prometheus_registry, sample_html, sample_resource_data, sample_text, seeded_resources, single_resource_library, temp_dir, test_db, tmp_path, tmp_path_factory, tmpdir, tmpdir_factory
>       use 'pytest --fixtures [testpath]' for help on them.

C:\Users\rooma\PycharmProjects\neo_alexadria\backend\tests\unit\phase9_quality\test_quality_dimensions.py:13
_____ ERROR at setup of TestComputeRelevance.test_relevance_without_data ______
file C:\Users\rooma\PycharmProjects\neo_alexadria\backend\tests\unit\phase9_quality\test_quality_dimensions.py, line 252
      def test_relevance_without_data(self, quality_service, base_resource):
file C:\Users\rooma\PycharmProjects\neo_alexadria\backend\tests\unit\phase9_quality\test_quality_dimensions.py, line 13
  @pytest.fixture
  def quality_service(db_session: Session):
E       fixture 'db_session' not found
>       available fixtures: anyio_backend, anyio_backend_name, anyio_backend_options, base_resource, cache, capfd, capfdbinary, caplog, capsys, capsysbinary, capteesys, client, cov, doctest_namespace, empty_library, free_tcp_port, free_tcp_port_factory, free_udp_port, free_udp_port_factory, mock_ai_core, mock_archive_local, mock_ddgs_search, mock_fetch_url, monkeypatch, no_cover, pytestconfig, quality_service, recommendation_test_data, record_property, record_testsuite_property, record_xml_attribute, recwarn, reset_prometheus_registry, sample_html, sample_resource_data, sample_text, seeded_resources, single_resource_library, temp_dir, test_db, tmp_path, tmp_path_factory, tmpdir, tmpdir_factory
>       use 'pytest --fixtures [testpath]' for help on them.

C:\Users\rooma\PycharmProjects\neo_alexadria\backend\tests\unit\phase9_quality\test_quality_dimensions.py:13
__ ERROR at setup of TestComputeQuality.test_compute_quality_default_weights __
file C:\Users\rooma\PycharmProjects\neo_alexadria\backend\tests\unit\phase9_quality\test_quality_dimensions.py, line 261
      def test_compute_quality_default_weights(self, quality_service, base_resource, db_session):
file C:\Users\rooma\PycharmProjects\neo_alexadria\backend\tests\unit\phase9_quality\test_quality_dimensions.py, line 13
  @pytest.fixture
  def quality_service(db_session: Session):
E       fixture 'db_session' not found
>       available fixtures: anyio_backend, anyio_backend_name, anyio_backend_options, base_resource, cache, capfd, capfdbinary, caplog, capsys, capsysbinary, capteesys, client, cov, doctest_namespace, empty_library, free_tcp_port, free_tcp_port_factory, free_udp_port, free_udp_port_factory, mock_ai_core, mock_archive_local, mock_ddgs_search, mock_fetch_url, monkeypatch, no_cover, pytestconfig, quality_service, recommendation_test_data, record_property, record_testsuite_property, record_xml_attribute, recwarn, reset_prometheus_registry, sample_html, sample_resource_data, sample_text, seeded_resources, single_resource_library, temp_dir, test_db, tmp_path, tmp_path_factory, tmpdir, tmpdir_factory
>       use 'pytest --fixtures [testpath]' for help on them.

C:\Users\rooma\PycharmProjects\neo_alexadria\backend\tests\unit\phase9_quality\test_quality_dimensions.py:13
__ ERROR at setup of TestComputeQuality.test_compute_quality_custom_weights ___
file C:\Users\rooma\PycharmProjects\neo_alexadria\backend\tests\unit\phase9_quality\test_quality_dimensions.py, line 281
      def test_compute_quality_custom_weights(self, quality_service, base_resource, db_session):
file C:\Users\rooma\PycharmProjects\neo_alexadria\backend\tests\unit\phase9_quality\test_quality_dimensions.py, line 13
  @pytest.fixture
  def quality_service(db_session: Session):
E       fixture 'db_session' not found
>       available fixtures: anyio_backend, anyio_backend_name, anyio_backend_options, base_resource, cache, capfd, capfdbinary, caplog, capsys, capsysbinary, capteesys, client, cov, doctest_namespace, empty_library, free_tcp_port, free_tcp_port_factory, free_udp_port, free_udp_port_factory, mock_ai_core, mock_archive_local, mock_ddgs_search, mock_fetch_url, monkeypatch, no_cover, pytestconfig, quality_service, recommendation_test_data, record_property, record_testsuite_property, record_xml_attribute, recwarn, reset_prometheus_registry, sample_html, sample_resource_data, sample_text, seeded_resources, single_resource_library, temp_dir, test_db, tmp_path, tmp_path_factory, tmpdir, tmpdir_factory
>       use 'pytest --fixtures [testpath]' for help on them.

C:\Users\rooma\PycharmProjects\neo_alexadria\backend\tests\unit\phase9_quality\test_quality_dimensions.py:13
_ ERROR at setup of TestComputeQuality.test_compute_quality_invalid_weights_sum _
file C:\Users\rooma\PycharmProjects\neo_alexadria\backend\tests\unit\phase9_quality\test_quality_dimensions.py, line 297
      def test_compute_quality_invalid_weights_sum(self, quality_service, base_resource):
file C:\Users\rooma\PycharmProjects\neo_alexadria\backend\tests\unit\phase9_quality\test_quality_dimensions.py, line 13
  @pytest.fixture
  def quality_service(db_session: Session):
E       fixture 'db_session' not found
>       available fixtures: anyio_backend, anyio_backend_name, anyio_backend_options, base_resource, cache, capfd, capfdbinary, caplog, capsys, capsysbinary, capteesys, client, cov, doctest_namespace, empty_library, free_tcp_port, free_tcp_port_factory, free_udp_port, free_udp_port_factory, mock_ai_core, mock_archive_local, mock_ddgs_search, mock_fetch_url, monkeypatch, no_cover, pytestconfig, quality_service, recommendation_test_data, record_property, record_testsuite_property, record_xml_attribute, recwarn, reset_prometheus_registry, sample_html, sample_resource_data, sample_text, seeded_resources, single_resource_library, temp_dir, test_db, tmp_path, tmp_path_factory, tmpdir, tmpdir_factory
>       use 'pytest --fixtures [testpath]' for help on them.

C:\Users\rooma\PycharmProjects\neo_alexadria\backend\tests\unit\phase9_quality\test_quality_dimensions.py:13
_ ERROR at setup of TestComputeQuality.test_compute_quality_missing_dimension _
file C:\Users\rooma\PycharmProjects\neo_alexadria\backend\tests\unit\phase9_quality\test_quality_dimensions.py, line 310
      def test_compute_quality_missing_dimension(self, quality_service, base_resource):
file C:\Users\rooma\PycharmProjects\neo_alexadria\backend\tests\unit\phase9_quality\test_quality_dimensions.py, line 13
  @pytest.fixture
  def quality_service(db_session: Session):
E       fixture 'db_session' not found
>       available fixtures: anyio_backend, anyio_backend_name, anyio_backend_options, base_resource, cache, capfd, capfdbinary, caplog, capsys, capsysbinary, capteesys, client, cov, doctest_namespace, empty_library, free_tcp_port, free_tcp_port_factory, free_udp_port, free_udp_port_factory, mock_ai_core, mock_archive_local, mock_ddgs_search, mock_fetch_url, monkeypatch, no_cover, pytestconfig, quality_service, recommendation_test_data, record_property, record_testsuite_property, record_xml_attribute, recwarn, reset_prometheus_registry, sample_html, sample_resource_data, sample_text, seeded_resources, single_resource_library, temp_dir, test_db, tmp_path, tmp_path_factory, tmpdir, tmpdir_factory
>       use 'pytest --fixtures [testpath]' for help on them.

C:\Users\rooma\PycharmProjects\neo_alexadria\backend\tests\unit\phase9_quality\test_quality_dimensions.py:13
_ ERROR at setup of TestComputeQuality.test_compute_quality_backward_compatibility _
file C:\Users\rooma\PycharmProjects\neo_alexadria\backend\tests\unit\phase9_quality\test_quality_dimensions.py, line 322
      def test_compute_quality_backward_compatibility(self, quality_service, base_resource, db_session):
file C:\Users\rooma\PycharmProjects\neo_alexadria\backend\tests\unit\phase9_quality\test_quality_dimensions.py, line 13
  @pytest.fixture
  def quality_service(db_session: Session):
E       fixture 'db_session' not found
>       available fixtures: anyio_backend, anyio_backend_name, anyio_backend_options, base_resource, cache, capfd, capfdbinary, caplog, capsys, capsysbinary, capteesys, client, cov, doctest_namespace, empty_library, free_tcp_port, free_tcp_port_factory, free_udp_port, free_udp_port_factory, mock_ai_core, mock_archive_local, mock_ddgs_search, mock_fetch_url, monkeypatch, no_cover, pytestconfig, quality_service, recommendation_test_data, record_property, record_testsuite_property, record_xml_attribute, recwarn, reset_prometheus_registry, sample_html, sample_resource_data, sample_text, seeded_resources, single_resource_library, temp_dir, test_db, tmp_path, tmp_path_factory, tmpdir, tmpdir_factory
>       use 'pytest --fixtures [testpath]' for help on them.

C:\Users\rooma\PycharmProjects\neo_alexadria\backend\tests\unit\phase9_quality\test_quality_dimensions.py:13
____ ERROR at setup of test_generate_user_profile_vector_excludes_outliers ____
file C:\Users\rooma\PycharmProjects\neo_alexadria\backend\tests\unit\phase9_quality\test_recommendation_quality_integration.py, line 14
  def test_generate_user_profile_vector_excludes_outliers(db_session):
E       fixture 'db_session' not found
>       available fixtures: anyio_backend, anyio_backend_name, anyio_backend_options, cache, capfd, capfdbinary, caplog, capsys, capsysbinary, capteesys, client, cov, doctest_namespace, empty_library, free_tcp_port, free_tcp_port_factory, free_udp_port, free_udp_port_factory, mock_ai_core, mock_archive_local, mock_ddgs_search, mock_fetch_url, monkeypatch, no_cover, pytestconfig, recommendation_test_data, record_property, record_testsuite_property, record_xml_attribute, recwarn, reset_prometheus_registry, sample_html, sample_resource_data, sample_text, seeded_resources, single_resource_library, temp_dir, test_db, tmp_path, tmp_path_factory, tmpdir, tmpdir_factory
>       use 'pytest --fixtures [testpath]' for help on them.

C:\Users\rooma\PycharmProjects\neo_alexadria\backend\tests\unit\phase9_quality\test_recommendation_quality_integration.py:14
____ ERROR at setup of test_generate_user_profile_vector_with_min_quality _____
file C:\Users\rooma\PycharmProjects\neo_alexadria\backend\tests\unit\phase9_quality\test_recommendation_quality_integration.py, line 49
  def test_generate_user_profile_vector_with_min_quality(db_session):
E       fixture 'db_session' not found
>       available fixtures: anyio_backend, anyio_backend_name, anyio_backend_options, cache, capfd, capfdbinary, caplog, capsys, capsysbinary, capteesys, client, cov, doctest_namespace, empty_library, free_tcp_port, free_tcp_port_factory, free_udp_port, free_udp_port_factory, mock_ai_core, mock_archive_local, mock_ddgs_search, mock_fetch_url, monkeypatch, no_cover, pytestconfig, recommendation_test_data, record_property, record_testsuite_property, record_xml_attribute, recwarn, reset_prometheus_registry, sample_html, sample_resource_data, sample_text, seeded_resources, single_resource_library, temp_dir, test_db, tmp_path, tmp_path_factory, tmpdir, tmpdir_factory
>       use 'pytest --fixtures [testpath]' for help on them.

C:\Users\rooma\PycharmProjects\neo_alexadria\backend\tests\unit\phase9_quality\test_recommendation_quality_integration.py:49
__ ERROR at setup of test_get_graph_based_recommendations_excludes_outliers ___
file C:\Users\rooma\PycharmProjects\neo_alexadria\backend\tests\unit\phase9_quality\test_recommendation_quality_integration.py, line 83
  def test_get_graph_based_recommendations_excludes_outliers(db_session):
E       fixture 'db_session' not found
>       available fixtures: anyio_backend, anyio_backend_name, anyio_backend_options, cache, capfd, capfdbinary, caplog, capsys, capsysbinary, capteesys, client, cov, doctest_namespace, empty_library, free_tcp_port, free_tcp_port_factory, free_udp_port, free_udp_port_factory, mock_ai_core, mock_archive_local, mock_ddgs_search, mock_fetch_url, monkeypatch, no_cover, pytestconfig, recommendation_test_data, record_property, record_testsuite_property, record_xml_attribute, recwarn, reset_prometheus_registry, sample_html, sample_resource_data, sample_text, seeded_resources, single_resource_library, temp_dir, test_db, tmp_path, tmp_path_factory, tmpdir, tmpdir_factory
>       use 'pytest --fixtures [testpath]' for help on them.

C:\Users\rooma\PycharmProjects\neo_alexadria\backend\tests\unit\phase9_quality\test_recommendation_quality_integration.py:83
_ ERROR at setup of test_generate_recommendations_with_graph_fusion_quality_boost _
file C:\Users\rooma\PycharmProjects\neo_alexadria\backend\tests\unit\phase9_quality\test_recommendation_quality_integration.py, line 131
  def test_generate_recommendations_with_graph_fusion_quality_boost(db_session):
E       fixture 'db_session' not found
>       available fixtures: anyio_backend, anyio_backend_name, anyio_backend_options, cache, capfd, capfdbinary, caplog, capsys, capsysbinary, capteesys, client, cov, doctest_namespace, empty_library, free_tcp_port, free_tcp_port_factory, free_udp_port, free_udp_port_factory, mock_ai_core, mock_archive_local, mock_ddgs_search, mock_fetch_url, monkeypatch, no_cover, pytestconfig, recommendation_test_data, record_property, record_testsuite_property, record_xml_attribute, recwarn, reset_prometheus_registry, sample_html, sample_resource_data, sample_text, seeded_resources, single_resource_library, temp_dir, test_db, tmp_path, tmp_path_factory, tmpdir, tmpdir_factory
>       use 'pytest --fixtures [testpath]' for help on them.

C:\Users\rooma\PycharmProjects\neo_alexadria\backend\tests\unit\phase9_quality\test_recommendation_quality_integration.py:131
_ ERROR at setup of test_generate_recommendations_with_graph_fusion_filters_outliers _
file C:\Users\rooma\PycharmProjects\neo_alexadria\backend\tests\unit\phase9_quality\test_recommendation_quality_integration.py, line 169
  def test_generate_recommendations_with_graph_fusion_filters_outliers(db_session):
E       fixture 'db_session' not found
>       available fixtures: anyio_backend, anyio_backend_name, anyio_backend_options, cache, capfd, capfdbinary, caplog, capsys, capsysbinary, capteesys, client, cov, doctest_namespace, empty_library, free_tcp_port, free_tcp_port_factory, free_udp_port, free_udp_port_factory, mock_ai_core, mock_archive_local, mock_ddgs_search, mock_fetch_url, monkeypatch, no_cover, pytestconfig, recommendation_test_data, record_property, record_testsuite_property, record_xml_attribute, recwarn, reset_prometheus_registry, sample_html, sample_resource_data, sample_text, seeded_resources, single_resource_library, temp_dir, test_db, tmp_path, tmp_path_factory, tmpdir, tmpdir_factory
>       use 'pytest --fixtures [testpath]' for help on them.

C:\Users\rooma\PycharmProjects\neo_alexadria\backend\tests\unit\phase9_quality\test_recommendation_quality_integration.py:169
___ ERROR at setup of test_generate_recommendations_with_min_quality_filter ___
file C:\Users\rooma\PycharmProjects\neo_alexadria\backend\tests\unit\phase9_quality\test_recommendation_quality_integration.py, line 208
  def test_generate_recommendations_with_min_quality_filter(db_session):
E       fixture 'db_session' not found
>       available fixtures: anyio_backend, anyio_backend_name, anyio_backend_options, cache, capfd, capfdbinary, caplog, capsys, capsysbinary, capteesys, client, cov, doctest_namespace, empty_library, free_tcp_port, free_tcp_port_factory, free_udp_port, free_udp_port_factory, mock_ai_core, mock_archive_local, mock_ddgs_search, mock_fetch_url, monkeypatch, no_cover, pytestconfig, recommendation_test_data, record_property, record_testsuite_property, record_xml_attribute, recwarn, reset_prometheus_registry, sample_html, sample_resource_data, sample_text, seeded_resources, single_resource_library, temp_dir, test_db, tmp_path, tmp_path_factory, tmpdir, tmpdir_factory
>       use 'pytest --fixtures [testpath]' for help on them.

C:\Users\rooma\PycharmProjects\neo_alexadria\backend\tests\unit\phase9_quality\test_recommendation_quality_integration.py:208
______ ERROR at setup of TestGEvalMethods.test_g_eval_coherence_success _______
file C:\Users\rooma\PycharmProjects\neo_alexadria\backend\tests\unit\phase9_quality\test_summarization_evaluator.py, line 45
      @patch('openai.ChatCompletion.create')
      def test_g_eval_coherence_success(self, mock_openai, evaluator_with_api_key):
file C:\Users\rooma\PycharmProjects\neo_alexadria\backend\tests\unit\phase9_quality\test_summarization_evaluator.py, line 18
  @pytest.fixture
  def evaluator_with_api_key(db_session: Session):
E       fixture 'db_session' not found
>       available fixtures: anyio_backend, anyio_backend_name, anyio_backend_options, cache, capfd, capfdbinary, caplog, capsys, capsysbinary, capteesys, client, cov, doctest_namespace, empty_library, evaluator, evaluator_with_api_key, free_tcp_port, free_tcp_port_factory, free_udp_port, free_udp_port_factory, mock_ai_core, mock_archive_local, mock_ddgs_search, mock_fetch_url, monkeypatch, no_cover, pytestconfig, recommendation_test_data, record_property, record_testsuite_property, record_xml_attribute, recwarn, reset_prometheus_registry, resource_with_summary, sample_html, sample_resource_data, sample_text, seeded_resources, single_resource_library, temp_dir, test_db, tmp_path, tmp_path_factory, tmpdir, tmpdir_factory
>       use 'pytest --fixtures [testpath]' for help on them.

C:\Users\rooma\PycharmProjects\neo_alexadria\backend\tests\unit\phase9_quality\test_summarization_evaluator.py:18
_____ ERROR at setup of TestGEvalMethods.test_g_eval_consistency_success ______
file C:\Users\rooma\PycharmProjects\neo_alexadria\backend\tests\unit\phase9_quality\test_summarization_evaluator.py, line 60
      @patch('openai.ChatCompletion.create')
      def test_g_eval_consistency_success(self, mock_openai, evaluator_with_api_key):
file C:\Users\rooma\PycharmProjects\neo_alexadria\backend\tests\unit\phase9_quality\test_summarization_evaluator.py, line 18
  @pytest.fixture
  def evaluator_with_api_key(db_session: Session):
E       fixture 'db_session' not found
>       available fixtures: anyio_backend, anyio_backend_name, anyio_backend_options, cache, capfd, capfdbinary, caplog, capsys, capsysbinary, capteesys, client, cov, doctest_namespace, empty_library, evaluator, evaluator_with_api_key, free_tcp_port, free_tcp_port_factory, free_udp_port, free_udp_port_factory, mock_ai_core, mock_archive_local, mock_ddgs_search, mock_fetch_url, monkeypatch, no_cover, pytestconfig, recommendation_test_data, record_property, record_testsuite_property, record_xml_attribute, recwarn, reset_prometheus_registry, resource_with_summary, sample_html, sample_resource_data, sample_text, seeded_resources, single_resource_library, temp_dir, test_db, tmp_path, tmp_path_factory, tmpdir, tmpdir_factory
>       use 'pytest --fixtures [testpath]' for help on them.

C:\Users\rooma\PycharmProjects\neo_alexadria\backend\tests\unit\phase9_quality\test_summarization_evaluator.py:18
_______ ERROR at setup of TestGEvalMethods.test_g_eval_fluency_success ________
file C:\Users\rooma\PycharmProjects\neo_alexadria\backend\tests\unit\phase9_quality\test_summarization_evaluator.py, line 74
      @patch('openai.ChatCompletion.create')
      def test_g_eval_fluency_success(self, mock_openai, evaluator_with_api_key):
file C:\Users\rooma\PycharmProjects\neo_alexadria\backend\tests\unit\phase9_quality\test_summarization_evaluator.py, line 18
  @pytest.fixture
  def evaluator_with_api_key(db_session: Session):
E       fixture 'db_session' not found
>       available fixtures: anyio_backend, anyio_backend_name, anyio_backend_options, cache, capfd, capfdbinary, caplog, capsys, capsysbinary, capteesys, client, cov, doctest_namespace, empty_library, evaluator, evaluator_with_api_key, free_tcp_port, free_tcp_port_factory, free_udp_port, free_udp_port_factory, mock_ai_core, mock_archive_local, mock_ddgs_search, mock_fetch_url, monkeypatch, no_cover, pytestconfig, recommendation_test_data, record_property, record_testsuite_property, record_xml_attribute, recwarn, reset_prometheus_registry, resource_with_summary, sample_html, sample_resource_data, sample_text, seeded_resources, single_resource_library, temp_dir, test_db, tmp_path, tmp_path_factory, tmpdir, tmpdir_factory
>       use 'pytest --fixtures [testpath]' for help on them.

C:\Users\rooma\PycharmProjects\neo_alexadria\backend\tests\unit\phase9_quality\test_summarization_evaluator.py:18
______ ERROR at setup of TestGEvalMethods.test_g_eval_relevance_success _______
file C:\Users\rooma\PycharmProjects\neo_alexadria\backend\tests\unit\phase9_quality\test_summarization_evaluator.py, line 85
      @patch('openai.ChatCompletion.create')
      def test_g_eval_relevance_success(self, mock_openai, evaluator_with_api_key):
file C:\Users\rooma\PycharmProjects\neo_alexadria\backend\tests\unit\phase9_quality\test_summarization_evaluator.py, line 18
  @pytest.fixture
  def evaluator_with_api_key(db_session: Session):
E       fixture 'db_session' not found
>       available fixtures: anyio_backend, anyio_backend_name, anyio_backend_options, cache, capfd, capfdbinary, caplog, capsys, capsysbinary, capteesys, client, cov, doctest_namespace, empty_library, evaluator, evaluator_with_api_key, free_tcp_port, free_tcp_port_factory, free_udp_port, free_udp_port_factory, mock_ai_core, mock_archive_local, mock_ddgs_search, mock_fetch_url, monkeypatch, no_cover, pytestconfig, recommendation_test_data, record_property, record_testsuite_property, record_xml_attribute, recwarn, reset_prometheus_registry, resource_with_summary, sample_html, sample_resource_data, sample_text, seeded_resources, single_resource_library, temp_dir, test_db, tmp_path, tmp_path_factory, tmpdir, tmpdir_factory
>       use 'pytest --fixtures [testpath]' for help on them.

C:\Users\rooma\PycharmProjects\neo_alexadria\backend\tests\unit\phase9_quality\test_summarization_evaluator.py:18
______ ERROR at setup of TestGEvalMethods.test_g_eval_api_error_fallback ______
file C:\Users\rooma\PycharmProjects\neo_alexadria\backend\tests\unit\phase9_quality\test_summarization_evaluator.py, line 99
      @patch('openai.ChatCompletion.create')
      def test_g_eval_api_error_fallback(self, mock_openai, evaluator_with_api_key):
file C:\Users\rooma\PycharmProjects\neo_alexadria\backend\tests\unit\phase9_quality\test_summarization_evaluator.py, line 18
  @pytest.fixture
  def evaluator_with_api_key(db_session: Session):
E       fixture 'db_session' not found
>       available fixtures: anyio_backend, anyio_backend_name, anyio_backend_options, cache, capfd, capfdbinary, caplog, capsys, capsysbinary, capteesys, client, cov, doctest_namespace, empty_library, evaluator, evaluator_with_api_key, free_tcp_port, free_tcp_port_factory, free_udp_port, free_udp_port_factory, mock_ai_core, mock_archive_local, mock_ddgs_search, mock_fetch_url, monkeypatch, no_cover, pytestconfig, recommendation_test_data, record_property, record_testsuite_property, record_xml_attribute, recwarn, reset_prometheus_registry, resource_with_summary, sample_html, sample_resource_data, sample_text, seeded_resources, single_resource_library, temp_dir, test_db, tmp_path, tmp_path_factory, tmpdir, tmpdir_factory
>       use 'pytest --fixtures [testpath]' for help on them.

C:\Users\rooma\PycharmProjects\neo_alexadria\backend\tests\unit\phase9_quality\test_summarization_evaluator.py:18
_______ ERROR at setup of TestGEvalMethods.test_g_eval_without_api_key ________
file C:\Users\rooma\PycharmProjects\neo_alexadria\backend\tests\unit\phase9_quality\test_summarization_evaluator.py, line 111
      def test_g_eval_without_api_key(self, evaluator):
file C:\Users\rooma\PycharmProjects\neo_alexadria\backend\tests\unit\phase9_quality\test_summarization_evaluator.py, line 12
  @pytest.fixture
  def evaluator(db_session: Session):
E       fixture 'db_session' not found
>       available fixtures: anyio_backend, anyio_backend_name, anyio_backend_options, cache, capfd, capfdbinary, caplog, capsys, capsysbinary, capteesys, client, cov, doctest_namespace, empty_library, evaluator, evaluator_with_api_key, free_tcp_port, free_tcp_port_factory, free_udp_port, free_udp_port_factory, mock_ai_core, mock_archive_local, mock_ddgs_search, mock_fetch_url, monkeypatch, no_cover, pytestconfig, recommendation_test_data, record_property, record_testsuite_property, record_xml_attribute, recwarn, reset_prometheus_registry, resource_with_summary, sample_html, sample_resource_data, sample_text, seeded_resources, single_resource_library, temp_dir, test_db, tmp_path, tmp_path_factory, tmpdir, tmpdir_factory
>       use 'pytest --fixtures [testpath]' for help on them.

C:\Users\rooma\PycharmProjects\neo_alexadria\backend\tests\unit\phase9_quality\test_summarization_evaluator.py:12
___ ERROR at setup of TestGEvalMethods.test_g_eval_parse_rating_variations ____
file C:\Users\rooma\PycharmProjects\neo_alexadria\backend\tests\unit\phase9_quality\test_summarization_evaluator.py, line 120
      @patch('openai.ChatCompletion.create')
      def test_g_eval_parse_rating_variations(self, mock_openai, evaluator_with_api_key):
file C:\Users\rooma\PycharmProjects\neo_alexadria\backend\tests\unit\phase9_quality\test_summarization_evaluator.py, line 18
  @pytest.fixture
  def evaluator_with_api_key(db_session: Session):
E       fixture 'db_session' not found
>       available fixtures: anyio_backend, anyio_backend_name, anyio_backend_options, cache, capfd, capfdbinary, caplog, capsys, capsysbinary, capteesys, client, cov, doctest_namespace, empty_library, evaluator, evaluator_with_api_key, free_tcp_port, free_tcp_port_factory, free_udp_port, free_udp_port_factory, mock_ai_core, mock_archive_local, mock_ddgs_search, mock_fetch_url, monkeypatch, no_cover, pytestconfig, recommendation_test_data, record_property, record_testsuite_property, record_xml_attribute, recwarn, reset_prometheus_registry, resource_with_summary, sample_html, sample_resource_data, sample_text, seeded_resources, single_resource_library, temp_dir, test_db, tmp_path, tmp_path_factory, tmpdir, tmpdir_factory
>       use 'pytest --fixtures [testpath]' for help on them.

C:\Users\rooma\PycharmProjects\neo_alexadria\backend\tests\unit\phase9_quality\test_summarization_evaluator.py:18
_ ERROR at setup of TestFineSureMetrics.test_finesure_completeness_good_coverage _
file C:\Users\rooma\PycharmProjects\neo_alexadria\backend\tests\unit\phase9_quality\test_summarization_evaluator.py, line 143
      def test_finesure_completeness_good_coverage(self, evaluator):
file C:\Users\rooma\PycharmProjects\neo_alexadria\backend\tests\unit\phase9_quality\test_summarization_evaluator.py, line 12
  @pytest.fixture
  def evaluator(db_session: Session):
E       fixture 'db_session' not found
>       available fixtures: anyio_backend, anyio_backend_name, anyio_backend_options, cache, capfd, capfdbinary, caplog, capsys, capsysbinary, capteesys, client, cov, doctest_namespace, empty_library, evaluator, evaluator_with_api_key, free_tcp_port, free_tcp_port_factory, free_udp_port, free_udp_port_factory, mock_ai_core, mock_archive_local, mock_ddgs_search, mock_fetch_url, monkeypatch, no_cover, pytestconfig, recommendation_test_data, record_property, record_testsuite_property, record_xml_attribute, recwarn, reset_prometheus_registry, resource_with_summary, sample_html, sample_resource_data, sample_text, seeded_resources, single_resource_library, temp_dir, test_db, tmp_path, tmp_path_factory, tmpdir, tmpdir_factory
>       use 'pytest --fixtures [testpath]' for help on them.

C:\Users\rooma\PycharmProjects\neo_alexadria\backend\tests\unit\phase9_quality\test_summarization_evaluator.py:12
_ ERROR at setup of TestFineSureMetrics.test_finesure_completeness_poor_coverage _
file C:\Users\rooma\PycharmProjects\neo_alexadria\backend\tests\unit\phase9_quality\test_summarization_evaluator.py, line 153
      def test_finesure_completeness_poor_coverage(self, evaluator):
file C:\Users\rooma\PycharmProjects\neo_alexadria\backend\tests\unit\phase9_quality\test_summarization_evaluator.py, line 12
  @pytest.fixture
  def evaluator(db_session: Session):
E       fixture 'db_session' not found
>       available fixtures: anyio_backend, anyio_backend_name, anyio_backend_options, cache, capfd, capfdbinary, caplog, capsys, capsysbinary, capteesys, client, cov, doctest_namespace, empty_library, evaluator, evaluator_with_api_key, free_tcp_port, free_tcp_port_factory, free_udp_port, free_udp_port_factory, mock_ai_core, mock_archive_local, mock_ddgs_search, mock_fetch_url, monkeypatch, no_cover, pytestconfig, recommendation_test_data, record_property, record_testsuite_property, record_xml_attribute, recwarn, reset_prometheus_registry, resource_with_summary, sample_html, sample_resource_data, sample_text, seeded_resources, single_resource_library, temp_dir, test_db, tmp_path, tmp_path_factory, tmpdir, tmpdir_factory
>       use 'pytest --fixtures [testpath]' for help on them.

C:\Users\rooma\PycharmProjects\neo_alexadria\backend\tests\unit\phase9_quality\test_summarization_evaluator.py:12
_ ERROR at setup of TestFineSureMetrics.test_finesure_completeness_empty_summary _
file C:\Users\rooma\PycharmProjects\neo_alexadria\backend\tests\unit\phase9_quality\test_summarization_evaluator.py, line 163
      def test_finesure_completeness_empty_summary(self, evaluator):
file C:\Users\rooma\PycharmProjects\neo_alexadria\backend\tests\unit\phase9_quality\test_summarization_evaluator.py, line 12
  @pytest.fixture
  def evaluator(db_session: Session):
E       fixture 'db_session' not found
>       available fixtures: anyio_backend, anyio_backend_name, anyio_backend_options, cache, capfd, capfdbinary, caplog, capsys, capsysbinary, capteesys, client, cov, doctest_namespace, empty_library, evaluator, evaluator_with_api_key, free_tcp_port, free_tcp_port_factory, free_udp_port, free_udp_port_factory, mock_ai_core, mock_archive_local, mock_ddgs_search, mock_fetch_url, monkeypatch, no_cover, pytestconfig, recommendation_test_data, record_property, record_testsuite_property, record_xml_attribute, recwarn, reset_prometheus_registry, resource_with_summary, sample_html, sample_resource_data, sample_text, seeded_resources, single_resource_library, temp_dir, test_db, tmp_path, tmp_path_factory, tmpdir, tmpdir_factory
>       use 'pytest --fixtures [testpath]' for help on them.

C:\Users\rooma\PycharmProjects\neo_alexadria\backend\tests\unit\phase9_quality\test_summarization_evaluator.py:12
_ ERROR at setup of TestFineSureMetrics.test_finesure_conciseness_optimal_ratio _
file C:\Users\rooma\PycharmProjects\neo_alexadria\backend\tests\unit\phase9_quality\test_summarization_evaluator.py, line 169
      def test_finesure_conciseness_optimal_ratio(self, evaluator):
file C:\Users\rooma\PycharmProjects\neo_alexadria\backend\tests\unit\phase9_quality\test_summarization_evaluator.py, line 12
  @pytest.fixture
  def evaluator(db_session: Session):
E       fixture 'db_session' not found
>       available fixtures: anyio_backend, anyio_backend_name, anyio_backend_options, cache, capfd, capfdbinary, caplog, capsys, capsysbinary, capteesys, client, cov, doctest_namespace, empty_library, evaluator, evaluator_with_api_key, free_tcp_port, free_tcp_port_factory, free_udp_port, free_udp_port_factory, mock_ai_core, mock_archive_local, mock_ddgs_search, mock_fetch_url, monkeypatch, no_cover, pytestconfig, recommendation_test_data, record_property, record_testsuite_property, record_xml_attribute, recwarn, reset_prometheus_registry, resource_with_summary, sample_html, sample_resource_data, sample_text, seeded_resources, single_resource_library, temp_dir, test_db, tmp_path, tmp_path_factory, tmpdir, tmpdir_factory
>       use 'pytest --fixtures [testpath]' for help on them.

C:\Users\rooma\PycharmProjects\neo_alexadria\backend\tests\unit\phase9_quality\test_summarization_evaluator.py:12
__ ERROR at setup of TestFineSureMetrics.test_finesure_conciseness_too_long ___
file C:\Users\rooma\PycharmProjects\neo_alexadria\backend\tests\unit\phase9_quality\test_summarization_evaluator.py, line 179
      def test_finesure_conciseness_too_long(self, evaluator):
file C:\Users\rooma\PycharmProjects\neo_alexadria\backend\tests\unit\phase9_quality\test_summarization_evaluator.py, line 12
  @pytest.fixture
  def evaluator(db_session: Session):
E       fixture 'db_session' not found
>       available fixtures: anyio_backend, anyio_backend_name, anyio_backend_options, cache, capfd, capfdbinary, caplog, capsys, capsysbinary, capteesys, client, cov, doctest_namespace, empty_library, evaluator, evaluator_with_api_key, free_tcp_port, free_tcp_port_factory, free_udp_port, free_udp_port_factory, mock_ai_core, mock_archive_local, mock_ddgs_search, mock_fetch_url, monkeypatch, no_cover, pytestconfig, recommendation_test_data, record_property, record_testsuite_property, record_xml_attribute, recwarn, reset_prometheus_registry, resource_with_summary, sample_html, sample_resource_data, sample_text, seeded_resources, single_resource_library, temp_dir, test_db, tmp_path, tmp_path_factory, tmpdir, tmpdir_factory
>       use 'pytest --fixtures [testpath]' for help on them.

C:\Users\rooma\PycharmProjects\neo_alexadria\backend\tests\unit\phase9_quality\test_summarization_evaluator.py:12
__ ERROR at setup of TestFineSureMetrics.test_finesure_conciseness_too_short __
file C:\Users\rooma\PycharmProjects\neo_alexadria\backend\tests\unit\phase9_quality\test_summarization_evaluator.py, line 189
      def test_finesure_conciseness_too_short(self, evaluator):
file C:\Users\rooma\PycharmProjects\neo_alexadria\backend\tests\unit\phase9_quality\test_summarization_evaluator.py, line 12
  @pytest.fixture
  def evaluator(db_session: Session):
E       fixture 'db_session' not found
>       available fixtures: anyio_backend, anyio_backend_name, anyio_backend_options, cache, capfd, capfdbinary, caplog, capsys, capsysbinary, capteesys, client, cov, doctest_namespace, empty_library, evaluator, evaluator_with_api_key, free_tcp_port, free_tcp_port_factory, free_udp_port, free_udp_port_factory, mock_ai_core, mock_archive_local, mock_ddgs_search, mock_fetch_url, monkeypatch, no_cover, pytestconfig, recommendation_test_data, record_property, record_testsuite_property, record_xml_attribute, recwarn, reset_prometheus_registry, resource_with_summary, sample_html, sample_resource_data, sample_text, seeded_resources, single_resource_library, temp_dir, test_db, tmp_path, tmp_path_factory, tmpdir, tmpdir_factory
>       use 'pytest --fixtures [testpath]' for help on them.

C:\Users\rooma\PycharmProjects\neo_alexadria\backend\tests\unit\phase9_quality\test_summarization_evaluator.py:12
___________ ERROR at setup of TestBERTScore.test_bertscore_success ____________
file C:\Users\rooma\PycharmProjects\neo_alexadria\backend\tests\unit\phase9_quality\test_summarization_evaluator.py, line 203
      @patch('bert_score.score')
      def test_bertscore_success(self, mock_bert_score, evaluator):
file C:\Users\rooma\PycharmProjects\neo_alexadria\backend\tests\unit\phase9_quality\test_summarization_evaluator.py, line 12
  @pytest.fixture
  def evaluator(db_session: Session):
E       fixture 'db_session' not found
>       available fixtures: anyio_backend, anyio_backend_name, anyio_backend_options, cache, capfd, capfdbinary, caplog, capsys, capsysbinary, capteesys, client, cov, doctest_namespace, empty_library, evaluator, evaluator_with_api_key, free_tcp_port, free_tcp_port_factory, free_udp_port, free_udp_port_factory, mock_ai_core, mock_archive_local, mock_ddgs_search, mock_fetch_url, monkeypatch, no_cover, pytestconfig, recommendation_test_data, record_property, record_testsuite_property, record_xml_attribute, recwarn, reset_prometheus_registry, resource_with_summary, sample_html, sample_resource_data, sample_text, seeded_resources, single_resource_library, temp_dir, test_db, tmp_path, tmp_path_factory, tmpdir, tmpdir_factory
>       use 'pytest --fixtures [testpath]' for help on them.

C:\Users\rooma\PycharmProjects\neo_alexadria\backend\tests\unit\phase9_quality\test_summarization_evaluator.py:12
________ ERROR at setup of TestBERTScore.test_bertscore_error_fallback ________
file C:\Users\rooma\PycharmProjects\neo_alexadria\backend\tests\unit\phase9_quality\test_summarization_evaluator.py, line 220
      @patch('bert_score.score')
      def test_bertscore_error_fallback(self, mock_bert_score, evaluator):
file C:\Users\rooma\PycharmProjects\neo_alexadria\backend\tests\unit\phase9_quality\test_summarization_evaluator.py, line 12
  @pytest.fixture
  def evaluator(db_session: Session):
E       fixture 'db_session' not found
>       available fixtures: anyio_backend, anyio_backend_name, anyio_backend_options, cache, capfd, capfdbinary, caplog, capsys, capsysbinary, capteesys, client, cov, doctest_namespace, empty_library, evaluator, evaluator_with_api_key, free_tcp_port, free_tcp_port_factory, free_udp_port, free_udp_port_factory, mock_ai_core, mock_archive_local, mock_ddgs_search, mock_fetch_url, monkeypatch, no_cover, pytestconfig, recommendation_test_data, record_property, record_testsuite_property, record_xml_attribute, recwarn, reset_prometheus_registry, resource_with_summary, sample_html, sample_resource_data, sample_text, seeded_resources, single_resource_library, temp_dir, test_db, tmp_path, tmp_path_factory, tmpdir, tmpdir_factory
>       use 'pytest --fixtures [testpath]' for help on them.

C:\Users\rooma\PycharmProjects\neo_alexadria\backend\tests\unit\phase9_quality\test_summarization_evaluator.py:12
_____ ERROR at setup of TestBERTScore.test_bertscore_model_configuration ______
file C:\Users\rooma\PycharmProjects\neo_alexadria\backend\tests\unit\phase9_quality\test_summarization_evaluator.py, line 232
      @patch('bert_score.score')
      def test_bertscore_model_configuration(self, mock_bert_score, evaluator):
file C:\Users\rooma\PycharmProjects\neo_alexadria\backend\tests\unit\phase9_quality\test_summarization_evaluator.py, line 12
  @pytest.fixture
  def evaluator(db_session: Session):
E       fixture 'db_session' not found
>       available fixtures: anyio_backend, anyio_backend_name, anyio_backend_options, cache, capfd, capfdbinary, caplog, capsys, capsysbinary, capteesys, client, cov, doctest_namespace, empty_library, evaluator, evaluator_with_api_key, free_tcp_port, free_tcp_port_factory, free_udp_port, free_udp_port_factory, mock_ai_core, mock_archive_local, mock_ddgs_search, mock_fetch_url, monkeypatch, no_cover, pytestconfig, recommendation_test_data, record_property, record_testsuite_property, record_xml_attribute, recwarn, reset_prometheus_registry, resource_with_summary, sample_html, sample_resource_data, sample_text, seeded_resources, single_resource_library, temp_dir, test_db, tmp_path, tmp_path_factory, tmpdir, tmpdir_factory
>       use 'pytest --fixtures [testpath]' for help on them.

C:\Users\rooma\PycharmProjects\neo_alexadria\backend\tests\unit\phase9_quality\test_summarization_evaluator.py:12
___ ERROR at setup of TestEvaluateSummary.test_evaluate_summary_with_g_eval ___
file C:\Users\rooma\PycharmProjects\neo_alexadria\backend\tests\unit\phase9_quality\test_summarization_evaluator.py, line 247
      @patch('app.services.summarization_evaluator.SummarizationEvaluator.g_eval_coherence')
      @patch('app.services.summarization_evaluator.SummarizationEvaluator.g_eval_consistency')
      @patch('app.services.summarization_evaluator.SummarizationEvaluator.g_eval_fluency')
      @patch('app.services.summarization_evaluator.SummarizationEvaluator.g_eval_relevance')
      @patch('app.services.summarization_evaluator.SummarizationEvaluator.finesure_completeness')
      @patch('app.services.summarization_evaluator.SummarizationEvaluator.finesure_conciseness')
      @patch('app.services.summarization_evaluator.SummarizationEvaluator.bertscore_f1')
      def test_evaluate_summary_with_g_eval(
file C:\Users\rooma\PycharmProjects\neo_alexadria\backend\tests\unit\phase9_quality\test_summarization_evaluator.py, line 18
  @pytest.fixture
  def evaluator_with_api_key(db_session: Session):
E       fixture 'db_session' not found
>       available fixtures: anyio_backend, anyio_backend_name, anyio_backend_options, cache, capfd, capfdbinary, caplog, capsys, capsysbinary, capteesys, client, cov, doctest_namespace, empty_library, evaluator, evaluator_with_api_key, free_tcp_port, free_tcp_port_factory, free_udp_port, free_udp_port_factory, mock_ai_core, mock_archive_local, mock_ddgs_search, mock_fetch_url, monkeypatch, no_cover, pytestconfig, recommendation_test_data, record_property, record_testsuite_property, record_xml_attribute, recwarn, reset_prometheus_registry, resource_with_summary, sample_html, sample_resource_data, sample_text, seeded_resources, single_resource_library, temp_dir, test_db, tmp_path, tmp_path_factory, tmpdir, tmpdir_factory
>       use 'pytest --fixtures [testpath]' for help on them.

C:\Users\rooma\PycharmProjects\neo_alexadria\backend\tests\unit\phase9_quality\test_summarization_evaluator.py:18
_ ERROR at setup of TestEvaluateSummary.test_evaluate_summary_without_g_eval __
file C:\Users\rooma\PycharmProjects\neo_alexadria\backend\tests\unit\phase9_quality\test_summarization_evaluator.py, line 290
      @patch('app.services.summarization_evaluator.SummarizationEvaluator.finesure_completeness')
      @patch('app.services.summarization_evaluator.SummarizationEvaluator.finesure_conciseness')
      @patch('app.services.summarization_evaluator.SummarizationEvaluator.bertscore_f1')
      def test_evaluate_summary_without_g_eval(
file C:\Users\rooma\PycharmProjects\neo_alexadria\backend\tests\unit\phase9_quality\test_summarization_evaluator.py, line 12
  @pytest.fixture
  def evaluator(db_session: Session):
E       fixture 'db_session' not found
>       available fixtures: anyio_backend, anyio_backend_name, anyio_backend_options, cache, capfd, capfdbinary, caplog, capsys, capsysbinary, capteesys, client, cov, doctest_namespace, empty_library, evaluator, evaluator_with_api_key, free_tcp_port, free_tcp_port_factory, free_udp_port, free_udp_port_factory, mock_ai_core, mock_archive_local, mock_ddgs_search, mock_fetch_url, monkeypatch, no_cover, pytestconfig, recommendation_test_data, record_property, record_testsuite_property, record_xml_attribute, recwarn, reset_prometheus_registry, resource_with_summary, sample_html, sample_resource_data, sample_text, seeded_resources, single_resource_library, temp_dir, test_db, tmp_path, tmp_path_factory, tmpdir, tmpdir_factory
>       use 'pytest --fixtures [testpath]' for help on them.

C:\Users\rooma\PycharmProjects\neo_alexadria\backend\tests\unit\phase9_quality\test_summarization_evaluator.py:12
___ ERROR at setup of TestEvaluateSummary.test_evaluate_summary_no_summary ____
file C:\Users\rooma\PycharmProjects\neo_alexadria\backend\tests\unit\phase9_quality\test_summarization_evaluator.py, line 318
      def test_evaluate_summary_no_summary(self, evaluator, db_session):
file C:\Users\rooma\PycharmProjects\neo_alexadria\backend\tests\unit\phase9_quality\test_summarization_evaluator.py, line 12
  @pytest.fixture
  def evaluator(db_session: Session):
E       fixture 'db_session' not found
>       available fixtures: anyio_backend, anyio_backend_name, anyio_backend_options, cache, capfd, capfdbinary, caplog, capsys, capsysbinary, capteesys, client, cov, doctest_namespace, empty_library, evaluator, evaluator_with_api_key, free_tcp_port, free_tcp_port_factory, free_udp_port, free_udp_port_factory, mock_ai_core, mock_archive_local, mock_ddgs_search, mock_fetch_url, monkeypatch, no_cover, pytestconfig, recommendation_test_data, record_property, record_testsuite_property, record_xml_attribute, recwarn, reset_prometheus_registry, resource_with_summary, sample_html, sample_resource_data, sample_text, seeded_resources, single_resource_library, temp_dir, test_db, tmp_path, tmp_path_factory, tmpdir, tmpdir_factory
>       use 'pytest --fixtures [testpath]' for help on them.

C:\Users\rooma\PycharmProjects\neo_alexadria\backend\tests\unit\phase9_quality\test_summarization_evaluator.py:12
_ ERROR at setup of TestEvaluateSummary.test_evaluate_summary_composite_calculation _
file C:\Users\rooma\PycharmProjects\neo_alexadria\backend\tests\unit\phase9_quality\test_summarization_evaluator.py, line 332
      def test_evaluate_summary_composite_calculation(self, evaluator, resource_with_summary, db_session):
file C:\Users\rooma\PycharmProjects\neo_alexadria\backend\tests\unit\phase9_quality\test_summarization_evaluator.py, line 12
  @pytest.fixture
  def evaluator(db_session: Session):
E       fixture 'db_session' not found
>       available fixtures: anyio_backend, anyio_backend_name, anyio_backend_options, cache, capfd, capfdbinary, caplog, capsys, capsysbinary, capteesys, client, cov, doctest_namespace, empty_library, evaluator, evaluator_with_api_key, free_tcp_port, free_tcp_port_factory, free_udp_port, free_udp_port_factory, mock_ai_core, mock_archive_local, mock_ddgs_search, mock_fetch_url, monkeypatch, no_cover, pytestconfig, recommendation_test_data, record_property, record_testsuite_property, record_xml_attribute, recwarn, reset_prometheus_registry, resource_with_summary, sample_html, sample_resource_data, sample_text, seeded_resources, single_resource_library, temp_dir, test_db, tmp_path, tmp_path_factory, tmpdir, tmpdir_factory
>       use 'pytest --fixtures [testpath]' for help on them.

C:\Users\rooma\PycharmProjects\neo_alexadria\backend\tests\unit\phase9_quality\test_summarization_evaluator.py:12
================================== FAILURES ===================================
____________ TestResourcesCRUDAndList.test_update_resource_partial ____________
tests\api\test_phase2_curation_api.py:88: in test_update_resource_partial
    assert data["quality_score"] == 0.95
E   assert 0.6900000000000001 == 0.95
---------------------------- Captured stderr call -----------------------------
2025-11-18 13:40:30,463 - backend.app.services.resource_service - INFO - Updating resource 6fc95a32-2b74-472a-98b1-89c837e019bc with 4 field(s)
2025-11-18 13:40:30,577 - backend.app.services.sparse_embedding_service - INFO - Loading sparse embedding model: BAAI/bge-m3
2025-11-18 13:40:30,577 - backend.app.services.sparse_embedding_service - INFO - Using CPU for sparse embedding generation
2025-11-18 13:40:38,013 - backend.app.services.sparse_embedding_service - INFO - Successfully loaded BAAI/bge-m3 on cpu
2025-11-18 13:40:38,737 - backend.app.services.resource_service - INFO - Regenerated sparse embedding for resource 6fc95a32-2b74-472a-98b1-89c837e019bc
2025-11-18 13:40:39,342 - backend.app.services.resource_service - INFO - Successfully updated resource 6fc95a32-2b74-472a-98b1-89c837e019bc
2025-11-18 13:40:39,358 - backend.app.services.resource_service - INFO - Recomputed quality for resource 6fc95a32-2b74-472a-98b1-89c837e019bc: overall=0.00
2025-11-18 13:40:39,368 - httpx - INFO - HTTP Request: PUT http://testserver/resources/6fc95a32-2b74-472a-98b1-89c837e019bc "HTTP/1.1 200 OK"
------------------------------ Captured log call ------------------------------
INFO     backend.app.services.resource_service:resource_service.py:930 Updating resource 6fc95a32-2b74-472a-98b1-89c837e019bc with 4 field(s)
INFO     backend.app.services.sparse_embedding_service:sparse_embedding_service.py:92 Loading sparse embedding model: BAAI/bge-m3
INFO     backend.app.services.sparse_embedding_service:sparse_embedding_service.py:100 Using CPU for sparse embedding generation
INFO     backend.app.services.sparse_embedding_service:sparse_embedding_service.py:108 Successfully loaded BAAI/bge-m3 on cpu
INFO     backend.app.services.resource_service:resource_service.py:867 Regenerated sparse embedding for resource 6fc95a32-2b74-472a-98b1-89c837e019bc
INFO     backend.app.services.resource_service:resource_service.py:951 Successfully updated resource 6fc95a32-2b74-472a-98b1-89c837e019bc
INFO     backend.app.services.resource_service:resource_service.py:893 Recomputed quality for resource 6fc95a32-2b74-472a-98b1-89c837e019bc: overall=0.00
INFO     httpx:_client.py:1025 HTTP Request: PUT http://testserver/resources/6fc95a32-2b74-472a-98b1-89c837e019bc "HTTP/1.1 200 OK"
___________________ test_post_search_basic_total_and_items ____________________
tests\api\test_phase3_search_api.py:84: in test_post_search_basic_total_and_items
    assert data["total"] >= 1
E   assert 0 >= 1
---------------------------- Captured stderr call -----------------------------
2025-11-18 13:40:48,151 - backend.app.cache.redis_cache - ERROR - Redis get error for key search_query:cdff9e92162ce951df337f673a741393: Error 10061 connecting to localhost:6379. No connection could be made because the target machine actively refused it.
2025-11-18 13:40:48,172 - httpx - INFO - HTTP Request: POST http://testserver/search "HTTP/1.1 200 OK"
------------------------------ Captured log call ------------------------------
ERROR    backend.app.cache.redis_cache:redis_cache.py:125 Redis get error for key search_query:cdff9e92162ce951df337f673a741393: Error 10061 connecting to localhost:6379. No connection could be made because the target machine actively refused it.
INFO     httpx:_client.py:1025 HTTP Request: POST http://testserver/search "HTTP/1.1 200 OK"
_______________________ test_search_filters_and_sorting _______________________
tests\api\test_phase3_search_api.py:101: in test_search_filters_and_sorting
    assert resp.status_code == 200
E   assert 500 == 200
E    +  where 500 = <Response [500 Internal Server Error]>.status_code
---------------------------- Captured stderr call -----------------------------
2025-11-18 13:40:50,428 - httpx - INFO - HTTP Request: POST http://testserver/search "HTTP/1.1 500 Internal Server Error"
------------------------------ Captured log call ------------------------------
INFO     httpx:_client.py:1025 HTTP Request: POST http://testserver/search "HTTP/1.1 500 Internal Server Error"
_________________________ test_search_subject_any_all _________________________
tests\api\test_phase3_search_api.py:115: in test_search_subject_any_all
    assert resp_any.status_code == 200
E   assert 500 == 200
E    +  where 500 = <Response [500 Internal Server Error]>.status_code
---------------------------- Captured stderr call -----------------------------
2025-11-18 13:40:51,243 - httpx - INFO - HTTP Request: POST http://testserver/search "HTTP/1.1 500 Internal Server Error"
------------------------------ Captured log call ------------------------------
INFO     httpx:_client.py:1025 HTTP Request: POST http://testserver/search "HTTP/1.1 500 Internal Server Error"
_________________________ test_search_facets_present __________________________
tests\api\test_phase3_search_api.py:133: in test_search_facets_present
    assert resp.status_code == 200
E   assert 500 == 200
E    +  where 500 = <Response [500 Internal Server Error]>.status_code
---------------------------- Captured stderr call -----------------------------
2025-11-18 13:40:57,093 - backend.app.cache.redis_cache - ERROR - Redis get error for key search_query:02d71c32460bc81281b2ae477ba87b7e: Error 10061 connecting to localhost:6379. No connection could be made because the target machine actively refused it.
2025-11-18 13:40:57,140 - httpx - INFO - HTTP Request: POST http://testserver/search "HTTP/1.1 500 Internal Server Error"
------------------------------ Captured log call ------------------------------
ERROR    backend.app.cache.redis_cache:redis_cache.py:125 Redis get error for key search_query:02d71c32460bc81281b2ae477ba87b7e: Error 10061 connecting to localhost:6379. No connection could be made because the target machine actively refused it.
INFO     httpx:_client.py:1025 HTTP Request: POST http://testserver/search "HTTP/1.1 500 Internal Server Error"
_____________________ test_database_initialization_helper _____________________
tests\database\test_database_schema.py:90: in test_database_initialization_helper
    from backend.tests.conftest import ensure_database_schema
E   ImportError: cannot import name 'ensure_database_schema' from 'backend.tests.conftest' (C:\Users\rooma\PycharmProjects\neo_alexadria\backend\tests\conftest.py)
_ TestDatabaseInitializationHelper.test_helper_recreates_schema_if_fields_missing _
tests\database\test_schema_verification.py:359: in test_helper_recreates_schema_if_fields_missing
    assert 'sparse_embedding' in columns
E   AssertionError: assert 'sparse_embedding' in {'id', 'title'}
______________ TestSearchQuery.test_query_text_validation_empty _______________
tests\domain\test_domain_search.py:47: in test_query_text_validation_empty
    with pytest.raises(ValueError, match="query_text cannot be empty"):
         ^^^^^^^^^^^^^^^^^^^^^^^^^^^^^^^^^^^^^^^^^^^^^^^^^^^^^^^^^^^^^
E   Failed: DID NOT RAISE <class 'ValueError'>
____________ TestSearchQuery.test_query_text_validation_whitespace ____________
tests\domain\test_domain_search.py:52: in test_query_text_validation_whitespace
    with pytest.raises(ValueError, match="query_text cannot be empty"):
         ^^^^^^^^^^^^^^^^^^^^^^^^^^^^^^^^^^^^^^^^^^^^^^^^^^^^^^^^^^^^^
E   Failed: DID NOT RAISE <class 'ValueError'>
____________ TestDiscoveryAPIEndpoints.test_open_discovery_success ____________
tests\integration\phase10_graph_intelligence\test_phase10_discovery_api.py:69: in test_open_discovery_success
    assert response.status_code == 200
E   assert 500 == 200
E    +  where 500 = <Response [500 Internal Server Error]>.status_code
---------------------------- Captured stderr call -----------------------------
2025-11-18 13:41:09,944 - backend.app.routers.discovery - ERROR - Error in open discovery for fdbc1839-b13f-4644-b045-facf9fe3521a: 'LBDService' object has no attribute 'open_discovery'
2025-11-18 13:41:09,948 - httpx - INFO - HTTP Request: GET http://testserver/discovery/open?resource_id=fdbc1839-b13f-4644-b045-facf9fe3521a&limit=10&min_plausibility=0.0 "HTTP/1.1 500 Internal Server Error"
------------------------------ Captured log call ------------------------------
ERROR    backend.app.routers.discovery:discovery.py:140 Error in open discovery for fdbc1839-b13f-4644-b045-facf9fe3521a: 'LBDService' object has no attribute 'open_discovery'
INFO     httpx:_client.py:1025 HTTP Request: GET http://testserver/discovery/open?resource_id=fdbc1839-b13f-4644-b045-facf9fe3521a&limit=10&min_plausibility=0.0 "HTTP/1.1 500 Internal Server Error"
___________ TestDiscoveryAPIEndpoints.test_open_discovery_not_found ___________
tests\integration\phase10_graph_intelligence\test_phase10_discovery_api.py:92: in test_open_discovery_not_found
    assert response.status_code == 404
E   assert 500 == 404
E    +  where 500 = <Response [500 Internal Server Error]>.status_code
---------------------------- Captured stderr call -----------------------------
2025-11-18 13:41:10,386 - backend.app.routers.discovery - ERROR - Error in open discovery for aec20716-49d4-437b-a456-89b52ffff9d1: 'LBDService' object has no attribute 'open_discovery'
2025-11-18 13:41:10,389 - httpx - INFO - HTTP Request: GET http://testserver/discovery/open?resource_id=aec20716-49d4-437b-a456-89b52ffff9d1 "HTTP/1.1 500 Internal Server Error"
------------------------------ Captured log call ------------------------------
ERROR    backend.app.routers.discovery:discovery.py:140 Error in open discovery for aec20716-49d4-437b-a456-89b52ffff9d1: 'LBDService' object has no attribute 'open_discovery'
INFO     httpx:_client.py:1025 HTTP Request: GET http://testserver/discovery/open?resource_id=aec20716-49d4-437b-a456-89b52ffff9d1 "HTTP/1.1 500 Internal Server Error"
___________ TestDiscoveryAPIEndpoints.test_closed_discovery_success ___________
tests\integration\phase10_graph_intelligence\test_phase10_discovery_api.py:148: in test_closed_discovery_success
    assert response.status_code == 200
E   assert 500 == 200
E    +  where 500 = <Response [500 Internal Server Error]>.status_code
---------------------------- Captured stderr call -----------------------------
2025-11-18 13:41:10,861 - backend.app.routers.discovery - ERROR - Error in closed discovery from 589763e8-ac48-4719-b570-d261130934d2 to 8e917ad2-aaaa-4b30-8df9-ca372179d5f5: 'LBDService' object has no attribute 'closed_discovery'
2025-11-18 13:41:10,864 - httpx - INFO - HTTP Request: POST http://testserver/discovery/closed "HTTP/1.1 500 Internal Server Error"
------------------------------ Captured log call ------------------------------
ERROR    backend.app.routers.discovery:discovery.py:227 Error in closed discovery from 589763e8-ac48-4719-b570-d261130934d2 to 8e917ad2-aaaa-4b30-8df9-ca372179d5f5: 'LBDService' object has no attribute 'closed_discovery'
INFO     httpx:_client.py:1025 HTTP Request: POST http://testserver/discovery/closed "HTTP/1.1 500 Internal Server Error"
______________ TestDiscoveryAPIEndpoints.test_neighbors_endpoint ______________
tests\integration\phase10_graph_intelligence\test_phase10_discovery_api.py:199: in test_neighbors_endpoint
    assert response.status_code == 200
E   assert 404 == 200
E    +  where 404 = <Response [404 Not Found]>.status_code
---------------------------- Captured stderr call -----------------------------
2025-11-18 13:41:11,323 - httpx - INFO - HTTP Request: GET http://testserver/graph/resources/21d0ecaa-288e-4c12-bae0-723e1cb0ab03/neighbors?hops=1&limit=10 "HTTP/1.1 404 Not Found"
------------------------------ Captured log call ------------------------------
INFO     httpx:_client.py:1025 HTTP Request: GET http://testserver/graph/resources/21d0ecaa-288e-4c12-bae0-723e1cb0ab03/neighbors?hops=1&limit=10 "HTTP/1.1 404 Not Found"
_______________ TestDiscoveryAPIEndpoints.test_list_hypotheses ________________
tests\integration\phase10_graph_intelligence\test_phase10_discovery_api.py:233: in test_list_hypotheses
    hypothesis = DiscoveryHypothesis(
<string>:4: in __init__
    ???
..\..\..\AppData\Roaming\Python\Python313\site-packages\sqlalchemy\orm\state.py:571: in _initialize_instance
    with util.safe_reraise():
         ^^^^^^^^^^^^^^^^^^^
..\..\..\AppData\Roaming\Python\Python313\site-packages\sqlalchemy\util\langhelpers.py:224: in __exit__
    raise exc_value.with_traceback(exc_tb)
..\..\..\AppData\Roaming\Python\Python313\site-packages\sqlalchemy\orm\state.py:569: in _initialize_instance
    manager.original_init(*mixed[1:], **kwargs)
..\..\..\AppData\Roaming\Python\Python313\site-packages\sqlalchemy\orm\decl_base.py:2179: in _declarative_constructor
    raise TypeError(
E   TypeError: 'c_resource_id' is an invalid keyword argument for DiscoveryHypothesis
_____________ TestDiscoveryAPIEndpoints.test_validate_hypothesis ______________
tests\integration\phase10_graph_intelligence\test_phase10_discovery_api.py:285: in test_validate_hypothesis
    hypothesis = DiscoveryHypothesis(
<string>:4: in __init__
    ???
..\..\..\AppData\Roaming\Python\Python313\site-packages\sqlalchemy\orm\state.py:571: in _initialize_instance
    with util.safe_reraise():
         ^^^^^^^^^^^^^^^^^^^
..\..\..\AppData\Roaming\Python\Python313\site-packages\sqlalchemy\util\langhelpers.py:224: in __exit__
    raise exc_value.with_traceback(exc_tb)
..\..\..\AppData\Roaming\Python\Python313\site-packages\sqlalchemy\orm\state.py:569: in _initialize_instance
    manager.original_init(*mixed[1:], **kwargs)
..\..\..\AppData\Roaming\Python\Python313\site-packages\sqlalchemy\orm\decl_base.py:2179: in _declarative_constructor
    raise TypeError(
E   TypeError: 'c_resource_id' is an invalid keyword argument for DiscoveryHypothesis
______ TestPendingResourceCreation.test_create_pending_resource_success _______
tests\integration\phase1_ingestion\test_async_ingestion.py:27: in test_create_pending_resource_success
    assert isinstance(resource, Resource)
E   AssertionError: assert False
E    +  where False = isinstance(<Resource(id=UUID('2dbd9434-c3f4-47a4-9326-6278e577b873'), title='Test Article')>, Resource)
---------------------------- Captured stderr call -----------------------------
2025-11-18 13:41:30,022 - backend.app.services.resource_service - INFO - Creating new pending resource for URL: https://example.com/test
2025-11-18 13:41:30,051 - backend.app.services.resource_service - INFO - Created pending resource with source: https://example.com/test
------------------------------ Captured log call ------------------------------
INFO     backend.app.services.resource_service:resource_service.py:89 Creating new pending resource for URL: https://example.com/test
INFO     backend.app.services.resource_service:resource_service.py:121 Created pending resource with source: https://example.com/test
___________ TestBackgroundIngestion.test_process_ingestion_success ____________
tests\integration\phase1_ingestion\test_async_ingestion.py:116: in test_process_ingestion_success
    process_ingestion(resource_id, archive_root=temp_dir, ai=mock_ai_core, engine_url=engine_url)
app\services\resource_service.py:413: in process_ingestion
    increment_active_ingestions()
app\monitoring.py:278: in increment_active_ingestions
    ACTIVE_INGESTIONS.inc()
    ^^^^^^^^^^^^^^^^^^^^^
E   AttributeError: 'NoneType' object has no attribute 'inc'
---------------------------- Captured stderr call -----------------------------
2025-11-18 13:41:31,969 - backend.app.services.resource_service - INFO - Creating new pending resource for URL: https://example.com/test
2025-11-18 13:41:31,996 - backend.app.services.resource_service - INFO - Created pending resource with source: https://example.com/test
------------------------------ Captured log call ------------------------------
INFO     backend.app.services.resource_service:resource_service.py:89 Creating new pending resource for URL: https://example.com/test
INFO     backend.app.services.resource_service:resource_service.py:121 Created pending resource with source: https://example.com/test
_________ TestBackgroundIngestion.test_process_ingestion_fetch_error __________
tests\integration\phase1_ingestion\test_async_ingestion.py:149: in test_process_ingestion_fetch_error
    process_ingestion(resource_id, engine_url=engine_url)
app\services\resource_service.py:413: in process_ingestion
    increment_active_ingestions()
app\monitoring.py:278: in increment_active_ingestions
    ACTIVE_INGESTIONS.inc()
    ^^^^^^^^^^^^^^^^^^^^^
E   AttributeError: 'NoneType' object has no attribute 'inc'
---------------------------- Captured stderr call -----------------------------
2025-11-18 13:41:32,488 - backend.app.services.resource_service - INFO - Creating new pending resource for URL: https://example.com/test
2025-11-18 13:41:32,520 - backend.app.services.resource_service - INFO - Created pending resource with source: https://example.com/test
------------------------------ Captured log call ------------------------------
INFO     backend.app.services.resource_service:resource_service.py:89 Creating new pending resource for URL: https://example.com/test
INFO     backend.app.services.resource_service:resource_service.py:121 Created pending resource with source: https://example.com/test
___________ TestBackgroundIngestion.test_process_ingestion_ai_error ___________
tests\integration\phase1_ingestion\test_async_ingestion.py:193: in test_process_ingestion_ai_error
    process_ingestion(resource_id, archive_root=temp_dir, engine_url=engine_url)
app\services\resource_service.py:413: in process_ingestion
    increment_active_ingestions()
app\monitoring.py:278: in increment_active_ingestions
    ACTIVE_INGESTIONS.inc()
    ^^^^^^^^^^^^^^^^^^^^^
E   AttributeError: 'NoneType' object has no attribute 'inc'
---------------------------- Captured stderr call -----------------------------
2025-11-18 13:41:33,085 - backend.app.services.resource_service - INFO - Creating new pending resource for URL: https://example.com/test
2025-11-18 13:41:33,148 - backend.app.services.resource_service - INFO - Created pending resource with source: https://example.com/test
------------------------------ Captured log call ------------------------------
INFO     backend.app.services.resource_service:resource_service.py:89 Creating new pending resource for URL: https://example.com/test
INFO     backend.app.services.resource_service:resource_service.py:121 Created pending resource with source: https://example.com/test
_____ TestBackgroundIngestion.test_process_ingestion_nonexistent_resource _____
tests\integration\phase1_ingestion\test_async_ingestion.py:209: in test_process_ingestion_nonexistent_resource
    process_ingestion("00000000-0000-0000-0000-000000000000", engine_url=engine_url)
app\services\resource_service.py:413: in process_ingestion
    increment_active_ingestions()
app\monitoring.py:278: in increment_active_ingestions
    ACTIVE_INGESTIONS.inc()
    ^^^^^^^^^^^^^^^^^^^^^
E   AttributeError: 'NoneType' object has no attribute 'inc'
________ TestBackgroundIngestion.test_process_ingestion_custom_ai_core ________
tests\integration\phase1_ingestion\test_async_ingestion.py:248: in test_process_ingestion_custom_ai_core
    process_ingestion(resource_id, archive_root=temp_dir, ai=custom_ai, engine_url=engine_url)
app\services\resource_service.py:413: in process_ingestion
    increment_active_ingestions()
app\monitoring.py:278: in increment_active_ingestions
    ACTIVE_INGESTIONS.inc()
    ^^^^^^^^^^^^^^^^^^^^^
E   AttributeError: 'NoneType' object has no attribute 'inc'
---------------------------- Captured stderr call -----------------------------
2025-11-18 13:41:35,756 - backend.app.services.resource_service - INFO - Creating new pending resource for URL: https://example.com/test
2025-11-18 13:41:35,783 - backend.app.services.resource_service - INFO - Created pending resource with source: https://example.com/test
------------------------------ Captured log call ------------------------------
INFO     backend.app.services.resource_service:resource_service.py:89 Creating new pending resource for URL: https://example.com/test
INFO     backend.app.services.resource_service:resource_service.py:121 Created pending resource with source: https://example.com/test
___________ TestAsyncIngestionIntegration.test_async_ingestion_flow ___________
tests\integration\phase1_ingestion\test_async_ingestion.py:287: in test_async_ingestion_flow
    response = client.post("/resources", json={"url": "https://example.com/test"})
               ^^^^^^^^^^^^^^^^^^^^^^^^^^^^^^^^^^^^^^^^^^^^^^^^^^^^^^^^^^^^^^^^^^^
..\..\..\AppData\Roaming\Python\Python313\site-packages\starlette\testclient.py:552: in post
    return super().post(
..\..\..\AppData\Roaming\Python\Python313\site-packages\httpx\_client.py:1144: in post
    return self.request(
..\..\..\AppData\Roaming\Python\Python313\site-packages\starlette\testclient.py:451: in request
    return super().request(
..\..\..\AppData\Roaming\Python\Python313\site-packages\httpx\_client.py:825: in request
    return self.send(request, auth=auth, follow_redirects=follow_redirects)
           ^^^^^^^^^^^^^^^^^^^^^^^^^^^^^^^^^^^^^^^^^^^^^^^^^^^^^^^^^^^^^^^^
..\..\..\AppData\Roaming\Python\Python313\site-packages\httpx\_client.py:914: in send
    response = self._send_handling_auth(
..\..\..\AppData\Roaming\Python\Python313\site-packages\httpx\_client.py:942: in _send_handling_auth
    response = self._send_handling_redirects(
..\..\..\AppData\Roaming\Python\Python313\site-packages\httpx\_client.py:979: in _send_handling_redirects
    response = self._send_single_request(request)
               ^^^^^^^^^^^^^^^^^^^^^^^^^^^^^^^^^^
..\..\..\AppData\Roaming\Python\Python313\site-packages\httpx\_client.py:1014: in _send_single_request
    response = transport.handle_request(request)
               ^^^^^^^^^^^^^^^^^^^^^^^^^^^^^^^^^
..\..\..\AppData\Roaming\Python\Python313\site-packages\starlette\testclient.py:354: in handle_request
    raise exc
..\..\..\AppData\Roaming\Python\Python313\site-packages\starlette\testclient.py:351: in handle_request
    portal.call(self.app, scope, receive, send)
..\..\..\AppData\Roaming\Python\Python313\site-packages\anyio\from_thread.py:291: in call
    return cast(T_Retval, self.start_task_soon(func, *args).result())
                          ^^^^^^^^^^^^^^^^^^^^^^^^^^^^^^^^^^^^^^^^^^
C:\Python313\Lib\concurrent\futures\_base.py:456: in result
    return self.__get_result()
           ^^^^^^^^^^^^^^^^^^^
C:\Python313\Lib\concurrent\futures\_base.py:401: in __get_result
    raise self._exception
..\..\..\AppData\Roaming\Python\Python313\site-packages\anyio\from_thread.py:222: in _call_func
    retval = await retval_or_awaitable
             ^^^^^^^^^^^^^^^^^^^^^^^^^
..\..\..\AppData\Roaming\Python\Python313\site-packages\fastapi\applications.py:1054: in __call__
    await super().__call__(scope, receive, send)
..\..\..\AppData\Roaming\Python\Python313\site-packages\starlette\applications.py:113: in __call__
    await self.middleware_stack(scope, receive, send)
..\..\..\AppData\Roaming\Python\Python313\site-packages\starlette\middleware\errors.py:186: in __call__
    raise exc
..\..\..\AppData\Roaming\Python\Python313\site-packages\starlette\middleware\errors.py:164: in __call__
    await self.app(scope, receive, _send)
..\..\..\AppData\Roaming\Python\Python313\site-packages\starlette\middleware\cors.py:85: in __call__
    await self.app(scope, receive, send)
..\..\..\AppData\Roaming\Python\Python313\site-packages\starlette\middleware\exceptions.py:63: in __call__
    await wrap_app_handling_exceptions(self.app, conn)(scope, receive, send)
..\..\..\AppData\Roaming\Python\Python313\site-packages\starlette\_exception_handler.py:53: in wrapped_app
    raise exc
..\..\..\AppData\Roaming\Python\Python313\site-packages\starlette\_exception_handler.py:42: in wrapped_app
    await app(scope, receive, sender)
..\..\..\AppData\Roaming\Python\Python313\site-packages\starlette\routing.py:716: in __call__
    await self.middleware_stack(scope, receive, send)
..\..\..\AppData\Roaming\Python\Python313\site-packages\starlette\routing.py:736: in app
    await route.handle(scope, receive, send)
..\..\..\AppData\Roaming\Python\Python313\site-packages\starlette\routing.py:290: in handle
    await self.app(scope, receive, send)
..\..\..\AppData\Roaming\Python\Python313\site-packages\starlette\routing.py:78: in app
    await wrap_app_handling_exceptions(app, request)(scope, receive, send)
..\..\..\AppData\Roaming\Python\Python313\site-packages\starlette\_exception_handler.py:53: in wrapped_app
    raise exc
..\..\..\AppData\Roaming\Python\Python313\site-packages\starlette\_exception_handler.py:42: in wrapped_app
    await app(scope, receive, sender)
..\..\..\AppData\Roaming\Python\Python313\site-packages\starlette\routing.py:76: in app
    await response(scope, receive, send)
..\..\..\AppData\Roaming\Python\Python313\site-packages\starlette\responses.py:168: in __call__
    await self.background()
..\..\..\AppData\Roaming\Python\Python313\site-packages\starlette\background.py:42: in __call__
    await task()
..\..\..\AppData\Roaming\Python\Python313\site-packages\starlette\background.py:29: in __call__
    await run_in_threadpool(self.func, *self.args, **self.kwargs)
..\..\..\AppData\Roaming\Python\Python313\site-packages\starlette\concurrency.py:38: in run_in_threadpool
    return await anyio.to_thread.run_sync(func)
           ^^^^^^^^^^^^^^^^^^^^^^^^^^^^^^^^^^^^
..\..\..\AppData\Roaming\Python\Python313\site-packages\anyio\to_thread.py:56: in run_sync
    return await get_async_backend().run_sync_in_worker_thread(
..\..\..\AppData\Roaming\Python\Python313\site-packages\anyio\_backends\_asyncio.py:2476: in run_sync_in_worker_thread
    return await future
           ^^^^^^^^^^^^
..\..\..\AppData\Roaming\Python\Python313\site-packages\anyio\_backends\_asyncio.py:967: in run
    result = context.run(func, *args)
             ^^^^^^^^^^^^^^^^^^^^^^^^
app\services\resource_service.py:413: in process_ingestion
    increment_active_ingestions()
app\monitoring.py:278: in increment_active_ingestions
    ACTIVE_INGESTIONS.inc()
    ^^^^^^^^^^^^^^^^^^^^^
E   AttributeError: 'NoneType' object has no attribute 'inc'
---------------------------- Captured stderr call -----------------------------
2025-11-18 13:41:36,243 - backend.app.services.resource_service - INFO - Creating new pending resource for URL: https://example.com/test
2025-11-18 13:41:36,268 - backend.app.services.resource_service - INFO - Created pending resource with source: https://example.com/test
------------------------------ Captured log call ------------------------------
INFO     backend.app.services.resource_service:resource_service.py:89 Creating new pending resource for URL: https://example.com/test
INFO     backend.app.services.resource_service:resource_service.py:121 Created pending resource with source: https://example.com/test
_______ TestAsyncIngestionIntegration.test_async_ingestion_failure_flow _______
tests\integration\phase1_ingestion\test_async_ingestion.py:329: in test_async_ingestion_failure_flow
    response = client.post("/resources", json={"url": "https://example.com/test"})
               ^^^^^^^^^^^^^^^^^^^^^^^^^^^^^^^^^^^^^^^^^^^^^^^^^^^^^^^^^^^^^^^^^^^
..\..\..\AppData\Roaming\Python\Python313\site-packages\starlette\testclient.py:552: in post
    return super().post(
..\..\..\AppData\Roaming\Python\Python313\site-packages\httpx\_client.py:1144: in post
    return self.request(
..\..\..\AppData\Roaming\Python\Python313\site-packages\starlette\testclient.py:451: in request
    return super().request(
..\..\..\AppData\Roaming\Python\Python313\site-packages\httpx\_client.py:825: in request
    return self.send(request, auth=auth, follow_redirects=follow_redirects)
           ^^^^^^^^^^^^^^^^^^^^^^^^^^^^^^^^^^^^^^^^^^^^^^^^^^^^^^^^^^^^^^^^
..\..\..\AppData\Roaming\Python\Python313\site-packages\httpx\_client.py:914: in send
    response = self._send_handling_auth(
..\..\..\AppData\Roaming\Python\Python313\site-packages\httpx\_client.py:942: in _send_handling_auth
    response = self._send_handling_redirects(
..\..\..\AppData\Roaming\Python\Python313\site-packages\httpx\_client.py:979: in _send_handling_redirects
    response = self._send_single_request(request)
               ^^^^^^^^^^^^^^^^^^^^^^^^^^^^^^^^^^
..\..\..\AppData\Roaming\Python\Python313\site-packages\httpx\_client.py:1014: in _send_single_request
    response = transport.handle_request(request)
               ^^^^^^^^^^^^^^^^^^^^^^^^^^^^^^^^^
..\..\..\AppData\Roaming\Python\Python313\site-packages\starlette\testclient.py:354: in handle_request
    raise exc
..\..\..\AppData\Roaming\Python\Python313\site-packages\starlette\testclient.py:351: in handle_request
    portal.call(self.app, scope, receive, send)
..\..\..\AppData\Roaming\Python\Python313\site-packages\anyio\from_thread.py:291: in call
    return cast(T_Retval, self.start_task_soon(func, *args).result())
                          ^^^^^^^^^^^^^^^^^^^^^^^^^^^^^^^^^^^^^^^^^^
C:\Python313\Lib\concurrent\futures\_base.py:456: in result
    return self.__get_result()
           ^^^^^^^^^^^^^^^^^^^
C:\Python313\Lib\concurrent\futures\_base.py:401: in __get_result
    raise self._exception
..\..\..\AppData\Roaming\Python\Python313\site-packages\anyio\from_thread.py:222: in _call_func
    retval = await retval_or_awaitable
             ^^^^^^^^^^^^^^^^^^^^^^^^^
..\..\..\AppData\Roaming\Python\Python313\site-packages\fastapi\applications.py:1054: in __call__
    await super().__call__(scope, receive, send)
..\..\..\AppData\Roaming\Python\Python313\site-packages\starlette\applications.py:113: in __call__
    await self.middleware_stack(scope, receive, send)
..\..\..\AppData\Roaming\Python\Python313\site-packages\starlette\middleware\errors.py:186: in __call__
    raise exc
..\..\..\AppData\Roaming\Python\Python313\site-packages\starlette\middleware\errors.py:164: in __call__
    await self.app(scope, receive, _send)
..\..\..\AppData\Roaming\Python\Python313\site-packages\starlette\middleware\cors.py:85: in __call__
    await self.app(scope, receive, send)
..\..\..\AppData\Roaming\Python\Python313\site-packages\starlette\middleware\exceptions.py:63: in __call__
    await wrap_app_handling_exceptions(self.app, conn)(scope, receive, send)
..\..\..\AppData\Roaming\Python\Python313\site-packages\starlette\_exception_handler.py:53: in wrapped_app
    raise exc
..\..\..\AppData\Roaming\Python\Python313\site-packages\starlette\_exception_handler.py:42: in wrapped_app
    await app(scope, receive, sender)
..\..\..\AppData\Roaming\Python\Python313\site-packages\starlette\routing.py:716: in __call__
    await self.middleware_stack(scope, receive, send)
..\..\..\AppData\Roaming\Python\Python313\site-packages\starlette\routing.py:736: in app
    await route.handle(scope, receive, send)
..\..\..\AppData\Roaming\Python\Python313\site-packages\starlette\routing.py:290: in handle
    await self.app(scope, receive, send)
..\..\..\AppData\Roaming\Python\Python313\site-packages\starlette\routing.py:78: in app
    await wrap_app_handling_exceptions(app, request)(scope, receive, send)
..\..\..\AppData\Roaming\Python\Python313\site-packages\starlette\_exception_handler.py:53: in wrapped_app
    raise exc
..\..\..\AppData\Roaming\Python\Python313\site-packages\starlette\_exception_handler.py:42: in wrapped_app
    await app(scope, receive, sender)
..\..\..\AppData\Roaming\Python\Python313\site-packages\starlette\routing.py:76: in app
    await response(scope, receive, send)
..\..\..\AppData\Roaming\Python\Python313\site-packages\starlette\responses.py:168: in __call__
    await self.background()
..\..\..\AppData\Roaming\Python\Python313\site-packages\starlette\background.py:42: in __call__
    await task()
..\..\..\AppData\Roaming\Python\Python313\site-packages\starlette\background.py:29: in __call__
    await run_in_threadpool(self.func, *self.args, **self.kwargs)
..\..\..\AppData\Roaming\Python\Python313\site-packages\starlette\concurrency.py:38: in run_in_threadpool
    return await anyio.to_thread.run_sync(func)
           ^^^^^^^^^^^^^^^^^^^^^^^^^^^^^^^^^^^^
..\..\..\AppData\Roaming\Python\Python313\site-packages\anyio\to_thread.py:56: in run_sync
    return await get_async_backend().run_sync_in_worker_thread(
..\..\..\AppData\Roaming\Python\Python313\site-packages\anyio\_backends\_asyncio.py:2476: in run_sync_in_worker_thread
    return await future
           ^^^^^^^^^^^^
..\..\..\AppData\Roaming\Python\Python313\site-packages\anyio\_backends\_asyncio.py:967: in run
    result = context.run(func, *args)
             ^^^^^^^^^^^^^^^^^^^^^^^^
app\services\resource_service.py:413: in process_ingestion
    increment_active_ingestions()
app\monitoring.py:278: in increment_active_ingestions
    ACTIVE_INGESTIONS.inc()
    ^^^^^^^^^^^^^^^^^^^^^
E   AttributeError: 'NoneType' object has no attribute 'inc'
---------------------------- Captured stderr call -----------------------------
2025-11-18 13:41:38,515 - backend.app.services.resource_service - INFO - Creating new pending resource for URL: https://example.com/test
2025-11-18 13:41:38,542 - backend.app.services.resource_service - INFO - Created pending resource with source: https://example.com/test
------------------------------ Captured log call ------------------------------
INFO     backend.app.services.resource_service:resource_service.py:89 Creating new pending resource for URL: https://example.com/test
INFO     backend.app.services.resource_service:resource_service.py:121 Created pending resource with source: https://example.com/test
______ TestAsyncIngestionIntegration.test_multiple_concurrent_ingestions ______
tests\integration\phase1_ingestion\test_async_ingestion.py:372: in test_multiple_concurrent_ingestions
    response = client.post("/resources", json={"url": f"https://example.com/test{i}"})
               ^^^^^^^^^^^^^^^^^^^^^^^^^^^^^^^^^^^^^^^^^^^^^^^^^^^^^^^^^^^^^^^^^^^^^^^
..\..\..\AppData\Roaming\Python\Python313\site-packages\starlette\testclient.py:552: in post
    return super().post(
..\..\..\AppData\Roaming\Python\Python313\site-packages\httpx\_client.py:1144: in post
    return self.request(
..\..\..\AppData\Roaming\Python\Python313\site-packages\starlette\testclient.py:451: in request
    return super().request(
..\..\..\AppData\Roaming\Python\Python313\site-packages\httpx\_client.py:825: in request
    return self.send(request, auth=auth, follow_redirects=follow_redirects)
           ^^^^^^^^^^^^^^^^^^^^^^^^^^^^^^^^^^^^^^^^^^^^^^^^^^^^^^^^^^^^^^^^
..\..\..\AppData\Roaming\Python\Python313\site-packages\httpx\_client.py:914: in send
    response = self._send_handling_auth(
..\..\..\AppData\Roaming\Python\Python313\site-packages\httpx\_client.py:942: in _send_handling_auth
    response = self._send_handling_redirects(
..\..\..\AppData\Roaming\Python\Python313\site-packages\httpx\_client.py:979: in _send_handling_redirects
    response = self._send_single_request(request)
               ^^^^^^^^^^^^^^^^^^^^^^^^^^^^^^^^^^
..\..\..\AppData\Roaming\Python\Python313\site-packages\httpx\_client.py:1014: in _send_single_request
    response = transport.handle_request(request)
               ^^^^^^^^^^^^^^^^^^^^^^^^^^^^^^^^^
..\..\..\AppData\Roaming\Python\Python313\site-packages\starlette\testclient.py:354: in handle_request
    raise exc
..\..\..\AppData\Roaming\Python\Python313\site-packages\starlette\testclient.py:351: in handle_request
    portal.call(self.app, scope, receive, send)
..\..\..\AppData\Roaming\Python\Python313\site-packages\anyio\from_thread.py:291: in call
    return cast(T_Retval, self.start_task_soon(func, *args).result())
                          ^^^^^^^^^^^^^^^^^^^^^^^^^^^^^^^^^^^^^^^^^^
C:\Python313\Lib\concurrent\futures\_base.py:456: in result
    return self.__get_result()
           ^^^^^^^^^^^^^^^^^^^
C:\Python313\Lib\concurrent\futures\_base.py:401: in __get_result
    raise self._exception
..\..\..\AppData\Roaming\Python\Python313\site-packages\anyio\from_thread.py:222: in _call_func
    retval = await retval_or_awaitable
             ^^^^^^^^^^^^^^^^^^^^^^^^^
..\..\..\AppData\Roaming\Python\Python313\site-packages\fastapi\applications.py:1054: in __call__
    await super().__call__(scope, receive, send)
..\..\..\AppData\Roaming\Python\Python313\site-packages\starlette\applications.py:113: in __call__
    await self.middleware_stack(scope, receive, send)
..\..\..\AppData\Roaming\Python\Python313\site-packages\starlette\middleware\errors.py:186: in __call__
    raise exc
..\..\..\AppData\Roaming\Python\Python313\site-packages\starlette\middleware\errors.py:164: in __call__
    await self.app(scope, receive, _send)
..\..\..\AppData\Roaming\Python\Python313\site-packages\starlette\middleware\cors.py:85: in __call__
    await self.app(scope, receive, send)
..\..\..\AppData\Roaming\Python\Python313\site-packages\starlette\middleware\exceptions.py:63: in __call__
    await wrap_app_handling_exceptions(self.app, conn)(scope, receive, send)
..\..\..\AppData\Roaming\Python\Python313\site-packages\starlette\_exception_handler.py:53: in wrapped_app
    raise exc
..\..\..\AppData\Roaming\Python\Python313\site-packages\starlette\_exception_handler.py:42: in wrapped_app
    await app(scope, receive, sender)
..\..\..\AppData\Roaming\Python\Python313\site-packages\starlette\routing.py:716: in __call__
    await self.middleware_stack(scope, receive, send)
..\..\..\AppData\Roaming\Python\Python313\site-packages\starlette\routing.py:736: in app
    await route.handle(scope, receive, send)
..\..\..\AppData\Roaming\Python\Python313\site-packages\starlette\routing.py:290: in handle
    await self.app(scope, receive, send)
..\..\..\AppData\Roaming\Python\Python313\site-packages\starlette\routing.py:78: in app
    await wrap_app_handling_exceptions(app, request)(scope, receive, send)
..\..\..\AppData\Roaming\Python\Python313\site-packages\starlette\_exception_handler.py:53: in wrapped_app
    raise exc
..\..\..\AppData\Roaming\Python\Python313\site-packages\starlette\_exception_handler.py:42: in wrapped_app
    await app(scope, receive, sender)
..\..\..\AppData\Roaming\Python\Python313\site-packages\starlette\routing.py:76: in app
    await response(scope, receive, send)
..\..\..\AppData\Roaming\Python\Python313\site-packages\starlette\responses.py:168: in __call__
    await self.background()
..\..\..\AppData\Roaming\Python\Python313\site-packages\starlette\background.py:42: in __call__
    await task()
..\..\..\AppData\Roaming\Python\Python313\site-packages\starlette\background.py:29: in __call__
    await run_in_threadpool(self.func, *self.args, **self.kwargs)
..\..\..\AppData\Roaming\Python\Python313\site-packages\starlette\concurrency.py:38: in run_in_threadpool
    return await anyio.to_thread.run_sync(func)
           ^^^^^^^^^^^^^^^^^^^^^^^^^^^^^^^^^^^^
..\..\..\AppData\Roaming\Python\Python313\site-packages\anyio\to_thread.py:56: in run_sync
    return await get_async_backend().run_sync_in_worker_thread(
..\..\..\AppData\Roaming\Python\Python313\site-packages\anyio\_backends\_asyncio.py:2476: in run_sync_in_worker_thread
    return await future
           ^^^^^^^^^^^^
..\..\..\AppData\Roaming\Python\Python313\site-packages\anyio\_backends\_asyncio.py:967: in run
    result = context.run(func, *args)
             ^^^^^^^^^^^^^^^^^^^^^^^^
app\services\resource_service.py:413: in process_ingestion
    increment_active_ingestions()
app\monitoring.py:278: in increment_active_ingestions
    ACTIVE_INGESTIONS.inc()
    ^^^^^^^^^^^^^^^^^^^^^
E   AttributeError: 'NoneType' object has no attribute 'inc'
---------------------------- Captured stderr call -----------------------------
2025-11-18 13:41:39,811 - backend.app.services.resource_service - INFO - Creating new pending resource for URL: https://example.com/test0
2025-11-18 13:41:39,837 - backend.app.services.resource_service - INFO - Created pending resource with source: https://example.com/test0
------------------------------ Captured log call ------------------------------
INFO     backend.app.services.resource_service:resource_service.py:89 Creating new pending resource for URL: https://example.com/test0
INFO     backend.app.services.resource_service:resource_service.py:121 Created pending resource with source: https://example.com/test0
_ TestSparseEmbeddingIntegration.test_sparse_embedding_generated_during_ingestion _
tests\integration\phase1_ingestion\test_async_ingestion.py:444: in test_sparse_embedding_generated_during_ingestion
    process_ingestion(resource_id, archive_root=temp_dir, ai=mock_ai_core, engine_url=engine_url)
app\services\resource_service.py:413: in process_ingestion
    increment_active_ingestions()
app\monitoring.py:278: in increment_active_ingestions
    ACTIVE_INGESTIONS.inc()
    ^^^^^^^^^^^^^^^^^^^^^
E   AttributeError: 'NoneType' object has no attribute 'inc'
---------------------------- Captured stderr call -----------------------------
2025-11-18 13:41:40,617 - backend.app.services.resource_service - INFO - Creating new pending resource for URL: https://example.com/test
2025-11-18 13:41:40,645 - backend.app.services.resource_service - INFO - Created pending resource with source: https://example.com/test
------------------------------ Captured log call ------------------------------
INFO     backend.app.services.resource_service:resource_service.py:89 Creating new pending resource for URL: https://example.com/test
INFO     backend.app.services.resource_service:resource_service.py:121 Created pending resource with source: https://example.com/test
_ TestSparseEmbeddingIntegration.test_sparse_embedding_failure_does_not_block_ingestion _
tests\integration\phase1_ingestion\test_async_ingestion.py:503: in test_sparse_embedding_failure_does_not_block_ingestion
    process_ingestion(resource_id, archive_root=temp_dir, ai=mock_ai_core, engine_url=engine_url)
app\services\resource_service.py:413: in process_ingestion
    increment_active_ingestions()
app\monitoring.py:278: in increment_active_ingestions
    ACTIVE_INGESTIONS.inc()
    ^^^^^^^^^^^^^^^^^^^^^
E   AttributeError: 'NoneType' object has no attribute 'inc'
---------------------------- Captured stderr call -----------------------------
2025-11-18 13:41:41,095 - backend.app.services.resource_service - INFO - Creating new pending resource for URL: https://example.com/test
2025-11-18 13:41:41,122 - backend.app.services.resource_service - INFO - Created pending resource with source: https://example.com/test
------------------------------ Captured log call ------------------------------
INFO     backend.app.services.resource_service:resource_service.py:89 Creating new pending resource for URL: https://example.com/test
INFO     backend.app.services.resource_service:resource_service.py:121 Created pending resource with source: https://example.com/test
___ TestSparseEmbeddingIntegration.test_sparse_embedding_with_empty_content ___
tests\integration\phase1_ingestion\test_async_ingestion.py:556: in test_sparse_embedding_with_empty_content
    process_ingestion(resource_id, archive_root=temp_dir, ai=mock_ai_core, engine_url=engine_url)
app\services\resource_service.py:413: in process_ingestion
    increment_active_ingestions()
app\monitoring.py:278: in increment_active_ingestions
    ACTIVE_INGESTIONS.inc()
    ^^^^^^^^^^^^^^^^^^^^^
E   AttributeError: 'NoneType' object has no attribute 'inc'
---------------------------- Captured stderr call -----------------------------
2025-11-18 13:41:41,567 - backend.app.services.resource_service - INFO - Creating new pending resource for URL: https://example.com/test
2025-11-18 13:41:41,590 - backend.app.services.resource_service - INFO - Created pending resource with source: https://example.com/test
------------------------------ Captured log call ------------------------------
INFO     backend.app.services.resource_service:resource_service.py:89 Creating new pending resource for URL: https://example.com/test
INFO     backend.app.services.resource_service:resource_service.py:121 Created pending resource with source: https://example.com/test
_______________ TestPDFIngestionFlow.test_pdf_ingestion_via_api _______________
tests\integration\phase1_ingestion\test_pdf_ingestion.py:30: in test_pdf_ingestion_via_api
    response = client.post("/resources", json={"url": "https://example.com/document.pdf"})
               ^^^^^^^^^^^^^^^^^^^^^^^^^^^^^^^^^^^^^^^^^^^^^^^^^^^^^^^^^^^^^^^^^^^^^^^^^^^
..\..\..\AppData\Roaming\Python\Python313\site-packages\starlette\testclient.py:552: in post
    return super().post(
..\..\..\AppData\Roaming\Python\Python313\site-packages\httpx\_client.py:1144: in post
    return self.request(
..\..\..\AppData\Roaming\Python\Python313\site-packages\starlette\testclient.py:451: in request
    return super().request(
..\..\..\AppData\Roaming\Python\Python313\site-packages\httpx\_client.py:825: in request
    return self.send(request, auth=auth, follow_redirects=follow_redirects)
           ^^^^^^^^^^^^^^^^^^^^^^^^^^^^^^^^^^^^^^^^^^^^^^^^^^^^^^^^^^^^^^^^
..\..\..\AppData\Roaming\Python\Python313\site-packages\httpx\_client.py:914: in send
    response = self._send_handling_auth(
..\..\..\AppData\Roaming\Python\Python313\site-packages\httpx\_client.py:942: in _send_handling_auth
    response = self._send_handling_redirects(
..\..\..\AppData\Roaming\Python\Python313\site-packages\httpx\_client.py:979: in _send_handling_redirects
    response = self._send_single_request(request)
               ^^^^^^^^^^^^^^^^^^^^^^^^^^^^^^^^^^
..\..\..\AppData\Roaming\Python\Python313\site-packages\httpx\_client.py:1014: in _send_single_request
    response = transport.handle_request(request)
               ^^^^^^^^^^^^^^^^^^^^^^^^^^^^^^^^^
..\..\..\AppData\Roaming\Python\Python313\site-packages\starlette\testclient.py:354: in handle_request
    raise exc
..\..\..\AppData\Roaming\Python\Python313\site-packages\starlette\testclient.py:351: in handle_request
    portal.call(self.app, scope, receive, send)
..\..\..\AppData\Roaming\Python\Python313\site-packages\anyio\from_thread.py:291: in call
    return cast(T_Retval, self.start_task_soon(func, *args).result())
                          ^^^^^^^^^^^^^^^^^^^^^^^^^^^^^^^^^^^^^^^^^^
C:\Python313\Lib\concurrent\futures\_base.py:456: in result
    return self.__get_result()
           ^^^^^^^^^^^^^^^^^^^
C:\Python313\Lib\concurrent\futures\_base.py:401: in __get_result
    raise self._exception
..\..\..\AppData\Roaming\Python\Python313\site-packages\anyio\from_thread.py:222: in _call_func
    retval = await retval_or_awaitable
             ^^^^^^^^^^^^^^^^^^^^^^^^^
..\..\..\AppData\Roaming\Python\Python313\site-packages\fastapi\applications.py:1054: in __call__
    await super().__call__(scope, receive, send)
..\..\..\AppData\Roaming\Python\Python313\site-packages\starlette\applications.py:113: in __call__
    await self.middleware_stack(scope, receive, send)
..\..\..\AppData\Roaming\Python\Python313\site-packages\starlette\middleware\errors.py:186: in __call__
    raise exc
..\..\..\AppData\Roaming\Python\Python313\site-packages\starlette\middleware\errors.py:164: in __call__
    await self.app(scope, receive, _send)
..\..\..\AppData\Roaming\Python\Python313\site-packages\starlette\middleware\cors.py:85: in __call__
    await self.app(scope, receive, send)
..\..\..\AppData\Roaming\Python\Python313\site-packages\starlette\middleware\exceptions.py:63: in __call__
    await wrap_app_handling_exceptions(self.app, conn)(scope, receive, send)
..\..\..\AppData\Roaming\Python\Python313\site-packages\starlette\_exception_handler.py:53: in wrapped_app
    raise exc
..\..\..\AppData\Roaming\Python\Python313\site-packages\starlette\_exception_handler.py:42: in wrapped_app
    await app(scope, receive, sender)
..\..\..\AppData\Roaming\Python\Python313\site-packages\starlette\routing.py:716: in __call__
    await self.middleware_stack(scope, receive, send)
..\..\..\AppData\Roaming\Python\Python313\site-packages\starlette\routing.py:736: in app
    await route.handle(scope, receive, send)
..\..\..\AppData\Roaming\Python\Python313\site-packages\starlette\routing.py:290: in handle
    await self.app(scope, receive, send)
..\..\..\AppData\Roaming\Python\Python313\site-packages\starlette\routing.py:78: in app
    await wrap_app_handling_exceptions(app, request)(scope, receive, send)
..\..\..\AppData\Roaming\Python\Python313\site-packages\starlette\_exception_handler.py:53: in wrapped_app
    raise exc
..\..\..\AppData\Roaming\Python\Python313\site-packages\starlette\_exception_handler.py:42: in wrapped_app
    await app(scope, receive, sender)
..\..\..\AppData\Roaming\Python\Python313\site-packages\starlette\routing.py:76: in app
    await response(scope, receive, send)
..\..\..\AppData\Roaming\Python\Python313\site-packages\starlette\responses.py:168: in __call__
    await self.background()
..\..\..\AppData\Roaming\Python\Python313\site-packages\starlette\background.py:42: in __call__
    await task()
..\..\..\AppData\Roaming\Python\Python313\site-packages\starlette\background.py:29: in __call__
    await run_in_threadpool(self.func, *self.args, **self.kwargs)
..\..\..\AppData\Roaming\Python\Python313\site-packages\starlette\concurrency.py:38: in run_in_threadpool
    return await anyio.to_thread.run_sync(func)
           ^^^^^^^^^^^^^^^^^^^^^^^^^^^^^^^^^^^^
..\..\..\AppData\Roaming\Python\Python313\site-packages\anyio\to_thread.py:56: in run_sync
    return await get_async_backend().run_sync_in_worker_thread(
..\..\..\AppData\Roaming\Python\Python313\site-packages\anyio\_backends\_asyncio.py:2476: in run_sync_in_worker_thread
    return await future
           ^^^^^^^^^^^^
..\..\..\AppData\Roaming\Python\Python313\site-packages\anyio\_backends\_asyncio.py:967: in run
    result = context.run(func, *args)
             ^^^^^^^^^^^^^^^^^^^^^^^^
app\services\resource_service.py:413: in process_ingestion
    increment_active_ingestions()
app\monitoring.py:278: in increment_active_ingestions
    ACTIVE_INGESTIONS.inc()
    ^^^^^^^^^^^^^^^^^^^^^
E   AttributeError: 'NoneType' object has no attribute 'inc'
---------------------------- Captured stderr call -----------------------------
2025-11-18 13:41:42,063 - backend.app.services.resource_service - INFO - Creating new pending resource for URL: https://example.com/document.pdf
2025-11-18 13:41:42,087 - backend.app.services.resource_service - INFO - Created pending resource with source: https://example.com/document.pdf
------------------------------ Captured log call ------------------------------
INFO     backend.app.services.resource_service:resource_service.py:89 Creating new pending resource for URL: https://example.com/document.pdf
INFO     backend.app.services.resource_service:resource_service.py:121 Created pending resource with source: https://example.com/document.pdf
__________ TestPDFIngestionFlow.test_pdf_ingestion_by_url_extension ___________
tests\integration\phase1_ingestion\test_pdf_ingestion.py:76: in test_pdf_ingestion_by_url_extension
    response = client.post("/resources", json={"url": "https://example.com/document.PDF"})
               ^^^^^^^^^^^^^^^^^^^^^^^^^^^^^^^^^^^^^^^^^^^^^^^^^^^^^^^^^^^^^^^^^^^^^^^^^^^
..\..\..\AppData\Roaming\Python\Python313\site-packages\starlette\testclient.py:552: in post
    return super().post(
..\..\..\AppData\Roaming\Python\Python313\site-packages\httpx\_client.py:1144: in post
    return self.request(
..\..\..\AppData\Roaming\Python\Python313\site-packages\starlette\testclient.py:451: in request
    return super().request(
..\..\..\AppData\Roaming\Python\Python313\site-packages\httpx\_client.py:825: in request
    return self.send(request, auth=auth, follow_redirects=follow_redirects)
           ^^^^^^^^^^^^^^^^^^^^^^^^^^^^^^^^^^^^^^^^^^^^^^^^^^^^^^^^^^^^^^^^
..\..\..\AppData\Roaming\Python\Python313\site-packages\httpx\_client.py:914: in send
    response = self._send_handling_auth(
..\..\..\AppData\Roaming\Python\Python313\site-packages\httpx\_client.py:942: in _send_handling_auth
    response = self._send_handling_redirects(
..\..\..\AppData\Roaming\Python\Python313\site-packages\httpx\_client.py:979: in _send_handling_redirects
    response = self._send_single_request(request)
               ^^^^^^^^^^^^^^^^^^^^^^^^^^^^^^^^^^
..\..\..\AppData\Roaming\Python\Python313\site-packages\httpx\_client.py:1014: in _send_single_request
    response = transport.handle_request(request)
               ^^^^^^^^^^^^^^^^^^^^^^^^^^^^^^^^^
..\..\..\AppData\Roaming\Python\Python313\site-packages\starlette\testclient.py:354: in handle_request
    raise exc
..\..\..\AppData\Roaming\Python\Python313\site-packages\starlette\testclient.py:351: in handle_request
    portal.call(self.app, scope, receive, send)
..\..\..\AppData\Roaming\Python\Python313\site-packages\anyio\from_thread.py:291: in call
    return cast(T_Retval, self.start_task_soon(func, *args).result())
                          ^^^^^^^^^^^^^^^^^^^^^^^^^^^^^^^^^^^^^^^^^^
C:\Python313\Lib\concurrent\futures\_base.py:456: in result
    return self.__get_result()
           ^^^^^^^^^^^^^^^^^^^
C:\Python313\Lib\concurrent\futures\_base.py:401: in __get_result
    raise self._exception
..\..\..\AppData\Roaming\Python\Python313\site-packages\anyio\from_thread.py:222: in _call_func
    retval = await retval_or_awaitable
             ^^^^^^^^^^^^^^^^^^^^^^^^^
..\..\..\AppData\Roaming\Python\Python313\site-packages\fastapi\applications.py:1054: in __call__
    await super().__call__(scope, receive, send)
..\..\..\AppData\Roaming\Python\Python313\site-packages\starlette\applications.py:113: in __call__
    await self.middleware_stack(scope, receive, send)
..\..\..\AppData\Roaming\Python\Python313\site-packages\starlette\middleware\errors.py:186: in __call__
    raise exc
..\..\..\AppData\Roaming\Python\Python313\site-packages\starlette\middleware\errors.py:164: in __call__
    await self.app(scope, receive, _send)
..\..\..\AppData\Roaming\Python\Python313\site-packages\starlette\middleware\cors.py:85: in __call__
    await self.app(scope, receive, send)
..\..\..\AppData\Roaming\Python\Python313\site-packages\starlette\middleware\exceptions.py:63: in __call__
    await wrap_app_handling_exceptions(self.app, conn)(scope, receive, send)
..\..\..\AppData\Roaming\Python\Python313\site-packages\starlette\_exception_handler.py:53: in wrapped_app
    raise exc
..\..\..\AppData\Roaming\Python\Python313\site-packages\starlette\_exception_handler.py:42: in wrapped_app
    await app(scope, receive, sender)
..\..\..\AppData\Roaming\Python\Python313\site-packages\starlette\routing.py:716: in __call__
    await self.middleware_stack(scope, receive, send)
..\..\..\AppData\Roaming\Python\Python313\site-packages\starlette\routing.py:736: in app
    await route.handle(scope, receive, send)
..\..\..\AppData\Roaming\Python\Python313\site-packages\starlette\routing.py:290: in handle
    await self.app(scope, receive, send)
..\..\..\AppData\Roaming\Python\Python313\site-packages\starlette\routing.py:78: in app
    await wrap_app_handling_exceptions(app, request)(scope, receive, send)
..\..\..\AppData\Roaming\Python\Python313\site-packages\starlette\_exception_handler.py:53: in wrapped_app
    raise exc
..\..\..\AppData\Roaming\Python\Python313\site-packages\starlette\_exception_handler.py:42: in wrapped_app
    await app(scope, receive, sender)
..\..\..\AppData\Roaming\Python\Python313\site-packages\starlette\routing.py:76: in app
    await response(scope, receive, send)
..\..\..\AppData\Roaming\Python\Python313\site-packages\starlette\responses.py:168: in __call__
    await self.background()
..\..\..\AppData\Roaming\Python\Python313\site-packages\starlette\background.py:42: in __call__
    await task()
..\..\..\AppData\Roaming\Python\Python313\site-packages\starlette\background.py:29: in __call__
    await run_in_threadpool(self.func, *self.args, **self.kwargs)
..\..\..\AppData\Roaming\Python\Python313\site-packages\starlette\concurrency.py:38: in run_in_threadpool
    return await anyio.to_thread.run_sync(func)
           ^^^^^^^^^^^^^^^^^^^^^^^^^^^^^^^^^^^^
..\..\..\AppData\Roaming\Python\Python313\site-packages\anyio\to_thread.py:56: in run_sync
    return await get_async_backend().run_sync_in_worker_thread(
..\..\..\AppData\Roaming\Python\Python313\site-packages\anyio\_backends\_asyncio.py:2476: in run_sync_in_worker_thread
    return await future
           ^^^^^^^^^^^^
..\..\..\AppData\Roaming\Python\Python313\site-packages\anyio\_backends\_asyncio.py:967: in run
    result = context.run(func, *args)
             ^^^^^^^^^^^^^^^^^^^^^^^^
app\services\resource_service.py:413: in process_ingestion
    increment_active_ingestions()
app\monitoring.py:278: in increment_active_ingestions
    ACTIVE_INGESTIONS.inc()
    ^^^^^^^^^^^^^^^^^^^^^
E   AttributeError: 'NoneType' object has no attribute 'inc'
---------------------------- Captured stderr call -----------------------------
2025-11-18 13:41:42,825 - backend.app.services.resource_service - INFO - Creating new pending resource for URL: https://example.com/document.PDF
2025-11-18 13:41:42,844 - backend.app.services.resource_service - INFO - Created pending resource with source: https://example.com/document.PDF
------------------------------ Captured log call ------------------------------
INFO     backend.app.services.resource_service:resource_service.py:89 Creating new pending resource for URL: https://example.com/document.PDF
INFO     backend.app.services.resource_service:resource_service.py:121 Created pending resource with source: https://example.com/document.PDF
__________ TestPDFIngestionFlow.test_pdf_ingestion_by_file_signature __________
tests\integration\phase1_ingestion\test_pdf_ingestion.py:110: in test_pdf_ingestion_by_file_signature
    response = client.post("/resources", json={"url": "https://example.com/document"})
               ^^^^^^^^^^^^^^^^^^^^^^^^^^^^^^^^^^^^^^^^^^^^^^^^^^^^^^^^^^^^^^^^^^^^^^^
..\..\..\AppData\Roaming\Python\Python313\site-packages\starlette\testclient.py:552: in post
    return super().post(
..\..\..\AppData\Roaming\Python\Python313\site-packages\httpx\_client.py:1144: in post
    return self.request(
..\..\..\AppData\Roaming\Python\Python313\site-packages\starlette\testclient.py:451: in request
    return super().request(
..\..\..\AppData\Roaming\Python\Python313\site-packages\httpx\_client.py:825: in request
    return self.send(request, auth=auth, follow_redirects=follow_redirects)
           ^^^^^^^^^^^^^^^^^^^^^^^^^^^^^^^^^^^^^^^^^^^^^^^^^^^^^^^^^^^^^^^^
..\..\..\AppData\Roaming\Python\Python313\site-packages\httpx\_client.py:914: in send
    response = self._send_handling_auth(
..\..\..\AppData\Roaming\Python\Python313\site-packages\httpx\_client.py:942: in _send_handling_auth
    response = self._send_handling_redirects(
..\..\..\AppData\Roaming\Python\Python313\site-packages\httpx\_client.py:979: in _send_handling_redirects
    response = self._send_single_request(request)
               ^^^^^^^^^^^^^^^^^^^^^^^^^^^^^^^^^^
..\..\..\AppData\Roaming\Python\Python313\site-packages\httpx\_client.py:1014: in _send_single_request
    response = transport.handle_request(request)
               ^^^^^^^^^^^^^^^^^^^^^^^^^^^^^^^^^
..\..\..\AppData\Roaming\Python\Python313\site-packages\starlette\testclient.py:354: in handle_request
    raise exc
..\..\..\AppData\Roaming\Python\Python313\site-packages\starlette\testclient.py:351: in handle_request
    portal.call(self.app, scope, receive, send)
..\..\..\AppData\Roaming\Python\Python313\site-packages\anyio\from_thread.py:291: in call
    return cast(T_Retval, self.start_task_soon(func, *args).result())
                          ^^^^^^^^^^^^^^^^^^^^^^^^^^^^^^^^^^^^^^^^^^
C:\Python313\Lib\concurrent\futures\_base.py:456: in result
    return self.__get_result()
           ^^^^^^^^^^^^^^^^^^^
C:\Python313\Lib\concurrent\futures\_base.py:401: in __get_result
    raise self._exception
..\..\..\AppData\Roaming\Python\Python313\site-packages\anyio\from_thread.py:222: in _call_func
    retval = await retval_or_awaitable
             ^^^^^^^^^^^^^^^^^^^^^^^^^
..\..\..\AppData\Roaming\Python\Python313\site-packages\fastapi\applications.py:1054: in __call__
    await super().__call__(scope, receive, send)
..\..\..\AppData\Roaming\Python\Python313\site-packages\starlette\applications.py:113: in __call__
    await self.middleware_stack(scope, receive, send)
..\..\..\AppData\Roaming\Python\Python313\site-packages\starlette\middleware\errors.py:186: in __call__
    raise exc
..\..\..\AppData\Roaming\Python\Python313\site-packages\starlette\middleware\errors.py:164: in __call__
    await self.app(scope, receive, _send)
..\..\..\AppData\Roaming\Python\Python313\site-packages\starlette\middleware\cors.py:85: in __call__
    await self.app(scope, receive, send)
..\..\..\AppData\Roaming\Python\Python313\site-packages\starlette\middleware\exceptions.py:63: in __call__
    await wrap_app_handling_exceptions(self.app, conn)(scope, receive, send)
..\..\..\AppData\Roaming\Python\Python313\site-packages\starlette\_exception_handler.py:53: in wrapped_app
    raise exc
..\..\..\AppData\Roaming\Python\Python313\site-packages\starlette\_exception_handler.py:42: in wrapped_app
    await app(scope, receive, sender)
..\..\..\AppData\Roaming\Python\Python313\site-packages\starlette\routing.py:716: in __call__
    await self.middleware_stack(scope, receive, send)
..\..\..\AppData\Roaming\Python\Python313\site-packages\starlette\routing.py:736: in app
    await route.handle(scope, receive, send)
..\..\..\AppData\Roaming\Python\Python313\site-packages\starlette\routing.py:290: in handle
    await self.app(scope, receive, send)
..\..\..\AppData\Roaming\Python\Python313\site-packages\starlette\routing.py:78: in app
    await wrap_app_handling_exceptions(app, request)(scope, receive, send)
..\..\..\AppData\Roaming\Python\Python313\site-packages\starlette\_exception_handler.py:53: in wrapped_app
    raise exc
..\..\..\AppData\Roaming\Python\Python313\site-packages\starlette\_exception_handler.py:42: in wrapped_app
    await app(scope, receive, sender)
..\..\..\AppData\Roaming\Python\Python313\site-packages\starlette\routing.py:76: in app
    await response(scope, receive, send)
..\..\..\AppData\Roaming\Python\Python313\site-packages\starlette\responses.py:168: in __call__
    await self.background()
..\..\..\AppData\Roaming\Python\Python313\site-packages\starlette\background.py:42: in __call__
    await task()
..\..\..\AppData\Roaming\Python\Python313\site-packages\starlette\background.py:29: in __call__
    await run_in_threadpool(self.func, *self.args, **self.kwargs)
..\..\..\AppData\Roaming\Python\Python313\site-packages\starlette\concurrency.py:38: in run_in_threadpool
    return await anyio.to_thread.run_sync(func)
           ^^^^^^^^^^^^^^^^^^^^^^^^^^^^^^^^^^^^
..\..\..\AppData\Roaming\Python\Python313\site-packages\anyio\to_thread.py:56: in run_sync
    return await get_async_backend().run_sync_in_worker_thread(
..\..\..\AppData\Roaming\Python\Python313\site-packages\anyio\_backends\_asyncio.py:2476: in run_sync_in_worker_thread
    return await future
           ^^^^^^^^^^^^
..\..\..\AppData\Roaming\Python\Python313\site-packages\anyio\_backends\_asyncio.py:967: in run
    result = context.run(func, *args)
             ^^^^^^^^^^^^^^^^^^^^^^^^
app\services\resource_service.py:413: in process_ingestion
    increment_active_ingestions()
app\monitoring.py:278: in increment_active_ingestions
    ACTIVE_INGESTIONS.inc()
    ^^^^^^^^^^^^^^^^^^^^^
E   AttributeError: 'NoneType' object has no attribute 'inc'
---------------------------- Captured stderr call -----------------------------
2025-11-18 13:41:43,558 - backend.app.services.resource_service - INFO - Creating new pending resource for URL: https://example.com/document
2025-11-18 13:41:43,586 - backend.app.services.resource_service - INFO - Created pending resource with source: https://example.com/document
------------------------------ Captured log call ------------------------------
INFO     backend.app.services.resource_service:resource_service.py:89 Creating new pending resource for URL: https://example.com/document
INFO     backend.app.services.resource_service:resource_service.py:121 Created pending resource with source: https://example.com/document
__________ TestPDFIngestionFlow.test_pdf_extraction_failure_handling __________
tests\integration\phase1_ingestion\test_pdf_ingestion.py:147: in test_pdf_extraction_failure_handling
    response = client.post("/resources", json={"url": "https://example.com/corrupted.pdf"})
               ^^^^^^^^^^^^^^^^^^^^^^^^^^^^^^^^^^^^^^^^^^^^^^^^^^^^^^^^^^^^^^^^^^^^^^^^^^^^
..\..\..\AppData\Roaming\Python\Python313\site-packages\starlette\testclient.py:552: in post
    return super().post(
..\..\..\AppData\Roaming\Python\Python313\site-packages\httpx\_client.py:1144: in post
    return self.request(
..\..\..\AppData\Roaming\Python\Python313\site-packages\starlette\testclient.py:451: in request
    return super().request(
..\..\..\AppData\Roaming\Python\Python313\site-packages\httpx\_client.py:825: in request
    return self.send(request, auth=auth, follow_redirects=follow_redirects)
           ^^^^^^^^^^^^^^^^^^^^^^^^^^^^^^^^^^^^^^^^^^^^^^^^^^^^^^^^^^^^^^^^
..\..\..\AppData\Roaming\Python\Python313\site-packages\httpx\_client.py:914: in send
    response = self._send_handling_auth(
..\..\..\AppData\Roaming\Python\Python313\site-packages\httpx\_client.py:942: in _send_handling_auth
    response = self._send_handling_redirects(
..\..\..\AppData\Roaming\Python\Python313\site-packages\httpx\_client.py:979: in _send_handling_redirects
    response = self._send_single_request(request)
               ^^^^^^^^^^^^^^^^^^^^^^^^^^^^^^^^^^
..\..\..\AppData\Roaming\Python\Python313\site-packages\httpx\_client.py:1014: in _send_single_request
    response = transport.handle_request(request)
               ^^^^^^^^^^^^^^^^^^^^^^^^^^^^^^^^^
..\..\..\AppData\Roaming\Python\Python313\site-packages\starlette\testclient.py:354: in handle_request
    raise exc
..\..\..\AppData\Roaming\Python\Python313\site-packages\starlette\testclient.py:351: in handle_request
    portal.call(self.app, scope, receive, send)
..\..\..\AppData\Roaming\Python\Python313\site-packages\anyio\from_thread.py:291: in call
    return cast(T_Retval, self.start_task_soon(func, *args).result())
                          ^^^^^^^^^^^^^^^^^^^^^^^^^^^^^^^^^^^^^^^^^^
C:\Python313\Lib\concurrent\futures\_base.py:456: in result
    return self.__get_result()
           ^^^^^^^^^^^^^^^^^^^
C:\Python313\Lib\concurrent\futures\_base.py:401: in __get_result
    raise self._exception
..\..\..\AppData\Roaming\Python\Python313\site-packages\anyio\from_thread.py:222: in _call_func
    retval = await retval_or_awaitable
             ^^^^^^^^^^^^^^^^^^^^^^^^^
..\..\..\AppData\Roaming\Python\Python313\site-packages\fastapi\applications.py:1054: in __call__
    await super().__call__(scope, receive, send)
..\..\..\AppData\Roaming\Python\Python313\site-packages\starlette\applications.py:113: in __call__
    await self.middleware_stack(scope, receive, send)
..\..\..\AppData\Roaming\Python\Python313\site-packages\starlette\middleware\errors.py:186: in __call__
    raise exc
..\..\..\AppData\Roaming\Python\Python313\site-packages\starlette\middleware\errors.py:164: in __call__
    await self.app(scope, receive, _send)
..\..\..\AppData\Roaming\Python\Python313\site-packages\starlette\middleware\cors.py:85: in __call__
    await self.app(scope, receive, send)
..\..\..\AppData\Roaming\Python\Python313\site-packages\starlette\middleware\exceptions.py:63: in __call__
    await wrap_app_handling_exceptions(self.app, conn)(scope, receive, send)
..\..\..\AppData\Roaming\Python\Python313\site-packages\starlette\_exception_handler.py:53: in wrapped_app
    raise exc
..\..\..\AppData\Roaming\Python\Python313\site-packages\starlette\_exception_handler.py:42: in wrapped_app
    await app(scope, receive, sender)
..\..\..\AppData\Roaming\Python\Python313\site-packages\starlette\routing.py:716: in __call__
    await self.middleware_stack(scope, receive, send)
..\..\..\AppData\Roaming\Python\Python313\site-packages\starlette\routing.py:736: in app
    await route.handle(scope, receive, send)
..\..\..\AppData\Roaming\Python\Python313\site-packages\starlette\routing.py:290: in handle
    await self.app(scope, receive, send)
..\..\..\AppData\Roaming\Python\Python313\site-packages\starlette\routing.py:78: in app
    await wrap_app_handling_exceptions(app, request)(scope, receive, send)
..\..\..\AppData\Roaming\Python\Python313\site-packages\starlette\_exception_handler.py:53: in wrapped_app
    raise exc
..\..\..\AppData\Roaming\Python\Python313\site-packages\starlette\_exception_handler.py:42: in wrapped_app
    await app(scope, receive, sender)
..\..\..\AppData\Roaming\Python\Python313\site-packages\starlette\routing.py:76: in app
    await response(scope, receive, send)
..\..\..\AppData\Roaming\Python\Python313\site-packages\starlette\responses.py:168: in __call__
    await self.background()
..\..\..\AppData\Roaming\Python\Python313\site-packages\starlette\background.py:42: in __call__
    await task()
..\..\..\AppData\Roaming\Python\Python313\site-packages\starlette\background.py:29: in __call__
    await run_in_threadpool(self.func, *self.args, **self.kwargs)
..\..\..\AppData\Roaming\Python\Python313\site-packages\starlette\concurrency.py:38: in run_in_threadpool
    return await anyio.to_thread.run_sync(func)
           ^^^^^^^^^^^^^^^^^^^^^^^^^^^^^^^^^^^^
..\..\..\AppData\Roaming\Python\Python313\site-packages\anyio\to_thread.py:56: in run_sync
    return await get_async_backend().run_sync_in_worker_thread(
..\..\..\AppData\Roaming\Python\Python313\site-packages\anyio\_backends\_asyncio.py:2476: in run_sync_in_worker_thread
    return await future
           ^^^^^^^^^^^^
..\..\..\AppData\Roaming\Python\Python313\site-packages\anyio\_backends\_asyncio.py:967: in run
    result = context.run(func, *args)
             ^^^^^^^^^^^^^^^^^^^^^^^^
app\services\resource_service.py:413: in process_ingestion
    increment_active_ingestions()
app\monitoring.py:278: in increment_active_ingestions
    ACTIVE_INGESTIONS.inc()
    ^^^^^^^^^^^^^^^^^^^^^
E   AttributeError: 'NoneType' object has no attribute 'inc'
---------------------------- Captured stderr call -----------------------------
2025-11-18 13:41:44,393 - backend.app.services.resource_service - INFO - Creating new pending resource for URL: https://example.com/corrupted.pdf
2025-11-18 13:41:44,419 - backend.app.services.resource_service - INFO - Created pending resource with source: https://example.com/corrupted.pdf
------------------------------ Captured log call ------------------------------
INFO     backend.app.services.resource_service:resource_service.py:89 Creating new pending resource for URL: https://example.com/corrupted.pdf
INFO     backend.app.services.resource_service:resource_service.py:121 Created pending resource with source: https://example.com/corrupted.pdf
_______ TestPDFIngestionWithAI.test_pdf_ingestion_with_ai_summarization _______
tests\integration\phase1_ingestion\test_pdf_ingestion.py:288: in test_pdf_ingestion_with_ai_summarization
    response = client.post("/resources", json={"url": "https://example.com/ai-paper.pdf"})
               ^^^^^^^^^^^^^^^^^^^^^^^^^^^^^^^^^^^^^^^^^^^^^^^^^^^^^^^^^^^^^^^^^^^^^^^^^^^
..\..\..\AppData\Roaming\Python\Python313\site-packages\starlette\testclient.py:552: in post
    return super().post(
..\..\..\AppData\Roaming\Python\Python313\site-packages\httpx\_client.py:1144: in post
    return self.request(
..\..\..\AppData\Roaming\Python\Python313\site-packages\starlette\testclient.py:451: in request
    return super().request(
..\..\..\AppData\Roaming\Python\Python313\site-packages\httpx\_client.py:825: in request
    return self.send(request, auth=auth, follow_redirects=follow_redirects)
           ^^^^^^^^^^^^^^^^^^^^^^^^^^^^^^^^^^^^^^^^^^^^^^^^^^^^^^^^^^^^^^^^
..\..\..\AppData\Roaming\Python\Python313\site-packages\httpx\_client.py:914: in send
    response = self._send_handling_auth(
..\..\..\AppData\Roaming\Python\Python313\site-packages\httpx\_client.py:942: in _send_handling_auth
    response = self._send_handling_redirects(
..\..\..\AppData\Roaming\Python\Python313\site-packages\httpx\_client.py:979: in _send_handling_redirects
    response = self._send_single_request(request)
               ^^^^^^^^^^^^^^^^^^^^^^^^^^^^^^^^^^
..\..\..\AppData\Roaming\Python\Python313\site-packages\httpx\_client.py:1014: in _send_single_request
    response = transport.handle_request(request)
               ^^^^^^^^^^^^^^^^^^^^^^^^^^^^^^^^^
..\..\..\AppData\Roaming\Python\Python313\site-packages\starlette\testclient.py:354: in handle_request
    raise exc
..\..\..\AppData\Roaming\Python\Python313\site-packages\starlette\testclient.py:351: in handle_request
    portal.call(self.app, scope, receive, send)
..\..\..\AppData\Roaming\Python\Python313\site-packages\anyio\from_thread.py:291: in call
    return cast(T_Retval, self.start_task_soon(func, *args).result())
                          ^^^^^^^^^^^^^^^^^^^^^^^^^^^^^^^^^^^^^^^^^^
C:\Python313\Lib\concurrent\futures\_base.py:456: in result
    return self.__get_result()
           ^^^^^^^^^^^^^^^^^^^
C:\Python313\Lib\concurrent\futures\_base.py:401: in __get_result
    raise self._exception
..\..\..\AppData\Roaming\Python\Python313\site-packages\anyio\from_thread.py:222: in _call_func
    retval = await retval_or_awaitable
             ^^^^^^^^^^^^^^^^^^^^^^^^^
..\..\..\AppData\Roaming\Python\Python313\site-packages\fastapi\applications.py:1054: in __call__
    await super().__call__(scope, receive, send)
..\..\..\AppData\Roaming\Python\Python313\site-packages\starlette\applications.py:113: in __call__
    await self.middleware_stack(scope, receive, send)
..\..\..\AppData\Roaming\Python\Python313\site-packages\starlette\middleware\errors.py:186: in __call__
    raise exc
..\..\..\AppData\Roaming\Python\Python313\site-packages\starlette\middleware\errors.py:164: in __call__
    await self.app(scope, receive, _send)
..\..\..\AppData\Roaming\Python\Python313\site-packages\starlette\middleware\cors.py:85: in __call__
    await self.app(scope, receive, send)
..\..\..\AppData\Roaming\Python\Python313\site-packages\starlette\middleware\exceptions.py:63: in __call__
    await wrap_app_handling_exceptions(self.app, conn)(scope, receive, send)
..\..\..\AppData\Roaming\Python\Python313\site-packages\starlette\_exception_handler.py:53: in wrapped_app
    raise exc
..\..\..\AppData\Roaming\Python\Python313\site-packages\starlette\_exception_handler.py:42: in wrapped_app
    await app(scope, receive, sender)
..\..\..\AppData\Roaming\Python\Python313\site-packages\starlette\routing.py:716: in __call__
    await self.middleware_stack(scope, receive, send)
..\..\..\AppData\Roaming\Python\Python313\site-packages\starlette\routing.py:736: in app
    await route.handle(scope, receive, send)
..\..\..\AppData\Roaming\Python\Python313\site-packages\starlette\routing.py:290: in handle
    await self.app(scope, receive, send)
..\..\..\AppData\Roaming\Python\Python313\site-packages\starlette\routing.py:78: in app
    await wrap_app_handling_exceptions(app, request)(scope, receive, send)
..\..\..\AppData\Roaming\Python\Python313\site-packages\starlette\_exception_handler.py:53: in wrapped_app
    raise exc
..\..\..\AppData\Roaming\Python\Python313\site-packages\starlette\_exception_handler.py:42: in wrapped_app
    await app(scope, receive, sender)
..\..\..\AppData\Roaming\Python\Python313\site-packages\starlette\routing.py:76: in app
    await response(scope, receive, send)
..\..\..\AppData\Roaming\Python\Python313\site-packages\starlette\responses.py:168: in __call__
    await self.background()
..\..\..\AppData\Roaming\Python\Python313\site-packages\starlette\background.py:42: in __call__
    await task()
..\..\..\AppData\Roaming\Python\Python313\site-packages\starlette\background.py:29: in __call__
    await run_in_threadpool(self.func, *self.args, **self.kwargs)
..\..\..\AppData\Roaming\Python\Python313\site-packages\starlette\concurrency.py:38: in run_in_threadpool
    return await anyio.to_thread.run_sync(func)
           ^^^^^^^^^^^^^^^^^^^^^^^^^^^^^^^^^^^^
..\..\..\AppData\Roaming\Python\Python313\site-packages\anyio\to_thread.py:56: in run_sync
    return await get_async_backend().run_sync_in_worker_thread(
..\..\..\AppData\Roaming\Python\Python313\site-packages\anyio\_backends\_asyncio.py:2476: in run_sync_in_worker_thread
    return await future
           ^^^^^^^^^^^^
..\..\..\AppData\Roaming\Python\Python313\site-packages\anyio\_backends\_asyncio.py:967: in run
    result = context.run(func, *args)
             ^^^^^^^^^^^^^^^^^^^^^^^^
app\services\resource_service.py:413: in process_ingestion
    increment_active_ingestions()
app\monitoring.py:278: in increment_active_ingestions
    ACTIVE_INGESTIONS.inc()
    ^^^^^^^^^^^^^^^^^^^^^
E   AttributeError: 'NoneType' object has no attribute 'inc'
---------------------------- Captured stderr call -----------------------------
2025-11-18 13:41:45,276 - backend.app.services.resource_service - INFO - Creating new pending resource for URL: https://example.com/ai-paper.pdf
2025-11-18 13:41:45,305 - backend.app.services.resource_service - INFO - Created pending resource with source: https://example.com/ai-paper.pdf
------------------------------ Captured log call ------------------------------
INFO     backend.app.services.resource_service:resource_service.py:89 Creating new pending resource for URL: https://example.com/ai-paper.pdf
INFO     backend.app.services.resource_service:resource_service.py:121 Created pending resource with source: https://example.com/ai-paper.pdf
________ TestPDFIngestionWithAI.test_pdf_ingestion_ai_failure_fallback ________
tests\integration\phase1_ingestion\test_pdf_ingestion.py:347: in test_pdf_ingestion_ai_failure_fallback
    response = client.post("/resources", json={"url": "https://example.com/test.pdf"})
               ^^^^^^^^^^^^^^^^^^^^^^^^^^^^^^^^^^^^^^^^^^^^^^^^^^^^^^^^^^^^^^^^^^^^^^^
..\..\..\AppData\Roaming\Python\Python313\site-packages\starlette\testclient.py:552: in post
    return super().post(
..\..\..\AppData\Roaming\Python\Python313\site-packages\httpx\_client.py:1144: in post
    return self.request(
..\..\..\AppData\Roaming\Python\Python313\site-packages\starlette\testclient.py:451: in request
    return super().request(
..\..\..\AppData\Roaming\Python\Python313\site-packages\httpx\_client.py:825: in request
    return self.send(request, auth=auth, follow_redirects=follow_redirects)
           ^^^^^^^^^^^^^^^^^^^^^^^^^^^^^^^^^^^^^^^^^^^^^^^^^^^^^^^^^^^^^^^^
..\..\..\AppData\Roaming\Python\Python313\site-packages\httpx\_client.py:914: in send
    response = self._send_handling_auth(
..\..\..\AppData\Roaming\Python\Python313\site-packages\httpx\_client.py:942: in _send_handling_auth
    response = self._send_handling_redirects(
..\..\..\AppData\Roaming\Python\Python313\site-packages\httpx\_client.py:979: in _send_handling_redirects
    response = self._send_single_request(request)
               ^^^^^^^^^^^^^^^^^^^^^^^^^^^^^^^^^^
..\..\..\AppData\Roaming\Python\Python313\site-packages\httpx\_client.py:1014: in _send_single_request
    response = transport.handle_request(request)
               ^^^^^^^^^^^^^^^^^^^^^^^^^^^^^^^^^
..\..\..\AppData\Roaming\Python\Python313\site-packages\starlette\testclient.py:354: in handle_request
    raise exc
..\..\..\AppData\Roaming\Python\Python313\site-packages\starlette\testclient.py:351: in handle_request
    portal.call(self.app, scope, receive, send)
..\..\..\AppData\Roaming\Python\Python313\site-packages\anyio\from_thread.py:291: in call
    return cast(T_Retval, self.start_task_soon(func, *args).result())
                          ^^^^^^^^^^^^^^^^^^^^^^^^^^^^^^^^^^^^^^^^^^
C:\Python313\Lib\concurrent\futures\_base.py:456: in result
    return self.__get_result()
           ^^^^^^^^^^^^^^^^^^^
C:\Python313\Lib\concurrent\futures\_base.py:401: in __get_result
    raise self._exception
..\..\..\AppData\Roaming\Python\Python313\site-packages\anyio\from_thread.py:222: in _call_func
    retval = await retval_or_awaitable
             ^^^^^^^^^^^^^^^^^^^^^^^^^
..\..\..\AppData\Roaming\Python\Python313\site-packages\fastapi\applications.py:1054: in __call__
    await super().__call__(scope, receive, send)
..\..\..\AppData\Roaming\Python\Python313\site-packages\starlette\applications.py:113: in __call__
    await self.middleware_stack(scope, receive, send)
..\..\..\AppData\Roaming\Python\Python313\site-packages\starlette\middleware\errors.py:186: in __call__
    raise exc
..\..\..\AppData\Roaming\Python\Python313\site-packages\starlette\middleware\errors.py:164: in __call__
    await self.app(scope, receive, _send)
..\..\..\AppData\Roaming\Python\Python313\site-packages\starlette\middleware\cors.py:85: in __call__
    await self.app(scope, receive, send)
..\..\..\AppData\Roaming\Python\Python313\site-packages\starlette\middleware\exceptions.py:63: in __call__
    await wrap_app_handling_exceptions(self.app, conn)(scope, receive, send)
..\..\..\AppData\Roaming\Python\Python313\site-packages\starlette\_exception_handler.py:53: in wrapped_app
    raise exc
..\..\..\AppData\Roaming\Python\Python313\site-packages\starlette\_exception_handler.py:42: in wrapped_app
    await app(scope, receive, sender)
..\..\..\AppData\Roaming\Python\Python313\site-packages\starlette\routing.py:716: in __call__
    await self.middleware_stack(scope, receive, send)
..\..\..\AppData\Roaming\Python\Python313\site-packages\starlette\routing.py:736: in app
    await route.handle(scope, receive, send)
..\..\..\AppData\Roaming\Python\Python313\site-packages\starlette\routing.py:290: in handle
    await self.app(scope, receive, send)
..\..\..\AppData\Roaming\Python\Python313\site-packages\starlette\routing.py:78: in app
    await wrap_app_handling_exceptions(app, request)(scope, receive, send)
..\..\..\AppData\Roaming\Python\Python313\site-packages\starlette\_exception_handler.py:53: in wrapped_app
    raise exc
..\..\..\AppData\Roaming\Python\Python313\site-packages\starlette\_exception_handler.py:42: in wrapped_app
    await app(scope, receive, sender)
..\..\..\AppData\Roaming\Python\Python313\site-packages\starlette\routing.py:76: in app
    await response(scope, receive, send)
..\..\..\AppData\Roaming\Python\Python313\site-packages\starlette\responses.py:168: in __call__
    await self.background()
..\..\..\AppData\Roaming\Python\Python313\site-packages\starlette\background.py:42: in __call__
    await task()
..\..\..\AppData\Roaming\Python\Python313\site-packages\starlette\background.py:29: in __call__
    await run_in_threadpool(self.func, *self.args, **self.kwargs)
..\..\..\AppData\Roaming\Python\Python313\site-packages\starlette\concurrency.py:38: in run_in_threadpool
    return await anyio.to_thread.run_sync(func)
           ^^^^^^^^^^^^^^^^^^^^^^^^^^^^^^^^^^^^
..\..\..\AppData\Roaming\Python\Python313\site-packages\anyio\to_thread.py:56: in run_sync
    return await get_async_backend().run_sync_in_worker_thread(
..\..\..\AppData\Roaming\Python\Python313\site-packages\anyio\_backends\_asyncio.py:2476: in run_sync_in_worker_thread
    return await future
           ^^^^^^^^^^^^
..\..\..\AppData\Roaming\Python\Python313\site-packages\anyio\_backends\_asyncio.py:967: in run
    result = context.run(func, *args)
             ^^^^^^^^^^^^^^^^^^^^^^^^
app\services\resource_service.py:413: in process_ingestion
    increment_active_ingestions()
app\monitoring.py:278: in increment_active_ingestions
    ACTIVE_INGESTIONS.inc()
    ^^^^^^^^^^^^^^^^^^^^^
E   AttributeError: 'NoneType' object has no attribute 'inc'
---------------------------- Captured stderr call -----------------------------
2025-11-18 13:41:46,097 - backend.app.services.resource_service - INFO - Creating new pending resource for URL: https://example.com/test.pdf
2025-11-18 13:41:46,123 - backend.app.services.resource_service - INFO - Created pending resource with source: https://example.com/test.pdf
------------------------------ Captured log call ------------------------------
INFO     backend.app.services.resource_service:resource_service.py:89 Creating new pending resource for URL: https://example.com/test.pdf
INFO     backend.app.services.resource_service:resource_service.py:121 Created pending resource with source: https://example.com/test.pdf
_____________ test_ingestion_pipeline_writes_archive_and_persists _____________
tests\integration\phase1_ingestion\test_phase1_ingestion.py:70: in test_ingestion_pipeline_writes_archive_and_persists
    resp = client.post("/resources", json={"url": "https://example.com/article"})
           ^^^^^^^^^^^^^^^^^^^^^^^^^^^^^^^^^^^^^^^^^^^^^^^^^^^^^^^^^^^^^^^^^^^^^^
..\..\..\AppData\Roaming\Python\Python313\site-packages\starlette\testclient.py:552: in post
    return super().post(
..\..\..\AppData\Roaming\Python\Python313\site-packages\httpx\_client.py:1144: in post
    return self.request(
..\..\..\AppData\Roaming\Python\Python313\site-packages\starlette\testclient.py:451: in request
    return super().request(
..\..\..\AppData\Roaming\Python\Python313\site-packages\httpx\_client.py:825: in request
    return self.send(request, auth=auth, follow_redirects=follow_redirects)
           ^^^^^^^^^^^^^^^^^^^^^^^^^^^^^^^^^^^^^^^^^^^^^^^^^^^^^^^^^^^^^^^^
..\..\..\AppData\Roaming\Python\Python313\site-packages\httpx\_client.py:914: in send
    response = self._send_handling_auth(
..\..\..\AppData\Roaming\Python\Python313\site-packages\httpx\_client.py:942: in _send_handling_auth
    response = self._send_handling_redirects(
..\..\..\AppData\Roaming\Python\Python313\site-packages\httpx\_client.py:979: in _send_handling_redirects
    response = self._send_single_request(request)
               ^^^^^^^^^^^^^^^^^^^^^^^^^^^^^^^^^^
..\..\..\AppData\Roaming\Python\Python313\site-packages\httpx\_client.py:1014: in _send_single_request
    response = transport.handle_request(request)
               ^^^^^^^^^^^^^^^^^^^^^^^^^^^^^^^^^
..\..\..\AppData\Roaming\Python\Python313\site-packages\starlette\testclient.py:354: in handle_request
    raise exc
..\..\..\AppData\Roaming\Python\Python313\site-packages\starlette\testclient.py:351: in handle_request
    portal.call(self.app, scope, receive, send)
..\..\..\AppData\Roaming\Python\Python313\site-packages\anyio\from_thread.py:291: in call
    return cast(T_Retval, self.start_task_soon(func, *args).result())
                          ^^^^^^^^^^^^^^^^^^^^^^^^^^^^^^^^^^^^^^^^^^
C:\Python313\Lib\concurrent\futures\_base.py:456: in result
    return self.__get_result()
           ^^^^^^^^^^^^^^^^^^^
C:\Python313\Lib\concurrent\futures\_base.py:401: in __get_result
    raise self._exception
..\..\..\AppData\Roaming\Python\Python313\site-packages\anyio\from_thread.py:222: in _call_func
    retval = await retval_or_awaitable
             ^^^^^^^^^^^^^^^^^^^^^^^^^
..\..\..\AppData\Roaming\Python\Python313\site-packages\fastapi\applications.py:1054: in __call__
    await super().__call__(scope, receive, send)
..\..\..\AppData\Roaming\Python\Python313\site-packages\starlette\applications.py:113: in __call__
    await self.middleware_stack(scope, receive, send)
..\..\..\AppData\Roaming\Python\Python313\site-packages\starlette\middleware\errors.py:186: in __call__
    raise exc
..\..\..\AppData\Roaming\Python\Python313\site-packages\starlette\middleware\errors.py:164: in __call__
    await self.app(scope, receive, _send)
..\..\..\AppData\Roaming\Python\Python313\site-packages\starlette\middleware\cors.py:85: in __call__
    await self.app(scope, receive, send)
..\..\..\AppData\Roaming\Python\Python313\site-packages\starlette\middleware\exceptions.py:63: in __call__
    await wrap_app_handling_exceptions(self.app, conn)(scope, receive, send)
..\..\..\AppData\Roaming\Python\Python313\site-packages\starlette\_exception_handler.py:53: in wrapped_app
    raise exc
..\..\..\AppData\Roaming\Python\Python313\site-packages\starlette\_exception_handler.py:42: in wrapped_app
    await app(scope, receive, sender)
..\..\..\AppData\Roaming\Python\Python313\site-packages\starlette\routing.py:716: in __call__
    await self.middleware_stack(scope, receive, send)
..\..\..\AppData\Roaming\Python\Python313\site-packages\starlette\routing.py:736: in app
    await route.handle(scope, receive, send)
..\..\..\AppData\Roaming\Python\Python313\site-packages\starlette\routing.py:290: in handle
    await self.app(scope, receive, send)
..\..\..\AppData\Roaming\Python\Python313\site-packages\starlette\routing.py:78: in app
    await wrap_app_handling_exceptions(app, request)(scope, receive, send)
..\..\..\AppData\Roaming\Python\Python313\site-packages\starlette\_exception_handler.py:53: in wrapped_app
    raise exc
..\..\..\AppData\Roaming\Python\Python313\site-packages\starlette\_exception_handler.py:42: in wrapped_app
    await app(scope, receive, sender)
..\..\..\AppData\Roaming\Python\Python313\site-packages\starlette\routing.py:76: in app
    await response(scope, receive, send)
..\..\..\AppData\Roaming\Python\Python313\site-packages\starlette\responses.py:168: in __call__
    await self.background()
..\..\..\AppData\Roaming\Python\Python313\site-packages\starlette\background.py:42: in __call__
    await task()
..\..\..\AppData\Roaming\Python\Python313\site-packages\starlette\background.py:29: in __call__
    await run_in_threadpool(self.func, *self.args, **self.kwargs)
..\..\..\AppData\Roaming\Python\Python313\site-packages\starlette\concurrency.py:38: in run_in_threadpool
    return await anyio.to_thread.run_sync(func)
           ^^^^^^^^^^^^^^^^^^^^^^^^^^^^^^^^^^^^
..\..\..\AppData\Roaming\Python\Python313\site-packages\anyio\to_thread.py:56: in run_sync
    return await get_async_backend().run_sync_in_worker_thread(
..\..\..\AppData\Roaming\Python\Python313\site-packages\anyio\_backends\_asyncio.py:2476: in run_sync_in_worker_thread
    return await future
           ^^^^^^^^^^^^
..\..\..\AppData\Roaming\Python\Python313\site-packages\anyio\_backends\_asyncio.py:967: in run
    result = context.run(func, *args)
             ^^^^^^^^^^^^^^^^^^^^^^^^
app\services\resource_service.py:413: in process_ingestion
    increment_active_ingestions()
app\monitoring.py:278: in increment_active_ingestions
    ACTIVE_INGESTIONS.inc()
    ^^^^^^^^^^^^^^^^^^^^^
E   AttributeError: 'NoneType' object has no attribute 'inc'
---------------------------- Captured stderr call -----------------------------
2025-11-18 13:41:46,950 - backend.app.services.resource_service - INFO - Creating new pending resource for URL: https://example.com/article
2025-11-18 13:41:46,979 - backend.app.services.resource_service - INFO - Created pending resource with source: https://example.com/article
------------------------------ Captured log call ------------------------------
INFO     backend.app.services.resource_service:resource_service.py:89 Creating new pending resource for URL: https://example.com/article
INFO     backend.app.services.resource_service:resource_service.py:121 Created pending resource with source: https://example.com/article
________________________ test_api_endpoint_validation _________________________
tests\integration\phase1_ingestion\test_phase1_ingestion.py:125: in test_api_endpoint_validation
    resp = client.post("/resources", json={"url": "https://example.com"})
           ^^^^^^^^^^^^^^^^^^^^^^^^^^^^^^^^^^^^^^^^^^^^^^^^^^^^^^^^^^^^^^
..\..\..\AppData\Roaming\Python\Python313\site-packages\starlette\testclient.py:552: in post
    return super().post(
..\..\..\AppData\Roaming\Python\Python313\site-packages\httpx\_client.py:1144: in post
    return self.request(
..\..\..\AppData\Roaming\Python\Python313\site-packages\starlette\testclient.py:451: in request
    return super().request(
..\..\..\AppData\Roaming\Python\Python313\site-packages\httpx\_client.py:825: in request
    return self.send(request, auth=auth, follow_redirects=follow_redirects)
           ^^^^^^^^^^^^^^^^^^^^^^^^^^^^^^^^^^^^^^^^^^^^^^^^^^^^^^^^^^^^^^^^
..\..\..\AppData\Roaming\Python\Python313\site-packages\httpx\_client.py:914: in send
    response = self._send_handling_auth(
..\..\..\AppData\Roaming\Python\Python313\site-packages\httpx\_client.py:942: in _send_handling_auth
    response = self._send_handling_redirects(
..\..\..\AppData\Roaming\Python\Python313\site-packages\httpx\_client.py:979: in _send_handling_redirects
    response = self._send_single_request(request)
               ^^^^^^^^^^^^^^^^^^^^^^^^^^^^^^^^^^
..\..\..\AppData\Roaming\Python\Python313\site-packages\httpx\_client.py:1014: in _send_single_request
    response = transport.handle_request(request)
               ^^^^^^^^^^^^^^^^^^^^^^^^^^^^^^^^^
..\..\..\AppData\Roaming\Python\Python313\site-packages\starlette\testclient.py:354: in handle_request
    raise exc
..\..\..\AppData\Roaming\Python\Python313\site-packages\starlette\testclient.py:351: in handle_request
    portal.call(self.app, scope, receive, send)
..\..\..\AppData\Roaming\Python\Python313\site-packages\anyio\from_thread.py:291: in call
    return cast(T_Retval, self.start_task_soon(func, *args).result())
                          ^^^^^^^^^^^^^^^^^^^^^^^^^^^^^^^^^^^^^^^^^^
C:\Python313\Lib\concurrent\futures\_base.py:456: in result
    return self.__get_result()
           ^^^^^^^^^^^^^^^^^^^
C:\Python313\Lib\concurrent\futures\_base.py:401: in __get_result
    raise self._exception
..\..\..\AppData\Roaming\Python\Python313\site-packages\anyio\from_thread.py:222: in _call_func
    retval = await retval_or_awaitable
             ^^^^^^^^^^^^^^^^^^^^^^^^^
..\..\..\AppData\Roaming\Python\Python313\site-packages\fastapi\applications.py:1054: in __call__
    await super().__call__(scope, receive, send)
..\..\..\AppData\Roaming\Python\Python313\site-packages\starlette\applications.py:113: in __call__
    await self.middleware_stack(scope, receive, send)
..\..\..\AppData\Roaming\Python\Python313\site-packages\starlette\middleware\errors.py:186: in __call__
    raise exc
..\..\..\AppData\Roaming\Python\Python313\site-packages\starlette\middleware\errors.py:164: in __call__
    await self.app(scope, receive, _send)
..\..\..\AppData\Roaming\Python\Python313\site-packages\starlette\middleware\cors.py:85: in __call__
    await self.app(scope, receive, send)
..\..\..\AppData\Roaming\Python\Python313\site-packages\starlette\middleware\exceptions.py:63: in __call__
    await wrap_app_handling_exceptions(self.app, conn)(scope, receive, send)
..\..\..\AppData\Roaming\Python\Python313\site-packages\starlette\_exception_handler.py:53: in wrapped_app
    raise exc
..\..\..\AppData\Roaming\Python\Python313\site-packages\starlette\_exception_handler.py:42: in wrapped_app
    await app(scope, receive, sender)
..\..\..\AppData\Roaming\Python\Python313\site-packages\starlette\routing.py:716: in __call__
    await self.middleware_stack(scope, receive, send)
..\..\..\AppData\Roaming\Python\Python313\site-packages\starlette\routing.py:736: in app
    await route.handle(scope, receive, send)
..\..\..\AppData\Roaming\Python\Python313\site-packages\starlette\routing.py:290: in handle
    await self.app(scope, receive, send)
..\..\..\AppData\Roaming\Python\Python313\site-packages\starlette\routing.py:78: in app
    await wrap_app_handling_exceptions(app, request)(scope, receive, send)
..\..\..\AppData\Roaming\Python\Python313\site-packages\starlette\_exception_handler.py:53: in wrapped_app
    raise exc
..\..\..\AppData\Roaming\Python\Python313\site-packages\starlette\_exception_handler.py:42: in wrapped_app
    await app(scope, receive, sender)
..\..\..\AppData\Roaming\Python\Python313\site-packages\starlette\routing.py:76: in app
    await response(scope, receive, send)
..\..\..\AppData\Roaming\Python\Python313\site-packages\starlette\responses.py:168: in __call__
    await self.background()
..\..\..\AppData\Roaming\Python\Python313\site-packages\starlette\background.py:42: in __call__
    await task()
..\..\..\AppData\Roaming\Python\Python313\site-packages\starlette\background.py:29: in __call__
    await run_in_threadpool(self.func, *self.args, **self.kwargs)
..\..\..\AppData\Roaming\Python\Python313\site-packages\starlette\concurrency.py:38: in run_in_threadpool
    return await anyio.to_thread.run_sync(func)
           ^^^^^^^^^^^^^^^^^^^^^^^^^^^^^^^^^^^^
..\..\..\AppData\Roaming\Python\Python313\site-packages\anyio\to_thread.py:56: in run_sync
    return await get_async_backend().run_sync_in_worker_thread(
..\..\..\AppData\Roaming\Python\Python313\site-packages\anyio\_backends\_asyncio.py:2476: in run_sync_in_worker_thread
    return await future
           ^^^^^^^^^^^^
..\..\..\AppData\Roaming\Python\Python313\site-packages\anyio\_backends\_asyncio.py:967: in run
    result = context.run(func, *args)
             ^^^^^^^^^^^^^^^^^^^^^^^^
app\services\resource_service.py:413: in process_ingestion
    increment_active_ingestions()
app\monitoring.py:278: in increment_active_ingestions
    ACTIVE_INGESTIONS.inc()
    ^^^^^^^^^^^^^^^^^^^^^
E   AttributeError: 'NoneType' object has no attribute 'inc'
---------------------------- Captured stdout call -----------------------------
2025-11-18 13:41:47,873 INFO sqlalchemy.engine.Engine BEGIN (implicit)
2025-11-18 13:41:47,874 INFO sqlalchemy.engine.Engine PRAGMA main.table_info("resources")
2025-11-18 13:41:47,874 INFO sqlalchemy.engine.Engine [raw sql] ()
2025-11-18 13:41:47,875 INFO sqlalchemy.engine.Engine PRAGMA main.table_info("classification_codes")
2025-11-18 13:41:47,876 INFO sqlalchemy.engine.Engine [raw sql] ()
2025-11-18 13:41:47,877 INFO sqlalchemy.engine.Engine PRAGMA main.table_info("authority_subjects")
2025-11-18 13:41:47,877 INFO sqlalchemy.engine.Engine [raw sql] ()
2025-11-18 13:41:47,877 INFO sqlalchemy.engine.Engine PRAGMA main.table_info("authority_creators")
2025-11-18 13:41:47,877 INFO sqlalchemy.engine.Engine [raw sql] ()
2025-11-18 13:41:47,878 INFO sqlalchemy.engine.Engine PRAGMA main.table_info("authority_publishers")
2025-11-18 13:41:47,878 INFO sqlalchemy.engine.Engine [raw sql] ()
2025-11-18 13:41:47,879 INFO sqlalchemy.engine.Engine PRAGMA main.table_info("citations")
2025-11-18 13:41:47,879 INFO sqlalchemy.engine.Engine [raw sql] ()
2025-11-18 13:41:47,879 INFO sqlalchemy.engine.Engine PRAGMA main.table_info("collection_resources")
2025-11-18 13:41:47,880 INFO sqlalchemy.engine.Engine [raw sql] ()
2025-11-18 13:41:47,880 INFO sqlalchemy.engine.Engine PRAGMA main.table_info("collections")
2025-11-18 13:41:47,880 INFO sqlalchemy.engine.Engine [raw sql] ()
2025-11-18 13:41:47,880 INFO sqlalchemy.engine.Engine PRAGMA main.table_info("taxonomy_nodes")
2025-11-18 13:41:47,880 INFO sqlalchemy.engine.Engine [raw sql] ()
2025-11-18 13:41:47,881 INFO sqlalchemy.engine.Engine PRAGMA main.table_info("resource_taxonomy")
2025-11-18 13:41:47,881 INFO sqlalchemy.engine.Engine [raw sql] ()
2025-11-18 13:41:47,881 INFO sqlalchemy.engine.Engine PRAGMA main.table_info("annotations")
2025-11-18 13:41:47,881 INFO sqlalchemy.engine.Engine [raw sql] ()
2025-11-18 13:41:47,881 INFO sqlalchemy.engine.Engine PRAGMA main.table_info("graph_edges")
2025-11-18 13:41:47,881 INFO sqlalchemy.engine.Engine [raw sql] ()
2025-11-18 13:41:47,882 INFO sqlalchemy.engine.Engine PRAGMA main.table_info("graph_embeddings")
2025-11-18 13:41:47,882 INFO sqlalchemy.engine.Engine [raw sql] ()
2025-11-18 13:41:47,882 INFO sqlalchemy.engine.Engine PRAGMA main.table_info("discovery_hypotheses")
2025-11-18 13:41:47,882 INFO sqlalchemy.engine.Engine [raw sql] ()
2025-11-18 13:41:47,883 INFO sqlalchemy.engine.Engine PRAGMA main.table_info("users")
2025-11-18 13:41:47,883 INFO sqlalchemy.engine.Engine [raw sql] ()
2025-11-18 13:41:47,883 INFO sqlalchemy.engine.Engine PRAGMA main.table_info("user_profiles")
2025-11-18 13:41:47,883 INFO sqlalchemy.engine.Engine [raw sql] ()
2025-11-18 13:41:47,884 INFO sqlalchemy.engine.Engine PRAGMA main.table_info("user_interactions")
2025-11-18 13:41:47,884 INFO sqlalchemy.engine.Engine [raw sql] ()
2025-11-18 13:41:47,884 INFO sqlalchemy.engine.Engine PRAGMA main.table_info("recommendation_feedback")
2025-11-18 13:41:47,884 INFO sqlalchemy.engine.Engine [raw sql] ()
2025-11-18 13:41:47,885 INFO sqlalchemy.engine.Engine PRAGMA main.table_info("model_versions")
2025-11-18 13:41:47,885 INFO sqlalchemy.engine.Engine [raw sql] ()
2025-11-18 13:41:47,885 INFO sqlalchemy.engine.Engine PRAGMA main.table_info("ab_test_experiments")
2025-11-18 13:41:47,885 INFO sqlalchemy.engine.Engine [raw sql] ()
2025-11-18 13:41:47,885 INFO sqlalchemy.engine.Engine PRAGMA main.table_info("prediction_logs")
2025-11-18 13:41:47,886 INFO sqlalchemy.engine.Engine [raw sql] ()
2025-11-18 13:41:47,886 INFO sqlalchemy.engine.Engine PRAGMA main.table_info("retraining_runs")
2025-11-18 13:41:47,886 INFO sqlalchemy.engine.Engine [raw sql] ()
2025-11-18 13:41:47,886 INFO sqlalchemy.engine.Engine COMMIT
2025-11-18 13:41:47,897 INFO sqlalchemy.engine.Engine BEGIN (implicit)
2025-11-18 13:41:47,897 INFO sqlalchemy.engine.Engine PRAGMA main.table_info("resources")
2025-11-18 13:41:47,897 INFO sqlalchemy.engine.Engine [raw sql] ()
2025-11-18 13:41:47,898 INFO sqlalchemy.engine.Engine PRAGMA main.table_info("classification_codes")
2025-11-18 13:41:47,898 INFO sqlalchemy.engine.Engine [raw sql] ()
2025-11-18 13:41:47,898 INFO sqlalchemy.engine.Engine PRAGMA main.table_info("authority_subjects")
2025-11-18 13:41:47,898 INFO sqlalchemy.engine.Engine [raw sql] ()
2025-11-18 13:41:47,899 INFO sqlalchemy.engine.Engine PRAGMA main.table_info("authority_creators")
2025-11-18 13:41:47,899 INFO sqlalchemy.engine.Engine [raw sql] ()
2025-11-18 13:41:47,900 INFO sqlalchemy.engine.Engine PRAGMA main.table_info("authority_publishers")
2025-11-18 13:41:47,900 INFO sqlalchemy.engine.Engine [raw sql] ()
2025-11-18 13:41:47,900 INFO sqlalchemy.engine.Engine PRAGMA main.table_info("citations")
2025-11-18 13:41:47,900 INFO sqlalchemy.engine.Engine [raw sql] ()
2025-11-18 13:41:47,900 INFO sqlalchemy.engine.Engine PRAGMA main.table_info("collection_resources")
2025-11-18 13:41:47,900 INFO sqlalchemy.engine.Engine [raw sql] ()
2025-11-18 13:41:47,901 INFO sqlalchemy.engine.Engine PRAGMA main.table_info("collections")
2025-11-18 13:41:47,901 INFO sqlalchemy.engine.Engine [raw sql] ()
2025-11-18 13:41:47,901 INFO sqlalchemy.engine.Engine PRAGMA main.table_info("taxonomy_nodes")
2025-11-18 13:41:47,901 INFO sqlalchemy.engine.Engine [raw sql] ()
2025-11-18 13:41:47,901 INFO sqlalchemy.engine.Engine PRAGMA main.table_info("resource_taxonomy")
2025-11-18 13:41:47,901 INFO sqlalchemy.engine.Engine [raw sql] ()
2025-11-18 13:41:47,902 INFO sqlalchemy.engine.Engine PRAGMA main.table_info("annotations")
2025-11-18 13:41:47,902 INFO sqlalchemy.engine.Engine [raw sql] ()
2025-11-18 13:41:47,902 INFO sqlalchemy.engine.Engine PRAGMA main.table_info("graph_edges")
2025-11-18 13:41:47,902 INFO sqlalchemy.engine.Engine [raw sql] ()
2025-11-18 13:41:47,902 INFO sqlalchemy.engine.Engine PRAGMA main.table_info("graph_embeddings")
2025-11-18 13:41:47,902 INFO sqlalchemy.engine.Engine [raw sql] ()
2025-11-18 13:41:47,903 INFO sqlalchemy.engine.Engine PRAGMA main.table_info("discovery_hypotheses")
2025-11-18 13:41:47,903 INFO sqlalchemy.engine.Engine [raw sql] ()
2025-11-18 13:41:47,904 INFO sqlalchemy.engine.Engine PRAGMA main.table_info("users")
2025-11-18 13:41:47,904 INFO sqlalchemy.engine.Engine [raw sql] ()
2025-11-18 13:41:47,904 INFO sqlalchemy.engine.Engine PRAGMA main.table_info("user_profiles")
2025-11-18 13:41:47,904 INFO sqlalchemy.engine.Engine [raw sql] ()
2025-11-18 13:41:47,905 INFO sqlalchemy.engine.Engine PRAGMA main.table_info("user_interactions")
2025-11-18 13:41:47,905 INFO sqlalchemy.engine.Engine [raw sql] ()
2025-11-18 13:41:47,905 INFO sqlalchemy.engine.Engine PRAGMA main.table_info("recommendation_feedback")
2025-11-18 13:41:47,905 INFO sqlalchemy.engine.Engine [raw sql] ()
2025-11-18 13:41:47,905 INFO sqlalchemy.engine.Engine PRAGMA main.table_info("model_versions")
2025-11-18 13:41:47,905 INFO sqlalchemy.engine.Engine [raw sql] ()
2025-11-18 13:41:47,906 INFO sqlalchemy.engine.Engine PRAGMA main.table_info("ab_test_experiments")
2025-11-18 13:41:47,906 INFO sqlalchemy.engine.Engine [raw sql] ()
2025-11-18 13:41:47,906 INFO sqlalchemy.engine.Engine PRAGMA main.table_info("prediction_logs")
2025-11-18 13:41:47,906 INFO sqlalchemy.engine.Engine [raw sql] ()
2025-11-18 13:41:47,906 INFO sqlalchemy.engine.Engine PRAGMA main.table_info("retraining_runs")
2025-11-18 13:41:47,906 INFO sqlalchemy.engine.Engine [raw sql] ()
2025-11-18 13:41:47,907 INFO sqlalchemy.engine.Engine COMMIT
2025-11-18 13:41:47,914 INFO sqlalchemy.engine.Engine BEGIN (implicit)
2025-11-18 13:41:47,915 INFO sqlalchemy.engine.Engine PRAGMA main.table_info("resources")
2025-11-18 13:41:47,915 INFO sqlalchemy.engine.Engine [raw sql] ()
2025-11-18 13:41:47,916 INFO sqlalchemy.engine.Engine PRAGMA main.table_info("classification_codes")
2025-11-18 13:41:47,916 INFO sqlalchemy.engine.Engine [raw sql] ()
2025-11-18 13:41:47,917 INFO sqlalchemy.engine.Engine PRAGMA main.table_info("authority_subjects")
2025-11-18 13:41:47,917 INFO sqlalchemy.engine.Engine [raw sql] ()
2025-11-18 13:41:47,917 INFO sqlalchemy.engine.Engine PRAGMA main.table_info("authority_creators")
2025-11-18 13:41:47,917 INFO sqlalchemy.engine.Engine [raw sql] ()
2025-11-18 13:41:47,918 INFO sqlalchemy.engine.Engine PRAGMA main.table_info("authority_publishers")
2025-11-18 13:41:47,918 INFO sqlalchemy.engine.Engine [raw sql] ()
2025-11-18 13:41:47,918 INFO sqlalchemy.engine.Engine PRAGMA main.table_info("citations")
2025-11-18 13:41:47,918 INFO sqlalchemy.engine.Engine [raw sql] ()
2025-11-18 13:41:47,918 INFO sqlalchemy.engine.Engine PRAGMA main.table_info("collection_resources")
2025-11-18 13:41:47,918 INFO sqlalchemy.engine.Engine [raw sql] ()
2025-11-18 13:41:47,919 INFO sqlalchemy.engine.Engine PRAGMA main.table_info("collections")
2025-11-18 13:41:47,919 INFO sqlalchemy.engine.Engine [raw sql] ()
2025-11-18 13:41:47,919 INFO sqlalchemy.engine.Engine PRAGMA main.table_info("taxonomy_nodes")
2025-11-18 13:41:47,919 INFO sqlalchemy.engine.Engine [raw sql] ()
2025-11-18 13:41:47,919 INFO sqlalchemy.engine.Engine PRAGMA main.table_info("resource_taxonomy")
2025-11-18 13:41:47,919 INFO sqlalchemy.engine.Engine [raw sql] ()
2025-11-18 13:41:47,920 INFO sqlalchemy.engine.Engine PRAGMA main.table_info("annotations")
2025-11-18 13:41:47,920 INFO sqlalchemy.engine.Engine [raw sql] ()
2025-11-18 13:41:47,921 INFO sqlalchemy.engine.Engine PRAGMA main.table_info("graph_edges")
2025-11-18 13:41:47,921 INFO sqlalchemy.engine.Engine [raw sql] ()
2025-11-18 13:41:47,921 INFO sqlalchemy.engine.Engine PRAGMA main.table_info("graph_embeddings")
2025-11-18 13:41:47,921 INFO sqlalchemy.engine.Engine [raw sql] ()
2025-11-18 13:41:47,921 INFO sqlalchemy.engine.Engine PRAGMA main.table_info("discovery_hypotheses")
2025-11-18 13:41:47,921 INFO sqlalchemy.engine.Engine [raw sql] ()
2025-11-18 13:41:47,922 INFO sqlalchemy.engine.Engine PRAGMA main.table_info("users")
2025-11-18 13:41:47,922 INFO sqlalchemy.engine.Engine [raw sql] ()
2025-11-18 13:41:47,922 INFO sqlalchemy.engine.Engine PRAGMA main.table_info("user_profiles")
2025-11-18 13:41:47,922 INFO sqlalchemy.engine.Engine [raw sql] ()
2025-11-18 13:41:47,923 INFO sqlalchemy.engine.Engine PRAGMA main.table_info("user_interactions")
2025-11-18 13:41:47,923 INFO sqlalchemy.engine.Engine [raw sql] ()
2025-11-18 13:41:47,925 INFO sqlalchemy.engine.Engine PRAGMA main.table_info("recommendation_feedback")
2025-11-18 13:41:47,925 INFO sqlalchemy.engine.Engine [raw sql] ()
2025-11-18 13:41:47,925 INFO sqlalchemy.engine.Engine PRAGMA main.table_info("model_versions")
2025-11-18 13:41:47,925 INFO sqlalchemy.engine.Engine [raw sql] ()
2025-11-18 13:41:47,926 INFO sqlalchemy.engine.Engine PRAGMA main.table_info("ab_test_experiments")
2025-11-18 13:41:47,926 INFO sqlalchemy.engine.Engine [raw sql] ()
2025-11-18 13:41:47,926 INFO sqlalchemy.engine.Engine PRAGMA main.table_info("prediction_logs")
2025-11-18 13:41:47,926 INFO sqlalchemy.engine.Engine [raw sql] ()
2025-11-18 13:41:47,926 INFO sqlalchemy.engine.Engine PRAGMA main.table_info("retraining_runs")
2025-11-18 13:41:47,926 INFO sqlalchemy.engine.Engine [raw sql] ()
2025-11-18 13:41:47,927 INFO sqlalchemy.engine.Engine COMMIT
2025-11-18 13:41:47,927 INFO sqlalchemy.engine.Engine BEGIN (implicit)
2025-11-18 13:41:47,928 INFO sqlalchemy.engine.Engine PRAGMA main.table_info("resources")
2025-11-18 13:41:47,928 INFO sqlalchemy.engine.Engine [raw sql] ()
2025-11-18 13:41:47,928 INFO sqlalchemy.engine.Engine PRAGMA main.table_info("classification_codes")
2025-11-18 13:41:47,929 INFO sqlalchemy.engine.Engine [raw sql] ()
2025-11-18 13:41:47,929 INFO sqlalchemy.engine.Engine PRAGMA main.table_info("authority_subjects")
2025-11-18 13:41:47,929 INFO sqlalchemy.engine.Engine [raw sql] ()
2025-11-18 13:41:47,929 INFO sqlalchemy.engine.Engine PRAGMA main.table_info("authority_creators")
2025-11-18 13:41:47,929 INFO sqlalchemy.engine.Engine [raw sql] ()
2025-11-18 13:41:47,930 INFO sqlalchemy.engine.Engine PRAGMA main.table_info("authority_publishers")
2025-11-18 13:41:47,930 INFO sqlalchemy.engine.Engine [raw sql] ()
2025-11-18 13:41:47,930 INFO sqlalchemy.engine.Engine PRAGMA main.table_info("citations")
2025-11-18 13:41:47,930 INFO sqlalchemy.engine.Engine [raw sql] ()
2025-11-18 13:41:47,930 INFO sqlalchemy.engine.Engine PRAGMA main.table_info("collection_resources")
2025-11-18 13:41:47,930 INFO sqlalchemy.engine.Engine [raw sql] ()
2025-11-18 13:41:47,931 INFO sqlalchemy.engine.Engine PRAGMA main.table_info("collections")
2025-11-18 13:41:47,931 INFO sqlalchemy.engine.Engine [raw sql] ()
2025-11-18 13:41:47,931 INFO sqlalchemy.engine.Engine PRAGMA main.table_info("taxonomy_nodes")
2025-11-18 13:41:47,931 INFO sqlalchemy.engine.Engine [raw sql] ()
2025-11-18 13:41:47,931 INFO sqlalchemy.engine.Engine PRAGMA main.table_info("resource_taxonomy")
2025-11-18 13:41:47,931 INFO sqlalchemy.engine.Engine [raw sql] ()
2025-11-18 13:41:47,932 INFO sqlalchemy.engine.Engine PRAGMA main.table_info("annotations")
2025-11-18 13:41:47,932 INFO sqlalchemy.engine.Engine [raw sql] ()
2025-11-18 13:41:47,932 INFO sqlalchemy.engine.Engine PRAGMA main.table_info("graph_edges")
2025-11-18 13:41:47,933 INFO sqlalchemy.engine.Engine [raw sql] ()
2025-11-18 13:41:47,933 INFO sqlalchemy.engine.Engine PRAGMA main.table_info("graph_embeddings")
2025-11-18 13:41:47,933 INFO sqlalchemy.engine.Engine [raw sql] ()
2025-11-18 13:41:47,934 INFO sqlalchemy.engine.Engine PRAGMA main.table_info("discovery_hypotheses")
2025-11-18 13:41:47,934 INFO sqlalchemy.engine.Engine [raw sql] ()
2025-11-18 13:41:47,934 INFO sqlalchemy.engine.Engine PRAGMA main.table_info("users")
2025-11-18 13:41:47,934 INFO sqlalchemy.engine.Engine [raw sql] ()
2025-11-18 13:41:47,935 INFO sqlalchemy.engine.Engine PRAGMA main.table_info("user_profiles")
2025-11-18 13:41:47,935 INFO sqlalchemy.engine.Engine [raw sql] ()
2025-11-18 13:41:47,935 INFO sqlalchemy.engine.Engine PRAGMA main.table_info("user_interactions")
2025-11-18 13:41:47,935 INFO sqlalchemy.engine.Engine [raw sql] ()
2025-11-18 13:41:47,935 INFO sqlalchemy.engine.Engine PRAGMA main.table_info("recommendation_feedback")
2025-11-18 13:41:47,936 INFO sqlalchemy.engine.Engine [raw sql] ()
2025-11-18 13:41:47,936 INFO sqlalchemy.engine.Engine PRAGMA main.table_info("model_versions")
2025-11-18 13:41:47,936 INFO sqlalchemy.engine.Engine [raw sql] ()
2025-11-18 13:41:47,936 INFO sqlalchemy.engine.Engine PRAGMA main.table_info("ab_test_experiments")
2025-11-18 13:41:47,936 INFO sqlalchemy.engine.Engine [raw sql] ()
2025-11-18 13:41:47,937 INFO sqlalchemy.engine.Engine PRAGMA main.table_info("prediction_logs")
2025-11-18 13:41:47,937 INFO sqlalchemy.engine.Engine [raw sql] ()
2025-11-18 13:41:47,938 INFO sqlalchemy.engine.Engine PRAGMA main.table_info("retraining_runs")
2025-11-18 13:41:47,938 INFO sqlalchemy.engine.Engine [raw sql] ()
2025-11-18 13:41:47,938 INFO sqlalchemy.engine.Engine COMMIT
2025-11-18 13:41:47,939 INFO sqlalchemy.engine.Engine BEGIN (implicit)
2025-11-18 13:41:47,944 INFO sqlalchemy.engine.Engine SELECT resources.id, resources.title, resources.description, resources.creator, resources.publisher, resources.contributor, resources.date_created, resources.date_modified, resources.type, resources.format, resources.identifier, resources.source, resources.language, resources.coverage, resources.rights, resources.subject, resources.relation, resources.classification_code, resources.read_status, resources.quality_score, resources.ingestion_status, resources.ingestion_error, resources.ingestion_started_at, resources.ingestion_completed_at, resources.embedding, resources.sparse_embedding, resources.sparse_embedding_model, resources.sparse_embedding_updated_at, resources.authors, resources.affiliations, resources.doi, resources.pmid, resources.arxiv_id, resources.isbn, resources.journal, resources.conference, resources.volume, resources.issue, resources.pages, resources.publication_year, resources.funding_sources, resources.acknowledgments, resources.equation_count, resources.table_count, resources.figure_count, resources.reference_count, resources.equations, resources.tables, resources.figures, resources.metadata_completeness_score, resources.extraction_confidence, resources.requires_manual_review, resources.quality_accuracy, resources.quality_completeness, resources.quality_consistency, resources.quality_timeliness, resources.quality_relevance, resources.quality_overall, resources.quality_weights, resources.quality_last_computed, resources.quality_computation_version, resources.is_quality_outlier, resources.outlier_score, resources.outlier_reasons, resources.needs_quality_review, resources.summary_coherence, resources.summary_consistency, resources.summary_fluency, resources.summary_relevance, resources.is_ocr_processed, resources.ocr_confidence, resources.ocr_corrections_applied, resources.created_at, resources.updated_at 
FROM resources 
WHERE resources.source = ? ORDER BY resources.created_at DESC
2025-11-18 13:41:47,944 INFO sqlalchemy.engine.Engine [generated in 0.00046s] ('https://example.com/',)
2025-11-18 13:41:47,947 INFO sqlalchemy.engine.Engine ROLLBACK
---------------------------- Captured stderr call -----------------------------
2025-11-18 13:41:47,873 - sqlalchemy.engine.Engine - INFO - BEGIN (implicit)
2025-11-18 13:41:47,874 - sqlalchemy.engine.Engine - INFO - PRAGMA main.table_info("resources")
2025-11-18 13:41:47,874 - sqlalchemy.engine.Engine - INFO - [raw sql] ()
2025-11-18 13:41:47,875 - sqlalchemy.engine.Engine - INFO - PRAGMA main.table_info("classification_codes")
2025-11-18 13:41:47,876 - sqlalchemy.engine.Engine - INFO - [raw sql] ()
2025-11-18 13:41:47,877 - sqlalchemy.engine.Engine - INFO - PRAGMA main.table_info("authority_subjects")
2025-11-18 13:41:47,877 - sqlalchemy.engine.Engine - INFO - [raw sql] ()
2025-11-18 13:41:47,877 - sqlalchemy.engine.Engine - INFO - PRAGMA main.table_info("authority_creators")
2025-11-18 13:41:47,877 - sqlalchemy.engine.Engine - INFO - [raw sql] ()
2025-11-18 13:41:47,878 - sqlalchemy.engine.Engine - INFO - PRAGMA main.table_info("authority_publishers")
2025-11-18 13:41:47,878 - sqlalchemy.engine.Engine - INFO - [raw sql] ()
2025-11-18 13:41:47,879 - sqlalchemy.engine.Engine - INFO - PRAGMA main.table_info("citations")
2025-11-18 13:41:47,879 - sqlalchemy.engine.Engine - INFO - [raw sql] ()
2025-11-18 13:41:47,879 - sqlalchemy.engine.Engine - INFO - PRAGMA main.table_info("collection_resources")
2025-11-18 13:41:47,880 - sqlalchemy.engine.Engine - INFO - [raw sql] ()
2025-11-18 13:41:47,880 - sqlalchemy.engine.Engine - INFO - PRAGMA main.table_info("collections")
2025-11-18 13:41:47,880 - sqlalchemy.engine.Engine - INFO - [raw sql] ()
2025-11-18 13:41:47,880 - sqlalchemy.engine.Engine - INFO - PRAGMA main.table_info("taxonomy_nodes")
2025-11-18 13:41:47,880 - sqlalchemy.engine.Engine - INFO - [raw sql] ()
2025-11-18 13:41:47,881 - sqlalchemy.engine.Engine - INFO - PRAGMA main.table_info("resource_taxonomy")
2025-11-18 13:41:47,881 - sqlalchemy.engine.Engine - INFO - [raw sql] ()
2025-11-18 13:41:47,881 - sqlalchemy.engine.Engine - INFO - PRAGMA main.table_info("annotations")
2025-11-18 13:41:47,881 - sqlalchemy.engine.Engine - INFO - [raw sql] ()
2025-11-18 13:41:47,881 - sqlalchemy.engine.Engine - INFO - PRAGMA main.table_info("graph_edges")
2025-11-18 13:41:47,881 - sqlalchemy.engine.Engine - INFO - [raw sql] ()
2025-11-18 13:41:47,882 - sqlalchemy.engine.Engine - INFO - PRAGMA main.table_info("graph_embeddings")
2025-11-18 13:41:47,882 - sqlalchemy.engine.Engine - INFO - [raw sql] ()
2025-11-18 13:41:47,882 - sqlalchemy.engine.Engine - INFO - PRAGMA main.table_info("discovery_hypotheses")
2025-11-18 13:41:47,882 - sqlalchemy.engine.Engine - INFO - [raw sql] ()
2025-11-18 13:41:47,883 - sqlalchemy.engine.Engine - INFO - PRAGMA main.table_info("users")
2025-11-18 13:41:47,883 - sqlalchemy.engine.Engine - INFO - [raw sql] ()
2025-11-18 13:41:47,883 - sqlalchemy.engine.Engine - INFO - PRAGMA main.table_info("user_profiles")
2025-11-18 13:41:47,883 - sqlalchemy.engine.Engine - INFO - [raw sql] ()
2025-11-18 13:41:47,884 - sqlalchemy.engine.Engine - INFO - PRAGMA main.table_info("user_interactions")
2025-11-18 13:41:47,884 - sqlalchemy.engine.Engine - INFO - [raw sql] ()
2025-11-18 13:41:47,884 - sqlalchemy.engine.Engine - INFO - PRAGMA main.table_info("recommendation_feedback")
2025-11-18 13:41:47,884 - sqlalchemy.engine.Engine - INFO - [raw sql] ()
2025-11-18 13:41:47,885 - sqlalchemy.engine.Engine - INFO - PRAGMA main.table_info("model_versions")
2025-11-18 13:41:47,885 - sqlalchemy.engine.Engine - INFO - [raw sql] ()
2025-11-18 13:41:47,885 - sqlalchemy.engine.Engine - INFO - PRAGMA main.table_info("ab_test_experiments")
2025-11-18 13:41:47,885 - sqlalchemy.engine.Engine - INFO - [raw sql] ()
2025-11-18 13:41:47,885 - sqlalchemy.engine.Engine - INFO - PRAGMA main.table_info("prediction_logs")
2025-11-18 13:41:47,886 - sqlalchemy.engine.Engine - INFO - [raw sql] ()
2025-11-18 13:41:47,886 - sqlalchemy.engine.Engine - INFO - PRAGMA main.table_info("retraining_runs")
2025-11-18 13:41:47,886 - sqlalchemy.engine.Engine - INFO - [raw sql] ()
2025-11-18 13:41:47,886 - sqlalchemy.engine.Engine - INFO - COMMIT
2025-11-18 13:41:47,893 - httpx - INFO - HTTP Request: POST http://testserver/resources "HTTP/1.1 422 Unprocessable Entity"
2025-11-18 13:41:47,897 - sqlalchemy.engine.Engine - INFO - BEGIN (implicit)
2025-11-18 13:41:47,897 - sqlalchemy.engine.Engine - INFO - PRAGMA main.table_info("resources")
2025-11-18 13:41:47,897 - sqlalchemy.engine.Engine - INFO - [raw sql] ()
2025-11-18 13:41:47,898 - sqlalchemy.engine.Engine - INFO - PRAGMA main.table_info("classification_codes")
2025-11-18 13:41:47,898 - sqlalchemy.engine.Engine - INFO - [raw sql] ()
2025-11-18 13:41:47,898 - sqlalchemy.engine.Engine - INFO - PRAGMA main.table_info("authority_subjects")
2025-11-18 13:41:47,898 - sqlalchemy.engine.Engine - INFO - [raw sql] ()
2025-11-18 13:41:47,899 - sqlalchemy.engine.Engine - INFO - PRAGMA main.table_info("authority_creators")
2025-11-18 13:41:47,899 - sqlalchemy.engine.Engine - INFO - [raw sql] ()
2025-11-18 13:41:47,900 - sqlalchemy.engine.Engine - INFO - PRAGMA main.table_info("authority_publishers")
2025-11-18 13:41:47,900 - sqlalchemy.engine.Engine - INFO - [raw sql] ()
2025-11-18 13:41:47,900 - sqlalchemy.engine.Engine - INFO - PRAGMA main.table_info("citations")
2025-11-18 13:41:47,900 - sqlalchemy.engine.Engine - INFO - [raw sql] ()
2025-11-18 13:41:47,900 - sqlalchemy.engine.Engine - INFO - PRAGMA main.table_info("collection_resources")
2025-11-18 13:41:47,900 - sqlalchemy.engine.Engine - INFO - [raw sql] ()
2025-11-18 13:41:47,901 - sqlalchemy.engine.Engine - INFO - PRAGMA main.table_info("collections")
2025-11-18 13:41:47,901 - sqlalchemy.engine.Engine - INFO - [raw sql] ()
2025-11-18 13:41:47,901 - sqlalchemy.engine.Engine - INFO - PRAGMA main.table_info("taxonomy_nodes")
2025-11-18 13:41:47,901 - sqlalchemy.engine.Engine - INFO - [raw sql] ()
2025-11-18 13:41:47,901 - sqlalchemy.engine.Engine - INFO - PRAGMA main.table_info("resource_taxonomy")
2025-11-18 13:41:47,901 - sqlalchemy.engine.Engine - INFO - [raw sql] ()
2025-11-18 13:41:47,902 - sqlalchemy.engine.Engine - INFO - PRAGMA main.table_info("annotations")
2025-11-18 13:41:47,902 - sqlalchemy.engine.Engine - INFO - [raw sql] ()
2025-11-18 13:41:47,902 - sqlalchemy.engine.Engine - INFO - PRAGMA main.table_info("graph_edges")
2025-11-18 13:41:47,902 - sqlalchemy.engine.Engine - INFO - [raw sql] ()
2025-11-18 13:41:47,902 - sqlalchemy.engine.Engine - INFO - PRAGMA main.table_info("graph_embeddings")
2025-11-18 13:41:47,902 - sqlalchemy.engine.Engine - INFO - [raw sql] ()
2025-11-18 13:41:47,903 - sqlalchemy.engine.Engine - INFO - PRAGMA main.table_info("discovery_hypotheses")
2025-11-18 13:41:47,903 - sqlalchemy.engine.Engine - INFO - [raw sql] ()
2025-11-18 13:41:47,904 - sqlalchemy.engine.Engine - INFO - PRAGMA main.table_info("users")
2025-11-18 13:41:47,904 - sqlalchemy.engine.Engine - INFO - [raw sql] ()
2025-11-18 13:41:47,904 - sqlalchemy.engine.Engine - INFO - PRAGMA main.table_info("user_profiles")
2025-11-18 13:41:47,904 - sqlalchemy.engine.Engine - INFO - [raw sql] ()
2025-11-18 13:41:47,905 - sqlalchemy.engine.Engine - INFO - PRAGMA main.table_info("user_interactions")
2025-11-18 13:41:47,905 - sqlalchemy.engine.Engine - INFO - [raw sql] ()
2025-11-18 13:41:47,905 - sqlalchemy.engine.Engine - INFO - PRAGMA main.table_info("recommendation_feedback")
2025-11-18 13:41:47,905 - sqlalchemy.engine.Engine - INFO - [raw sql] ()
2025-11-18 13:41:47,905 - sqlalchemy.engine.Engine - INFO - PRAGMA main.table_info("model_versions")
2025-11-18 13:41:47,905 - sqlalchemy.engine.Engine - INFO - [raw sql] ()
2025-11-18 13:41:47,906 - sqlalchemy.engine.Engine - INFO - PRAGMA main.table_info("ab_test_experiments")
2025-11-18 13:41:47,906 - sqlalchemy.engine.Engine - INFO - [raw sql] ()
2025-11-18 13:41:47,906 - sqlalchemy.engine.Engine - INFO - PRAGMA main.table_info("prediction_logs")
2025-11-18 13:41:47,906 - sqlalchemy.engine.Engine - INFO - [raw sql] ()
2025-11-18 13:41:47,906 - sqlalchemy.engine.Engine - INFO - PRAGMA main.table_info("retraining_runs")
2025-11-18 13:41:47,906 - sqlalchemy.engine.Engine - INFO - [raw sql] ()
2025-11-18 13:41:47,907 - sqlalchemy.engine.Engine - INFO - COMMIT
2025-11-18 13:41:47,910 - httpx - INFO - HTTP Request: POST http://testserver/resources "HTTP/1.1 422 Unprocessable Entity"
2025-11-18 13:41:47,914 - sqlalchemy.engine.Engine - INFO - BEGIN (implicit)
2025-11-18 13:41:47,915 - sqlalchemy.engine.Engine - INFO - PRAGMA main.table_info("resources")
2025-11-18 13:41:47,915 - sqlalchemy.engine.Engine - INFO - [raw sql] ()
2025-11-18 13:41:47,916 - sqlalchemy.engine.Engine - INFO - PRAGMA main.table_info("classification_codes")
2025-11-18 13:41:47,916 - sqlalchemy.engine.Engine - INFO - [raw sql] ()
2025-11-18 13:41:47,917 - sqlalchemy.engine.Engine - INFO - PRAGMA main.table_info("authority_subjects")
2025-11-18 13:41:47,917 - sqlalchemy.engine.Engine - INFO - [raw sql] ()
2025-11-18 13:41:47,917 - sqlalchemy.engine.Engine - INFO - PRAGMA main.table_info("authority_creators")
2025-11-18 13:41:47,917 - sqlalchemy.engine.Engine - INFO - [raw sql] ()
2025-11-18 13:41:47,918 - sqlalchemy.engine.Engine - INFO - PRAGMA main.table_info("authority_publishers")
2025-11-18 13:41:47,918 - sqlalchemy.engine.Engine - INFO - [raw sql] ()
2025-11-18 13:41:47,918 - sqlalchemy.engine.Engine - INFO - PRAGMA main.table_info("citations")
2025-11-18 13:41:47,918 - sqlalchemy.engine.Engine - INFO - [raw sql] ()
2025-11-18 13:41:47,918 - sqlalchemy.engine.Engine - INFO - PRAGMA main.table_info("collection_resources")
2025-11-18 13:41:47,918 - sqlalchemy.engine.Engine - INFO - [raw sql] ()
2025-11-18 13:41:47,919 - sqlalchemy.engine.Engine - INFO - PRAGMA main.table_info("collections")
2025-11-18 13:41:47,919 - sqlalchemy.engine.Engine - INFO - [raw sql] ()
2025-11-18 13:41:47,919 - sqlalchemy.engine.Engine - INFO - PRAGMA main.table_info("taxonomy_nodes")
2025-11-18 13:41:47,919 - sqlalchemy.engine.Engine - INFO - [raw sql] ()
2025-11-18 13:41:47,919 - sqlalchemy.engine.Engine - INFO - PRAGMA main.table_info("resource_taxonomy")
2025-11-18 13:41:47,919 - sqlalchemy.engine.Engine - INFO - [raw sql] ()
2025-11-18 13:41:47,920 - sqlalchemy.engine.Engine - INFO - PRAGMA main.table_info("annotations")
2025-11-18 13:41:47,920 - sqlalchemy.engine.Engine - INFO - [raw sql] ()
2025-11-18 13:41:47,921 - sqlalchemy.engine.Engine - INFO - PRAGMA main.table_info("graph_edges")
2025-11-18 13:41:47,921 - sqlalchemy.engine.Engine - INFO - [raw sql] ()
2025-11-18 13:41:47,921 - sqlalchemy.engine.Engine - INFO - PRAGMA main.table_info("graph_embeddings")
2025-11-18 13:41:47,921 - sqlalchemy.engine.Engine - INFO - [raw sql] ()
2025-11-18 13:41:47,921 - sqlalchemy.engine.Engine - INFO - PRAGMA main.table_info("discovery_hypotheses")
2025-11-18 13:41:47,921 - sqlalchemy.engine.Engine - INFO - [raw sql] ()
2025-11-18 13:41:47,922 - sqlalchemy.engine.Engine - INFO - PRAGMA main.table_info("users")
2025-11-18 13:41:47,922 - sqlalchemy.engine.Engine - INFO - [raw sql] ()
2025-11-18 13:41:47,922 - sqlalchemy.engine.Engine - INFO - PRAGMA main.table_info("user_profiles")
2025-11-18 13:41:47,922 - sqlalchemy.engine.Engine - INFO - [raw sql] ()
2025-11-18 13:41:47,923 - sqlalchemy.engine.Engine - INFO - PRAGMA main.table_info("user_interactions")
2025-11-18 13:41:47,923 - sqlalchemy.engine.Engine - INFO - [raw sql] ()
2025-11-18 13:41:47,925 - sqlalchemy.engine.Engine - INFO - PRAGMA main.table_info("recommendation_feedback")
2025-11-18 13:41:47,925 - sqlalchemy.engine.Engine - INFO - [raw sql] ()
2025-11-18 13:41:47,925 - sqlalchemy.engine.Engine - INFO - PRAGMA main.table_info("model_versions")
2025-11-18 13:41:47,925 - sqlalchemy.engine.Engine - INFO - [raw sql] ()
2025-11-18 13:41:47,926 - sqlalchemy.engine.Engine - INFO - PRAGMA main.table_info("ab_test_experiments")
2025-11-18 13:41:47,926 - sqlalchemy.engine.Engine - INFO - [raw sql] ()
2025-11-18 13:41:47,926 - sqlalchemy.engine.Engine - INFO - PRAGMA main.table_info("prediction_logs")
2025-11-18 13:41:47,926 - sqlalchemy.engine.Engine - INFO - [raw sql] ()
2025-11-18 13:41:47,926 - sqlalchemy.engine.Engine - INFO - PRAGMA main.table_info("retraining_runs")
2025-11-18 13:41:47,926 - sqlalchemy.engine.Engine - INFO - [raw sql] ()
2025-11-18 13:41:47,927 - sqlalchemy.engine.Engine - INFO - COMMIT
2025-11-18 13:41:47,927 - sqlalchemy.engine.Engine - INFO - BEGIN (implicit)
2025-11-18 13:41:47,928 - sqlalchemy.engine.Engine - INFO - PRAGMA main.table_info("resources")
2025-11-18 13:41:47,928 - sqlalchemy.engine.Engine - INFO - [raw sql] ()
2025-11-18 13:41:47,928 - sqlalchemy.engine.Engine - INFO - PRAGMA main.table_info("classification_codes")
2025-11-18 13:41:47,929 - sqlalchemy.engine.Engine - INFO - [raw sql] ()
2025-11-18 13:41:47,929 - sqlalchemy.engine.Engine - INFO - PRAGMA main.table_info("authority_subjects")
2025-11-18 13:41:47,929 - sqlalchemy.engine.Engine - INFO - [raw sql] ()
2025-11-18 13:41:47,929 - sqlalchemy.engine.Engine - INFO - PRAGMA main.table_info("authority_creators")
2025-11-18 13:41:47,929 - sqlalchemy.engine.Engine - INFO - [raw sql] ()
2025-11-18 13:41:47,930 - sqlalchemy.engine.Engine - INFO - PRAGMA main.table_info("authority_publishers")
2025-11-18 13:41:47,930 - sqlalchemy.engine.Engine - INFO - [raw sql] ()
2025-11-18 13:41:47,930 - sqlalchemy.engine.Engine - INFO - PRAGMA main.table_info("citations")
2025-11-18 13:41:47,930 - sqlalchemy.engine.Engine - INFO - [raw sql] ()
2025-11-18 13:41:47,930 - sqlalchemy.engine.Engine - INFO - PRAGMA main.table_info("collection_resources")
2025-11-18 13:41:47,930 - sqlalchemy.engine.Engine - INFO - [raw sql] ()
2025-11-18 13:41:47,931 - sqlalchemy.engine.Engine - INFO - PRAGMA main.table_info("collections")
2025-11-18 13:41:47,931 - sqlalchemy.engine.Engine - INFO - [raw sql] ()
2025-11-18 13:41:47,931 - sqlalchemy.engine.Engine - INFO - PRAGMA main.table_info("taxonomy_nodes")
2025-11-18 13:41:47,931 - sqlalchemy.engine.Engine - INFO - [raw sql] ()
2025-11-18 13:41:47,931 - sqlalchemy.engine.Engine - INFO - PRAGMA main.table_info("resource_taxonomy")
2025-11-18 13:41:47,931 - sqlalchemy.engine.Engine - INFO - [raw sql] ()
2025-11-18 13:41:47,932 - sqlalchemy.engine.Engine - INFO - PRAGMA main.table_info("annotations")
2025-11-18 13:41:47,932 - sqlalchemy.engine.Engine - INFO - [raw sql] ()
2025-11-18 13:41:47,932 - sqlalchemy.engine.Engine - INFO - PRAGMA main.table_info("graph_edges")
2025-11-18 13:41:47,933 - sqlalchemy.engine.Engine - INFO - [raw sql] ()
2025-11-18 13:41:47,933 - sqlalchemy.engine.Engine - INFO - PRAGMA main.table_info("graph_embeddings")
2025-11-18 13:41:47,933 - sqlalchemy.engine.Engine - INFO - [raw sql] ()
2025-11-18 13:41:47,934 - sqlalchemy.engine.Engine - INFO - PRAGMA main.table_info("discovery_hypotheses")
2025-11-18 13:41:47,934 - sqlalchemy.engine.Engine - INFO - [raw sql] ()
2025-11-18 13:41:47,934 - sqlalchemy.engine.Engine - INFO - PRAGMA main.table_info("users")
2025-11-18 13:41:47,934 - sqlalchemy.engine.Engine - INFO - [raw sql] ()
2025-11-18 13:41:47,935 - sqlalchemy.engine.Engine - INFO - PRAGMA main.table_info("user_profiles")
2025-11-18 13:41:47,935 - sqlalchemy.engine.Engine - INFO - [raw sql] ()
2025-11-18 13:41:47,935 - sqlalchemy.engine.Engine - INFO - PRAGMA main.table_info("user_interactions")
2025-11-18 13:41:47,935 - sqlalchemy.engine.Engine - INFO - [raw sql] ()
2025-11-18 13:41:47,935 - sqlalchemy.engine.Engine - INFO - PRAGMA main.table_info("recommendation_feedback")
2025-11-18 13:41:47,936 - sqlalchemy.engine.Engine - INFO - [raw sql] ()
2025-11-18 13:41:47,936 - sqlalchemy.engine.Engine - INFO - PRAGMA main.table_info("model_versions")
2025-11-18 13:41:47,936 - sqlalchemy.engine.Engine - INFO - [raw sql] ()
2025-11-18 13:41:47,936 - sqlalchemy.engine.Engine - INFO - PRAGMA main.table_info("ab_test_experiments")
2025-11-18 13:41:47,936 - sqlalchemy.engine.Engine - INFO - [raw sql] ()
2025-11-18 13:41:47,937 - sqlalchemy.engine.Engine - INFO - PRAGMA main.table_info("prediction_logs")
2025-11-18 13:41:47,937 - sqlalchemy.engine.Engine - INFO - [raw sql] ()
2025-11-18 13:41:47,938 - sqlalchemy.engine.Engine - INFO - PRAGMA main.table_info("retraining_runs")
2025-11-18 13:41:47,938 - sqlalchemy.engine.Engine - INFO - [raw sql] ()
2025-11-18 13:41:47,938 - sqlalchemy.engine.Engine - INFO - COMMIT
2025-11-18 13:41:47,939 - sqlalchemy.engine.Engine - INFO - BEGIN (implicit)
2025-11-18 13:41:47,944 - sqlalchemy.engine.Engine - INFO - SELECT resources.id, resources.title, resources.description, resources.creator, resources.publisher, resources.contributor, resources.date_created, resources.date_modified, resources.type, resources.format, resources.identifier, resources.source, resources.language, resources.coverage, resources.rights, resources.subject, resources.relation, resources.classification_code, resources.read_status, resources.quality_score, resources.ingestion_status, resources.ingestion_error, resources.ingestion_started_at, resources.ingestion_completed_at, resources.embedding, resources.sparse_embedding, resources.sparse_embedding_model, resources.sparse_embedding_updated_at, resources.authors, resources.affiliations, resources.doi, resources.pmid, resources.arxiv_id, resources.isbn, resources.journal, resources.conference, resources.volume, resources.issue, resources.pages, resources.publication_year, resources.funding_sources, resources.acknowledgments, resources.equation_count, resources.table_count, resources.figure_count, resources.reference_count, resources.equations, resources.tables, resources.figures, resources.metadata_completeness_score, resources.extraction_confidence, resources.requires_manual_review, resources.quality_accuracy, resources.quality_completeness, resources.quality_consistency, resources.quality_timeliness, resources.quality_relevance, resources.quality_overall, resources.quality_weights, resources.quality_last_computed, resources.quality_computation_version, resources.is_quality_outlier, resources.outlier_score, resources.outlier_reasons, resources.needs_quality_review, resources.summary_coherence, resources.summary_consistency, resources.summary_fluency, resources.summary_relevance, resources.is_ocr_processed, resources.ocr_confidence, resources.ocr_corrections_applied, resources.created_at, resources.updated_at 
FROM resources 
WHERE resources.source = ? ORDER BY resources.created_at DESC
2025-11-18 13:41:47,944 - sqlalchemy.engine.Engine - INFO - [generated in 0.00046s] ('https://example.com/',)
2025-11-18 13:41:47,946 - backend.app.services.resource_service - INFO - Reusing existing resource for URL: https://example.com/
2025-11-18 13:41:47,947 - sqlalchemy.engine.Engine - INFO - ROLLBACK
------------------------------ Captured log call ------------------------------
INFO     sqlalchemy.engine.Engine:base.py:2702 BEGIN (implicit)
INFO     sqlalchemy.engine.Engine:base.py:1846 PRAGMA main.table_info("resources")
INFO     sqlalchemy.engine.Engine:base.py:1846 [raw sql] ()
INFO     sqlalchemy.engine.Engine:base.py:1846 PRAGMA main.table_info("classification_codes")
INFO     sqlalchemy.engine.Engine:base.py:1846 [raw sql] ()
INFO     sqlalchemy.engine.Engine:base.py:1846 PRAGMA main.table_info("authority_subjects")
INFO     sqlalchemy.engine.Engine:base.py:1846 [raw sql] ()
INFO     sqlalchemy.engine.Engine:base.py:1846 PRAGMA main.table_info("authority_creators")
INFO     sqlalchemy.engine.Engine:base.py:1846 [raw sql] ()
INFO     sqlalchemy.engine.Engine:base.py:1846 PRAGMA main.table_info("authority_publishers")
INFO     sqlalchemy.engine.Engine:base.py:1846 [raw sql] ()
INFO     sqlalchemy.engine.Engine:base.py:1846 PRAGMA main.table_info("citations")
INFO     sqlalchemy.engine.Engine:base.py:1846 [raw sql] ()
INFO     sqlalchemy.engine.Engine:base.py:1846 PRAGMA main.table_info("collection_resources")
INFO     sqlalchemy.engine.Engine:base.py:1846 [raw sql] ()
INFO     sqlalchemy.engine.Engine:base.py:1846 PRAGMA main.table_info("collections")
INFO     sqlalchemy.engine.Engine:base.py:1846 [raw sql] ()
INFO     sqlalchemy.engine.Engine:base.py:1846 PRAGMA main.table_info("taxonomy_nodes")
INFO     sqlalchemy.engine.Engine:base.py:1846 [raw sql] ()
INFO     sqlalchemy.engine.Engine:base.py:1846 PRAGMA main.table_info("resource_taxonomy")
INFO     sqlalchemy.engine.Engine:base.py:1846 [raw sql] ()
INFO     sqlalchemy.engine.Engine:base.py:1846 PRAGMA main.table_info("annotations")
INFO     sqlalchemy.engine.Engine:base.py:1846 [raw sql] ()
INFO     sqlalchemy.engine.Engine:base.py:1846 PRAGMA main.table_info("graph_edges")
INFO     sqlalchemy.engine.Engine:base.py:1846 [raw sql] ()
INFO     sqlalchemy.engine.Engine:base.py:1846 PRAGMA main.table_info("graph_embeddings")
INFO     sqlalchemy.engine.Engine:base.py:1846 [raw sql] ()
INFO     sqlalchemy.engine.Engine:base.py:1846 PRAGMA main.table_info("discovery_hypotheses")
INFO     sqlalchemy.engine.Engine:base.py:1846 [raw sql] ()
INFO     sqlalchemy.engine.Engine:base.py:1846 PRAGMA main.table_info("users")
INFO     sqlalchemy.engine.Engine:base.py:1846 [raw sql] ()
INFO     sqlalchemy.engine.Engine:base.py:1846 PRAGMA main.table_info("user_profiles")
INFO     sqlalchemy.engine.Engine:base.py:1846 [raw sql] ()
INFO     sqlalchemy.engine.Engine:base.py:1846 PRAGMA main.table_info("user_interactions")
INFO     sqlalchemy.engine.Engine:base.py:1846 [raw sql] ()
INFO     sqlalchemy.engine.Engine:base.py:1846 PRAGMA main.table_info("recommendation_feedback")
INFO     sqlalchemy.engine.Engine:base.py:1846 [raw sql] ()
INFO     sqlalchemy.engine.Engine:base.py:1846 PRAGMA main.table_info("model_versions")
INFO     sqlalchemy.engine.Engine:base.py:1846 [raw sql] ()
INFO     sqlalchemy.engine.Engine:base.py:1846 PRAGMA main.table_info("ab_test_experiments")
INFO     sqlalchemy.engine.Engine:base.py:1846 [raw sql] ()
INFO     sqlalchemy.engine.Engine:base.py:1846 PRAGMA main.table_info("prediction_logs")
INFO     sqlalchemy.engine.Engine:base.py:1846 [raw sql] ()
INFO     sqlalchemy.engine.Engine:base.py:1846 PRAGMA main.table_info("retraining_runs")
INFO     sqlalchemy.engine.Engine:base.py:1846 [raw sql] ()
INFO     sqlalchemy.engine.Engine:base.py:2708 COMMIT
INFO     httpx:_client.py:1025 HTTP Request: POST http://testserver/resources "HTTP/1.1 422 Unprocessable Entity"
INFO     sqlalchemy.engine.Engine:base.py:2702 BEGIN (implicit)
INFO     sqlalchemy.engine.Engine:base.py:1846 PRAGMA main.table_info("resources")
INFO     sqlalchemy.engine.Engine:base.py:1846 [raw sql] ()
INFO     sqlalchemy.engine.Engine:base.py:1846 PRAGMA main.table_info("classification_codes")
INFO     sqlalchemy.engine.Engine:base.py:1846 [raw sql] ()
INFO     sqlalchemy.engine.Engine:base.py:1846 PRAGMA main.table_info("authority_subjects")
INFO     sqlalchemy.engine.Engine:base.py:1846 [raw sql] ()
INFO     sqlalchemy.engine.Engine:base.py:1846 PRAGMA main.table_info("authority_creators")
INFO     sqlalchemy.engine.Engine:base.py:1846 [raw sql] ()
INFO     sqlalchemy.engine.Engine:base.py:1846 PRAGMA main.table_info("authority_publishers")
INFO     sqlalchemy.engine.Engine:base.py:1846 [raw sql] ()
INFO     sqlalchemy.engine.Engine:base.py:1846 PRAGMA main.table_info("citations")
INFO     sqlalchemy.engine.Engine:base.py:1846 [raw sql] ()
INFO     sqlalchemy.engine.Engine:base.py:1846 PRAGMA main.table_info("collection_resources")
INFO     sqlalchemy.engine.Engine:base.py:1846 [raw sql] ()
INFO     sqlalchemy.engine.Engine:base.py:1846 PRAGMA main.table_info("collections")
INFO     sqlalchemy.engine.Engine:base.py:1846 [raw sql] ()
INFO     sqlalchemy.engine.Engine:base.py:1846 PRAGMA main.table_info("taxonomy_nodes")
INFO     sqlalchemy.engine.Engine:base.py:1846 [raw sql] ()
INFO     sqlalchemy.engine.Engine:base.py:1846 PRAGMA main.table_info("resource_taxonomy")
INFO     sqlalchemy.engine.Engine:base.py:1846 [raw sql] ()
INFO     sqlalchemy.engine.Engine:base.py:1846 PRAGMA main.table_info("annotations")
INFO     sqlalchemy.engine.Engine:base.py:1846 [raw sql] ()
INFO     sqlalchemy.engine.Engine:base.py:1846 PRAGMA main.table_info("graph_edges")
INFO     sqlalchemy.engine.Engine:base.py:1846 [raw sql] ()
INFO     sqlalchemy.engine.Engine:base.py:1846 PRAGMA main.table_info("graph_embeddings")
INFO     sqlalchemy.engine.Engine:base.py:1846 [raw sql] ()
INFO     sqlalchemy.engine.Engine:base.py:1846 PRAGMA main.table_info("discovery_hypotheses")
INFO     sqlalchemy.engine.Engine:base.py:1846 [raw sql] ()
INFO     sqlalchemy.engine.Engine:base.py:1846 PRAGMA main.table_info("users")
INFO     sqlalchemy.engine.Engine:base.py:1846 [raw sql] ()
INFO     sqlalchemy.engine.Engine:base.py:1846 PRAGMA main.table_info("user_profiles")
INFO     sqlalchemy.engine.Engine:base.py:1846 [raw sql] ()
INFO     sqlalchemy.engine.Engine:base.py:1846 PRAGMA main.table_info("user_interactions")
INFO     sqlalchemy.engine.Engine:base.py:1846 [raw sql] ()
INFO     sqlalchemy.engine.Engine:base.py:1846 PRAGMA main.table_info("recommendation_feedback")
INFO     sqlalchemy.engine.Engine:base.py:1846 [raw sql] ()
INFO     sqlalchemy.engine.Engine:base.py:1846 PRAGMA main.table_info("model_versions")
INFO     sqlalchemy.engine.Engine:base.py:1846 [raw sql] ()
INFO     sqlalchemy.engine.Engine:base.py:1846 PRAGMA main.table_info("ab_test_experiments")
INFO     sqlalchemy.engine.Engine:base.py:1846 [raw sql] ()
INFO     sqlalchemy.engine.Engine:base.py:1846 PRAGMA main.table_info("prediction_logs")
INFO     sqlalchemy.engine.Engine:base.py:1846 [raw sql] ()
INFO     sqlalchemy.engine.Engine:base.py:1846 PRAGMA main.table_info("retraining_runs")
INFO     sqlalchemy.engine.Engine:base.py:1846 [raw sql] ()
INFO     sqlalchemy.engine.Engine:base.py:2708 COMMIT
INFO     httpx:_client.py:1025 HTTP Request: POST http://testserver/resources "HTTP/1.1 422 Unprocessable Entity"
INFO     sqlalchemy.engine.Engine:base.py:2702 BEGIN (implicit)
INFO     sqlalchemy.engine.Engine:base.py:1846 PRAGMA main.table_info("resources")
INFO     sqlalchemy.engine.Engine:base.py:1846 [raw sql] ()
INFO     sqlalchemy.engine.Engine:base.py:1846 PRAGMA main.table_info("classification_codes")
INFO     sqlalchemy.engine.Engine:base.py:1846 [raw sql] ()
INFO     sqlalchemy.engine.Engine:base.py:1846 PRAGMA main.table_info("authority_subjects")
INFO     sqlalchemy.engine.Engine:base.py:1846 [raw sql] ()
INFO     sqlalchemy.engine.Engine:base.py:1846 PRAGMA main.table_info("authority_creators")
INFO     sqlalchemy.engine.Engine:base.py:1846 [raw sql] ()
INFO     sqlalchemy.engine.Engine:base.py:1846 PRAGMA main.table_info("authority_publishers")
INFO     sqlalchemy.engine.Engine:base.py:1846 [raw sql] ()
INFO     sqlalchemy.engine.Engine:base.py:1846 PRAGMA main.table_info("citations")
INFO     sqlalchemy.engine.Engine:base.py:1846 [raw sql] ()
INFO     sqlalchemy.engine.Engine:base.py:1846 PRAGMA main.table_info("collection_resources")
INFO     sqlalchemy.engine.Engine:base.py:1846 [raw sql] ()
INFO     sqlalchemy.engine.Engine:base.py:1846 PRAGMA main.table_info("collections")
INFO     sqlalchemy.engine.Engine:base.py:1846 [raw sql] ()
INFO     sqlalchemy.engine.Engine:base.py:1846 PRAGMA main.table_info("taxonomy_nodes")
INFO     sqlalchemy.engine.Engine:base.py:1846 [raw sql] ()
INFO     sqlalchemy.engine.Engine:base.py:1846 PRAGMA main.table_info("resource_taxonomy")
INFO     sqlalchemy.engine.Engine:base.py:1846 [raw sql] ()
INFO     sqlalchemy.engine.Engine:base.py:1846 PRAGMA main.table_info("annotations")
INFO     sqlalchemy.engine.Engine:base.py:1846 [raw sql] ()
INFO     sqlalchemy.engine.Engine:base.py:1846 PRAGMA main.table_info("graph_edges")
INFO     sqlalchemy.engine.Engine:base.py:1846 [raw sql] ()
INFO     sqlalchemy.engine.Engine:base.py:1846 PRAGMA main.table_info("graph_embeddings")
INFO     sqlalchemy.engine.Engine:base.py:1846 [raw sql] ()
INFO     sqlalchemy.engine.Engine:base.py:1846 PRAGMA main.table_info("discovery_hypotheses")
INFO     sqlalchemy.engine.Engine:base.py:1846 [raw sql] ()
INFO     sqlalchemy.engine.Engine:base.py:1846 PRAGMA main.table_info("users")
INFO     sqlalchemy.engine.Engine:base.py:1846 [raw sql] ()
INFO     sqlalchemy.engine.Engine:base.py:1846 PRAGMA main.table_info("user_profiles")
INFO     sqlalchemy.engine.Engine:base.py:1846 [raw sql] ()
INFO     sqlalchemy.engine.Engine:base.py:1846 PRAGMA main.table_info("user_interactions")
INFO     sqlalchemy.engine.Engine:base.py:1846 [raw sql] ()
INFO     sqlalchemy.engine.Engine:base.py:1846 PRAGMA main.table_info("recommendation_feedback")
INFO     sqlalchemy.engine.Engine:base.py:1846 [raw sql] ()
INFO     sqlalchemy.engine.Engine:base.py:1846 PRAGMA main.table_info("model_versions")
INFO     sqlalchemy.engine.Engine:base.py:1846 [raw sql] ()
INFO     sqlalchemy.engine.Engine:base.py:1846 PRAGMA main.table_info("ab_test_experiments")
INFO     sqlalchemy.engine.Engine:base.py:1846 [raw sql] ()
INFO     sqlalchemy.engine.Engine:base.py:1846 PRAGMA main.table_info("prediction_logs")
INFO     sqlalchemy.engine.Engine:base.py:1846 [raw sql] ()
INFO     sqlalchemy.engine.Engine:base.py:1846 PRAGMA main.table_info("retraining_runs")
INFO     sqlalchemy.engine.Engine:base.py:1846 [raw sql] ()
INFO     sqlalchemy.engine.Engine:base.py:2708 COMMIT
INFO     sqlalchemy.engine.Engine:base.py:2702 BEGIN (implicit)
INFO     sqlalchemy.engine.Engine:base.py:1846 PRAGMA main.table_info("resources")
INFO     sqlalchemy.engine.Engine:base.py:1846 [raw sql] ()
INFO     sqlalchemy.engine.Engine:base.py:1846 PRAGMA main.table_info("classification_codes")
INFO     sqlalchemy.engine.Engine:base.py:1846 [raw sql] ()
INFO     sqlalchemy.engine.Engine:base.py:1846 PRAGMA main.table_info("authority_subjects")
INFO     sqlalchemy.engine.Engine:base.py:1846 [raw sql] ()
INFO     sqlalchemy.engine.Engine:base.py:1846 PRAGMA main.table_info("authority_creators")
INFO     sqlalchemy.engine.Engine:base.py:1846 [raw sql] ()
INFO     sqlalchemy.engine.Engine:base.py:1846 PRAGMA main.table_info("authority_publishers")
INFO     sqlalchemy.engine.Engine:base.py:1846 [raw sql] ()
INFO     sqlalchemy.engine.Engine:base.py:1846 PRAGMA main.table_info("citations")
INFO     sqlalchemy.engine.Engine:base.py:1846 [raw sql] ()
INFO     sqlalchemy.engine.Engine:base.py:1846 PRAGMA main.table_info("collection_resources")
INFO     sqlalchemy.engine.Engine:base.py:1846 [raw sql] ()
INFO     sqlalchemy.engine.Engine:base.py:1846 PRAGMA main.table_info("collections")
INFO     sqlalchemy.engine.Engine:base.py:1846 [raw sql] ()
INFO     sqlalchemy.engine.Engine:base.py:1846 PRAGMA main.table_info("taxonomy_nodes")
INFO     sqlalchemy.engine.Engine:base.py:1846 [raw sql] ()
INFO     sqlalchemy.engine.Engine:base.py:1846 PRAGMA main.table_info("resource_taxonomy")
INFO     sqlalchemy.engine.Engine:base.py:1846 [raw sql] ()
INFO     sqlalchemy.engine.Engine:base.py:1846 PRAGMA main.table_info("annotations")
INFO     sqlalchemy.engine.Engine:base.py:1846 [raw sql] ()
INFO     sqlalchemy.engine.Engine:base.py:1846 PRAGMA main.table_info("graph_edges")
INFO     sqlalchemy.engine.Engine:base.py:1846 [raw sql] ()
INFO     sqlalchemy.engine.Engine:base.py:1846 PRAGMA main.table_info("graph_embeddings")
INFO     sqlalchemy.engine.Engine:base.py:1846 [raw sql] ()
INFO     sqlalchemy.engine.Engine:base.py:1846 PRAGMA main.table_info("discovery_hypotheses")
INFO     sqlalchemy.engine.Engine:base.py:1846 [raw sql] ()
INFO     sqlalchemy.engine.Engine:base.py:1846 PRAGMA main.table_info("users")
INFO     sqlalchemy.engine.Engine:base.py:1846 [raw sql] ()
INFO     sqlalchemy.engine.Engine:base.py:1846 PRAGMA main.table_info("user_profiles")
INFO     sqlalchemy.engine.Engine:base.py:1846 [raw sql] ()
INFO     sqlalchemy.engine.Engine:base.py:1846 PRAGMA main.table_info("user_interactions")
INFO     sqlalchemy.engine.Engine:base.py:1846 [raw sql] ()
INFO     sqlalchemy.engine.Engine:base.py:1846 PRAGMA main.table_info("recommendation_feedback")
INFO     sqlalchemy.engine.Engine:base.py:1846 [raw sql] ()
INFO     sqlalchemy.engine.Engine:base.py:1846 PRAGMA main.table_info("model_versions")
INFO     sqlalchemy.engine.Engine:base.py:1846 [raw sql] ()
INFO     sqlalchemy.engine.Engine:base.py:1846 PRAGMA main.table_info("ab_test_experiments")
INFO     sqlalchemy.engine.Engine:base.py:1846 [raw sql] ()
INFO     sqlalchemy.engine.Engine:base.py:1846 PRAGMA main.table_info("prediction_logs")
INFO     sqlalchemy.engine.Engine:base.py:1846 [raw sql] ()
INFO     sqlalchemy.engine.Engine:base.py:1846 PRAGMA main.table_info("retraining_runs")
INFO     sqlalchemy.engine.Engine:base.py:1846 [raw sql] ()
INFO     sqlalchemy.engine.Engine:base.py:2708 COMMIT
INFO     sqlalchemy.engine.Engine:base.py:2702 BEGIN (implicit)
INFO     sqlalchemy.engine.Engine:base.py:1846 SELECT resources.id, resources.title, resources.description, resources.creator, resources.publisher, resources.contributor, resources.date_created, resources.date_modified, resources.type, resources.format, resources.identifier, resources.source, resources.language, resources.coverage, resources.rights, resources.subject, resources.relation, resources.classification_code, resources.read_status, resources.quality_score, resources.ingestion_status, resources.ingestion_error, resources.ingestion_started_at, resources.ingestion_completed_at, resources.embedding, resources.sparse_embedding, resources.sparse_embedding_model, resources.sparse_embedding_updated_at, resources.authors, resources.affiliations, resources.doi, resources.pmid, resources.arxiv_id, resources.isbn, resources.journal, resources.conference, resources.volume, resources.issue, resources.pages, resources.publication_year, resources.funding_sources, resources.acknowledgments, resources.equation_count, resources.table_count, resources.figure_count, resources.reference_count, resources.equations, resources.tables, resources.figures, resources.metadata_completeness_score, resources.extraction_confidence, resources.requires_manual_review, resources.quality_accuracy, resources.quality_completeness, resources.quality_consistency, resources.quality_timeliness, resources.quality_relevance, resources.quality_overall, resources.quality_weights, resources.quality_last_computed, resources.quality_computation_version, resources.is_quality_outlier, resources.outlier_score, resources.outlier_reasons, resources.needs_quality_review, resources.summary_coherence, resources.summary_consistency, resources.summary_fluency, resources.summary_relevance, resources.is_ocr_processed, resources.ocr_confidence, resources.ocr_corrections_applied, resources.created_at, resources.updated_at 
FROM resources 
WHERE resources.source = ? ORDER BY resources.created_at DESC
INFO     sqlalchemy.engine.Engine:base.py:1846 [generated in 0.00046s] ('https://example.com/',)
INFO     backend.app.services.resource_service:resource_service.py:85 Reusing existing resource for URL: https://example.com/
INFO     sqlalchemy.engine.Engine:base.py:2705 ROLLBACK
_______________ test_classification_triggered_during_ingestion ________________
tests\integration\phase1_ingestion\test_resource_ingestion_classification.py:105: in test_classification_triggered_during_ingestion
    patch('backend.app.services.resource_service.ClassificationService') as mock_classification_service:
    ^^^^^^^^^^^^^^^^^^^^^^^^^^^^^^^^^^^^^^^^^^^^^^^^^^^^^^^^^^^^^^^^^^^^
C:\Python313\Lib\unittest\mock.py:1497: in __enter__
    original, local = self.get_original()
                      ^^^^^^^^^^^^^^^^^^^
C:\Python313\Lib\unittest\mock.py:1467: in get_original
    raise AttributeError(
E   AttributeError: <module 'backend.app.services.resource_service' from 'C:\\Users\\rooma\\PycharmProjects\\neo_alexadria\\backend\\app\\services\\resource_service.py'> does not have the attribute 'ClassificationService'
---------------------------- Captured stdout setup ----------------------------
2025-11-18 13:41:50,126 INFO sqlalchemy.engine.Engine BEGIN (implicit)
2025-11-18 13:41:50,126 INFO sqlalchemy.engine.Engine PRAGMA main.table_info("resources")
2025-11-18 13:41:50,126 INFO sqlalchemy.engine.Engine [raw sql] ()
2025-11-18 13:41:50,127 INFO sqlalchemy.engine.Engine PRAGMA main.table_info("classification_codes")
2025-11-18 13:41:50,127 INFO sqlalchemy.engine.Engine [raw sql] ()
2025-11-18 13:41:50,127 INFO sqlalchemy.engine.Engine PRAGMA main.table_info("authority_subjects")
2025-11-18 13:41:50,127 INFO sqlalchemy.engine.Engine [raw sql] ()
2025-11-18 13:41:50,128 INFO sqlalchemy.engine.Engine PRAGMA main.table_info("authority_creators")
2025-11-18 13:41:50,128 INFO sqlalchemy.engine.Engine [raw sql] ()
2025-11-18 13:41:50,129 INFO sqlalchemy.engine.Engine PRAGMA main.table_info("authority_publishers")
2025-11-18 13:41:50,129 INFO sqlalchemy.engine.Engine [raw sql] ()
2025-11-18 13:41:50,129 INFO sqlalchemy.engine.Engine PRAGMA main.table_info("citations")
2025-11-18 13:41:50,129 INFO sqlalchemy.engine.Engine [raw sql] ()
2025-11-18 13:41:50,130 INFO sqlalchemy.engine.Engine PRAGMA main.table_info("collection_resources")
2025-11-18 13:41:50,130 INFO sqlalchemy.engine.Engine [raw sql] ()
2025-11-18 13:41:50,130 INFO sqlalchemy.engine.Engine PRAGMA main.table_info("collections")
2025-11-18 13:41:50,130 INFO sqlalchemy.engine.Engine [raw sql] ()
2025-11-18 13:41:50,130 INFO sqlalchemy.engine.Engine PRAGMA main.table_info("taxonomy_nodes")
2025-11-18 13:41:50,130 INFO sqlalchemy.engine.Engine [raw sql] ()
2025-11-18 13:41:50,130 INFO sqlalchemy.engine.Engine PRAGMA main.table_info("resource_taxonomy")
2025-11-18 13:41:50,130 INFO sqlalchemy.engine.Engine [raw sql] ()
2025-11-18 13:41:50,131 INFO sqlalchemy.engine.Engine PRAGMA main.table_info("annotations")
2025-11-18 13:41:50,131 INFO sqlalchemy.engine.Engine [raw sql] ()
2025-11-18 13:41:50,131 INFO sqlalchemy.engine.Engine PRAGMA main.table_info("graph_edges")
2025-11-18 13:41:50,132 INFO sqlalchemy.engine.Engine [raw sql] ()
2025-11-18 13:41:50,135 INFO sqlalchemy.engine.Engine PRAGMA main.table_info("graph_embeddings")
2025-11-18 13:41:50,135 INFO sqlalchemy.engine.Engine [raw sql] ()
2025-11-18 13:41:50,136 INFO sqlalchemy.engine.Engine PRAGMA main.table_info("discovery_hypotheses")
2025-11-18 13:41:50,136 INFO sqlalchemy.engine.Engine [raw sql] ()
2025-11-18 13:41:50,136 INFO sqlalchemy.engine.Engine PRAGMA main.table_info("users")
2025-11-18 13:41:50,136 INFO sqlalchemy.engine.Engine [raw sql] ()
2025-11-18 13:41:50,137 INFO sqlalchemy.engine.Engine PRAGMA main.table_info("user_profiles")
2025-11-18 13:41:50,137 INFO sqlalchemy.engine.Engine [raw sql] ()
2025-11-18 13:41:50,138 INFO sqlalchemy.engine.Engine PRAGMA main.table_info("user_interactions")
2025-11-18 13:41:50,138 INFO sqlalchemy.engine.Engine [raw sql] ()
2025-11-18 13:41:50,138 INFO sqlalchemy.engine.Engine PRAGMA main.table_info("recommendation_feedback")
2025-11-18 13:41:50,138 INFO sqlalchemy.engine.Engine [raw sql] ()
2025-11-18 13:41:50,138 INFO sqlalchemy.engine.Engine PRAGMA main.table_info("model_versions")
2025-11-18 13:41:50,138 INFO sqlalchemy.engine.Engine [raw sql] ()
2025-11-18 13:41:50,139 INFO sqlalchemy.engine.Engine PRAGMA main.table_info("ab_test_experiments")
2025-11-18 13:41:50,139 INFO sqlalchemy.engine.Engine [raw sql] ()
2025-11-18 13:41:50,139 INFO sqlalchemy.engine.Engine PRAGMA main.table_info("prediction_logs")
2025-11-18 13:41:50,139 INFO sqlalchemy.engine.Engine [raw sql] ()
2025-11-18 13:41:50,139 INFO sqlalchemy.engine.Engine PRAGMA main.table_info("retraining_runs")
2025-11-18 13:41:50,139 INFO sqlalchemy.engine.Engine [raw sql] ()
2025-11-18 13:41:50,139 INFO sqlalchemy.engine.Engine COMMIT
2025-11-18 13:41:50,140 INFO sqlalchemy.engine.Engine BEGIN (implicit)
2025-11-18 13:41:50,140 INFO sqlalchemy.engine.Engine PRAGMA main.table_info("resources")
2025-11-18 13:41:50,140 INFO sqlalchemy.engine.Engine [raw sql] ()
2025-11-18 13:41:50,140 INFO sqlalchemy.engine.Engine PRAGMA main.table_info("classification_codes")
2025-11-18 13:41:50,141 INFO sqlalchemy.engine.Engine [raw sql] ()
2025-11-18 13:41:50,143 INFO sqlalchemy.engine.Engine PRAGMA main.table_info("authority_subjects")
2025-11-18 13:41:50,143 INFO sqlalchemy.engine.Engine [raw sql] ()
2025-11-18 13:41:50,143 INFO sqlalchemy.engine.Engine PRAGMA main.table_info("authority_creators")
2025-11-18 13:41:50,143 INFO sqlalchemy.engine.Engine [raw sql] ()
2025-11-18 13:41:50,144 INFO sqlalchemy.engine.Engine PRAGMA main.table_info("authority_publishers")
2025-11-18 13:41:50,144 INFO sqlalchemy.engine.Engine [raw sql] ()
2025-11-18 13:41:50,144 INFO sqlalchemy.engine.Engine PRAGMA main.table_info("citations")
2025-11-18 13:41:50,144 INFO sqlalchemy.engine.Engine [raw sql] ()
2025-11-18 13:41:50,145 INFO sqlalchemy.engine.Engine PRAGMA main.table_info("collection_resources")
2025-11-18 13:41:50,146 INFO sqlalchemy.engine.Engine [raw sql] ()
2025-11-18 13:41:50,146 INFO sqlalchemy.engine.Engine PRAGMA main.table_info("collections")
2025-11-18 13:41:50,146 INFO sqlalchemy.engine.Engine [raw sql] ()
2025-11-18 13:41:50,146 INFO sqlalchemy.engine.Engine PRAGMA main.table_info("taxonomy_nodes")
2025-11-18 13:41:50,146 INFO sqlalchemy.engine.Engine [raw sql] ()
2025-11-18 13:41:50,146 INFO sqlalchemy.engine.Engine PRAGMA main.table_info("resource_taxonomy")
2025-11-18 13:41:50,146 INFO sqlalchemy.engine.Engine [raw sql] ()
2025-11-18 13:41:50,146 INFO sqlalchemy.engine.Engine PRAGMA main.table_info("annotations")
2025-11-18 13:41:50,147 INFO sqlalchemy.engine.Engine [raw sql] ()
2025-11-18 13:41:50,147 INFO sqlalchemy.engine.Engine PRAGMA main.table_info("graph_edges")
2025-11-18 13:41:50,147 INFO sqlalchemy.engine.Engine [raw sql] ()
2025-11-18 13:41:50,147 INFO sqlalchemy.engine.Engine PRAGMA main.table_info("graph_embeddings")
2025-11-18 13:41:50,147 INFO sqlalchemy.engine.Engine [raw sql] ()
2025-11-18 13:41:50,147 INFO sqlalchemy.engine.Engine PRAGMA main.table_info("discovery_hypotheses")
2025-11-18 13:41:50,148 INFO sqlalchemy.engine.Engine [raw sql] ()
2025-11-18 13:41:50,148 INFO sqlalchemy.engine.Engine PRAGMA main.table_info("users")
2025-11-18 13:41:50,148 INFO sqlalchemy.engine.Engine [raw sql] ()
2025-11-18 13:41:50,148 INFO sqlalchemy.engine.Engine PRAGMA main.table_info("user_profiles")
2025-11-18 13:41:50,149 INFO sqlalchemy.engine.Engine [raw sql] ()
2025-11-18 13:41:50,150 INFO sqlalchemy.engine.Engine PRAGMA main.table_info("user_interactions")
2025-11-18 13:41:50,151 INFO sqlalchemy.engine.Engine [raw sql] ()
2025-11-18 13:41:50,151 INFO sqlalchemy.engine.Engine PRAGMA main.table_info("recommendation_feedback")
2025-11-18 13:41:50,151 INFO sqlalchemy.engine.Engine [raw sql] ()
2025-11-18 13:41:50,151 INFO sqlalchemy.engine.Engine PRAGMA main.table_info("model_versions")
2025-11-18 13:41:50,151 INFO sqlalchemy.engine.Engine [raw sql] ()
2025-11-18 13:41:50,151 INFO sqlalchemy.engine.Engine PRAGMA main.table_info("ab_test_experiments")
2025-11-18 13:41:50,152 INFO sqlalchemy.engine.Engine [raw sql] ()
2025-11-18 13:41:50,152 INFO sqlalchemy.engine.Engine PRAGMA main.table_info("prediction_logs")
2025-11-18 13:41:50,152 INFO sqlalchemy.engine.Engine [raw sql] ()
2025-11-18 13:41:50,152 INFO sqlalchemy.engine.Engine PRAGMA main.table_info("retraining_runs")
2025-11-18 13:41:50,152 INFO sqlalchemy.engine.Engine [raw sql] ()
2025-11-18 13:41:50,152 INFO sqlalchemy.engine.Engine COMMIT
2025-11-18 13:41:50,153 INFO sqlalchemy.engine.Engine BEGIN (implicit)
2025-11-18 13:41:50,156 INFO sqlalchemy.engine.Engine INSERT INTO resources (id, title, description, creator, publisher, contributor, date_created, date_modified, type, format, identifier, source, language, coverage, rights, subject, relation, classification_code, read_status, quality_score, ingestion_status, ingestion_error, ingestion_started_at, ingestion_completed_at, embedding, sparse_embedding, sparse_embedding_model, sparse_embedding_updated_at, authors, affiliations, doi, pmid, arxiv_id, isbn, journal, conference, volume, issue, pages, publication_year, funding_sources, acknowledgments, equation_count, table_count, figure_count, reference_count, equations, tables, figures, metadata_completeness_score, extraction_confidence, requires_manual_review, quality_accuracy, quality_completeness, quality_consistency, quality_timeliness, quality_relevance, quality_overall, quality_weights, quality_last_computed, quality_computation_version, is_quality_outlier, outlier_score, outlier_reasons, needs_quality_review, summary_coherence, summary_consistency, summary_fluency, summary_relevance, is_ocr_processed, ocr_confidence, ocr_corrections_applied) VALUES (?, ?, ?, ?, ?, ?, ?, ?, ?, ?, ?, ?, ?, ?, ?, ?, ?, ?, ?, ?, ?, ?, ?, ?, ?, ?, ?, ?, ?, ?, ?, ?, ?, ?, ?, ?, ?, ?, ?, ?, ?, ?, ?, ?, ?, ?, ?, ?, ?, ?, ?, ?, ?, ?, ?, ?, ?, ?, ?, ?, ?, ?, ?, ?, ?, ?, ?, ?, ?, ?, ?, ?) RETURNING created_at, updated_at
2025-11-18 13:41:50,156 INFO sqlalchemy.engine.Engine [generated in 0.00053s] ('fd2bfaba-7d40-41b9-a3cf-87f32b875cd2', 'Test Resource', 'A test resource for classification', None, None, None, None, None, None, None, None, 'https://example.com/test', None, None, None, '[]', '[]', None, 'unread', 0.0, 'pending', None, None, None, '[]', None, None, None, None, None, None, None, None, None, None, None, None, None, None, None, None, None, 0, 0, 0, None, None, None, None, None, None, 0, None, None, None, None, None, None, None, None, None, 0, None, None, 0, None, None, None, None, 0, None, None)
2025-11-18 13:41:50,159 INFO sqlalchemy.engine.Engine COMMIT
2025-11-18 13:41:50,165 INFO sqlalchemy.engine.Engine BEGIN (implicit)
2025-11-18 13:41:50,168 INFO sqlalchemy.engine.Engine SELECT resources.id, resources.title, resources.description, resources.creator, resources.publisher, resources.contributor, resources.date_created, resources.date_modified, resources.type, resources.format, resources.identifier, resources.source, resources.language, resources.coverage, resources.rights, resources.subject, resources.relation, resources.classification_code, resources.read_status, resources.quality_score, resources.ingestion_status, resources.ingestion_error, resources.ingestion_started_at, resources.ingestion_completed_at, resources.embedding, resources.sparse_embedding, resources.sparse_embedding_model, resources.sparse_embedding_updated_at, resources.authors, resources.affiliations, resources.doi, resources.pmid, resources.arxiv_id, resources.isbn, resources.journal, resources.conference, resources.volume, resources.issue, resources.pages, resources.publication_year, resources.funding_sources, resources.acknowledgments, resources.equation_count, resources.table_count, resources.figure_count, resources.reference_count, resources.equations, resources.tables, resources.figures, resources.metadata_completeness_score, resources.extraction_confidence, resources.requires_manual_review, resources.quality_accuracy, resources.quality_completeness, resources.quality_consistency, resources.quality_timeliness, resources.quality_relevance, resources.quality_overall, resources.quality_weights, resources.quality_last_computed, resources.quality_computation_version, resources.is_quality_outlier, resources.outlier_score, resources.outlier_reasons, resources.needs_quality_review, resources.summary_coherence, resources.summary_consistency, resources.summary_fluency, resources.summary_relevance, resources.is_ocr_processed, resources.ocr_confidence, resources.ocr_corrections_applied, resources.created_at, resources.updated_at 
FROM resources 
WHERE resources.id = ?
2025-11-18 13:41:50,168 INFO sqlalchemy.engine.Engine [generated in 0.00035s] ('fd2bfaba-7d40-41b9-a3cf-87f32b875cd2',)
2025-11-18 13:41:50,192 INFO sqlalchemy.engine.Engine BEGIN (implicit)
2025-11-18 13:41:50,192 INFO sqlalchemy.engine.Engine PRAGMA main.table_info("resources")
2025-11-18 13:41:50,192 INFO sqlalchemy.engine.Engine [raw sql] ()
2025-11-18 13:41:50,194 INFO sqlalchemy.engine.Engine PRAGMA main.table_info("classification_codes")
2025-11-18 13:41:50,194 INFO sqlalchemy.engine.Engine [raw sql] ()
2025-11-18 13:41:50,194 INFO sqlalchemy.engine.Engine PRAGMA main.table_info("authority_subjects")
2025-11-18 13:41:50,194 INFO sqlalchemy.engine.Engine [raw sql] ()
2025-11-18 13:41:50,202 INFO sqlalchemy.engine.Engine PRAGMA main.table_info("authority_creators")
2025-11-18 13:41:50,204 INFO sqlalchemy.engine.Engine [raw sql] ()
2025-11-18 13:41:50,207 INFO sqlalchemy.engine.Engine PRAGMA main.table_info("authority_publishers")
2025-11-18 13:41:50,209 INFO sqlalchemy.engine.Engine [raw sql] ()
2025-11-18 13:41:50,210 INFO sqlalchemy.engine.Engine PRAGMA main.table_info("citations")
2025-11-18 13:41:50,210 INFO sqlalchemy.engine.Engine [raw sql] ()
2025-11-18 13:41:50,211 INFO sqlalchemy.engine.Engine PRAGMA main.table_info("collection_resources")
2025-11-18 13:41:50,211 INFO sqlalchemy.engine.Engine [raw sql] ()
2025-11-18 13:41:50,211 INFO sqlalchemy.engine.Engine PRAGMA main.table_info("collections")
2025-11-18 13:41:50,212 INFO sqlalchemy.engine.Engine [raw sql] ()
2025-11-18 13:41:50,213 INFO sqlalchemy.engine.Engine PRAGMA main.table_info("taxonomy_nodes")
2025-11-18 13:41:50,213 INFO sqlalchemy.engine.Engine [raw sql] ()
2025-11-18 13:41:50,213 INFO sqlalchemy.engine.Engine PRAGMA main.table_info("resource_taxonomy")
2025-11-18 13:41:50,213 INFO sqlalchemy.engine.Engine [raw sql] ()
2025-11-18 13:41:50,214 INFO sqlalchemy.engine.Engine PRAGMA main.table_info("annotations")
2025-11-18 13:41:50,214 INFO sqlalchemy.engine.Engine [raw sql] ()
2025-11-18 13:41:50,214 INFO sqlalchemy.engine.Engine PRAGMA main.table_info("graph_edges")
2025-11-18 13:41:50,214 INFO sqlalchemy.engine.Engine [raw sql] ()
2025-11-18 13:41:50,214 INFO sqlalchemy.engine.Engine PRAGMA main.table_info("graph_embeddings")
2025-11-18 13:41:50,214 INFO sqlalchemy.engine.Engine [raw sql] ()
2025-11-18 13:41:50,215 INFO sqlalchemy.engine.Engine PRAGMA main.table_info("discovery_hypotheses")
2025-11-18 13:41:50,215 INFO sqlalchemy.engine.Engine [raw sql] ()
2025-11-18 13:41:50,215 INFO sqlalchemy.engine.Engine PRAGMA main.table_info("users")
2025-11-18 13:41:50,215 INFO sqlalchemy.engine.Engine [raw sql] ()
2025-11-18 13:41:50,216 INFO sqlalchemy.engine.Engine PRAGMA main.table_info("user_profiles")
2025-11-18 13:41:50,216 INFO sqlalchemy.engine.Engine [raw sql] ()
2025-11-18 13:41:50,216 INFO sqlalchemy.engine.Engine PRAGMA main.table_info("user_interactions")
2025-11-18 13:41:50,217 INFO sqlalchemy.engine.Engine [raw sql] ()
2025-11-18 13:41:50,217 INFO sqlalchemy.engine.Engine PRAGMA main.table_info("recommendation_feedback")
2025-11-18 13:41:50,217 INFO sqlalchemy.engine.Engine [raw sql] ()
2025-11-18 13:41:50,217 INFO sqlalchemy.engine.Engine PRAGMA main.table_info("model_versions")
2025-11-18 13:41:50,217 INFO sqlalchemy.engine.Engine [raw sql] ()
2025-11-18 13:41:50,217 INFO sqlalchemy.engine.Engine PRAGMA main.table_info("ab_test_experiments")
2025-11-18 13:41:50,217 INFO sqlalchemy.engine.Engine [raw sql] ()
2025-11-18 13:41:50,217 INFO sqlalchemy.engine.Engine PRAGMA main.table_info("prediction_logs")
2025-11-18 13:41:50,218 INFO sqlalchemy.engine.Engine [raw sql] ()
2025-11-18 13:41:50,218 INFO sqlalchemy.engine.Engine PRAGMA main.table_info("retraining_runs")
2025-11-18 13:41:50,218 INFO sqlalchemy.engine.Engine [raw sql] ()
2025-11-18 13:41:50,218 INFO sqlalchemy.engine.Engine COMMIT
2025-11-18 13:41:50,218 INFO sqlalchemy.engine.Engine BEGIN (implicit)
2025-11-18 13:41:50,218 INFO sqlalchemy.engine.Engine PRAGMA main.table_info("resources")
2025-11-18 13:41:50,218 INFO sqlalchemy.engine.Engine [raw sql] ()
2025-11-18 13:41:50,219 INFO sqlalchemy.engine.Engine PRAGMA main.table_info("classification_codes")
2025-11-18 13:41:50,219 INFO sqlalchemy.engine.Engine [raw sql] ()
2025-11-18 13:41:50,219 INFO sqlalchemy.engine.Engine PRAGMA main.table_info("authority_subjects")
2025-11-18 13:41:50,219 INFO sqlalchemy.engine.Engine [raw sql] ()
2025-11-18 13:41:50,219 INFO sqlalchemy.engine.Engine PRAGMA main.table_info("authority_creators")
2025-11-18 13:41:50,219 INFO sqlalchemy.engine.Engine [raw sql] ()
2025-11-18 13:41:50,219 INFO sqlalchemy.engine.Engine PRAGMA main.table_info("authority_publishers")
2025-11-18 13:41:50,221 INFO sqlalchemy.engine.Engine [raw sql] ()
2025-11-18 13:41:50,221 INFO sqlalchemy.engine.Engine PRAGMA main.table_info("citations")
2025-11-18 13:41:50,221 INFO sqlalchemy.engine.Engine [raw sql] ()
2025-11-18 13:41:50,221 INFO sqlalchemy.engine.Engine PRAGMA main.table_info("collection_resources")
2025-11-18 13:41:50,221 INFO sqlalchemy.engine.Engine [raw sql] ()
2025-11-18 13:41:50,221 INFO sqlalchemy.engine.Engine PRAGMA main.table_info("collections")
2025-11-18 13:41:50,221 INFO sqlalchemy.engine.Engine [raw sql] ()
2025-11-18 13:41:50,222 INFO sqlalchemy.engine.Engine PRAGMA main.table_info("taxonomy_nodes")
2025-11-18 13:41:50,222 INFO sqlalchemy.engine.Engine [raw sql] ()
2025-11-18 13:41:50,222 INFO sqlalchemy.engine.Engine PRAGMA main.table_info("resource_taxonomy")
2025-11-18 13:41:50,222 INFO sqlalchemy.engine.Engine [raw sql] ()
2025-11-18 13:41:50,222 INFO sqlalchemy.engine.Engine PRAGMA main.table_info("annotations")
2025-11-18 13:41:50,222 INFO sqlalchemy.engine.Engine [raw sql] ()
2025-11-18 13:41:50,223 INFO sqlalchemy.engine.Engine PRAGMA main.table_info("graph_edges")
2025-11-18 13:41:50,223 INFO sqlalchemy.engine.Engine [raw sql] ()
2025-11-18 13:41:50,223 INFO sqlalchemy.engine.Engine PRAGMA main.table_info("graph_embeddings")
2025-11-18 13:41:50,223 INFO sqlalchemy.engine.Engine [raw sql] ()
2025-11-18 13:41:50,223 INFO sqlalchemy.engine.Engine PRAGMA main.table_info("discovery_hypotheses")
2025-11-18 13:41:50,223 INFO sqlalchemy.engine.Engine [raw sql] ()
2025-11-18 13:41:50,225 INFO sqlalchemy.engine.Engine PRAGMA main.table_info("users")
2025-11-18 13:41:50,225 INFO sqlalchemy.engine.Engine [raw sql] ()
2025-11-18 13:41:50,225 INFO sqlalchemy.engine.Engine PRAGMA main.table_info("user_profiles")
2025-11-18 13:41:50,225 INFO sqlalchemy.engine.Engine [raw sql] ()
2025-11-18 13:41:50,227 INFO sqlalchemy.engine.Engine PRAGMA main.table_info("user_interactions")
2025-11-18 13:41:50,227 INFO sqlalchemy.engine.Engine [raw sql] ()
2025-11-18 13:41:50,227 INFO sqlalchemy.engine.Engine PRAGMA main.table_info("recommendation_feedback")
2025-11-18 13:41:50,227 INFO sqlalchemy.engine.Engine [raw sql] ()
2025-11-18 13:41:50,228 INFO sqlalchemy.engine.Engine PRAGMA main.table_info("model_versions")
2025-11-18 13:41:50,229 INFO sqlalchemy.engine.Engine [raw sql] ()
2025-11-18 13:41:50,230 INFO sqlalchemy.engine.Engine PRAGMA main.table_info("ab_test_experiments")
2025-11-18 13:41:50,230 INFO sqlalchemy.engine.Engine [raw sql] ()
2025-11-18 13:41:50,230 INFO sqlalchemy.engine.Engine PRAGMA main.table_info("prediction_logs")
2025-11-18 13:41:50,230 INFO sqlalchemy.engine.Engine [raw sql] ()
2025-11-18 13:41:50,230 INFO sqlalchemy.engine.Engine PRAGMA main.table_info("retraining_runs")
2025-11-18 13:41:50,230 INFO sqlalchemy.engine.Engine [raw sql] ()
2025-11-18 13:41:50,231 INFO sqlalchemy.engine.Engine COMMIT
2025-11-18 13:41:50,234 INFO sqlalchemy.engine.Engine INSERT INTO taxonomy_nodes (id, name, slug, parent_id, level, path, description, resource_count, descendant_resource_count, is_leaf, allow_resources) VALUES (?, ?, ?, ?, ?, ?, ?, ?, ?, ?, ?), (?, ?, ?, ?, ?, ?, ?, ?, ?, ?, ?) RETURNING created_at, updated_at, id
2025-11-18 13:41:50,234 INFO sqlalchemy.engine.Engine [generated in 0.00017s (insertmanyvalues) 1/1 (ordered)] ('51f3bdc2-b454-4517-a74a-7975434fbd4f', 'Computer Science', 'computer-science', None, 0, '/computer-science', None, 0, 0, False, True, '14e65e2f-fbd7-4793-b241-d049b8100f16', 'Machine Learning', 'machine-learning', '51f3bdc2-b454-4517-a74a-7975434fbd4f', 1, '/computer-science/machine-learning', None, 0, 0, True, True)
2025-11-18 13:41:50,237 INFO sqlalchemy.engine.Engine COMMIT
2025-11-18 13:41:50,242 INFO sqlalchemy.engine.Engine BEGIN (implicit)
2025-11-18 13:41:50,244 INFO sqlalchemy.engine.Engine SELECT taxonomy_nodes.id, taxonomy_nodes.name, taxonomy_nodes.slug, taxonomy_nodes.parent_id, taxonomy_nodes.level, taxonomy_nodes.path, taxonomy_nodes.description, taxonomy_nodes.keywords, taxonomy_nodes.resource_count, taxonomy_nodes.descendant_resource_count, taxonomy_nodes.is_leaf, taxonomy_nodes.allow_resources, taxonomy_nodes.created_at, taxonomy_nodes.updated_at 
FROM taxonomy_nodes 
WHERE taxonomy_nodes.id = ?
2025-11-18 13:41:50,244 INFO sqlalchemy.engine.Engine [generated in 0.00026s] ('51f3bdc2-b454-4517-a74a-7975434fbd4f',)
2025-11-18 13:41:50,246 INFO sqlalchemy.engine.Engine SELECT taxonomy_nodes.id, taxonomy_nodes.name, taxonomy_nodes.slug, taxonomy_nodes.parent_id, taxonomy_nodes.level, taxonomy_nodes.path, taxonomy_nodes.description, taxonomy_nodes.keywords, taxonomy_nodes.resource_count, taxonomy_nodes.descendant_resource_count, taxonomy_nodes.is_leaf, taxonomy_nodes.allow_resources, taxonomy_nodes.created_at, taxonomy_nodes.updated_at 
FROM taxonomy_nodes 
WHERE taxonomy_nodes.id = ?
2025-11-18 13:41:50,247 INFO sqlalchemy.engine.Engine [cached since 0.002942s ago] ('14e65e2f-fbd7-4793-b241-d049b8100f16',)
---------------------------- Captured stderr setup ----------------------------
2025-11-18 13:41:50,126 - sqlalchemy.engine.Engine - INFO - BEGIN (implicit)
2025-11-18 13:41:50,126 - sqlalchemy.engine.Engine - INFO - PRAGMA main.table_info("resources")
2025-11-18 13:41:50,126 - sqlalchemy.engine.Engine - INFO - [raw sql] ()
2025-11-18 13:41:50,127 - sqlalchemy.engine.Engine - INFO - PRAGMA main.table_info("classification_codes")
2025-11-18 13:41:50,127 - sqlalchemy.engine.Engine - INFO - [raw sql] ()
2025-11-18 13:41:50,127 - sqlalchemy.engine.Engine - INFO - PRAGMA main.table_info("authority_subjects")
2025-11-18 13:41:50,127 - sqlalchemy.engine.Engine - INFO - [raw sql] ()
2025-11-18 13:41:50,128 - sqlalchemy.engine.Engine - INFO - PRAGMA main.table_info("authority_creators")
2025-11-18 13:41:50,128 - sqlalchemy.engine.Engine - INFO - [raw sql] ()
2025-11-18 13:41:50,129 - sqlalchemy.engine.Engine - INFO - PRAGMA main.table_info("authority_publishers")
2025-11-18 13:41:50,129 - sqlalchemy.engine.Engine - INFO - [raw sql] ()
2025-11-18 13:41:50,129 - sqlalchemy.engine.Engine - INFO - PRAGMA main.table_info("citations")
2025-11-18 13:41:50,129 - sqlalchemy.engine.Engine - INFO - [raw sql] ()
2025-11-18 13:41:50,130 - sqlalchemy.engine.Engine - INFO - PRAGMA main.table_info("collection_resources")
2025-11-18 13:41:50,130 - sqlalchemy.engine.Engine - INFO - [raw sql] ()
2025-11-18 13:41:50,130 - sqlalchemy.engine.Engine - INFO - PRAGMA main.table_info("collections")
2025-11-18 13:41:50,130 - sqlalchemy.engine.Engine - INFO - [raw sql] ()
2025-11-18 13:41:50,130 - sqlalchemy.engine.Engine - INFO - PRAGMA main.table_info("taxonomy_nodes")
2025-11-18 13:41:50,130 - sqlalchemy.engine.Engine - INFO - [raw sql] ()
2025-11-18 13:41:50,130 - sqlalchemy.engine.Engine - INFO - PRAGMA main.table_info("resource_taxonomy")
2025-11-18 13:41:50,130 - sqlalchemy.engine.Engine - INFO - [raw sql] ()
2025-11-18 13:41:50,131 - sqlalchemy.engine.Engine - INFO - PRAGMA main.table_info("annotations")
2025-11-18 13:41:50,131 - sqlalchemy.engine.Engine - INFO - [raw sql] ()
2025-11-18 13:41:50,131 - sqlalchemy.engine.Engine - INFO - PRAGMA main.table_info("graph_edges")
2025-11-18 13:41:50,132 - sqlalchemy.engine.Engine - INFO - [raw sql] ()
2025-11-18 13:41:50,135 - sqlalchemy.engine.Engine - INFO - PRAGMA main.table_info("graph_embeddings")
2025-11-18 13:41:50,135 - sqlalchemy.engine.Engine - INFO - [raw sql] ()
2025-11-18 13:41:50,136 - sqlalchemy.engine.Engine - INFO - PRAGMA main.table_info("discovery_hypotheses")
2025-11-18 13:41:50,136 - sqlalchemy.engine.Engine - INFO - [raw sql] ()
2025-11-18 13:41:50,136 - sqlalchemy.engine.Engine - INFO - PRAGMA main.table_info("users")
2025-11-18 13:41:50,136 - sqlalchemy.engine.Engine - INFO - [raw sql] ()
2025-11-18 13:41:50,137 - sqlalchemy.engine.Engine - INFO - PRAGMA main.table_info("user_profiles")
2025-11-18 13:41:50,137 - sqlalchemy.engine.Engine - INFO - [raw sql] ()
2025-11-18 13:41:50,138 - sqlalchemy.engine.Engine - INFO - PRAGMA main.table_info("user_interactions")
2025-11-18 13:41:50,138 - sqlalchemy.engine.Engine - INFO - [raw sql] ()
2025-11-18 13:41:50,138 - sqlalchemy.engine.Engine - INFO - PRAGMA main.table_info("recommendation_feedback")
2025-11-18 13:41:50,138 - sqlalchemy.engine.Engine - INFO - [raw sql] ()
2025-11-18 13:41:50,138 - sqlalchemy.engine.Engine - INFO - PRAGMA main.table_info("model_versions")
2025-11-18 13:41:50,138 - sqlalchemy.engine.Engine - INFO - [raw sql] ()
2025-11-18 13:41:50,139 - sqlalchemy.engine.Engine - INFO - PRAGMA main.table_info("ab_test_experiments")
2025-11-18 13:41:50,139 - sqlalchemy.engine.Engine - INFO - [raw sql] ()
2025-11-18 13:41:50,139 - sqlalchemy.engine.Engine - INFO - PRAGMA main.table_info("prediction_logs")
2025-11-18 13:41:50,139 - sqlalchemy.engine.Engine - INFO - [raw sql] ()
2025-11-18 13:41:50,139 - sqlalchemy.engine.Engine - INFO - PRAGMA main.table_info("retraining_runs")
2025-11-18 13:41:50,139 - sqlalchemy.engine.Engine - INFO - [raw sql] ()
2025-11-18 13:41:50,139 - sqlalchemy.engine.Engine - INFO - COMMIT
2025-11-18 13:41:50,140 - sqlalchemy.engine.Engine - INFO - BEGIN (implicit)
2025-11-18 13:41:50,140 - sqlalchemy.engine.Engine - INFO - PRAGMA main.table_info("resources")
2025-11-18 13:41:50,140 - sqlalchemy.engine.Engine - INFO - [raw sql] ()
2025-11-18 13:41:50,140 - sqlalchemy.engine.Engine - INFO - PRAGMA main.table_info("classification_codes")
2025-11-18 13:41:50,141 - sqlalchemy.engine.Engine - INFO - [raw sql] ()
2025-11-18 13:41:50,143 - sqlalchemy.engine.Engine - INFO - PRAGMA main.table_info("authority_subjects")
2025-11-18 13:41:50,143 - sqlalchemy.engine.Engine - INFO - [raw sql] ()
2025-11-18 13:41:50,143 - sqlalchemy.engine.Engine - INFO - PRAGMA main.table_info("authority_creators")
2025-11-18 13:41:50,143 - sqlalchemy.engine.Engine - INFO - [raw sql] ()
2025-11-18 13:41:50,144 - sqlalchemy.engine.Engine - INFO - PRAGMA main.table_info("authority_publishers")
2025-11-18 13:41:50,144 - sqlalchemy.engine.Engine - INFO - [raw sql] ()
2025-11-18 13:41:50,144 - sqlalchemy.engine.Engine - INFO - PRAGMA main.table_info("citations")
2025-11-18 13:41:50,144 - sqlalchemy.engine.Engine - INFO - [raw sql] ()
2025-11-18 13:41:50,145 - sqlalchemy.engine.Engine - INFO - PRAGMA main.table_info("collection_resources")
2025-11-18 13:41:50,146 - sqlalchemy.engine.Engine - INFO - [raw sql] ()
2025-11-18 13:41:50,146 - sqlalchemy.engine.Engine - INFO - PRAGMA main.table_info("collections")
2025-11-18 13:41:50,146 - sqlalchemy.engine.Engine - INFO - [raw sql] ()
2025-11-18 13:41:50,146 - sqlalchemy.engine.Engine - INFO - PRAGMA main.table_info("taxonomy_nodes")
2025-11-18 13:41:50,146 - sqlalchemy.engine.Engine - INFO - [raw sql] ()
2025-11-18 13:41:50,146 - sqlalchemy.engine.Engine - INFO - PRAGMA main.table_info("resource_taxonomy")
2025-11-18 13:41:50,146 - sqlalchemy.engine.Engine - INFO - [raw sql] ()
2025-11-18 13:41:50,146 - sqlalchemy.engine.Engine - INFO - PRAGMA main.table_info("annotations")
2025-11-18 13:41:50,147 - sqlalchemy.engine.Engine - INFO - [raw sql] ()
2025-11-18 13:41:50,147 - sqlalchemy.engine.Engine - INFO - PRAGMA main.table_info("graph_edges")
2025-11-18 13:41:50,147 - sqlalchemy.engine.Engine - INFO - [raw sql] ()
2025-11-18 13:41:50,147 - sqlalchemy.engine.Engine - INFO - PRAGMA main.table_info("graph_embeddings")
2025-11-18 13:41:50,147 - sqlalchemy.engine.Engine - INFO - [raw sql] ()
2025-11-18 13:41:50,147 - sqlalchemy.engine.Engine - INFO - PRAGMA main.table_info("discovery_hypotheses")
2025-11-18 13:41:50,148 - sqlalchemy.engine.Engine - INFO - [raw sql] ()
2025-11-18 13:41:50,148 - sqlalchemy.engine.Engine - INFO - PRAGMA main.table_info("users")
2025-11-18 13:41:50,148 - sqlalchemy.engine.Engine - INFO - [raw sql] ()
2025-11-18 13:41:50,148 - sqlalchemy.engine.Engine - INFO - PRAGMA main.table_info("user_profiles")
2025-11-18 13:41:50,149 - sqlalchemy.engine.Engine - INFO - [raw sql] ()
2025-11-18 13:41:50,150 - sqlalchemy.engine.Engine - INFO - PRAGMA main.table_info("user_interactions")
2025-11-18 13:41:50,151 - sqlalchemy.engine.Engine - INFO - [raw sql] ()
2025-11-18 13:41:50,151 - sqlalchemy.engine.Engine - INFO - PRAGMA main.table_info("recommendation_feedback")
2025-11-18 13:41:50,151 - sqlalchemy.engine.Engine - INFO - [raw sql] ()
2025-11-18 13:41:50,151 - sqlalchemy.engine.Engine - INFO - PRAGMA main.table_info("model_versions")
2025-11-18 13:41:50,151 - sqlalchemy.engine.Engine - INFO - [raw sql] ()
2025-11-18 13:41:50,151 - sqlalchemy.engine.Engine - INFO - PRAGMA main.table_info("ab_test_experiments")
2025-11-18 13:41:50,152 - sqlalchemy.engine.Engine - INFO - [raw sql] ()
2025-11-18 13:41:50,152 - sqlalchemy.engine.Engine - INFO - PRAGMA main.table_info("prediction_logs")
2025-11-18 13:41:50,152 - sqlalchemy.engine.Engine - INFO - [raw sql] ()
2025-11-18 13:41:50,152 - sqlalchemy.engine.Engine - INFO - PRAGMA main.table_info("retraining_runs")
2025-11-18 13:41:50,152 - sqlalchemy.engine.Engine - INFO - [raw sql] ()
2025-11-18 13:41:50,152 - sqlalchemy.engine.Engine - INFO - COMMIT
2025-11-18 13:41:50,153 - sqlalchemy.engine.Engine - INFO - BEGIN (implicit)
2025-11-18 13:41:50,156 - sqlalchemy.engine.Engine - INFO - INSERT INTO resources (id, title, description, creator, publisher, contributor, date_created, date_modified, type, format, identifier, source, language, coverage, rights, subject, relation, classification_code, read_status, quality_score, ingestion_status, ingestion_error, ingestion_started_at, ingestion_completed_at, embedding, sparse_embedding, sparse_embedding_model, sparse_embedding_updated_at, authors, affiliations, doi, pmid, arxiv_id, isbn, journal, conference, volume, issue, pages, publication_year, funding_sources, acknowledgments, equation_count, table_count, figure_count, reference_count, equations, tables, figures, metadata_completeness_score, extraction_confidence, requires_manual_review, quality_accuracy, quality_completeness, quality_consistency, quality_timeliness, quality_relevance, quality_overall, quality_weights, quality_last_computed, quality_computation_version, is_quality_outlier, outlier_score, outlier_reasons, needs_quality_review, summary_coherence, summary_consistency, summary_fluency, summary_relevance, is_ocr_processed, ocr_confidence, ocr_corrections_applied) VALUES (?, ?, ?, ?, ?, ?, ?, ?, ?, ?, ?, ?, ?, ?, ?, ?, ?, ?, ?, ?, ?, ?, ?, ?, ?, ?, ?, ?, ?, ?, ?, ?, ?, ?, ?, ?, ?, ?, ?, ?, ?, ?, ?, ?, ?, ?, ?, ?, ?, ?, ?, ?, ?, ?, ?, ?, ?, ?, ?, ?, ?, ?, ?, ?, ?, ?, ?, ?, ?, ?, ?, ?) RETURNING created_at, updated_at
2025-11-18 13:41:50,156 - sqlalchemy.engine.Engine - INFO - [generated in 0.00053s] ('fd2bfaba-7d40-41b9-a3cf-87f32b875cd2', 'Test Resource', 'A test resource for classification', None, None, None, None, None, None, None, None, 'https://example.com/test', None, None, None, '[]', '[]', None, 'unread', 0.0, 'pending', None, None, None, '[]', None, None, None, None, None, None, None, None, None, None, None, None, None, None, None, None, None, 0, 0, 0, None, None, None, None, None, None, 0, None, None, None, None, None, None, None, None, None, 0, None, None, 0, None, None, None, None, 0, None, None)
2025-11-18 13:41:50,159 - sqlalchemy.engine.Engine - INFO - COMMIT
2025-11-18 13:41:50,165 - sqlalchemy.engine.Engine - INFO - BEGIN (implicit)
2025-11-18 13:41:50,168 - sqlalchemy.engine.Engine - INFO - SELECT resources.id, resources.title, resources.description, resources.creator, resources.publisher, resources.contributor, resources.date_created, resources.date_modified, resources.type, resources.format, resources.identifier, resources.source, resources.language, resources.coverage, resources.rights, resources.subject, resources.relation, resources.classification_code, resources.read_status, resources.quality_score, resources.ingestion_status, resources.ingestion_error, resources.ingestion_started_at, resources.ingestion_completed_at, resources.embedding, resources.sparse_embedding, resources.sparse_embedding_model, resources.sparse_embedding_updated_at, resources.authors, resources.affiliations, resources.doi, resources.pmid, resources.arxiv_id, resources.isbn, resources.journal, resources.conference, resources.volume, resources.issue, resources.pages, resources.publication_year, resources.funding_sources, resources.acknowledgments, resources.equation_count, resources.table_count, resources.figure_count, resources.reference_count, resources.equations, resources.tables, resources.figures, resources.metadata_completeness_score, resources.extraction_confidence, resources.requires_manual_review, resources.quality_accuracy, resources.quality_completeness, resources.quality_consistency, resources.quality_timeliness, resources.quality_relevance, resources.quality_overall, resources.quality_weights, resources.quality_last_computed, resources.quality_computation_version, resources.is_quality_outlier, resources.outlier_score, resources.outlier_reasons, resources.needs_quality_review, resources.summary_coherence, resources.summary_consistency, resources.summary_fluency, resources.summary_relevance, resources.is_ocr_processed, resources.ocr_confidence, resources.ocr_corrections_applied, resources.created_at, resources.updated_at 
FROM resources 
WHERE resources.id = ?
2025-11-18 13:41:50,168 - sqlalchemy.engine.Engine - INFO - [generated in 0.00035s] ('fd2bfaba-7d40-41b9-a3cf-87f32b875cd2',)
2025-11-18 13:41:50,192 - sqlalchemy.engine.Engine - INFO - BEGIN (implicit)
2025-11-18 13:41:50,192 - sqlalchemy.engine.Engine - INFO - PRAGMA main.table_info("resources")
2025-11-18 13:41:50,192 - sqlalchemy.engine.Engine - INFO - [raw sql] ()
2025-11-18 13:41:50,194 - sqlalchemy.engine.Engine - INFO - PRAGMA main.table_info("classification_codes")
2025-11-18 13:41:50,194 - sqlalchemy.engine.Engine - INFO - [raw sql] ()
2025-11-18 13:41:50,194 - sqlalchemy.engine.Engine - INFO - PRAGMA main.table_info("authority_subjects")
2025-11-18 13:41:50,194 - sqlalchemy.engine.Engine - INFO - [raw sql] ()
2025-11-18 13:41:50,202 - sqlalchemy.engine.Engine - INFO - PRAGMA main.table_info("authority_creators")
2025-11-18 13:41:50,204 - sqlalchemy.engine.Engine - INFO - [raw sql] ()
2025-11-18 13:41:50,207 - sqlalchemy.engine.Engine - INFO - PRAGMA main.table_info("authority_publishers")
2025-11-18 13:41:50,209 - sqlalchemy.engine.Engine - INFO - [raw sql] ()
2025-11-18 13:41:50,210 - sqlalchemy.engine.Engine - INFO - PRAGMA main.table_info("citations")
2025-11-18 13:41:50,210 - sqlalchemy.engine.Engine - INFO - [raw sql] ()
2025-11-18 13:41:50,211 - sqlalchemy.engine.Engine - INFO - PRAGMA main.table_info("collection_resources")
2025-11-18 13:41:50,211 - sqlalchemy.engine.Engine - INFO - [raw sql] ()
2025-11-18 13:41:50,211 - sqlalchemy.engine.Engine - INFO - PRAGMA main.table_info("collections")
2025-11-18 13:41:50,212 - sqlalchemy.engine.Engine - INFO - [raw sql] ()
2025-11-18 13:41:50,213 - sqlalchemy.engine.Engine - INFO - PRAGMA main.table_info("taxonomy_nodes")
2025-11-18 13:41:50,213 - sqlalchemy.engine.Engine - INFO - [raw sql] ()
2025-11-18 13:41:50,213 - sqlalchemy.engine.Engine - INFO - PRAGMA main.table_info("resource_taxonomy")
2025-11-18 13:41:50,213 - sqlalchemy.engine.Engine - INFO - [raw sql] ()
2025-11-18 13:41:50,214 - sqlalchemy.engine.Engine - INFO - PRAGMA main.table_info("annotations")
2025-11-18 13:41:50,214 - sqlalchemy.engine.Engine - INFO - [raw sql] ()
2025-11-18 13:41:50,214 - sqlalchemy.engine.Engine - INFO - PRAGMA main.table_info("graph_edges")
2025-11-18 13:41:50,214 - sqlalchemy.engine.Engine - INFO - [raw sql] ()
2025-11-18 13:41:50,214 - sqlalchemy.engine.Engine - INFO - PRAGMA main.table_info("graph_embeddings")
2025-11-18 13:41:50,214 - sqlalchemy.engine.Engine - INFO - [raw sql] ()
2025-11-18 13:41:50,215 - sqlalchemy.engine.Engine - INFO - PRAGMA main.table_info("discovery_hypotheses")
2025-11-18 13:41:50,215 - sqlalchemy.engine.Engine - INFO - [raw sql] ()
2025-11-18 13:41:50,215 - sqlalchemy.engine.Engine - INFO - PRAGMA main.table_info("users")
2025-11-18 13:41:50,215 - sqlalchemy.engine.Engine - INFO - [raw sql] ()
2025-11-18 13:41:50,216 - sqlalchemy.engine.Engine - INFO - PRAGMA main.table_info("user_profiles")
2025-11-18 13:41:50,216 - sqlalchemy.engine.Engine - INFO - [raw sql] ()
2025-11-18 13:41:50,216 - sqlalchemy.engine.Engine - INFO - PRAGMA main.table_info("user_interactions")
2025-11-18 13:41:50,217 - sqlalchemy.engine.Engine - INFO - [raw sql] ()
2025-11-18 13:41:50,217 - sqlalchemy.engine.Engine - INFO - PRAGMA main.table_info("recommendation_feedback")
2025-11-18 13:41:50,217 - sqlalchemy.engine.Engine - INFO - [raw sql] ()
2025-11-18 13:41:50,217 - sqlalchemy.engine.Engine - INFO - PRAGMA main.table_info("model_versions")
2025-11-18 13:41:50,217 - sqlalchemy.engine.Engine - INFO - [raw sql] ()
2025-11-18 13:41:50,217 - sqlalchemy.engine.Engine - INFO - PRAGMA main.table_info("ab_test_experiments")
2025-11-18 13:41:50,217 - sqlalchemy.engine.Engine - INFO - [raw sql] ()
2025-11-18 13:41:50,217 - sqlalchemy.engine.Engine - INFO - PRAGMA main.table_info("prediction_logs")
2025-11-18 13:41:50,218 - sqlalchemy.engine.Engine - INFO - [raw sql] ()
2025-11-18 13:41:50,218 - sqlalchemy.engine.Engine - INFO - PRAGMA main.table_info("retraining_runs")
2025-11-18 13:41:50,218 - sqlalchemy.engine.Engine - INFO - [raw sql] ()
2025-11-18 13:41:50,218 - sqlalchemy.engine.Engine - INFO - COMMIT
2025-11-18 13:41:50,218 - sqlalchemy.engine.Engine - INFO - BEGIN (implicit)
2025-11-18 13:41:50,218 - sqlalchemy.engine.Engine - INFO - PRAGMA main.table_info("resources")
2025-11-18 13:41:50,218 - sqlalchemy.engine.Engine - INFO - [raw sql] ()
2025-11-18 13:41:50,219 - sqlalchemy.engine.Engine - INFO - PRAGMA main.table_info("classification_codes")
2025-11-18 13:41:50,219 - sqlalchemy.engine.Engine - INFO - [raw sql] ()
2025-11-18 13:41:50,219 - sqlalchemy.engine.Engine - INFO - PRAGMA main.table_info("authority_subjects")
2025-11-18 13:41:50,219 - sqlalchemy.engine.Engine - INFO - [raw sql] ()
2025-11-18 13:41:50,219 - sqlalchemy.engine.Engine - INFO - PRAGMA main.table_info("authority_creators")
2025-11-18 13:41:50,219 - sqlalchemy.engine.Engine - INFO - [raw sql] ()
2025-11-18 13:41:50,219 - sqlalchemy.engine.Engine - INFO - PRAGMA main.table_info("authority_publishers")
2025-11-18 13:41:50,221 - sqlalchemy.engine.Engine - INFO - [raw sql] ()
2025-11-18 13:41:50,221 - sqlalchemy.engine.Engine - INFO - PRAGMA main.table_info("citations")
2025-11-18 13:41:50,221 - sqlalchemy.engine.Engine - INFO - [raw sql] ()
2025-11-18 13:41:50,221 - sqlalchemy.engine.Engine - INFO - PRAGMA main.table_info("collection_resources")
2025-11-18 13:41:50,221 - sqlalchemy.engine.Engine - INFO - [raw sql] ()
2025-11-18 13:41:50,221 - sqlalchemy.engine.Engine - INFO - PRAGMA main.table_info("collections")
2025-11-18 13:41:50,221 - sqlalchemy.engine.Engine - INFO - [raw sql] ()
2025-11-18 13:41:50,222 - sqlalchemy.engine.Engine - INFO - PRAGMA main.table_info("taxonomy_nodes")
2025-11-18 13:41:50,222 - sqlalchemy.engine.Engine - INFO - [raw sql] ()
2025-11-18 13:41:50,222 - sqlalchemy.engine.Engine - INFO - PRAGMA main.table_info("resource_taxonomy")
2025-11-18 13:41:50,222 - sqlalchemy.engine.Engine - INFO - [raw sql] ()
2025-11-18 13:41:50,222 - sqlalchemy.engine.Engine - INFO - PRAGMA main.table_info("annotations")
2025-11-18 13:41:50,222 - sqlalchemy.engine.Engine - INFO - [raw sql] ()
2025-11-18 13:41:50,223 - sqlalchemy.engine.Engine - INFO - PRAGMA main.table_info("graph_edges")
2025-11-18 13:41:50,223 - sqlalchemy.engine.Engine - INFO - [raw sql] ()
2025-11-18 13:41:50,223 - sqlalchemy.engine.Engine - INFO - PRAGMA main.table_info("graph_embeddings")
2025-11-18 13:41:50,223 - sqlalchemy.engine.Engine - INFO - [raw sql] ()
2025-11-18 13:41:50,223 - sqlalchemy.engine.Engine - INFO - PRAGMA main.table_info("discovery_hypotheses")
2025-11-18 13:41:50,223 - sqlalchemy.engine.Engine - INFO - [raw sql] ()
2025-11-18 13:41:50,225 - sqlalchemy.engine.Engine - INFO - PRAGMA main.table_info("users")
2025-11-18 13:41:50,225 - sqlalchemy.engine.Engine - INFO - [raw sql] ()
2025-11-18 13:41:50,225 - sqlalchemy.engine.Engine - INFO - PRAGMA main.table_info("user_profiles")
2025-11-18 13:41:50,225 - sqlalchemy.engine.Engine - INFO - [raw sql] ()
2025-11-18 13:41:50,227 - sqlalchemy.engine.Engine - INFO - PRAGMA main.table_info("user_interactions")
2025-11-18 13:41:50,227 - sqlalchemy.engine.Engine - INFO - [raw sql] ()
2025-11-18 13:41:50,227 - sqlalchemy.engine.Engine - INFO - PRAGMA main.table_info("recommendation_feedback")
2025-11-18 13:41:50,227 - sqlalchemy.engine.Engine - INFO - [raw sql] ()
2025-11-18 13:41:50,228 - sqlalchemy.engine.Engine - INFO - PRAGMA main.table_info("model_versions")
2025-11-18 13:41:50,229 - sqlalchemy.engine.Engine - INFO - [raw sql] ()
2025-11-18 13:41:50,230 - sqlalchemy.engine.Engine - INFO - PRAGMA main.table_info("ab_test_experiments")
2025-11-18 13:41:50,230 - sqlalchemy.engine.Engine - INFO - [raw sql] ()
2025-11-18 13:41:50,230 - sqlalchemy.engine.Engine - INFO - PRAGMA main.table_info("prediction_logs")
2025-11-18 13:41:50,230 - sqlalchemy.engine.Engine - INFO - [raw sql] ()
2025-11-18 13:41:50,230 - sqlalchemy.engine.Engine - INFO - PRAGMA main.table_info("retraining_runs")
2025-11-18 13:41:50,230 - sqlalchemy.engine.Engine - INFO - [raw sql] ()
2025-11-18 13:41:50,231 - sqlalchemy.engine.Engine - INFO - COMMIT
2025-11-18 13:41:50,234 - sqlalchemy.engine.Engine - INFO - INSERT INTO taxonomy_nodes (id, name, slug, parent_id, level, path, description, resource_count, descendant_resource_count, is_leaf, allow_resources) VALUES (?, ?, ?, ?, ?, ?, ?, ?, ?, ?, ?), (?, ?, ?, ?, ?, ?, ?, ?, ?, ?, ?) RETURNING created_at, updated_at, id
2025-11-18 13:41:50,234 - sqlalchemy.engine.Engine - INFO - [generated in 0.00017s (insertmanyvalues) 1/1 (ordered)] ('51f3bdc2-b454-4517-a74a-7975434fbd4f', 'Computer Science', 'computer-science', None, 0, '/computer-science', None, 0, 0, False, True, '14e65e2f-fbd7-4793-b241-d049b8100f16', 'Machine Learning', 'machine-learning', '51f3bdc2-b454-4517-a74a-7975434fbd4f', 1, '/computer-science/machine-learning', None, 0, 0, True, True)
2025-11-18 13:41:50,237 - sqlalchemy.engine.Engine - INFO - COMMIT
2025-11-18 13:41:50,242 - sqlalchemy.engine.Engine - INFO - BEGIN (implicit)
2025-11-18 13:41:50,244 - sqlalchemy.engine.Engine - INFO - SELECT taxonomy_nodes.id, taxonomy_nodes.name, taxonomy_nodes.slug, taxonomy_nodes.parent_id, taxonomy_nodes.level, taxonomy_nodes.path, taxonomy_nodes.description, taxonomy_nodes.keywords, taxonomy_nodes.resource_count, taxonomy_nodes.descendant_resource_count, taxonomy_nodes.is_leaf, taxonomy_nodes.allow_resources, taxonomy_nodes.created_at, taxonomy_nodes.updated_at 
FROM taxonomy_nodes 
WHERE taxonomy_nodes.id = ?
2025-11-18 13:41:50,244 - sqlalchemy.engine.Engine - INFO - [generated in 0.00026s] ('51f3bdc2-b454-4517-a74a-7975434fbd4f',)
2025-11-18 13:41:50,246 - sqlalchemy.engine.Engine - INFO - SELECT taxonomy_nodes.id, taxonomy_nodes.name, taxonomy_nodes.slug, taxonomy_nodes.parent_id, taxonomy_nodes.level, taxonomy_nodes.path, taxonomy_nodes.description, taxonomy_nodes.keywords, taxonomy_nodes.resource_count, taxonomy_nodes.descendant_resource_count, taxonomy_nodes.is_leaf, taxonomy_nodes.allow_resources, taxonomy_nodes.created_at, taxonomy_nodes.updated_at 
FROM taxonomy_nodes 
WHERE taxonomy_nodes.id = ?
2025-11-18 13:41:50,247 - sqlalchemy.engine.Engine - INFO - [cached since 0.002942s ago] ('14e65e2f-fbd7-4793-b241-d049b8100f16',)
----------------------------- Captured log setup ------------------------------
INFO     sqlalchemy.engine.Engine:base.py:2702 BEGIN (implicit)
INFO     sqlalchemy.engine.Engine:base.py:1846 PRAGMA main.table_info("resources")
INFO     sqlalchemy.engine.Engine:base.py:1846 [raw sql] ()
INFO     sqlalchemy.engine.Engine:base.py:1846 PRAGMA main.table_info("classification_codes")
INFO     sqlalchemy.engine.Engine:base.py:1846 [raw sql] ()
INFO     sqlalchemy.engine.Engine:base.py:1846 PRAGMA main.table_info("authority_subjects")
INFO     sqlalchemy.engine.Engine:base.py:1846 [raw sql] ()
INFO     sqlalchemy.engine.Engine:base.py:1846 PRAGMA main.table_info("authority_creators")
INFO     sqlalchemy.engine.Engine:base.py:1846 [raw sql] ()
INFO     sqlalchemy.engine.Engine:base.py:1846 PRAGMA main.table_info("authority_publishers")
INFO     sqlalchemy.engine.Engine:base.py:1846 [raw sql] ()
INFO     sqlalchemy.engine.Engine:base.py:1846 PRAGMA main.table_info("citations")
INFO     sqlalchemy.engine.Engine:base.py:1846 [raw sql] ()
INFO     sqlalchemy.engine.Engine:base.py:1846 PRAGMA main.table_info("collection_resources")
INFO     sqlalchemy.engine.Engine:base.py:1846 [raw sql] ()
INFO     sqlalchemy.engine.Engine:base.py:1846 PRAGMA main.table_info("collections")
INFO     sqlalchemy.engine.Engine:base.py:1846 [raw sql] ()
INFO     sqlalchemy.engine.Engine:base.py:1846 PRAGMA main.table_info("taxonomy_nodes")
INFO     sqlalchemy.engine.Engine:base.py:1846 [raw sql] ()
INFO     sqlalchemy.engine.Engine:base.py:1846 PRAGMA main.table_info("resource_taxonomy")
INFO     sqlalchemy.engine.Engine:base.py:1846 [raw sql] ()
INFO     sqlalchemy.engine.Engine:base.py:1846 PRAGMA main.table_info("annotations")
INFO     sqlalchemy.engine.Engine:base.py:1846 [raw sql] ()
INFO     sqlalchemy.engine.Engine:base.py:1846 PRAGMA main.table_info("graph_edges")
INFO     sqlalchemy.engine.Engine:base.py:1846 [raw sql] ()
INFO     sqlalchemy.engine.Engine:base.py:1846 PRAGMA main.table_info("graph_embeddings")
INFO     sqlalchemy.engine.Engine:base.py:1846 [raw sql] ()
INFO     sqlalchemy.engine.Engine:base.py:1846 PRAGMA main.table_info("discovery_hypotheses")
INFO     sqlalchemy.engine.Engine:base.py:1846 [raw sql] ()
INFO     sqlalchemy.engine.Engine:base.py:1846 PRAGMA main.table_info("users")
INFO     sqlalchemy.engine.Engine:base.py:1846 [raw sql] ()
INFO     sqlalchemy.engine.Engine:base.py:1846 PRAGMA main.table_info("user_profiles")
INFO     sqlalchemy.engine.Engine:base.py:1846 [raw sql] ()
INFO     sqlalchemy.engine.Engine:base.py:1846 PRAGMA main.table_info("user_interactions")
INFO     sqlalchemy.engine.Engine:base.py:1846 [raw sql] ()
INFO     sqlalchemy.engine.Engine:base.py:1846 PRAGMA main.table_info("recommendation_feedback")
INFO     sqlalchemy.engine.Engine:base.py:1846 [raw sql] ()
INFO     sqlalchemy.engine.Engine:base.py:1846 PRAGMA main.table_info("model_versions")
INFO     sqlalchemy.engine.Engine:base.py:1846 [raw sql] ()
INFO     sqlalchemy.engine.Engine:base.py:1846 PRAGMA main.table_info("ab_test_experiments")
INFO     sqlalchemy.engine.Engine:base.py:1846 [raw sql] ()
INFO     sqlalchemy.engine.Engine:base.py:1846 PRAGMA main.table_info("prediction_logs")
INFO     sqlalchemy.engine.Engine:base.py:1846 [raw sql] ()
INFO     sqlalchemy.engine.Engine:base.py:1846 PRAGMA main.table_info("retraining_runs")
INFO     sqlalchemy.engine.Engine:base.py:1846 [raw sql] ()
INFO     sqlalchemy.engine.Engine:base.py:2708 COMMIT
INFO     sqlalchemy.engine.Engine:base.py:2702 BEGIN (implicit)
INFO     sqlalchemy.engine.Engine:base.py:1846 PRAGMA main.table_info("resources")
INFO     sqlalchemy.engine.Engine:base.py:1846 [raw sql] ()
INFO     sqlalchemy.engine.Engine:base.py:1846 PRAGMA main.table_info("classification_codes")
INFO     sqlalchemy.engine.Engine:base.py:1846 [raw sql] ()
INFO     sqlalchemy.engine.Engine:base.py:1846 PRAGMA main.table_info("authority_subjects")
INFO     sqlalchemy.engine.Engine:base.py:1846 [raw sql] ()
INFO     sqlalchemy.engine.Engine:base.py:1846 PRAGMA main.table_info("authority_creators")
INFO     sqlalchemy.engine.Engine:base.py:1846 [raw sql] ()
INFO     sqlalchemy.engine.Engine:base.py:1846 PRAGMA main.table_info("authority_publishers")
INFO     sqlalchemy.engine.Engine:base.py:1846 [raw sql] ()
INFO     sqlalchemy.engine.Engine:base.py:1846 PRAGMA main.table_info("citations")
INFO     sqlalchemy.engine.Engine:base.py:1846 [raw sql] ()
INFO     sqlalchemy.engine.Engine:base.py:1846 PRAGMA main.table_info("collection_resources")
INFO     sqlalchemy.engine.Engine:base.py:1846 [raw sql] ()
INFO     sqlalchemy.engine.Engine:base.py:1846 PRAGMA main.table_info("collections")
INFO     sqlalchemy.engine.Engine:base.py:1846 [raw sql] ()
INFO     sqlalchemy.engine.Engine:base.py:1846 PRAGMA main.table_info("taxonomy_nodes")
INFO     sqlalchemy.engine.Engine:base.py:1846 [raw sql] ()
INFO     sqlalchemy.engine.Engine:base.py:1846 PRAGMA main.table_info("resource_taxonomy")
INFO     sqlalchemy.engine.Engine:base.py:1846 [raw sql] ()
INFO     sqlalchemy.engine.Engine:base.py:1846 PRAGMA main.table_info("annotations")
INFO     sqlalchemy.engine.Engine:base.py:1846 [raw sql] ()
INFO     sqlalchemy.engine.Engine:base.py:1846 PRAGMA main.table_info("graph_edges")
INFO     sqlalchemy.engine.Engine:base.py:1846 [raw sql] ()
INFO     sqlalchemy.engine.Engine:base.py:1846 PRAGMA main.table_info("graph_embeddings")
INFO     sqlalchemy.engine.Engine:base.py:1846 [raw sql] ()
INFO     sqlalchemy.engine.Engine:base.py:1846 PRAGMA main.table_info("discovery_hypotheses")
INFO     sqlalchemy.engine.Engine:base.py:1846 [raw sql] ()
INFO     sqlalchemy.engine.Engine:base.py:1846 PRAGMA main.table_info("users")
INFO     sqlalchemy.engine.Engine:base.py:1846 [raw sql] ()
INFO     sqlalchemy.engine.Engine:base.py:1846 PRAGMA main.table_info("user_profiles")
INFO     sqlalchemy.engine.Engine:base.py:1846 [raw sql] ()
INFO     sqlalchemy.engine.Engine:base.py:1846 PRAGMA main.table_info("user_interactions")
INFO     sqlalchemy.engine.Engine:base.py:1846 [raw sql] ()
INFO     sqlalchemy.engine.Engine:base.py:1846 PRAGMA main.table_info("recommendation_feedback")
INFO     sqlalchemy.engine.Engine:base.py:1846 [raw sql] ()
INFO     sqlalchemy.engine.Engine:base.py:1846 PRAGMA main.table_info("model_versions")
INFO     sqlalchemy.engine.Engine:base.py:1846 [raw sql] ()
INFO     sqlalchemy.engine.Engine:base.py:1846 PRAGMA main.table_info("ab_test_experiments")
INFO     sqlalchemy.engine.Engine:base.py:1846 [raw sql] ()
INFO     sqlalchemy.engine.Engine:base.py:1846 PRAGMA main.table_info("prediction_logs")
INFO     sqlalchemy.engine.Engine:base.py:1846 [raw sql] ()
INFO     sqlalchemy.engine.Engine:base.py:1846 PRAGMA main.table_info("retraining_runs")
INFO     sqlalchemy.engine.Engine:base.py:1846 [raw sql] ()
INFO     sqlalchemy.engine.Engine:base.py:2708 COMMIT
INFO     sqlalchemy.engine.Engine:base.py:2702 BEGIN (implicit)
INFO     sqlalchemy.engine.Engine:base.py:1846 INSERT INTO resources (id, title, description, creator, publisher, contributor, date_created, date_modified, type, format, identifier, source, language, coverage, rights, subject, relation, classification_code, read_status, quality_score, ingestion_status, ingestion_error, ingestion_started_at, ingestion_completed_at, embedding, sparse_embedding, sparse_embedding_model, sparse_embedding_updated_at, authors, affiliations, doi, pmid, arxiv_id, isbn, journal, conference, volume, issue, pages, publication_year, funding_sources, acknowledgments, equation_count, table_count, figure_count, reference_count, equations, tables, figures, metadata_completeness_score, extraction_confidence, requires_manual_review, quality_accuracy, quality_completeness, quality_consistency, quality_timeliness, quality_relevance, quality_overall, quality_weights, quality_last_computed, quality_computation_version, is_quality_outlier, outlier_score, outlier_reasons, needs_quality_review, summary_coherence, summary_consistency, summary_fluency, summary_relevance, is_ocr_processed, ocr_confidence, ocr_corrections_applied) VALUES (?, ?, ?, ?, ?, ?, ?, ?, ?, ?, ?, ?, ?, ?, ?, ?, ?, ?, ?, ?, ?, ?, ?, ?, ?, ?, ?, ?, ?, ?, ?, ?, ?, ?, ?, ?, ?, ?, ?, ?, ?, ?, ?, ?, ?, ?, ?, ?, ?, ?, ?, ?, ?, ?, ?, ?, ?, ?, ?, ?, ?, ?, ?, ?, ?, ?, ?, ?, ?, ?, ?, ?) RETURNING created_at, updated_at
INFO     sqlalchemy.engine.Engine:base.py:1846 [generated in 0.00053s] ('fd2bfaba-7d40-41b9-a3cf-87f32b875cd2', 'Test Resource', 'A test resource for classification', None, None, None, None, None, None, None, None, 'https://example.com/test', None, None, None, '[]', '[]', None, 'unread', 0.0, 'pending', None, None, None, '[]', None, None, None, None, None, None, None, None, None, None, None, None, None, None, None, None, None, 0, 0, 0, None, None, None, None, None, None, 0, None, None, None, None, None, None, None, None, None, 0, None, None, 0, None, None, None, None, 0, None, None)
INFO     sqlalchemy.engine.Engine:base.py:2708 COMMIT
INFO     sqlalchemy.engine.Engine:base.py:2702 BEGIN (implicit)
INFO     sqlalchemy.engine.Engine:base.py:1846 SELECT resources.id, resources.title, resources.description, resources.creator, resources.publisher, resources.contributor, resources.date_created, resources.date_modified, resources.type, resources.format, resources.identifier, resources.source, resources.language, resources.coverage, resources.rights, resources.subject, resources.relation, resources.classification_code, resources.read_status, resources.quality_score, resources.ingestion_status, resources.ingestion_error, resources.ingestion_started_at, resources.ingestion_completed_at, resources.embedding, resources.sparse_embedding, resources.sparse_embedding_model, resources.sparse_embedding_updated_at, resources.authors, resources.affiliations, resources.doi, resources.pmid, resources.arxiv_id, resources.isbn, resources.journal, resources.conference, resources.volume, resources.issue, resources.pages, resources.publication_year, resources.funding_sources, resources.acknowledgments, resources.equation_count, resources.table_count, resources.figure_count, resources.reference_count, resources.equations, resources.tables, resources.figures, resources.metadata_completeness_score, resources.extraction_confidence, resources.requires_manual_review, resources.quality_accuracy, resources.quality_completeness, resources.quality_consistency, resources.quality_timeliness, resources.quality_relevance, resources.quality_overall, resources.quality_weights, resources.quality_last_computed, resources.quality_computation_version, resources.is_quality_outlier, resources.outlier_score, resources.outlier_reasons, resources.needs_quality_review, resources.summary_coherence, resources.summary_consistency, resources.summary_fluency, resources.summary_relevance, resources.is_ocr_processed, resources.ocr_confidence, resources.ocr_corrections_applied, resources.created_at, resources.updated_at 
FROM resources 
WHERE resources.id = ?
INFO     sqlalchemy.engine.Engine:base.py:1846 [generated in 0.00035s] ('fd2bfaba-7d40-41b9-a3cf-87f32b875cd2',)
INFO     sqlalchemy.engine.Engine:base.py:2702 BEGIN (implicit)
INFO     sqlalchemy.engine.Engine:base.py:1846 PRAGMA main.table_info("resources")
INFO     sqlalchemy.engine.Engine:base.py:1846 [raw sql] ()
INFO     sqlalchemy.engine.Engine:base.py:1846 PRAGMA main.table_info("classification_codes")
INFO     sqlalchemy.engine.Engine:base.py:1846 [raw sql] ()
INFO     sqlalchemy.engine.Engine:base.py:1846 PRAGMA main.table_info("authority_subjects")
INFO     sqlalchemy.engine.Engine:base.py:1846 [raw sql] ()
INFO     sqlalchemy.engine.Engine:base.py:1846 PRAGMA main.table_info("authority_creators")
INFO     sqlalchemy.engine.Engine:base.py:1846 [raw sql] ()
INFO     sqlalchemy.engine.Engine:base.py:1846 PRAGMA main.table_info("authority_publishers")
INFO     sqlalchemy.engine.Engine:base.py:1846 [raw sql] ()
INFO     sqlalchemy.engine.Engine:base.py:1846 PRAGMA main.table_info("citations")
INFO     sqlalchemy.engine.Engine:base.py:1846 [raw sql] ()
INFO     sqlalchemy.engine.Engine:base.py:1846 PRAGMA main.table_info("collection_resources")
INFO     sqlalchemy.engine.Engine:base.py:1846 [raw sql] ()
INFO     sqlalchemy.engine.Engine:base.py:1846 PRAGMA main.table_info("collections")
INFO     sqlalchemy.engine.Engine:base.py:1846 [raw sql] ()
INFO     sqlalchemy.engine.Engine:base.py:1846 PRAGMA main.table_info("taxonomy_nodes")
INFO     sqlalchemy.engine.Engine:base.py:1846 [raw sql] ()
INFO     sqlalchemy.engine.Engine:base.py:1846 PRAGMA main.table_info("resource_taxonomy")
INFO     sqlalchemy.engine.Engine:base.py:1846 [raw sql] ()
INFO     sqlalchemy.engine.Engine:base.py:1846 PRAGMA main.table_info("annotations")
INFO     sqlalchemy.engine.Engine:base.py:1846 [raw sql] ()
INFO     sqlalchemy.engine.Engine:base.py:1846 PRAGMA main.table_info("graph_edges")
INFO     sqlalchemy.engine.Engine:base.py:1846 [raw sql] ()
INFO     sqlalchemy.engine.Engine:base.py:1846 PRAGMA main.table_info("graph_embeddings")
INFO     sqlalchemy.engine.Engine:base.py:1846 [raw sql] ()
INFO     sqlalchemy.engine.Engine:base.py:1846 PRAGMA main.table_info("discovery_hypotheses")
INFO     sqlalchemy.engine.Engine:base.py:1846 [raw sql] ()
INFO     sqlalchemy.engine.Engine:base.py:1846 PRAGMA main.table_info("users")
INFO     sqlalchemy.engine.Engine:base.py:1846 [raw sql] ()
INFO     sqlalchemy.engine.Engine:base.py:1846 PRAGMA main.table_info("user_profiles")
INFO     sqlalchemy.engine.Engine:base.py:1846 [raw sql] ()
INFO     sqlalchemy.engine.Engine:base.py:1846 PRAGMA main.table_info("user_interactions")
INFO     sqlalchemy.engine.Engine:base.py:1846 [raw sql] ()
INFO     sqlalchemy.engine.Engine:base.py:1846 PRAGMA main.table_info("recommendation_feedback")
INFO     sqlalchemy.engine.Engine:base.py:1846 [raw sql] ()
INFO     sqlalchemy.engine.Engine:base.py:1846 PRAGMA main.table_info("model_versions")
INFO     sqlalchemy.engine.Engine:base.py:1846 [raw sql] ()
INFO     sqlalchemy.engine.Engine:base.py:1846 PRAGMA main.table_info("ab_test_experiments")
INFO     sqlalchemy.engine.Engine:base.py:1846 [raw sql] ()
INFO     sqlalchemy.engine.Engine:base.py:1846 PRAGMA main.table_info("prediction_logs")
INFO     sqlalchemy.engine.Engine:base.py:1846 [raw sql] ()
INFO     sqlalchemy.engine.Engine:base.py:1846 PRAGMA main.table_info("retraining_runs")
INFO     sqlalchemy.engine.Engine:base.py:1846 [raw sql] ()
INFO     sqlalchemy.engine.Engine:base.py:2708 COMMIT
INFO     sqlalchemy.engine.Engine:base.py:2702 BEGIN (implicit)
INFO     sqlalchemy.engine.Engine:base.py:1846 PRAGMA main.table_info("resources")
INFO     sqlalchemy.engine.Engine:base.py:1846 [raw sql] ()
INFO     sqlalchemy.engine.Engine:base.py:1846 PRAGMA main.table_info("classification_codes")
INFO     sqlalchemy.engine.Engine:base.py:1846 [raw sql] ()
INFO     sqlalchemy.engine.Engine:base.py:1846 PRAGMA main.table_info("authority_subjects")
INFO     sqlalchemy.engine.Engine:base.py:1846 [raw sql] ()
INFO     sqlalchemy.engine.Engine:base.py:1846 PRAGMA main.table_info("authority_creators")
INFO     sqlalchemy.engine.Engine:base.py:1846 [raw sql] ()
INFO     sqlalchemy.engine.Engine:base.py:1846 PRAGMA main.table_info("authority_publishers")
INFO     sqlalchemy.engine.Engine:base.py:1846 [raw sql] ()
INFO     sqlalchemy.engine.Engine:base.py:1846 PRAGMA main.table_info("citations")
INFO     sqlalchemy.engine.Engine:base.py:1846 [raw sql] ()
INFO     sqlalchemy.engine.Engine:base.py:1846 PRAGMA main.table_info("collection_resources")
INFO     sqlalchemy.engine.Engine:base.py:1846 [raw sql] ()
INFO     sqlalchemy.engine.Engine:base.py:1846 PRAGMA main.table_info("collections")
INFO     sqlalchemy.engine.Engine:base.py:1846 [raw sql] ()
INFO     sqlalchemy.engine.Engine:base.py:1846 PRAGMA main.table_info("taxonomy_nodes")
INFO     sqlalchemy.engine.Engine:base.py:1846 [raw sql] ()
INFO     sqlalchemy.engine.Engine:base.py:1846 PRAGMA main.table_info("resource_taxonomy")
INFO     sqlalchemy.engine.Engine:base.py:1846 [raw sql] ()
INFO     sqlalchemy.engine.Engine:base.py:1846 PRAGMA main.table_info("annotations")
INFO     sqlalchemy.engine.Engine:base.py:1846 [raw sql] ()
INFO     sqlalchemy.engine.Engine:base.py:1846 PRAGMA main.table_info("graph_edges")
INFO     sqlalchemy.engine.Engine:base.py:1846 [raw sql] ()
INFO     sqlalchemy.engine.Engine:base.py:1846 PRAGMA main.table_info("graph_embeddings")
INFO     sqlalchemy.engine.Engine:base.py:1846 [raw sql] ()
INFO     sqlalchemy.engine.Engine:base.py:1846 PRAGMA main.table_info("discovery_hypotheses")
INFO     sqlalchemy.engine.Engine:base.py:1846 [raw sql] ()
INFO     sqlalchemy.engine.Engine:base.py:1846 PRAGMA main.table_info("users")
INFO     sqlalchemy.engine.Engine:base.py:1846 [raw sql] ()
INFO     sqlalchemy.engine.Engine:base.py:1846 PRAGMA main.table_info("user_profiles")
INFO     sqlalchemy.engine.Engine:base.py:1846 [raw sql] ()
INFO     sqlalchemy.engine.Engine:base.py:1846 PRAGMA main.table_info("user_interactions")
INFO     sqlalchemy.engine.Engine:base.py:1846 [raw sql] ()
INFO     sqlalchemy.engine.Engine:base.py:1846 PRAGMA main.table_info("recommendation_feedback")
INFO     sqlalchemy.engine.Engine:base.py:1846 [raw sql] ()
INFO     sqlalchemy.engine.Engine:base.py:1846 PRAGMA main.table_info("model_versions")
INFO     sqlalchemy.engine.Engine:base.py:1846 [raw sql] ()
INFO     sqlalchemy.engine.Engine:base.py:1846 PRAGMA main.table_info("ab_test_experiments")
INFO     sqlalchemy.engine.Engine:base.py:1846 [raw sql] ()
INFO     sqlalchemy.engine.Engine:base.py:1846 PRAGMA main.table_info("prediction_logs")
INFO     sqlalchemy.engine.Engine:base.py:1846 [raw sql] ()
INFO     sqlalchemy.engine.Engine:base.py:1846 PRAGMA main.table_info("retraining_runs")
INFO     sqlalchemy.engine.Engine:base.py:1846 [raw sql] ()
INFO     sqlalchemy.engine.Engine:base.py:2708 COMMIT
INFO     sqlalchemy.engine.Engine:base.py:1844 INSERT INTO taxonomy_nodes (id, name, slug, parent_id, level, path, description, resource_count, descendant_resource_count, is_leaf, allow_resources) VALUES (?, ?, ?, ?, ?, ?, ?, ?, ?, ?, ?), (?, ?, ?, ?, ?, ?, ?, ?, ?, ?, ?) RETURNING created_at, updated_at, id
INFO     sqlalchemy.engine.Engine:base.py:1844 [generated in 0.00017s (insertmanyvalues) 1/1 (ordered)] ('51f3bdc2-b454-4517-a74a-7975434fbd4f', 'Computer Science', 'computer-science', None, 0, '/computer-science', None, 0, 0, False, True, '14e65e2f-fbd7-4793-b241-d049b8100f16', 'Machine Learning', 'machine-learning', '51f3bdc2-b454-4517-a74a-7975434fbd4f', 1, '/computer-science/machine-learning', None, 0, 0, True, True)
INFO     sqlalchemy.engine.Engine:base.py:2708 COMMIT
INFO     sqlalchemy.engine.Engine:base.py:2702 BEGIN (implicit)
INFO     sqlalchemy.engine.Engine:base.py:1846 SELECT taxonomy_nodes.id, taxonomy_nodes.name, taxonomy_nodes.slug, taxonomy_nodes.parent_id, taxonomy_nodes.level, taxonomy_nodes.path, taxonomy_nodes.description, taxonomy_nodes.keywords, taxonomy_nodes.resource_count, taxonomy_nodes.descendant_resource_count, taxonomy_nodes.is_leaf, taxonomy_nodes.allow_resources, taxonomy_nodes.created_at, taxonomy_nodes.updated_at 
FROM taxonomy_nodes 
WHERE taxonomy_nodes.id = ?
INFO     sqlalchemy.engine.Engine:base.py:1846 [generated in 0.00026s] ('51f3bdc2-b454-4517-a74a-7975434fbd4f',)
INFO     sqlalchemy.engine.Engine:base.py:1846 SELECT taxonomy_nodes.id, taxonomy_nodes.name, taxonomy_nodes.slug, taxonomy_nodes.parent_id, taxonomy_nodes.level, taxonomy_nodes.path, taxonomy_nodes.description, taxonomy_nodes.keywords, taxonomy_nodes.resource_count, taxonomy_nodes.descendant_resource_count, taxonomy_nodes.is_leaf, taxonomy_nodes.allow_resources, taxonomy_nodes.created_at, taxonomy_nodes.updated_at 
FROM taxonomy_nodes 
WHERE taxonomy_nodes.id = ?
INFO     sqlalchemy.engine.Engine:base.py:1846 [cached since 0.002942s ago] ('14e65e2f-fbd7-4793-b241-d049b8100f16',)
---------------------------- Captured stdout call -----------------------------
2025-11-18 13:41:50,252 INFO sqlalchemy.engine.Engine SELECT resources.id AS resources_id, resources.title AS resources_title, resources.description AS resources_description, resources.creator AS resources_creator, resources.publisher AS resources_publisher, resources.contributor AS resources_contributor, resources.date_created AS resources_date_created, resources.date_modified AS resources_date_modified, resources.type AS resources_type, resources.format AS resources_format, resources.identifier AS resources_identifier, resources.source AS resources_source, resources.language AS resources_language, resources.coverage AS resources_coverage, resources.rights AS resources_rights, resources.subject AS resources_subject, resources.relation AS resources_relation, resources.classification_code AS resources_classification_code, resources.read_status AS resources_read_status, resources.quality_score AS resources_quality_score, resources.ingestion_status AS resources_ingestion_status, resources.ingestion_error AS resources_ingestion_error, resources.ingestion_started_at AS resources_ingestion_started_at, resources.ingestion_completed_at AS resources_ingestion_completed_at, resources.embedding AS resources_embedding, resources.sparse_embedding AS resources_sparse_embedding, resources.sparse_embedding_model AS resources_sparse_embedding_model, resources.sparse_embedding_updated_at AS resources_sparse_embedding_updated_at, resources.authors AS resources_authors, resources.affiliations AS resources_affiliations, resources.doi AS resources_doi, resources.pmid AS resources_pmid, resources.arxiv_id AS resources_arxiv_id, resources.isbn AS resources_isbn, resources.journal AS resources_journal, resources.conference AS resources_conference, resources.volume AS resources_volume, resources.issue AS resources_issue, resources.pages AS resources_pages, resources.publication_year AS resources_publication_year, resources.funding_sources AS resources_funding_sources, resources.acknowledgments AS resources_acknowledgments, resources.equation_count AS resources_equation_count, resources.table_count AS resources_table_count, resources.figure_count AS resources_figure_count, resources.reference_count AS resources_reference_count, resources.equations AS resources_equations, resources.tables AS resources_tables, resources.figures AS resources_figures, resources.metadata_completeness_score AS resources_metadata_completeness_score, resources.extraction_confidence AS resources_extraction_confidence, resources.requires_manual_review AS resources_requires_manual_review, resources.quality_accuracy AS resources_quality_accuracy, resources.quality_completeness AS resources_quality_completeness, resources.quality_consistency AS resources_quality_consistency, resources.quality_timeliness AS resources_quality_timeliness, resources.quality_relevance AS resources_quality_relevance, resources.quality_overall AS resources_quality_overall, resources.quality_weights AS resources_quality_weights, resources.quality_last_computed AS resources_quality_last_computed, resources.quality_computation_version AS resources_quality_computation_version, resources.is_quality_outlier AS resources_is_quality_outlier, resources.outlier_score AS resources_outlier_score, resources.outlier_reasons AS resources_outlier_reasons, resources.needs_quality_review AS resources_needs_quality_review, resources.summary_coherence AS resources_summary_coherence, resources.summary_consistency AS resources_summary_consistency, resources.summary_fluency AS resources_summary_fluency, resources.summary_relevance AS resources_summary_relevance, resources.is_ocr_processed AS resources_is_ocr_processed, resources.ocr_confidence AS resources_ocr_confidence, resources.ocr_corrections_applied AS resources_ocr_corrections_applied, resources.created_at AS resources_created_at, resources.updated_at AS resources_updated_at 
FROM resources 
WHERE resources.id = ?
2025-11-18 13:41:50,253 INFO sqlalchemy.engine.Engine [generated in 0.00054s] ('fd2bfaba-7d40-41b9-a3cf-87f32b875cd2',)
---------------------------- Captured stderr call -----------------------------
2025-11-18 13:41:50,252 - sqlalchemy.engine.Engine - INFO - SELECT resources.id AS resources_id, resources.title AS resources_title, resources.description AS resources_description, resources.creator AS resources_creator, resources.publisher AS resources_publisher, resources.contributor AS resources_contributor, resources.date_created AS resources_date_created, resources.date_modified AS resources_date_modified, resources.type AS resources_type, resources.format AS resources_format, resources.identifier AS resources_identifier, resources.source AS resources_source, resources.language AS resources_language, resources.coverage AS resources_coverage, resources.rights AS resources_rights, resources.subject AS resources_subject, resources.relation AS resources_relation, resources.classification_code AS resources_classification_code, resources.read_status AS resources_read_status, resources.quality_score AS resources_quality_score, resources.ingestion_status AS resources_ingestion_status, resources.ingestion_error AS resources_ingestion_error, resources.ingestion_started_at AS resources_ingestion_started_at, resources.ingestion_completed_at AS resources_ingestion_completed_at, resources.embedding AS resources_embedding, resources.sparse_embedding AS resources_sparse_embedding, resources.sparse_embedding_model AS resources_sparse_embedding_model, resources.sparse_embedding_updated_at AS resources_sparse_embedding_updated_at, resources.authors AS resources_authors, resources.affiliations AS resources_affiliations, resources.doi AS resources_doi, resources.pmid AS resources_pmid, resources.arxiv_id AS resources_arxiv_id, resources.isbn AS resources_isbn, resources.journal AS resources_journal, resources.conference AS resources_conference, resources.volume AS resources_volume, resources.issue AS resources_issue, resources.pages AS resources_pages, resources.publication_year AS resources_publication_year, resources.funding_sources AS resources_funding_sources, resources.acknowledgments AS resources_acknowledgments, resources.equation_count AS resources_equation_count, resources.table_count AS resources_table_count, resources.figure_count AS resources_figure_count, resources.reference_count AS resources_reference_count, resources.equations AS resources_equations, resources.tables AS resources_tables, resources.figures AS resources_figures, resources.metadata_completeness_score AS resources_metadata_completeness_score, resources.extraction_confidence AS resources_extraction_confidence, resources.requires_manual_review AS resources_requires_manual_review, resources.quality_accuracy AS resources_quality_accuracy, resources.quality_completeness AS resources_quality_completeness, resources.quality_consistency AS resources_quality_consistency, resources.quality_timeliness AS resources_quality_timeliness, resources.quality_relevance AS resources_quality_relevance, resources.quality_overall AS resources_quality_overall, resources.quality_weights AS resources_quality_weights, resources.quality_last_computed AS resources_quality_last_computed, resources.quality_computation_version AS resources_quality_computation_version, resources.is_quality_outlier AS resources_is_quality_outlier, resources.outlier_score AS resources_outlier_score, resources.outlier_reasons AS resources_outlier_reasons, resources.needs_quality_review AS resources_needs_quality_review, resources.summary_coherence AS resources_summary_coherence, resources.summary_consistency AS resources_summary_consistency, resources.summary_fluency AS resources_summary_fluency, resources.summary_relevance AS resources_summary_relevance, resources.is_ocr_processed AS resources_is_ocr_processed, resources.ocr_confidence AS resources_ocr_confidence, resources.ocr_corrections_applied AS resources_ocr_corrections_applied, resources.created_at AS resources_created_at, resources.updated_at AS resources_updated_at 
FROM resources 
WHERE resources.id = ?
2025-11-18 13:41:50,253 - sqlalchemy.engine.Engine - INFO - [generated in 0.00054s] ('fd2bfaba-7d40-41b9-a3cf-87f32b875cd2',)
------------------------------ Captured log call ------------------------------
INFO     sqlalchemy.engine.Engine:base.py:1846 SELECT resources.id AS resources_id, resources.title AS resources_title, resources.description AS resources_description, resources.creator AS resources_creator, resources.publisher AS resources_publisher, resources.contributor AS resources_contributor, resources.date_created AS resources_date_created, resources.date_modified AS resources_date_modified, resources.type AS resources_type, resources.format AS resources_format, resources.identifier AS resources_identifier, resources.source AS resources_source, resources.language AS resources_language, resources.coverage AS resources_coverage, resources.rights AS resources_rights, resources.subject AS resources_subject, resources.relation AS resources_relation, resources.classification_code AS resources_classification_code, resources.read_status AS resources_read_status, resources.quality_score AS resources_quality_score, resources.ingestion_status AS resources_ingestion_status, resources.ingestion_error AS resources_ingestion_error, resources.ingestion_started_at AS resources_ingestion_started_at, resources.ingestion_completed_at AS resources_ingestion_completed_at, resources.embedding AS resources_embedding, resources.sparse_embedding AS resources_sparse_embedding, resources.sparse_embedding_model AS resources_sparse_embedding_model, resources.sparse_embedding_updated_at AS resources_sparse_embedding_updated_at, resources.authors AS resources_authors, resources.affiliations AS resources_affiliations, resources.doi AS resources_doi, resources.pmid AS resources_pmid, resources.arxiv_id AS resources_arxiv_id, resources.isbn AS resources_isbn, resources.journal AS resources_journal, resources.conference AS resources_conference, resources.volume AS resources_volume, resources.issue AS resources_issue, resources.pages AS resources_pages, resources.publication_year AS resources_publication_year, resources.funding_sources AS resources_funding_sources, resources.acknowledgments AS resources_acknowledgments, resources.equation_count AS resources_equation_count, resources.table_count AS resources_table_count, resources.figure_count AS resources_figure_count, resources.reference_count AS resources_reference_count, resources.equations AS resources_equations, resources.tables AS resources_tables, resources.figures AS resources_figures, resources.metadata_completeness_score AS resources_metadata_completeness_score, resources.extraction_confidence AS resources_extraction_confidence, resources.requires_manual_review AS resources_requires_manual_review, resources.quality_accuracy AS resources_quality_accuracy, resources.quality_completeness AS resources_quality_completeness, resources.quality_consistency AS resources_quality_consistency, resources.quality_timeliness AS resources_quality_timeliness, resources.quality_relevance AS resources_quality_relevance, resources.quality_overall AS resources_quality_overall, resources.quality_weights AS resources_quality_weights, resources.quality_last_computed AS resources_quality_last_computed, resources.quality_computation_version AS resources_quality_computation_version, resources.is_quality_outlier AS resources_is_quality_outlier, resources.outlier_score AS resources_outlier_score, resources.outlier_reasons AS resources_outlier_reasons, resources.needs_quality_review AS resources_needs_quality_review, resources.summary_coherence AS resources_summary_coherence, resources.summary_consistency AS resources_summary_consistency, resources.summary_fluency AS resources_summary_fluency, resources.summary_relevance AS resources_summary_relevance, resources.is_ocr_processed AS resources_is_ocr_processed, resources.ocr_confidence AS resources_ocr_confidence, resources.ocr_corrections_applied AS resources_ocr_corrections_applied, resources.created_at AS resources_created_at, resources.updated_at AS resources_updated_at 
FROM resources 
WHERE resources.id = ?
INFO     sqlalchemy.engine.Engine:base.py:1846 [generated in 0.00054s] ('fd2bfaba-7d40-41b9-a3cf-87f32b875cd2',)
-------------------------- Captured stdout teardown ---------------------------
2025-11-18 13:41:51,369 INFO sqlalchemy.engine.Engine ROLLBACK
-------------------------- Captured stderr teardown ---------------------------
2025-11-18 13:41:51,369 - sqlalchemy.engine.Engine - INFO - ROLLBACK
---------------------------- Captured log teardown ----------------------------
INFO     sqlalchemy.engine.Engine:base.py:2705 ROLLBACK
____________ test_classification_failure_does_not_block_ingestion _____________
tests\integration\phase1_ingestion\test_resource_ingestion_classification.py:204: in test_classification_failure_does_not_block_ingestion
    patch('backend.app.services.resource_service.ClassificationService') as mock_classification_service:
    ^^^^^^^^^^^^^^^^^^^^^^^^^^^^^^^^^^^^^^^^^^^^^^^^^^^^^^^^^^^^^^^^^^^^
C:\Python313\Lib\unittest\mock.py:1497: in __enter__
    original, local = self.get_original()
                      ^^^^^^^^^^^^^^^^^^^
C:\Python313\Lib\unittest\mock.py:1467: in get_original
    raise AttributeError(
E   AttributeError: <module 'backend.app.services.resource_service' from 'C:\\Users\\rooma\\PycharmProjects\\neo_alexadria\\backend\\app\\services\\resource_service.py'> does not have the attribute 'ClassificationService'
---------------------------- Captured stdout setup ----------------------------
2025-11-18 13:41:51,374 INFO sqlalchemy.engine.Engine BEGIN (implicit)
2025-11-18 13:41:51,376 INFO sqlalchemy.engine.Engine PRAGMA main.table_info("resources")
2025-11-18 13:41:51,376 INFO sqlalchemy.engine.Engine [raw sql] ()
2025-11-18 13:41:51,377 INFO sqlalchemy.engine.Engine PRAGMA main.table_info("classification_codes")
2025-11-18 13:41:51,377 INFO sqlalchemy.engine.Engine [raw sql] ()
2025-11-18 13:41:51,379 INFO sqlalchemy.engine.Engine PRAGMA main.table_info("authority_subjects")
2025-11-18 13:41:51,381 INFO sqlalchemy.engine.Engine [raw sql] ()
2025-11-18 13:41:51,383 INFO sqlalchemy.engine.Engine PRAGMA main.table_info("authority_creators")
2025-11-18 13:41:51,383 INFO sqlalchemy.engine.Engine [raw sql] ()
2025-11-18 13:41:51,384 INFO sqlalchemy.engine.Engine PRAGMA main.table_info("authority_publishers")
2025-11-18 13:41:51,385 INFO sqlalchemy.engine.Engine [raw sql] ()
2025-11-18 13:41:51,387 INFO sqlalchemy.engine.Engine PRAGMA main.table_info("citations")
2025-11-18 13:41:51,388 INFO sqlalchemy.engine.Engine [raw sql] ()
2025-11-18 13:41:51,389 INFO sqlalchemy.engine.Engine PRAGMA main.table_info("collection_resources")
2025-11-18 13:41:51,389 INFO sqlalchemy.engine.Engine [raw sql] ()
2025-11-18 13:41:51,389 INFO sqlalchemy.engine.Engine PRAGMA main.table_info("collections")
2025-11-18 13:41:51,391 INFO sqlalchemy.engine.Engine [raw sql] ()
2025-11-18 13:41:51,391 INFO sqlalchemy.engine.Engine PRAGMA main.table_info("taxonomy_nodes")
2025-11-18 13:41:51,391 INFO sqlalchemy.engine.Engine [raw sql] ()
2025-11-18 13:41:51,392 INFO sqlalchemy.engine.Engine PRAGMA main.table_info("resource_taxonomy")
2025-11-18 13:41:51,392 INFO sqlalchemy.engine.Engine [raw sql] ()
2025-11-18 13:41:51,392 INFO sqlalchemy.engine.Engine PRAGMA main.table_info("annotations")
2025-11-18 13:41:51,392 INFO sqlalchemy.engine.Engine [raw sql] ()
2025-11-18 13:41:51,392 INFO sqlalchemy.engine.Engine PRAGMA main.table_info("graph_edges")
2025-11-18 13:41:51,392 INFO sqlalchemy.engine.Engine [raw sql] ()
2025-11-18 13:41:51,392 INFO sqlalchemy.engine.Engine PRAGMA main.table_info("graph_embeddings")
2025-11-18 13:41:51,393 INFO sqlalchemy.engine.Engine [raw sql] ()
2025-11-18 13:41:51,393 INFO sqlalchemy.engine.Engine PRAGMA main.table_info("discovery_hypotheses")
2025-11-18 13:41:51,393 INFO sqlalchemy.engine.Engine [raw sql] ()
2025-11-18 13:41:51,393 INFO sqlalchemy.engine.Engine PRAGMA main.table_info("users")
2025-11-18 13:41:51,394 INFO sqlalchemy.engine.Engine [raw sql] ()
2025-11-18 13:41:51,395 INFO sqlalchemy.engine.Engine PRAGMA main.table_info("user_profiles")
2025-11-18 13:41:51,396 INFO sqlalchemy.engine.Engine [raw sql] ()
2025-11-18 13:41:51,396 INFO sqlalchemy.engine.Engine PRAGMA main.table_info("user_interactions")
2025-11-18 13:41:51,396 INFO sqlalchemy.engine.Engine [raw sql] ()
2025-11-18 13:41:51,396 INFO sqlalchemy.engine.Engine PRAGMA main.table_info("recommendation_feedback")
2025-11-18 13:41:51,396 INFO sqlalchemy.engine.Engine [raw sql] ()
2025-11-18 13:41:51,397 INFO sqlalchemy.engine.Engine PRAGMA main.table_info("model_versions")
2025-11-18 13:41:51,397 INFO sqlalchemy.engine.Engine [raw sql] ()
2025-11-18 13:41:51,397 INFO sqlalchemy.engine.Engine PRAGMA main.table_info("ab_test_experiments")
2025-11-18 13:41:51,397 INFO sqlalchemy.engine.Engine [raw sql] ()
2025-11-18 13:41:51,422 INFO sqlalchemy.engine.Engine PRAGMA main.table_info("prediction_logs")
2025-11-18 13:41:51,422 INFO sqlalchemy.engine.Engine [raw sql] ()
2025-11-18 13:41:51,423 INFO sqlalchemy.engine.Engine PRAGMA main.table_info("retraining_runs")
2025-11-18 13:41:51,423 INFO sqlalchemy.engine.Engine [raw sql] ()
2025-11-18 13:41:51,427 INFO sqlalchemy.engine.Engine COMMIT
2025-11-18 13:41:51,430 INFO sqlalchemy.engine.Engine BEGIN (implicit)
2025-11-18 13:41:51,430 INFO sqlalchemy.engine.Engine PRAGMA main.table_info("resources")
2025-11-18 13:41:51,430 INFO sqlalchemy.engine.Engine [raw sql] ()
2025-11-18 13:41:51,439 INFO sqlalchemy.engine.Engine PRAGMA main.table_info("classification_codes")
2025-11-18 13:41:51,439 INFO sqlalchemy.engine.Engine [raw sql] ()
2025-11-18 13:41:51,440 INFO sqlalchemy.engine.Engine PRAGMA main.table_info("authority_subjects")
2025-11-18 13:41:51,440 INFO sqlalchemy.engine.Engine [raw sql] ()
2025-11-18 13:41:51,444 INFO sqlalchemy.engine.Engine PRAGMA main.table_info("authority_creators")
2025-11-18 13:41:51,444 INFO sqlalchemy.engine.Engine [raw sql] ()
2025-11-18 13:41:51,447 INFO sqlalchemy.engine.Engine PRAGMA main.table_info("authority_publishers")
2025-11-18 13:41:51,447 INFO sqlalchemy.engine.Engine [raw sql] ()
2025-11-18 13:41:51,447 INFO sqlalchemy.engine.Engine PRAGMA main.table_info("citations")
2025-11-18 13:41:51,447 INFO sqlalchemy.engine.Engine [raw sql] ()
2025-11-18 13:41:51,447 INFO sqlalchemy.engine.Engine PRAGMA main.table_info("collection_resources")
2025-11-18 13:41:51,448 INFO sqlalchemy.engine.Engine [raw sql] ()
2025-11-18 13:41:51,449 INFO sqlalchemy.engine.Engine PRAGMA main.table_info("collections")
2025-11-18 13:41:51,450 INFO sqlalchemy.engine.Engine [raw sql] ()
2025-11-18 13:41:51,450 INFO sqlalchemy.engine.Engine PRAGMA main.table_info("taxonomy_nodes")
2025-11-18 13:41:51,450 INFO sqlalchemy.engine.Engine [raw sql] ()
2025-11-18 13:41:51,451 INFO sqlalchemy.engine.Engine PRAGMA main.table_info("resource_taxonomy")
2025-11-18 13:41:51,452 INFO sqlalchemy.engine.Engine [raw sql] ()
2025-11-18 13:41:51,452 INFO sqlalchemy.engine.Engine PRAGMA main.table_info("annotations")
2025-11-18 13:41:51,452 INFO sqlalchemy.engine.Engine [raw sql] ()
2025-11-18 13:41:51,453 INFO sqlalchemy.engine.Engine PRAGMA main.table_info("graph_edges")
2025-11-18 13:41:51,453 INFO sqlalchemy.engine.Engine [raw sql] ()
2025-11-18 13:41:51,454 INFO sqlalchemy.engine.Engine PRAGMA main.table_info("graph_embeddings")
2025-11-18 13:41:51,454 INFO sqlalchemy.engine.Engine [raw sql] ()
2025-11-18 13:41:51,455 INFO sqlalchemy.engine.Engine PRAGMA main.table_info("discovery_hypotheses")
2025-11-18 13:41:51,455 INFO sqlalchemy.engine.Engine [raw sql] ()
2025-11-18 13:41:51,455 INFO sqlalchemy.engine.Engine PRAGMA main.table_info("users")
2025-11-18 13:41:51,455 INFO sqlalchemy.engine.Engine [raw sql] ()
2025-11-18 13:41:51,456 INFO sqlalchemy.engine.Engine PRAGMA main.table_info("user_profiles")
2025-11-18 13:41:51,456 INFO sqlalchemy.engine.Engine [raw sql] ()
2025-11-18 13:41:51,456 INFO sqlalchemy.engine.Engine PRAGMA main.table_info("user_interactions")
2025-11-18 13:41:51,456 INFO sqlalchemy.engine.Engine [raw sql] ()
2025-11-18 13:41:51,456 INFO sqlalchemy.engine.Engine PRAGMA main.table_info("recommendation_feedback")
2025-11-18 13:41:51,456 INFO sqlalchemy.engine.Engine [raw sql] ()
2025-11-18 13:41:51,457 INFO sqlalchemy.engine.Engine PRAGMA main.table_info("model_versions")
2025-11-18 13:41:51,457 INFO sqlalchemy.engine.Engine [raw sql] ()
2025-11-18 13:41:51,457 INFO sqlalchemy.engine.Engine PRAGMA main.table_info("ab_test_experiments")
2025-11-18 13:41:51,457 INFO sqlalchemy.engine.Engine [raw sql] ()
2025-11-18 13:41:51,458 INFO sqlalchemy.engine.Engine PRAGMA main.table_info("prediction_logs")
2025-11-18 13:41:51,458 INFO sqlalchemy.engine.Engine [raw sql] ()
2025-11-18 13:41:51,460 INFO sqlalchemy.engine.Engine PRAGMA main.table_info("retraining_runs")
2025-11-18 13:41:51,461 INFO sqlalchemy.engine.Engine [raw sql] ()
2025-11-18 13:41:51,461 INFO sqlalchemy.engine.Engine COMMIT
2025-11-18 13:41:51,462 INFO sqlalchemy.engine.Engine BEGIN (implicit)
2025-11-18 13:41:51,463 INFO sqlalchemy.engine.Engine INSERT INTO resources (id, title, description, creator, publisher, contributor, date_created, date_modified, type, format, identifier, source, language, coverage, rights, subject, relation, classification_code, read_status, quality_score, ingestion_status, ingestion_error, ingestion_started_at, ingestion_completed_at, embedding, sparse_embedding, sparse_embedding_model, sparse_embedding_updated_at, authors, affiliations, doi, pmid, arxiv_id, isbn, journal, conference, volume, issue, pages, publication_year, funding_sources, acknowledgments, equation_count, table_count, figure_count, reference_count, equations, tables, figures, metadata_completeness_score, extraction_confidence, requires_manual_review, quality_accuracy, quality_completeness, quality_consistency, quality_timeliness, quality_relevance, quality_overall, quality_weights, quality_last_computed, quality_computation_version, is_quality_outlier, outlier_score, outlier_reasons, needs_quality_review, summary_coherence, summary_consistency, summary_fluency, summary_relevance, is_ocr_processed, ocr_confidence, ocr_corrections_applied) VALUES (?, ?, ?, ?, ?, ?, ?, ?, ?, ?, ?, ?, ?, ?, ?, ?, ?, ?, ?, ?, ?, ?, ?, ?, ?, ?, ?, ?, ?, ?, ?, ?, ?, ?, ?, ?, ?, ?, ?, ?, ?, ?, ?, ?, ?, ?, ?, ?, ?, ?, ?, ?, ?, ?, ?, ?, ?, ?, ?, ?, ?, ?, ?, ?, ?, ?, ?, ?, ?, ?, ?, ?) RETURNING created_at, updated_at
2025-11-18 13:41:51,463 INFO sqlalchemy.engine.Engine [cached since 1.308s ago] ('f0980311-44c2-4376-9a9f-f46abe015065', 'Test Resource', 'A test resource for classification', None, None, None, None, None, None, None, None, 'https://example.com/test', None, None, None, '[]', '[]', None, 'unread', 0.0, 'pending', None, None, None, '[]', None, None, None, None, None, None, None, None, None, None, None, None, None, None, None, None, None, 0, 0, 0, None, None, None, None, None, None, 0, None, None, None, None, None, None, None, None, None, 0, None, None, 0, None, None, None, None, 0, None, None)
2025-11-18 13:41:51,468 INFO sqlalchemy.engine.Engine COMMIT
2025-11-18 13:41:51,487 INFO sqlalchemy.engine.Engine BEGIN (implicit)
2025-11-18 13:41:51,488 INFO sqlalchemy.engine.Engine SELECT resources.id, resources.title, resources.description, resources.creator, resources.publisher, resources.contributor, resources.date_created, resources.date_modified, resources.type, resources.format, resources.identifier, resources.source, resources.language, resources.coverage, resources.rights, resources.subject, resources.relation, resources.classification_code, resources.read_status, resources.quality_score, resources.ingestion_status, resources.ingestion_error, resources.ingestion_started_at, resources.ingestion_completed_at, resources.embedding, resources.sparse_embedding, resources.sparse_embedding_model, resources.sparse_embedding_updated_at, resources.authors, resources.affiliations, resources.doi, resources.pmid, resources.arxiv_id, resources.isbn, resources.journal, resources.conference, resources.volume, resources.issue, resources.pages, resources.publication_year, resources.funding_sources, resources.acknowledgments, resources.equation_count, resources.table_count, resources.figure_count, resources.reference_count, resources.equations, resources.tables, resources.figures, resources.metadata_completeness_score, resources.extraction_confidence, resources.requires_manual_review, resources.quality_accuracy, resources.quality_completeness, resources.quality_consistency, resources.quality_timeliness, resources.quality_relevance, resources.quality_overall, resources.quality_weights, resources.quality_last_computed, resources.quality_computation_version, resources.is_quality_outlier, resources.outlier_score, resources.outlier_reasons, resources.needs_quality_review, resources.summary_coherence, resources.summary_consistency, resources.summary_fluency, resources.summary_relevance, resources.is_ocr_processed, resources.ocr_confidence, resources.ocr_corrections_applied, resources.created_at, resources.updated_at 
FROM resources 
WHERE resources.id = ?
2025-11-18 13:41:51,488 INFO sqlalchemy.engine.Engine [cached since 1.32s ago] ('f0980311-44c2-4376-9a9f-f46abe015065',)
---------------------------- Captured stderr setup ----------------------------
2025-11-18 13:41:51,374 - sqlalchemy.engine.Engine - INFO - BEGIN (implicit)
2025-11-18 13:41:51,376 - sqlalchemy.engine.Engine - INFO - PRAGMA main.table_info("resources")
2025-11-18 13:41:51,376 - sqlalchemy.engine.Engine - INFO - [raw sql] ()
2025-11-18 13:41:51,377 - sqlalchemy.engine.Engine - INFO - PRAGMA main.table_info("classification_codes")
2025-11-18 13:41:51,377 - sqlalchemy.engine.Engine - INFO - [raw sql] ()
2025-11-18 13:41:51,379 - sqlalchemy.engine.Engine - INFO - PRAGMA main.table_info("authority_subjects")
2025-11-18 13:41:51,381 - sqlalchemy.engine.Engine - INFO - [raw sql] ()
2025-11-18 13:41:51,383 - sqlalchemy.engine.Engine - INFO - PRAGMA main.table_info("authority_creators")
2025-11-18 13:41:51,383 - sqlalchemy.engine.Engine - INFO - [raw sql] ()
2025-11-18 13:41:51,384 - sqlalchemy.engine.Engine - INFO - PRAGMA main.table_info("authority_publishers")
2025-11-18 13:41:51,385 - sqlalchemy.engine.Engine - INFO - [raw sql] ()
2025-11-18 13:41:51,387 - sqlalchemy.engine.Engine - INFO - PRAGMA main.table_info("citations")
2025-11-18 13:41:51,388 - sqlalchemy.engine.Engine - INFO - [raw sql] ()
2025-11-18 13:41:51,389 - sqlalchemy.engine.Engine - INFO - PRAGMA main.table_info("collection_resources")
2025-11-18 13:41:51,389 - sqlalchemy.engine.Engine - INFO - [raw sql] ()
2025-11-18 13:41:51,389 - sqlalchemy.engine.Engine - INFO - PRAGMA main.table_info("collections")
2025-11-18 13:41:51,391 - sqlalchemy.engine.Engine - INFO - [raw sql] ()
2025-11-18 13:41:51,391 - sqlalchemy.engine.Engine - INFO - PRAGMA main.table_info("taxonomy_nodes")
2025-11-18 13:41:51,391 - sqlalchemy.engine.Engine - INFO - [raw sql] ()
2025-11-18 13:41:51,392 - sqlalchemy.engine.Engine - INFO - PRAGMA main.table_info("resource_taxonomy")
2025-11-18 13:41:51,392 - sqlalchemy.engine.Engine - INFO - [raw sql] ()
2025-11-18 13:41:51,392 - sqlalchemy.engine.Engine - INFO - PRAGMA main.table_info("annotations")
2025-11-18 13:41:51,392 - sqlalchemy.engine.Engine - INFO - [raw sql] ()
2025-11-18 13:41:51,392 - sqlalchemy.engine.Engine - INFO - PRAGMA main.table_info("graph_edges")
2025-11-18 13:41:51,392 - sqlalchemy.engine.Engine - INFO - [raw sql] ()
2025-11-18 13:41:51,392 - sqlalchemy.engine.Engine - INFO - PRAGMA main.table_info("graph_embeddings")
2025-11-18 13:41:51,393 - sqlalchemy.engine.Engine - INFO - [raw sql] ()
2025-11-18 13:41:51,393 - sqlalchemy.engine.Engine - INFO - PRAGMA main.table_info("discovery_hypotheses")
2025-11-18 13:41:51,393 - sqlalchemy.engine.Engine - INFO - [raw sql] ()
2025-11-18 13:41:51,393 - sqlalchemy.engine.Engine - INFO - PRAGMA main.table_info("users")
2025-11-18 13:41:51,394 - sqlalchemy.engine.Engine - INFO - [raw sql] ()
2025-11-18 13:41:51,395 - sqlalchemy.engine.Engine - INFO - PRAGMA main.table_info("user_profiles")
2025-11-18 13:41:51,396 - sqlalchemy.engine.Engine - INFO - [raw sql] ()
2025-11-18 13:41:51,396 - sqlalchemy.engine.Engine - INFO - PRAGMA main.table_info("user_interactions")
2025-11-18 13:41:51,396 - sqlalchemy.engine.Engine - INFO - [raw sql] ()
2025-11-18 13:41:51,396 - sqlalchemy.engine.Engine - INFO - PRAGMA main.table_info("recommendation_feedback")
2025-11-18 13:41:51,396 - sqlalchemy.engine.Engine - INFO - [raw sql] ()
2025-11-18 13:41:51,397 - sqlalchemy.engine.Engine - INFO - PRAGMA main.table_info("model_versions")
2025-11-18 13:41:51,397 - sqlalchemy.engine.Engine - INFO - [raw sql] ()
2025-11-18 13:41:51,397 - sqlalchemy.engine.Engine - INFO - PRAGMA main.table_info("ab_test_experiments")
2025-11-18 13:41:51,397 - sqlalchemy.engine.Engine - INFO - [raw sql] ()
2025-11-18 13:41:51,422 - sqlalchemy.engine.Engine - INFO - PRAGMA main.table_info("prediction_logs")
2025-11-18 13:41:51,422 - sqlalchemy.engine.Engine - INFO - [raw sql] ()
2025-11-18 13:41:51,423 - sqlalchemy.engine.Engine - INFO - PRAGMA main.table_info("retraining_runs")
2025-11-18 13:41:51,423 - sqlalchemy.engine.Engine - INFO - [raw sql] ()
2025-11-18 13:41:51,427 - sqlalchemy.engine.Engine - INFO - COMMIT
2025-11-18 13:41:51,430 - sqlalchemy.engine.Engine - INFO - BEGIN (implicit)
2025-11-18 13:41:51,430 - sqlalchemy.engine.Engine - INFO - PRAGMA main.table_info("resources")
2025-11-18 13:41:51,430 - sqlalchemy.engine.Engine - INFO - [raw sql] ()
2025-11-18 13:41:51,439 - sqlalchemy.engine.Engine - INFO - PRAGMA main.table_info("classification_codes")
2025-11-18 13:41:51,439 - sqlalchemy.engine.Engine - INFO - [raw sql] ()
2025-11-18 13:41:51,440 - sqlalchemy.engine.Engine - INFO - PRAGMA main.table_info("authority_subjects")
2025-11-18 13:41:51,440 - sqlalchemy.engine.Engine - INFO - [raw sql] ()
2025-11-18 13:41:51,444 - sqlalchemy.engine.Engine - INFO - PRAGMA main.table_info("authority_creators")
2025-11-18 13:41:51,444 - sqlalchemy.engine.Engine - INFO - [raw sql] ()
2025-11-18 13:41:51,447 - sqlalchemy.engine.Engine - INFO - PRAGMA main.table_info("authority_publishers")
2025-11-18 13:41:51,447 - sqlalchemy.engine.Engine - INFO - [raw sql] ()
2025-11-18 13:41:51,447 - sqlalchemy.engine.Engine - INFO - PRAGMA main.table_info("citations")
2025-11-18 13:41:51,447 - sqlalchemy.engine.Engine - INFO - [raw sql] ()
2025-11-18 13:41:51,447 - sqlalchemy.engine.Engine - INFO - PRAGMA main.table_info("collection_resources")
2025-11-18 13:41:51,448 - sqlalchemy.engine.Engine - INFO - [raw sql] ()
2025-11-18 13:41:51,449 - sqlalchemy.engine.Engine - INFO - PRAGMA main.table_info("collections")
2025-11-18 13:41:51,450 - sqlalchemy.engine.Engine - INFO - [raw sql] ()
2025-11-18 13:41:51,450 - sqlalchemy.engine.Engine - INFO - PRAGMA main.table_info("taxonomy_nodes")
2025-11-18 13:41:51,450 - sqlalchemy.engine.Engine - INFO - [raw sql] ()
2025-11-18 13:41:51,451 - sqlalchemy.engine.Engine - INFO - PRAGMA main.table_info("resource_taxonomy")
2025-11-18 13:41:51,452 - sqlalchemy.engine.Engine - INFO - [raw sql] ()
2025-11-18 13:41:51,452 - sqlalchemy.engine.Engine - INFO - PRAGMA main.table_info("annotations")
2025-11-18 13:41:51,452 - sqlalchemy.engine.Engine - INFO - [raw sql] ()
2025-11-18 13:41:51,453 - sqlalchemy.engine.Engine - INFO - PRAGMA main.table_info("graph_edges")
2025-11-18 13:41:51,453 - sqlalchemy.engine.Engine - INFO - [raw sql] ()
2025-11-18 13:41:51,454 - sqlalchemy.engine.Engine - INFO - PRAGMA main.table_info("graph_embeddings")
2025-11-18 13:41:51,454 - sqlalchemy.engine.Engine - INFO - [raw sql] ()
2025-11-18 13:41:51,455 - sqlalchemy.engine.Engine - INFO - PRAGMA main.table_info("discovery_hypotheses")
2025-11-18 13:41:51,455 - sqlalchemy.engine.Engine - INFO - [raw sql] ()
2025-11-18 13:41:51,455 - sqlalchemy.engine.Engine - INFO - PRAGMA main.table_info("users")
2025-11-18 13:41:51,455 - sqlalchemy.engine.Engine - INFO - [raw sql] ()
2025-11-18 13:41:51,456 - sqlalchemy.engine.Engine - INFO - PRAGMA main.table_info("user_profiles")
2025-11-18 13:41:51,456 - sqlalchemy.engine.Engine - INFO - [raw sql] ()
2025-11-18 13:41:51,456 - sqlalchemy.engine.Engine - INFO - PRAGMA main.table_info("user_interactions")
2025-11-18 13:41:51,456 - sqlalchemy.engine.Engine - INFO - [raw sql] ()
2025-11-18 13:41:51,456 - sqlalchemy.engine.Engine - INFO - PRAGMA main.table_info("recommendation_feedback")
2025-11-18 13:41:51,456 - sqlalchemy.engine.Engine - INFO - [raw sql] ()
2025-11-18 13:41:51,457 - sqlalchemy.engine.Engine - INFO - PRAGMA main.table_info("model_versions")
2025-11-18 13:41:51,457 - sqlalchemy.engine.Engine - INFO - [raw sql] ()
2025-11-18 13:41:51,457 - sqlalchemy.engine.Engine - INFO - PRAGMA main.table_info("ab_test_experiments")
2025-11-18 13:41:51,457 - sqlalchemy.engine.Engine - INFO - [raw sql] ()
2025-11-18 13:41:51,458 - sqlalchemy.engine.Engine - INFO - PRAGMA main.table_info("prediction_logs")
2025-11-18 13:41:51,458 - sqlalchemy.engine.Engine - INFO - [raw sql] ()
2025-11-18 13:41:51,460 - sqlalchemy.engine.Engine - INFO - PRAGMA main.table_info("retraining_runs")
2025-11-18 13:41:51,461 - sqlalchemy.engine.Engine - INFO - [raw sql] ()
2025-11-18 13:41:51,461 - sqlalchemy.engine.Engine - INFO - COMMIT
2025-11-18 13:41:51,462 - sqlalchemy.engine.Engine - INFO - BEGIN (implicit)
2025-11-18 13:41:51,463 - sqlalchemy.engine.Engine - INFO - INSERT INTO resources (id, title, description, creator, publisher, contributor, date_created, date_modified, type, format, identifier, source, language, coverage, rights, subject, relation, classification_code, read_status, quality_score, ingestion_status, ingestion_error, ingestion_started_at, ingestion_completed_at, embedding, sparse_embedding, sparse_embedding_model, sparse_embedding_updated_at, authors, affiliations, doi, pmid, arxiv_id, isbn, journal, conference, volume, issue, pages, publication_year, funding_sources, acknowledgments, equation_count, table_count, figure_count, reference_count, equations, tables, figures, metadata_completeness_score, extraction_confidence, requires_manual_review, quality_accuracy, quality_completeness, quality_consistency, quality_timeliness, quality_relevance, quality_overall, quality_weights, quality_last_computed, quality_computation_version, is_quality_outlier, outlier_score, outlier_reasons, needs_quality_review, summary_coherence, summary_consistency, summary_fluency, summary_relevance, is_ocr_processed, ocr_confidence, ocr_corrections_applied) VALUES (?, ?, ?, ?, ?, ?, ?, ?, ?, ?, ?, ?, ?, ?, ?, ?, ?, ?, ?, ?, ?, ?, ?, ?, ?, ?, ?, ?, ?, ?, ?, ?, ?, ?, ?, ?, ?, ?, ?, ?, ?, ?, ?, ?, ?, ?, ?, ?, ?, ?, ?, ?, ?, ?, ?, ?, ?, ?, ?, ?, ?, ?, ?, ?, ?, ?, ?, ?, ?, ?, ?, ?) RETURNING created_at, updated_at
2025-11-18 13:41:51,463 - sqlalchemy.engine.Engine - INFO - [cached since 1.308s ago] ('f0980311-44c2-4376-9a9f-f46abe015065', 'Test Resource', 'A test resource for classification', None, None, None, None, None, None, None, None, 'https://example.com/test', None, None, None, '[]', '[]', None, 'unread', 0.0, 'pending', None, None, None, '[]', None, None, None, None, None, None, None, None, None, None, None, None, None, None, None, None, None, 0, 0, 0, None, None, None, None, None, None, 0, None, None, None, None, None, None, None, None, None, 0, None, None, 0, None, None, None, None, 0, None, None)
2025-11-18 13:41:51,468 - sqlalchemy.engine.Engine - INFO - COMMIT
2025-11-18 13:41:51,487 - sqlalchemy.engine.Engine - INFO - BEGIN (implicit)
2025-11-18 13:41:51,488 - sqlalchemy.engine.Engine - INFO - SELECT resources.id, resources.title, resources.description, resources.creator, resources.publisher, resources.contributor, resources.date_created, resources.date_modified, resources.type, resources.format, resources.identifier, resources.source, resources.language, resources.coverage, resources.rights, resources.subject, resources.relation, resources.classification_code, resources.read_status, resources.quality_score, resources.ingestion_status, resources.ingestion_error, resources.ingestion_started_at, resources.ingestion_completed_at, resources.embedding, resources.sparse_embedding, resources.sparse_embedding_model, resources.sparse_embedding_updated_at, resources.authors, resources.affiliations, resources.doi, resources.pmid, resources.arxiv_id, resources.isbn, resources.journal, resources.conference, resources.volume, resources.issue, resources.pages, resources.publication_year, resources.funding_sources, resources.acknowledgments, resources.equation_count, resources.table_count, resources.figure_count, resources.reference_count, resources.equations, resources.tables, resources.figures, resources.metadata_completeness_score, resources.extraction_confidence, resources.requires_manual_review, resources.quality_accuracy, resources.quality_completeness, resources.quality_consistency, resources.quality_timeliness, resources.quality_relevance, resources.quality_overall, resources.quality_weights, resources.quality_last_computed, resources.quality_computation_version, resources.is_quality_outlier, resources.outlier_score, resources.outlier_reasons, resources.needs_quality_review, resources.summary_coherence, resources.summary_consistency, resources.summary_fluency, resources.summary_relevance, resources.is_ocr_processed, resources.ocr_confidence, resources.ocr_corrections_applied, resources.created_at, resources.updated_at 
FROM resources 
WHERE resources.id = ?
2025-11-18 13:41:51,488 - sqlalchemy.engine.Engine - INFO - [cached since 1.32s ago] ('f0980311-44c2-4376-9a9f-f46abe015065',)
----------------------------- Captured log setup ------------------------------
INFO     sqlalchemy.engine.Engine:base.py:2702 BEGIN (implicit)
INFO     sqlalchemy.engine.Engine:base.py:1846 PRAGMA main.table_info("resources")
INFO     sqlalchemy.engine.Engine:base.py:1846 [raw sql] ()
INFO     sqlalchemy.engine.Engine:base.py:1846 PRAGMA main.table_info("classification_codes")
INFO     sqlalchemy.engine.Engine:base.py:1846 [raw sql] ()
INFO     sqlalchemy.engine.Engine:base.py:1846 PRAGMA main.table_info("authority_subjects")
INFO     sqlalchemy.engine.Engine:base.py:1846 [raw sql] ()
INFO     sqlalchemy.engine.Engine:base.py:1846 PRAGMA main.table_info("authority_creators")
INFO     sqlalchemy.engine.Engine:base.py:1846 [raw sql] ()
INFO     sqlalchemy.engine.Engine:base.py:1846 PRAGMA main.table_info("authority_publishers")
INFO     sqlalchemy.engine.Engine:base.py:1846 [raw sql] ()
INFO     sqlalchemy.engine.Engine:base.py:1846 PRAGMA main.table_info("citations")
INFO     sqlalchemy.engine.Engine:base.py:1846 [raw sql] ()
INFO     sqlalchemy.engine.Engine:base.py:1846 PRAGMA main.table_info("collection_resources")
INFO     sqlalchemy.engine.Engine:base.py:1846 [raw sql] ()
INFO     sqlalchemy.engine.Engine:base.py:1846 PRAGMA main.table_info("collections")
INFO     sqlalchemy.engine.Engine:base.py:1846 [raw sql] ()
INFO     sqlalchemy.engine.Engine:base.py:1846 PRAGMA main.table_info("taxonomy_nodes")
INFO     sqlalchemy.engine.Engine:base.py:1846 [raw sql] ()
INFO     sqlalchemy.engine.Engine:base.py:1846 PRAGMA main.table_info("resource_taxonomy")
INFO     sqlalchemy.engine.Engine:base.py:1846 [raw sql] ()
INFO     sqlalchemy.engine.Engine:base.py:1846 PRAGMA main.table_info("annotations")
INFO     sqlalchemy.engine.Engine:base.py:1846 [raw sql] ()
INFO     sqlalchemy.engine.Engine:base.py:1846 PRAGMA main.table_info("graph_edges")
INFO     sqlalchemy.engine.Engine:base.py:1846 [raw sql] ()
INFO     sqlalchemy.engine.Engine:base.py:1846 PRAGMA main.table_info("graph_embeddings")
INFO     sqlalchemy.engine.Engine:base.py:1846 [raw sql] ()
INFO     sqlalchemy.engine.Engine:base.py:1846 PRAGMA main.table_info("discovery_hypotheses")
INFO     sqlalchemy.engine.Engine:base.py:1846 [raw sql] ()
INFO     sqlalchemy.engine.Engine:base.py:1846 PRAGMA main.table_info("users")
INFO     sqlalchemy.engine.Engine:base.py:1846 [raw sql] ()
INFO     sqlalchemy.engine.Engine:base.py:1846 PRAGMA main.table_info("user_profiles")
INFO     sqlalchemy.engine.Engine:base.py:1846 [raw sql] ()
INFO     sqlalchemy.engine.Engine:base.py:1846 PRAGMA main.table_info("user_interactions")
INFO     sqlalchemy.engine.Engine:base.py:1846 [raw sql] ()
INFO     sqlalchemy.engine.Engine:base.py:1846 PRAGMA main.table_info("recommendation_feedback")
INFO     sqlalchemy.engine.Engine:base.py:1846 [raw sql] ()
INFO     sqlalchemy.engine.Engine:base.py:1846 PRAGMA main.table_info("model_versions")
INFO     sqlalchemy.engine.Engine:base.py:1846 [raw sql] ()
INFO     sqlalchemy.engine.Engine:base.py:1846 PRAGMA main.table_info("ab_test_experiments")
INFO     sqlalchemy.engine.Engine:base.py:1846 [raw sql] ()
INFO     sqlalchemy.engine.Engine:base.py:1846 PRAGMA main.table_info("prediction_logs")
INFO     sqlalchemy.engine.Engine:base.py:1846 [raw sql] ()
INFO     sqlalchemy.engine.Engine:base.py:1846 PRAGMA main.table_info("retraining_runs")
INFO     sqlalchemy.engine.Engine:base.py:1846 [raw sql] ()
INFO     sqlalchemy.engine.Engine:base.py:2708 COMMIT
INFO     sqlalchemy.engine.Engine:base.py:2702 BEGIN (implicit)
INFO     sqlalchemy.engine.Engine:base.py:1846 PRAGMA main.table_info("resources")
INFO     sqlalchemy.engine.Engine:base.py:1846 [raw sql] ()
INFO     sqlalchemy.engine.Engine:base.py:1846 PRAGMA main.table_info("classification_codes")
INFO     sqlalchemy.engine.Engine:base.py:1846 [raw sql] ()
INFO     sqlalchemy.engine.Engine:base.py:1846 PRAGMA main.table_info("authority_subjects")
INFO     sqlalchemy.engine.Engine:base.py:1846 [raw sql] ()
INFO     sqlalchemy.engine.Engine:base.py:1846 PRAGMA main.table_info("authority_creators")
INFO     sqlalchemy.engine.Engine:base.py:1846 [raw sql] ()
INFO     sqlalchemy.engine.Engine:base.py:1846 PRAGMA main.table_info("authority_publishers")
INFO     sqlalchemy.engine.Engine:base.py:1846 [raw sql] ()
INFO     sqlalchemy.engine.Engine:base.py:1846 PRAGMA main.table_info("citations")
INFO     sqlalchemy.engine.Engine:base.py:1846 [raw sql] ()
INFO     sqlalchemy.engine.Engine:base.py:1846 PRAGMA main.table_info("collection_resources")
INFO     sqlalchemy.engine.Engine:base.py:1846 [raw sql] ()
INFO     sqlalchemy.engine.Engine:base.py:1846 PRAGMA main.table_info("collections")
INFO     sqlalchemy.engine.Engine:base.py:1846 [raw sql] ()
INFO     sqlalchemy.engine.Engine:base.py:1846 PRAGMA main.table_info("taxonomy_nodes")
INFO     sqlalchemy.engine.Engine:base.py:1846 [raw sql] ()
INFO     sqlalchemy.engine.Engine:base.py:1846 PRAGMA main.table_info("resource_taxonomy")
INFO     sqlalchemy.engine.Engine:base.py:1846 [raw sql] ()
INFO     sqlalchemy.engine.Engine:base.py:1846 PRAGMA main.table_info("annotations")
INFO     sqlalchemy.engine.Engine:base.py:1846 [raw sql] ()
INFO     sqlalchemy.engine.Engine:base.py:1846 PRAGMA main.table_info("graph_edges")
INFO     sqlalchemy.engine.Engine:base.py:1846 [raw sql] ()
INFO     sqlalchemy.engine.Engine:base.py:1846 PRAGMA main.table_info("graph_embeddings")
INFO     sqlalchemy.engine.Engine:base.py:1846 [raw sql] ()
INFO     sqlalchemy.engine.Engine:base.py:1846 PRAGMA main.table_info("discovery_hypotheses")
INFO     sqlalchemy.engine.Engine:base.py:1846 [raw sql] ()
INFO     sqlalchemy.engine.Engine:base.py:1846 PRAGMA main.table_info("users")
INFO     sqlalchemy.engine.Engine:base.py:1846 [raw sql] ()
INFO     sqlalchemy.engine.Engine:base.py:1846 PRAGMA main.table_info("user_profiles")
INFO     sqlalchemy.engine.Engine:base.py:1846 [raw sql] ()
INFO     sqlalchemy.engine.Engine:base.py:1846 PRAGMA main.table_info("user_interactions")
INFO     sqlalchemy.engine.Engine:base.py:1846 [raw sql] ()
INFO     sqlalchemy.engine.Engine:base.py:1846 PRAGMA main.table_info("recommendation_feedback")
INFO     sqlalchemy.engine.Engine:base.py:1846 [raw sql] ()
INFO     sqlalchemy.engine.Engine:base.py:1846 PRAGMA main.table_info("model_versions")
INFO     sqlalchemy.engine.Engine:base.py:1846 [raw sql] ()
INFO     sqlalchemy.engine.Engine:base.py:1846 PRAGMA main.table_info("ab_test_experiments")
INFO     sqlalchemy.engine.Engine:base.py:1846 [raw sql] ()
INFO     sqlalchemy.engine.Engine:base.py:1846 PRAGMA main.table_info("prediction_logs")
INFO     sqlalchemy.engine.Engine:base.py:1846 [raw sql] ()
INFO     sqlalchemy.engine.Engine:base.py:1846 PRAGMA main.table_info("retraining_runs")
INFO     sqlalchemy.engine.Engine:base.py:1846 [raw sql] ()
INFO     sqlalchemy.engine.Engine:base.py:2708 COMMIT
INFO     sqlalchemy.engine.Engine:base.py:2702 BEGIN (implicit)
INFO     sqlalchemy.engine.Engine:base.py:1846 INSERT INTO resources (id, title, description, creator, publisher, contributor, date_created, date_modified, type, format, identifier, source, language, coverage, rights, subject, relation, classification_code, read_status, quality_score, ingestion_status, ingestion_error, ingestion_started_at, ingestion_completed_at, embedding, sparse_embedding, sparse_embedding_model, sparse_embedding_updated_at, authors, affiliations, doi, pmid, arxiv_id, isbn, journal, conference, volume, issue, pages, publication_year, funding_sources, acknowledgments, equation_count, table_count, figure_count, reference_count, equations, tables, figures, metadata_completeness_score, extraction_confidence, requires_manual_review, quality_accuracy, quality_completeness, quality_consistency, quality_timeliness, quality_relevance, quality_overall, quality_weights, quality_last_computed, quality_computation_version, is_quality_outlier, outlier_score, outlier_reasons, needs_quality_review, summary_coherence, summary_consistency, summary_fluency, summary_relevance, is_ocr_processed, ocr_confidence, ocr_corrections_applied) VALUES (?, ?, ?, ?, ?, ?, ?, ?, ?, ?, ?, ?, ?, ?, ?, ?, ?, ?, ?, ?, ?, ?, ?, ?, ?, ?, ?, ?, ?, ?, ?, ?, ?, ?, ?, ?, ?, ?, ?, ?, ?, ?, ?, ?, ?, ?, ?, ?, ?, ?, ?, ?, ?, ?, ?, ?, ?, ?, ?, ?, ?, ?, ?, ?, ?, ?, ?, ?, ?, ?, ?, ?) RETURNING created_at, updated_at
INFO     sqlalchemy.engine.Engine:base.py:1846 [cached since 1.308s ago] ('f0980311-44c2-4376-9a9f-f46abe015065', 'Test Resource', 'A test resource for classification', None, None, None, None, None, None, None, None, 'https://example.com/test', None, None, None, '[]', '[]', None, 'unread', 0.0, 'pending', None, None, None, '[]', None, None, None, None, None, None, None, None, None, None, None, None, None, None, None, None, None, 0, 0, 0, None, None, None, None, None, None, 0, None, None, None, None, None, None, None, None, None, 0, None, None, 0, None, None, None, None, 0, None, None)
INFO     sqlalchemy.engine.Engine:base.py:2708 COMMIT
INFO     sqlalchemy.engine.Engine:base.py:2702 BEGIN (implicit)
INFO     sqlalchemy.engine.Engine:base.py:1846 SELECT resources.id, resources.title, resources.description, resources.creator, resources.publisher, resources.contributor, resources.date_created, resources.date_modified, resources.type, resources.format, resources.identifier, resources.source, resources.language, resources.coverage, resources.rights, resources.subject, resources.relation, resources.classification_code, resources.read_status, resources.quality_score, resources.ingestion_status, resources.ingestion_error, resources.ingestion_started_at, resources.ingestion_completed_at, resources.embedding, resources.sparse_embedding, resources.sparse_embedding_model, resources.sparse_embedding_updated_at, resources.authors, resources.affiliations, resources.doi, resources.pmid, resources.arxiv_id, resources.isbn, resources.journal, resources.conference, resources.volume, resources.issue, resources.pages, resources.publication_year, resources.funding_sources, resources.acknowledgments, resources.equation_count, resources.table_count, resources.figure_count, resources.reference_count, resources.equations, resources.tables, resources.figures, resources.metadata_completeness_score, resources.extraction_confidence, resources.requires_manual_review, resources.quality_accuracy, resources.quality_completeness, resources.quality_consistency, resources.quality_timeliness, resources.quality_relevance, resources.quality_overall, resources.quality_weights, resources.quality_last_computed, resources.quality_computation_version, resources.is_quality_outlier, resources.outlier_score, resources.outlier_reasons, resources.needs_quality_review, resources.summary_coherence, resources.summary_consistency, resources.summary_fluency, resources.summary_relevance, resources.is_ocr_processed, resources.ocr_confidence, resources.ocr_corrections_applied, resources.created_at, resources.updated_at 
FROM resources 
WHERE resources.id = ?
INFO     sqlalchemy.engine.Engine:base.py:1846 [cached since 1.32s ago] ('f0980311-44c2-4376-9a9f-f46abe015065',)
-------------------------- Captured stdout teardown ---------------------------
2025-11-18 13:41:51,608 INFO sqlalchemy.engine.Engine ROLLBACK
-------------------------- Captured stderr teardown ---------------------------
2025-11-18 13:41:51,608 - sqlalchemy.engine.Engine - INFO - ROLLBACK
---------------------------- Captured log teardown ----------------------------
INFO     sqlalchemy.engine.Engine:base.py:2705 ROLLBACK
__________ TestQualityAnalysisEndpoint.test_quality_analysis_success __________
tests\integration\phase2_curation\test_curation_endpoints.py:98: in test_quality_analysis_success
    assert "word_count" in readability
E   AssertionError: assert 'word_count' in {'fk_grade': 11.432500000000001, 'reading_ease': 32.09583333333336}
---------------------------- Captured stderr call -----------------------------
2025-11-18 13:41:54,270 - httpx - INFO - HTTP Request: GET http://testserver/curation/quality-analysis/e0b7fa31-97fb-48aa-8b4a-21fee47cb283 "HTTP/1.1 200 OK"
------------------------------ Captured log call ------------------------------
INFO     httpx:_client.py:1025 HTTP Request: GET http://testserver/curation/quality-analysis/e0b7fa31-97fb-48aa-8b4a-21fee47cb283 "HTTP/1.1 200 OK"
______ TestEnhancedSearchEndpoint.test_search_with_filters_and_snippets _______
tests\integration\phase3_search\test_enhanced_search_api.py:224: in test_search_with_filters_and_snippets
    assert response.status_code == 200
E   assert 500 == 200
E    +  where 500 = <Response [500 Internal Server Error]>.status_code
---------------------------- Captured stderr call -----------------------------
2025-11-18 13:43:11,047 - httpx - INFO - HTTP Request: POST http://testserver/search "HTTP/1.1 500 Internal Server Error"
------------------------------ Captured log call ------------------------------
INFO     httpx:_client.py:1025 HTTP Request: POST http://testserver/search "HTTP/1.1 500 Internal Server Error"
__________ TestEnhancedSearchEndpoint.test_search_without_text_query __________
tests\integration\phase3_search\test_enhanced_search_api.py:268: in test_search_without_text_query
    assert response.status_code == 200
E   assert 500 == 200
E    +  where 500 = <Response [500 Internal Server Error]>.status_code
---------------------------- Captured stderr call -----------------------------
2025-11-18 13:43:20,621 - httpx - INFO - HTTP Request: POST http://testserver/search "HTTP/1.1 500 Internal Server Error"
------------------------------ Captured log call ------------------------------
INFO     httpx:_client.py:1025 HTTP Request: POST http://testserver/search "HTTP/1.1 500 Internal Server Error"
_________ TestEnhancedSearchEndpoint.test_complex_query_combinations __________
tests\integration\phase3_search\test_enhanced_search_api.py:382: in test_complex_query_combinations
    assert response.status_code == 200
E   assert 500 == 200
E    +  where 500 = <Response [500 Internal Server Error]>.status_code
---------------------------- Captured stderr call -----------------------------
2025-11-18 13:44:10,818 - httpx - INFO - HTTP Request: POST http://testserver/search "HTTP/1.1 500 Internal Server Error"
------------------------------ Captured log call ------------------------------
INFO     httpx:_client.py:1025 HTTP Request: POST http://testserver/search "HTTP/1.1 500 Internal Server Error"
_______________________ test_search_filters_and_sorting _______________________
tests\integration\phase3_search\test_phase3_search_api.py:102: in test_search_filters_and_sorting
    assert resp.status_code == 200
E   assert 500 == 200
E    +  where 500 = <Response [500 Internal Server Error]>.status_code
---------------------------- Captured stderr call -----------------------------
2025-11-18 13:44:24,833 - httpx - INFO - HTTP Request: POST http://testserver/search "HTTP/1.1 500 Internal Server Error"
------------------------------ Captured log call ------------------------------
INFO     httpx:_client.py:1025 HTTP Request: POST http://testserver/search "HTTP/1.1 500 Internal Server Error"
_________________________ test_search_subject_any_all _________________________
tests\integration\phase3_search\test_phase3_search_api.py:116: in test_search_subject_any_all
    assert resp_any.status_code == 200
E   assert 500 == 200
E    +  where 500 = <Response [500 Internal Server Error]>.status_code
---------------------------- Captured stderr call -----------------------------
2025-11-18 13:44:25,386 - httpx - INFO - HTTP Request: POST http://testserver/search "HTTP/1.1 500 Internal Server Error"
------------------------------ Captured log call ------------------------------
INFO     httpx:_client.py:1025 HTTP Request: POST http://testserver/search "HTTP/1.1 500 Internal Server Error"
_________________________ test_search_facets_present __________________________
tests\integration\phase3_search\test_phase3_search_api.py:134: in test_search_facets_present
    assert resp.status_code == 200
E   assert 500 == 200
E    +  where 500 = <Response [500 Internal Server Error]>.status_code
---------------------------- Captured stderr call -----------------------------
2025-11-18 13:44:29,996 - backend.app.cache.redis_cache - ERROR - Redis get error for key search_query:02d71c32460bc81281b2ae477ba87b7e: Error 10061 connecting to localhost:6379. No connection could be made because the target machine actively refused it.
2025-11-18 13:44:30,031 - httpx - INFO - HTTP Request: POST http://testserver/search "HTTP/1.1 500 Internal Server Error"
------------------------------ Captured log call ------------------------------
ERROR    backend.app.cache.redis_cache:redis_cache.py:125 Redis get error for key search_query:02d71c32460bc81281b2ae477ba87b7e: Error 10061 connecting to localhost:6379. No connection could be made because the target machine actively refused it.
INFO     httpx:_client.py:1025 HTTP Request: POST http://testserver/search "HTTP/1.1 500 Internal Server Error"
_________ TestSearchIntegration.test_fallback_when_numpy_unavailable __________
tests\integration\phase4_hybrid_search\test_phase4_hybrid_search.py:297: in test_fallback_when_numpy_unavailable
    result = AdvancedSearchService.search(mock_db, query)
             ^^^^^^^^^^^^^^^^^^^^^^^^^^^^^^^^^^^^^^^^^^^^
app\services\search_service.py:984: in search
    AdvancedSearchService._cache_search_results(cache_key, ranked_items, total, facets, snippets)
    ^^^^^^^^^^^^^^^^^^^^^^^^^^^^^^^^^^^^^^^^^^^
E   AttributeError: type object 'AdvancedSearchService' has no attribute '_cache_search_results'
---------------------------- Captured stderr call -----------------------------
2025-11-18 13:44:38,296 - backend.app.cache.redis_cache - ERROR - Redis get error for key search_query:7cd88e31ba1c8080b3e31758eb849cef: Error 10061 connecting to localhost:6379. No connection could be made because the target machine actively refused it.
------------------------------ Captured log call ------------------------------
ERROR    backend.app.cache.redis_cache:redis_cache.py:125 Redis get error for key search_query:7cd88e31ba1c8080b3e31758eb849cef: Error 10061 connecting to localhost:6379. No connection could be made because the target machine actively refused it.
_________________ TestCosineSimilarity.test_opposite_vectors __________________
tests\integration\phase5_graph\test_phase55_recommendations.py:95: in test_opposite_vectors
    assert _cosine_similarity(vec_a, vec_b) == 0.0  # Clamped to 0
    ^^^^^^^^^^^^^^^^^^^^^^^^^^^^^^^^^^^^^^^^^^^^^^
E   assert -1.0 == 0.0
E    +  where -1.0 = _cosine_similarity(array([1., 0.]), array([-1.,  0.]))
__________________ TestCosineSimilarity.test_score_clamping ___________________
tests\integration\phase5_graph\test_phase55_recommendations.py:114: in test_score_clamping
    assert _cosine_similarity(vec_a, vec_b) == 0.0
E   assert -1.0 == 0.0
E    +  where -1.0 = _cosine_similarity(array([1., 0.]), array([-1.,  0.]))
_______________ TestVectorConversion.test_to_numpy_vector_valid _______________
tests\integration\phase5_graph\test_phase55_recommendations.py:131: in test_to_numpy_vector_valid
    assert isinstance(result, np.ndarray)
E   AssertionError: assert False
E    +  where False = isinstance([1.0, 2.0, 3.0], <class 'numpy.ndarray'>)
E    +    where <class 'numpy.ndarray'> = np.ndarray
_______________ TestVectorConversion.test_to_numpy_vector_empty _______________
tests\integration\phase5_graph\test_phase55_recommendations.py:137: in test_to_numpy_vector_empty
    assert isinstance(result, np.ndarray)
E   AssertionError: assert False
E    +  where False = isinstance([], <class 'numpy.ndarray'>)
E    +    where <class 'numpy.ndarray'> = np.ndarray
_______________ TestVectorConversion.test_to_numpy_vector_none ________________
tests\integration\phase5_graph\test_phase55_recommendations.py:143: in test_to_numpy_vector_none
    assert isinstance(result, np.ndarray)
E   AssertionError: assert False
E    +  where False = isinstance([], <class 'numpy.ndarray'>)
E    +    where <class 'numpy.ndarray'> = np.ndarray
______________ TestVectorConversion.test_to_numpy_vector_invalid ______________
tests\integration\phase5_graph\test_phase55_recommendations.py:149: in test_to_numpy_vector_invalid
    assert isinstance(result, np.ndarray)
E   AssertionError: assert False
E    +  where False = isinstance([], <class 'numpy.ndarray'>)
E    +    where <class 'numpy.ndarray'> = np.ndarray
_______ TestUserProfileGeneration.test_generate_profile_with_embeddings _______
tests\integration\phase5_graph\test_phase55_recommendations.py:163: in test_generate_profile_with_embeddings
    profile = generate_user_profile_vector(db)
              ^^^^^^^^^^^^^^^^^^^^^^^^^^^^^^^^
E   TypeError: generate_user_profile_vector() missing 1 required positional argument: 'user_id'
________ TestUserProfileGeneration.test_generate_profile_empty_library ________
tests\integration\phase5_graph\test_phase55_recommendations.py:172: in test_generate_profile_empty_library
    profile = generate_user_profile_vector(empty_library)
              ^^^^^^^^^^^^^^^^^^^^^^^^^^^^^^^^^^^^^^^^^^^
E   TypeError: generate_user_profile_vector() missing 1 required positional argument: 'user_id'
________ TestUserProfileGeneration.test_generate_profile_no_embeddings ________
tests\integration\phase5_graph\test_phase55_recommendations.py:192: in test_generate_profile_no_embeddings
    profile = generate_user_profile_vector(db)
              ^^^^^^^^^^^^^^^^^^^^^^^^^^^^^^^^
E   TypeError: generate_user_profile_vector() missing 1 required positional argument: 'user_id'
_______________ TestTopSubjectsExtraction.test_get_top_subjects _______________
tests\integration\phase5_graph\test_phase55_recommendations.py:213: in test_get_top_subjects
    assert len(subjects) <= 5  # RECOMMENDATION_KEYWORD_COUNT
    ^^^^^^^^^^^^^^^^^^^^^^^^^
E   AssertionError: assert 10 <= 5
E    +  where 10 = len(['Machine Learning', 'Deep Learning', 'Artificial Intelligence', 'Python', 'Data Science', 'Neural Networks', ...])
_________________ TestEdgeCases.test_search_provider_failure __________________
tests\integration\phase5_graph\test_phase55_recommendations.py:471: in test_search_provider_failure
    with patch('backend.app.services.recommendation_service.DDGS') as mock_ddgs:
         ^^^^^^^^^^^^^^^^^^^^^^^^^^^^^^^^^^^^^^^^^^^^^^^^^^^^^^^^^
C:\Python313\Lib\unittest\mock.py:1497: in __enter__
    original, local = self.get_original()
                      ^^^^^^^^^^^^^^^^^^^
C:\Python313\Lib\unittest\mock.py:1467: in get_original
    raise AttributeError(
E   AttributeError: <module 'backend.app.services.recommendation_service' from 'C:\\Users\\rooma\\PycharmProjects\\neo_alexadria\\backend\\app\\services\\recommendation_service.py'> does not have the attribute 'DDGS'
_____________________ test_recommendations_endpoint_basic _____________________
C:\Python313\Lib\unittest\mock.py:1423: in patched
    with self.decoration_helper(patched,
C:\Python313\Lib\contextlib.py:141: in __enter__
    return next(self.gen)
           ^^^^^^^^^^^^^^
C:\Python313\Lib\unittest\mock.py:1405: in decoration_helper
    arg = exit_stack.enter_context(patching)
          ^^^^^^^^^^^^^^^^^^^^^^^^^^^^^^^^^^
C:\Python313\Lib\contextlib.py:530: in enter_context
    result = _enter(cm)
             ^^^^^^^^^^
C:\Python313\Lib\unittest\mock.py:1497: in __enter__
    original, local = self.get_original()
                      ^^^^^^^^^^^^^^^^^^^
C:\Python313\Lib\unittest\mock.py:1467: in get_original
    raise AttributeError(
E   AttributeError: <module 'backend.app.services.recommendation_service' from 'C:\\Users\\rooma\\PycharmProjects\\neo_alexadria\\backend\\app\\services\\recommendation_service.py'> does not have the attribute 'DDGS'
__________________________ test_profile_sensitivity ___________________________
C:\Python313\Lib\unittest\mock.py:1423: in patched
    with self.decoration_helper(patched,
C:\Python313\Lib\contextlib.py:141: in __enter__
    return next(self.gen)
           ^^^^^^^^^^^^^^
C:\Python313\Lib\unittest\mock.py:1405: in decoration_helper
    arg = exit_stack.enter_context(patching)
          ^^^^^^^^^^^^^^^^^^^^^^^^^^^^^^^^^^
C:\Python313\Lib\contextlib.py:530: in enter_context
    result = _enter(cm)
             ^^^^^^^^^^
C:\Python313\Lib\unittest\mock.py:1497: in __enter__
    original, local = self.get_original()
                      ^^^^^^^^^^^^^^^^^^^
C:\Python313\Lib\unittest\mock.py:1467: in get_original
    raise AttributeError(
E   AttributeError: <module 'backend.app.services.recommendation_service' from 'C:\\Users\\rooma\\PycharmProjects\\neo_alexadria\\backend\\app\\services\\recommendation_service.py'> does not have the attribute 'DDGS'
_________________ TestEquationExtraction.test_normalize_latex _________________
tests\integration\phase6_citations\test_phase6_5_scholarly.py:124: in test_normalize_latex
    normalized = parser.normalize_latex(latex)
                 ^^^^^^^^^^^^^^^^^^^^^^^^^^^^^
app\utils\equation_parser.py:152: in normalize_latex
    latex_str = re.sub(r'\\\s+', '\\', latex_str)
                ^^^^^^^^^^^^^^^^^^^^^^^^^^^^^^^^^
C:\Python313\Lib\re\__init__.py:208: in sub
    return _compile(pattern, flags).sub(repl, string, count)
           ^^^^^^^^^^^^^^^^^^^^^^^^^^^^^^^^^^^^^^^^^^^^^^^^^
C:\Python313\Lib\re\__init__.py:377: in _compile_template
    return _sre.template(pattern, _parser.parse_template(repl, pattern))
                                  ^^^^^^^^^^^^^^^^^^^^^^^^^^^^^^^^^^^^^
C:\Python313\Lib\re\_parser.py:1000: in parse_template
    s = Tokenizer(source)
        ^^^^^^^^^^^^^^^^^
C:\Python313\Lib\re\_parser.py:238: in __init__
    self.__next()
C:\Python313\Lib\re\_parser.py:251: in __next
    raise error("bad escape (end of pattern)",
E   re.PatternError: bad escape (end of pattern) at position 0
_________ TestAnnotationIntegration.test_search_includes_annotations __________
tests\integration\phase7_collections\test_phase7_5_annotations.py:579: in test_search_includes_annotations
    results = AdvancedSearchService.search_with_annotations(
app\services\search_service.py:1422: in search_with_annotations
    search_results = AdvancedSearchService.search(db, search_query)
                     ^^^^^^^^^^^^^^^^^^^^^^^^^^^^^^^^^^^^^^^^^^^^^^
app\services\search_service.py:895: in search
    cache_key = AdvancedSearchService._generate_cache_key(query)
                ^^^^^^^^^^^^^^^^^^^^^^^^^^^^^^^^^^^^^^^^^^^^^^^^
app\services\search_service.py:875: in _generate_cache_key
    "classification": query.filters.classification if query.filters else None,
                      ^^^^^^^^^^^^^^^^^^^^^^^^^^^^
..\..\..\AppData\Roaming\Python\Python313\site-packages\pydantic\main.py:991: in __getattr__
    raise AttributeError(f'{type(self).__name__!r} object has no attribute {item!r}')
E   AttributeError: 'SearchFilters' object has no attribute 'classification'. Did you mean: 'classification_code'?
_________ TestAnnotationIntegration.test_collection_annotation_counts _________
tests\integration\phase7_collections\test_phase7_5_annotations.py:618: in test_collection_annotation_counts
    collection_service.add_resources(
    ^^^^^^^^^^^^^^^^^^^^^^^^^^^^^^^^
E   AttributeError: 'CollectionService' object has no attribute 'add_resources'
__________ TestCollectionCreation.test_create_collection_with_parent __________
tests\integration\phase7_collections\test_phase7_collections.py:69: in test_create_collection_with_parent
    parent = service.create_collection(
E   TypeError: CollectionService.create_collection() missing 1 required positional argument: 'description'
_________ TestCollectionCreation.test_create_collection_invalid_name __________
tests\integration\phase7_collections\test_phase7_collections.py:90: in test_create_collection_invalid_name
    service.create_collection(
E   TypeError: CollectionService.create_collection() missing 1 required positional argument: 'description'
______ TestCollectionCreation.test_create_collection_invalid_visibility _______
tests\integration\phase7_collections\test_phase7_collections.py:101: in test_create_collection_invalid_visibility
    service.create_collection(
E   TypeError: CollectionService.create_collection() missing 1 required positional argument: 'description'
__________ TestCollectionAccess.test_get_private_collection_as_owner __________
tests\integration\phase7_collections\test_phase7_collections.py:115: in test_get_private_collection_as_owner
    collection = service.create_collection(
E   TypeError: CollectionService.create_collection() missing 1 required positional argument: 'description'
________ TestCollectionAccess.test_get_private_collection_as_non_owner ________
tests\integration\phase7_collections\test_phase7_collections.py:128: in test_get_private_collection_as_non_owner
    collection = service.create_collection(
E   TypeError: CollectionService.create_collection() missing 1 required positional argument: 'description'
_______________ TestCollectionAccess.test_get_public_collection _______________
tests\integration\phase7_collections\test_phase7_collections.py:141: in test_get_public_collection
    collection = service.create_collection(
E   TypeError: CollectionService.create_collection() missing 1 required positional argument: 'description'
__________________ TestResourceMembership.test_add_resources __________________
tests\integration\phase7_collections\test_phase7_collections.py:159: in test_add_resources
    collection = service.create_collection(
E   TypeError: CollectionService.create_collection() missing 1 required positional argument: 'description'
_____________ TestResourceMembership.test_add_resources_duplicate _____________
tests\integration\phase7_collections\test_phase7_collections.py:179: in test_add_resources_duplicate
    collection = service.create_collection(
E   TypeError: CollectionService.create_collection() missing 1 required positional argument: 'description'
________________ TestResourceMembership.test_remove_resources _________________
tests\integration\phase7_collections\test_phase7_collections.py:207: in test_remove_resources
    collection = service.create_collection(
E   TypeError: CollectionService.create_collection() missing 1 required positional argument: 'description'
_____________ TestResourceMembership.test_add_resources_non_owner _____________
tests\integration\phase7_collections\test_phase7_collections.py:235: in test_add_resources_non_owner
    collection = service.create_collection(
E   TypeError: CollectionService.create_collection() missing 1 required positional argument: 'description'
______________ TestCollectionEmbedding.test_recompute_embedding _______________
tests\integration\phase7_collections\test_phase7_collections.py:258: in test_recompute_embedding
    collection = service.create_collection(
E   TypeError: CollectionService.create_collection() missing 1 required positional argument: 'description'
______ TestCollectionEmbedding.test_recompute_embedding_empty_collection ______
tests\integration\phase7_collections\test_phase7_collections.py:286: in test_recompute_embedding_empty_collection
    collection = service.create_collection(
E   TypeError: CollectionService.create_collection() missing 1 required positional argument: 'description'
___________ TestCollectionRecommendations.test_get_recommendations ____________
tests\integration\phase7_collections\test_phase7_collections.py:309: in test_get_recommendations
    collection = service.create_collection(
E   TypeError: CollectionService.create_collection() missing 1 required positional argument: 'description'
_____ TestCollectionRecommendations.test_get_recommendations_no_embedding _____
tests\integration\phase7_collections\test_phase7_collections.py:339: in test_get_recommendations_no_embedding
    collection = service.create_collection(
E   TypeError: CollectionService.create_collection() missing 1 required positional argument: 'description'
_________ TestHierarchyValidation.test_validate_hierarchy_none_parent _________
tests\integration\phase7_collections\test_phase7_collections.py:362: in test_validate_hierarchy_none_parent
    collection = service.create_collection(
E   TypeError: CollectionService.create_collection() missing 1 required positional argument: 'description'
________ TestHierarchyValidation.test_validate_hierarchy_valid_parent _________
tests\integration\phase7_collections\test_phase7_collections.py:376: in test_validate_hierarchy_valid_parent
    parent = service.create_collection(
E   TypeError: CollectionService.create_collection() missing 1 required positional argument: 'description'
_______ TestHierarchyValidation.test_prevent_circular_reference_direct ________
tests\integration\phase7_collections\test_phase7_collections.py:396: in test_prevent_circular_reference_direct
    collection = service.create_collection(
E   TypeError: CollectionService.create_collection() missing 1 required positional argument: 'description'
______ TestHierarchyValidation.test_prevent_circular_reference_two_level ______
tests\integration\phase7_collections\test_phase7_collections.py:411: in test_prevent_circular_reference_two_level
    parent = service.create_collection(
E   TypeError: CollectionService.create_collection() missing 1 required positional argument: 'description'
_____ TestHierarchyValidation.test_prevent_circular_reference_multi_level _____
tests\integration\phase7_collections\test_phase7_collections.py:437: in test_prevent_circular_reference_multi_level
    level1 = service.create_collection(
E   TypeError: CollectionService.create_collection() missing 1 required positional argument: 'description'
_____________ TestHierarchyValidation.test_hierarchy_depth_limit ______________
tests\integration\phase7_collections\test_phase7_collections.py:470: in test_hierarchy_depth_limit
    collection = service.create_collection(
E   TypeError: CollectionService.create_collection() missing 1 required positional argument: 'description'
__________ TestHierarchyValidation.test_valid_multi_level_hierarchy ___________
tests\integration\phase7_collections\test_phase7_collections.py:497: in test_valid_multi_level_hierarchy
    level1 = service.create_collection(
E   TypeError: CollectionService.create_collection() missing 1 required positional argument: 'description'
______________ TestHierarchyValidation.test_reparent_collection _______________
tests\integration\phase7_collections\test_phase7_collections.py:527: in test_reparent_collection
    parent1 = service.create_collection(
E   TypeError: CollectionService.create_collection() missing 1 required positional argument: 'description'
_______________________ test_classify_resource_endpoint _______________________
tests\integration\phase8_classification\test_classification_endpoints.py:100: in test_classify_resource_endpoint
    db, resource1, resource2, node1, node2 = setup_test_db()
                                             ^^^^^^^^^^^^^^^
tests\integration\phase8_classification\test_classification_endpoints.py:70: in setup_test_db
    resource1 = Resource(
<string>:4: in __init__
    ???
..\..\..\AppData\Roaming\Python\Python313\site-packages\sqlalchemy\orm\state.py:571: in _initialize_instance
    with util.safe_reraise():
         ^^^^^^^^^^^^^^^^^^^
..\..\..\AppData\Roaming\Python\Python313\site-packages\sqlalchemy\util\langhelpers.py:224: in __exit__
    raise exc_value.with_traceback(exc_tb)
..\..\..\AppData\Roaming\Python\Python313\site-packages\sqlalchemy\orm\state.py:569: in _initialize_instance
    manager.original_init(*mixed[1:], **kwargs)
..\..\..\AppData\Roaming\Python\Python313\site-packages\sqlalchemy\orm\decl_base.py:2179: in _declarative_constructor
    raise TypeError(
E   TypeError: 'url' is an invalid keyword argument for Resource
---------------------------- Captured stdout call -----------------------------

================================================================================
TEST 1: POST /taxonomy/classify/{resource_id}
================================================================================
_____________________ test_get_uncertain_samples_endpoint _____________________
tests\integration\phase8_classification\test_classification_endpoints.py:129: in test_get_uncertain_samples_endpoint
    db, resource1, resource2, node1, node2 = setup_test_db()
                                             ^^^^^^^^^^^^^^^
tests\integration\phase8_classification\test_classification_endpoints.py:70: in setup_test_db
    resource1 = Resource(
<string>:4: in __init__
    ???
..\..\..\AppData\Roaming\Python\Python313\site-packages\sqlalchemy\orm\state.py:571: in _initialize_instance
    with util.safe_reraise():
         ^^^^^^^^^^^^^^^^^^^
..\..\..\AppData\Roaming\Python\Python313\site-packages\sqlalchemy\util\langhelpers.py:224: in __exit__
    raise exc_value.with_traceback(exc_tb)
..\..\..\AppData\Roaming\Python\Python313\site-packages\sqlalchemy\orm\state.py:569: in _initialize_instance
    manager.original_init(*mixed[1:], **kwargs)
..\..\..\AppData\Roaming\Python\Python313\site-packages\sqlalchemy\orm\decl_base.py:2179: in _declarative_constructor
    raise TypeError(
E   TypeError: 'url' is an invalid keyword argument for Resource
---------------------------- Captured stdout call -----------------------------

================================================================================
TEST 2: GET /taxonomy/active-learning/uncertain
================================================================================
________________________ test_submit_feedback_endpoint ________________________
tests\integration\phase8_classification\test_classification_endpoints.py:170: in test_submit_feedback_endpoint
    db, resource1, resource2, node1, node2 = setup_test_db()
                                             ^^^^^^^^^^^^^^^
tests\integration\phase8_classification\test_classification_endpoints.py:70: in setup_test_db
    resource1 = Resource(
<string>:4: in __init__
    ???
..\..\..\AppData\Roaming\Python\Python313\site-packages\sqlalchemy\orm\state.py:571: in _initialize_instance
    with util.safe_reraise():
         ^^^^^^^^^^^^^^^^^^^
..\..\..\AppData\Roaming\Python\Python313\site-packages\sqlalchemy\util\langhelpers.py:224: in __exit__
    raise exc_value.with_traceback(exc_tb)
..\..\..\AppData\Roaming\Python\Python313\site-packages\sqlalchemy\orm\state.py:569: in _initialize_instance
    manager.original_init(*mixed[1:], **kwargs)
..\..\..\AppData\Roaming\Python\Python313\site-packages\sqlalchemy\orm\decl_base.py:2179: in _declarative_constructor
    raise TypeError(
E   TypeError: 'url' is an invalid keyword argument for Resource
---------------------------- Captured stdout call -----------------------------

================================================================================
TEST 3: POST /taxonomy/active-learning/feedback
================================================================================
_______________________ test_train_classifier_endpoint ________________________
tests\integration\phase8_classification\test_classification_endpoints.py:230: in test_train_classifier_endpoint
    db, resource1, resource2, node1, node2 = setup_test_db()
                                             ^^^^^^^^^^^^^^^
tests\integration\phase8_classification\test_classification_endpoints.py:70: in setup_test_db
    resource1 = Resource(
<string>:4: in __init__
    ???
..\..\..\AppData\Roaming\Python\Python313\site-packages\sqlalchemy\orm\state.py:571: in _initialize_instance
    with util.safe_reraise():
         ^^^^^^^^^^^^^^^^^^^
..\..\..\AppData\Roaming\Python\Python313\site-packages\sqlalchemy\util\langhelpers.py:224: in __exit__
    raise exc_value.with_traceback(exc_tb)
..\..\..\AppData\Roaming\Python\Python313\site-packages\sqlalchemy\orm\state.py:569: in _initialize_instance
    manager.original_init(*mixed[1:], **kwargs)
..\..\..\AppData\Roaming\Python\Python313\site-packages\sqlalchemy\orm\decl_base.py:2179: in _declarative_constructor
    raise TypeError(
E   TypeError: 'url' is an invalid keyword argument for Resource
---------------------------- Captured stdout call -----------------------------

================================================================================
TEST 4: POST /taxonomy/train
================================================================================
________________________ test_active_learning_workflow ________________________
tests\integration\phase8_classification\test_phase8_5_integration.py:268: in test_active_learning_workflow
    assert len(manual_labels) == 2
E   assert 0 == 2
E    +  where 0 = len([])
---------------------------- Captured stdout call -----------------------------
\n======================================================================\nTest 2: Active Learning Workflow\n======================================================================\n\nSetup: Creating taxonomy nodes...\n  \u2713 Created 3 taxonomy nodes\n\nStep 1: Creating resources with ML classifications...\n  \u2713 Classified 5 resources\n\nStep 2: Identifying uncertain samples...\n  \u2713 Identified 3 uncertain samples\n  \u2713 Samples sorted by uncertainty\n    - Resource: b1324a00..., Uncertainty: 0.8500\n    - Resource: 596c00b5..., Uncertainty: 0.7200\n    - Resource: d0c3111c..., Uncertainty: 0.6800\n\nStep 3: Submitting human feedback...\n  \u2713 Submitted feedback for resource b1324a00...\n\nStep 4: Verifying manual labels...
---------------------------- Captured stderr call -----------------------------
2025-11-18 13:47:01,046 - backend.app.ml_monitoring.prediction_monitor - INFO - PredictionMonitor initialized
2025-11-18 13:47:01,047 - backend.app.services.ml_classification_service - INFO - PredictionMonitor initialized
2025-11-18 13:47:01,048 - backend.app.services.ml_classification_service - INFO - No existing checkpoint found, will use: models\classification
2025-11-18 13:47:01,048 - backend.app.services.ml_classification_service - INFO - MLClassificationService initialized with model=distilbert-base-uncased, version=production, checkpoint_dir=models\classification
------------------------------ Captured log call ------------------------------
INFO     backend.app.ml_monitoring.prediction_monitor:prediction_monitor.py:36 PredictionMonitor initialized
INFO     backend.app.services.ml_classification_service:ml_classification_service.py:130 PredictionMonitor initialized
INFO     backend.app.services.ml_classification_service:ml_classification_service.py:160 No existing checkpoint found, will use: models\classification
INFO     backend.app.services.ml_classification_service:ml_classification_service.py:164 MLClassificationService initialized with model=distilbert-base-uncased, version=production, checkpoint_dir=models\classification
___________________ test_semi_supervised_learning_workflow ____________________
tests\integration\phase8_classification\test_phase8_5_integration.py:356: in test_semi_supervised_learning_workflow
    metrics = ml_service._semi_supervised_iteration(
app\services\ml_classification_service.py:976: in _semi_supervised_iteration
    pseudo_labeled_data = self._generate_pseudo_labels(unlabeled_data, confidence_threshold)
                          ^^^^^^^^^^^^^^^^^^^^^^^^^^^^^^^^^^^^^^^^^^^^^^^^^^^^^^^^^^^^^^^^^^
app\services\ml_classification_service.py:1018: in _generate_pseudo_labels
    high_conf_predictions = result.get_high_confidence(threshold=confidence_threshold)
                            ^^^^^^^^^^^^^^^^^^^^^^^^^^
E   AttributeError: 'dict' object has no attribute 'get_high_confidence'
---------------------------- Captured stdout call -----------------------------
\n======================================================================\nTest 3: Semi-Supervised Learning Workflow\n======================================================================\n\nStep 1: Preparing labeled and unlabeled datasets...\n  \u2713 Prepared 4 labeled examples\n  \u2713 Prepared 5 unlabeled examples\n\nStep 2: Running semi-supervised learning iteration...
---------------------------- Captured stderr call -----------------------------
2025-11-18 13:47:01,948 - backend.app.ml_monitoring.prediction_monitor - INFO - PredictionMonitor initialized
2025-11-18 13:47:01,948 - backend.app.services.ml_classification_service - INFO - PredictionMonitor initialized
2025-11-18 13:47:01,948 - backend.app.services.ml_classification_service - INFO - No existing checkpoint found, will use: models\classification
2025-11-18 13:47:01,949 - backend.app.services.ml_classification_service - INFO - MLClassificationService initialized with model=distilbert-base-uncased, version=production, checkpoint_dir=models\classification
2025-11-18 13:47:01,950 - backend.app.services.ml_classification_service - INFO - Starting semi-supervised iteration with 5 unlabeled examples
2025-11-18 13:47:01,950 - backend.app.services.ml_classification_service - INFO - Confidence threshold: 0.9
2025-11-18 13:47:01,950 - backend.app.services.ml_classification_service - INFO - Generating predictions for unlabeled data...
------------------------------ Captured log call ------------------------------
INFO     backend.app.ml_monitoring.prediction_monitor:prediction_monitor.py:36 PredictionMonitor initialized
INFO     backend.app.services.ml_classification_service:ml_classification_service.py:130 PredictionMonitor initialized
INFO     backend.app.services.ml_classification_service:ml_classification_service.py:160 No existing checkpoint found, will use: models\classification
INFO     backend.app.services.ml_classification_service:ml_classification_service.py:164 MLClassificationService initialized with model=distilbert-base-uncased, version=production, checkpoint_dir=models\classification
INFO     backend.app.services.ml_classification_service:ml_classification_service.py:972 Starting semi-supervised iteration with 5 unlabeled examples
INFO     backend.app.services.ml_classification_service:ml_classification_service.py:973 Confidence threshold: 0.9
INFO     backend.app.services.ml_classification_service:ml_classification_service.py:1011 Generating predictions for unlabeled data...
_______________________ test_api_endpoints_integration ________________________
tests\integration\phase8_classification\test_phase8_5_integration.py:496: in test_api_endpoints_integration
    assert len(manual_labels) > 0
E   assert 0 > 0
E    +  where 0 = len([])
---------------------------- Captured stdout call -----------------------------
\n======================================================================\nTest 4: API Endpoints Integration\n======================================================================\n\nStep 1: Creating taxonomy via API...\n  \u2713 Created taxonomy node: Test Category (id: 596be617...)\n\nStep 2: Creating test resource...\n  \u2713 Created resource: API Test Resource\n\nStep 3: Triggering classification via API...\nML classification failed: predictions cannot be empty, falling back to rule-based\n  \u2713 Classification task accepted (status: 202)\n\nStep 4: Adding classification for testing...\n  \u2713 Added classification (confidence: 0.65)\n\nStep 5: Getting uncertain samples via API...\n  \u2713 Retrieved uncertain samples (count: 2)\n\nStep 6: Submitting feedback via API...\n  \u2713 Feedback submitted (updated: True)\n\nStep 7: Verifying manual label stored...
---------------------------- Captured stderr call -----------------------------
2025-11-18 13:47:02,456 - httpx - INFO - HTTP Request: POST http://testserver/taxonomy/nodes "HTTP/1.1 201 Created"
2025-11-18 13:47:02,499 - backend.app.ml_monitoring.prediction_monitor - INFO - PredictionMonitor initialized
2025-11-18 13:47:02,499 - backend.app.services.ml_classification_service - INFO - PredictionMonitor initialized
2025-11-18 13:47:02,501 - backend.app.services.ml_classification_service - INFO - No existing checkpoint found, will use: models\classification\arxiv_v1.0
2025-11-18 13:47:02,501 - backend.app.services.ml_classification_service - INFO - MLClassificationService initialized with model=distilbert-base-uncased, version=v1.0, checkpoint_dir=models\classification\arxiv_v1.0
2025-11-18 13:47:02,502 - backend.app.services.ml_classification_service - INFO - Loading model and tokenizer...
2025-11-18 13:47:02,502 - backend.app.services.ml_classification_service - INFO - Loading tokenizer: distilbert-base-uncased
2025-11-18 13:47:03,988 - backend.app.services.ml_classification_service - INFO - Loading base pre-trained model: distilbert-base-uncased
Some weights of DistilBertForSequenceClassification were not initialized from the model checkpoint at distilbert-base-uncased and are newly initialized: ['classifier.bias', 'classifier.weight', 'pre_classifier.bias', 'pre_classifier.weight']
You should probably TRAIN this model on a down-stream task to be able to use it for predictions and inference.
2025-11-18 13:47:04,422 - backend.app.services.ml_classification_service - INFO - Successfully loaded base model
2025-11-18 13:47:04,422 - backend.app.services.ml_classification_service - INFO - CUDA not available, using CPU
2025-11-18 13:47:04,422 - backend.app.services.ml_classification_service - INFO - Model set to evaluation mode. Loaded version: None
2025-11-18 13:47:04,893 - backend.app.routers.taxonomy - INFO - Classification complete for resource da1d50a6-8f19-46ee-85bc-f537c05db164: {'resource_id': 'da1d50a6-8f19-46ee-85bc-f537c05db164', 'method': 'rule_based', 'classifications': [{'classification_code': '000', 'confidence': 1.0, 'needs_review': False}], 'filtered_count': 0}
2025-11-18 13:47:04,937 - httpx - INFO - HTTP Request: POST http://testserver/taxonomy/classify/da1d50a6-8f19-46ee-85bc-f537c05db164 "HTTP/1.1 202 Accepted"
2025-11-18 13:47:04,971 - backend.app.ml_monitoring.prediction_monitor - INFO - PredictionMonitor initialized
2025-11-18 13:47:04,972 - backend.app.services.ml_classification_service - INFO - PredictionMonitor initialized
2025-11-18 13:47:04,972 - backend.app.services.ml_classification_service - INFO - No existing checkpoint found, will use: models\classification\arxiv_v1.0
2025-11-18 13:47:04,973 - backend.app.services.ml_classification_service - INFO - MLClassificationService initialized with model=distilbert-base-uncased, version=v1.0, checkpoint_dir=models\classification\arxiv_v1.0
2025-11-18 13:47:04,973 - backend.app.routers.taxonomy - INFO - Identifying 10 uncertain samples for active learning
2025-11-18 13:47:04,973 - backend.app.services.ml_classification_service - INFO - Identifying uncertain samples (limit=10)
2025-11-18 13:47:04,977 - backend.app.services.ml_classification_service - INFO - Found 1 resources to evaluate
2025-11-18 13:47:04,977 - backend.app.services.ml_classification_service - INFO - Loading model and tokenizer...
2025-11-18 13:47:04,977 - backend.app.services.ml_classification_service - INFO - Loading tokenizer: distilbert-base-uncased
2025-11-18 13:47:05,675 - backend.app.services.ml_classification_service - INFO - Loading base pre-trained model: distilbert-base-uncased
Some weights of DistilBertForSequenceClassification were not initialized from the model checkpoint at distilbert-base-uncased and are newly initialized: ['classifier.bias', 'classifier.weight', 'pre_classifier.bias', 'pre_classifier.weight']
You should probably TRAIN this model on a down-stream task to be able to use it for predictions and inference.
2025-11-18 13:47:05,810 - backend.app.services.ml_classification_service - INFO - Successfully loaded base model
2025-11-18 13:47:05,810 - backend.app.services.ml_classification_service - INFO - CUDA not available, using CPU
2025-11-18 13:47:05,810 - backend.app.services.ml_classification_service - INFO - Model set to evaluation mode. Loaded version: None
2025-11-18 13:47:06,044 - backend.app.services.ml_classification_service - WARNING - Error processing resource da1d50a6-8f19-46ee-85bc-f537c05db164: predictions cannot be empty
2025-11-18 13:47:06,046 - backend.app.services.ml_classification_service - INFO - Identified 0 uncertain samples. Top uncertainty score: 0.000
2025-11-18 13:47:06,046 - backend.app.routers.taxonomy - INFO - Returning 0 uncertain samples
2025-11-18 13:47:06,102 - httpx - INFO - HTTP Request: GET http://testserver/taxonomy/active-learning/uncertain?limit=10 "HTTP/1.1 200 OK"
2025-11-18 13:47:06,119 - backend.app.ml_monitoring.prediction_monitor - INFO - PredictionMonitor initialized
2025-11-18 13:47:06,119 - backend.app.services.ml_classification_service - INFO - PredictionMonitor initialized
2025-11-18 13:47:06,119 - backend.app.services.ml_classification_service - INFO - No existing checkpoint found, will use: models\classification\arxiv_v1.0
2025-11-18 13:47:06,120 - backend.app.services.ml_classification_service - INFO - MLClassificationService initialized with model=distilbert-base-uncased, version=v1.0, checkpoint_dir=models\classification\arxiv_v1.0
2025-11-18 13:47:06,120 - backend.app.routers.taxonomy - INFO - Submitting feedback for resource da1d50a6-8f19-46ee-85bc-f537c05db164
2025-11-18 13:47:06,121 - backend.app.services.ml_classification_service - INFO - Updating resource da1d50a6-8f19-46ee-85bc-f537c05db164 with human feedback
2025-11-18 13:47:06,121 - backend.app.services.ml_classification_service - INFO - Correct taxonomy IDs: ['596be617-5ade-4eab-9d79-aebb34ea2941']
2025-11-18 13:47:06,127 - backend.app.services.ml_classification_service - INFO - Removed 1 predicted classifications
2025-11-18 13:47:06,130 - backend.app.services.ml_classification_service - INFO - Added manual classification for taxonomy node 596be617-5ade-4eab-9d79-aebb34ea2941
2025-11-18 13:47:06,152 - backend.app.services.ml_classification_service - INFO - Human feedback successfully applied
2025-11-18 13:47:06,156 - backend.app.services.ml_classification_service - INFO - Total manual classifications: 0
2025-11-18 13:47:06,160 - backend.app.routers.taxonomy - INFO - Feedback submitted successfully. Manual labels: 0
2025-11-18 13:47:06,163 - httpx - INFO - HTTP Request: POST http://testserver/taxonomy/active-learning/feedback "HTTP/1.1 200 OK"
------------------------------ Captured log call ------------------------------
INFO     httpx:_client.py:1025 HTTP Request: POST http://testserver/taxonomy/nodes "HTTP/1.1 201 Created"
INFO     backend.app.ml_monitoring.prediction_monitor:prediction_monitor.py:36 PredictionMonitor initialized
INFO     backend.app.services.ml_classification_service:ml_classification_service.py:130 PredictionMonitor initialized
INFO     backend.app.services.ml_classification_service:ml_classification_service.py:160 No existing checkpoint found, will use: models\classification\arxiv_v1.0
INFO     backend.app.services.ml_classification_service:ml_classification_service.py:164 MLClassificationService initialized with model=distilbert-base-uncased, version=v1.0, checkpoint_dir=models\classification\arxiv_v1.0
INFO     backend.app.services.ml_classification_service:ml_classification_service.py:187 Loading model and tokenizer...
INFO     backend.app.services.ml_classification_service:ml_classification_service.py:239 Loading tokenizer: distilbert-base-uncased
INFO     backend.app.services.ml_classification_service:ml_classification_service.py:392 Loading base pre-trained model: distilbert-base-uncased
INFO     backend.app.services.ml_classification_service:ml_classification_service.py:398 Successfully loaded base model
INFO     backend.app.services.ml_classification_service:ml_classification_service.py:421 CUDA not available, using CPU
INFO     backend.app.services.ml_classification_service:ml_classification_service.py:196 Model set to evaluation mode. Loaded version: None
INFO     backend.app.routers.taxonomy:taxonomy.py:578 Classification complete for resource da1d50a6-8f19-46ee-85bc-f537c05db164: {'resource_id': 'da1d50a6-8f19-46ee-85bc-f537c05db164', 'method': 'rule_based', 'classifications': [{'classification_code': '000', 'confidence': 1.0, 'needs_review': False}], 'filtered_count': 0}
INFO     httpx:_client.py:1025 HTTP Request: POST http://testserver/taxonomy/classify/da1d50a6-8f19-46ee-85bc-f537c05db164 "HTTP/1.1 202 Accepted"
INFO     backend.app.ml_monitoring.prediction_monitor:prediction_monitor.py:36 PredictionMonitor initialized
INFO     backend.app.services.ml_classification_service:ml_classification_service.py:130 PredictionMonitor initialized
INFO     backend.app.services.ml_classification_service:ml_classification_service.py:160 No existing checkpoint found, will use: models\classification\arxiv_v1.0
INFO     backend.app.services.ml_classification_service:ml_classification_service.py:164 MLClassificationService initialized with model=distilbert-base-uncased, version=v1.0, checkpoint_dir=models\classification\arxiv_v1.0
INFO     backend.app.routers.taxonomy:taxonomy.py:653 Identifying 10 uncertain samples for active learning
INFO     backend.app.services.ml_classification_service:ml_classification_service.py:1497 Identifying uncertain samples (limit=10)
INFO     backend.app.services.ml_classification_service:ml_classification_service.py:1519 Found 1 resources to evaluate
INFO     backend.app.services.ml_classification_service:ml_classification_service.py:187 Loading model and tokenizer...
INFO     backend.app.services.ml_classification_service:ml_classification_service.py:239 Loading tokenizer: distilbert-base-uncased
INFO     backend.app.services.ml_classification_service:ml_classification_service.py:392 Loading base pre-trained model: distilbert-base-uncased
INFO     backend.app.services.ml_classification_service:ml_classification_service.py:398 Successfully loaded base model
INFO     backend.app.services.ml_classification_service:ml_classification_service.py:421 CUDA not available, using CPU
INFO     backend.app.services.ml_classification_service:ml_classification_service.py:196 Model set to evaluation mode. Loaded version: None
WARNING  backend.app.services.ml_classification_service:ml_classification_service.py:1593 Error processing resource da1d50a6-8f19-46ee-85bc-f537c05db164: predictions cannot be empty
INFO     backend.app.services.ml_classification_service:ml_classification_service.py:1603 Identified 0 uncertain samples. Top uncertainty score: 0.000
INFO     backend.app.routers.taxonomy:taxonomy.py:697 Returning 0 uncertain samples
INFO     httpx:_client.py:1025 HTTP Request: GET http://testserver/taxonomy/active-learning/uncertain?limit=10 "HTTP/1.1 200 OK"
INFO     backend.app.ml_monitoring.prediction_monitor:prediction_monitor.py:36 PredictionMonitor initialized
INFO     backend.app.services.ml_classification_service:ml_classification_service.py:130 PredictionMonitor initialized
INFO     backend.app.services.ml_classification_service:ml_classification_service.py:160 No existing checkpoint found, will use: models\classification\arxiv_v1.0
INFO     backend.app.services.ml_classification_service:ml_classification_service.py:164 MLClassificationService initialized with model=distilbert-base-uncased, version=v1.0, checkpoint_dir=models\classification\arxiv_v1.0
INFO     backend.app.routers.taxonomy:taxonomy.py:790 Submitting feedback for resource da1d50a6-8f19-46ee-85bc-f537c05db164
INFO     backend.app.services.ml_classification_service:ml_classification_service.py:1667 Updating resource da1d50a6-8f19-46ee-85bc-f537c05db164 with human feedback
INFO     backend.app.services.ml_classification_service:ml_classification_service.py:1668 Correct taxonomy IDs: ['596be617-5ade-4eab-9d79-aebb34ea2941']
INFO     backend.app.services.ml_classification_service:ml_classification_service.py:1692 Removed 1 predicted classifications
INFO     backend.app.services.ml_classification_service:ml_classification_service.py:1719 Added manual classification for taxonomy node 596be617-5ade-4eab-9d79-aebb34ea2941
INFO     backend.app.services.ml_classification_service:ml_classification_service.py:1723 Human feedback successfully applied
INFO     backend.app.services.ml_classification_service:ml_classification_service.py:1732 Total manual classifications: 0
INFO     backend.app.routers.taxonomy:taxonomy.py:811 Feedback submitted successfully. Manual labels: 0
INFO     httpx:_client.py:1025 HTTP Request: POST http://testserver/taxonomy/active-learning/feedback "HTTP/1.1 200 OK"
___________________ test_classification_service_integration ___________________
tests\integration\phase8_classification\test_phase8_5_integration.py:567: in test_classification_service_integration
    assert len(classifications) > 0
E   assert 0 > 0
E    +  where 0 = len([])
---------------------------- Captured stdout call -----------------------------
\n======================================================================\nTest 5: Classification Service Integration\n======================================================================\n\nSetup: Creating taxonomy...\n  \u2713 Created taxonomy node: Test Category\n  \u2713 Created resource: Test Resource for Classification Service\n\nTest 1: Classification with ML enabled...\nML classification failed: 'dict' object has no attribute 'predictions', falling back to rule-based\n  \u2713 Classification completed\n  \u2713 ML classifier was used
---------------------------- Captured stderr call -----------------------------
2025-11-18 13:47:06,892 - backend.app.ml_monitoring.prediction_monitor - INFO - PredictionMonitor initialized
2025-11-18 13:47:06,892 - backend.app.services.ml_classification_service - INFO - PredictionMonitor initialized
2025-11-18 13:47:06,893 - backend.app.services.ml_classification_service - INFO - No existing checkpoint found, will use: models\classification\arxiv_v1.0
2025-11-18 13:47:06,893 - backend.app.services.ml_classification_service - INFO - MLClassificationService initialized with model=distilbert-base-uncased, version=v1.0, checkpoint_dir=models\classification\arxiv_v1.0
------------------------------ Captured log call ------------------------------
INFO     backend.app.ml_monitoring.prediction_monitor:prediction_monitor.py:36 PredictionMonitor initialized
INFO     backend.app.services.ml_classification_service:ml_classification_service.py:130 PredictionMonitor initialized
INFO     backend.app.services.ml_classification_service:ml_classification_service.py:160 No existing checkpoint found, will use: models\classification\arxiv_v1.0
INFO     backend.app.services.ml_classification_service:ml_classification_service.py:164 MLClassificationService initialized with model=distilbert-base-uncased, version=v1.0, checkpoint_dir=models\classification\arxiv_v1.0
_____________________ test_confidence_threshold_filtering _____________________
tests\integration\phase8_classification\test_phase8_5_integration.py:810: in test_confidence_threshold_filtering
    assert len(classifications) == 1
E   assert 0 == 1
E    +  where 0 = len([])
---------------------------- Captured stdout call -----------------------------
\n======================================================================\nTest 8: Confidence Threshold Filtering\n======================================================================\n\nSetup: Creating taxonomy nodes...\n  \u2713 Created taxonomy nodes\n  \u2713 Created resource\n\nTest: Filtering predictions by confidence threshold...\nML classification failed: 'dict' object has no attribute 'predictions', falling back to rule-based
---------------------------- Captured stderr call -----------------------------
2025-11-18 13:47:08,858 - backend.app.ml_monitoring.prediction_monitor - INFO - PredictionMonitor initialized
2025-11-18 13:47:08,858 - backend.app.services.ml_classification_service - INFO - PredictionMonitor initialized
2025-11-18 13:47:08,859 - backend.app.services.ml_classification_service - INFO - No existing checkpoint found, will use: models\classification\arxiv_v1.0
2025-11-18 13:47:08,859 - backend.app.services.ml_classification_service - INFO - MLClassificationService initialized with model=distilbert-base-uncased, version=v1.0, checkpoint_dir=models\classification\arxiv_v1.0
------------------------------ Captured log call ------------------------------
INFO     backend.app.ml_monitoring.prediction_monitor:prediction_monitor.py:36 PredictionMonitor initialized
INFO     backend.app.services.ml_classification_service:ml_classification_service.py:130 PredictionMonitor initialized
INFO     backend.app.services.ml_classification_service:ml_classification_service.py:160 No existing checkpoint found, will use: models\classification\arxiv_v1.0
INFO     backend.app.services.ml_classification_service:ml_classification_service.py:164 MLClassificationService initialized with model=distilbert-base-uncased, version=v1.0, checkpoint_dir=models\classification\arxiv_v1.0
______________________ test_three_way_hybrid_pagination _______________________
tests\integration\phase8_classification\test_phase8_api_endpoints.py:222: in test_three_way_hybrid_pagination
    assert ids1.isdisjoint(ids2) or data1["total"] <= 2
E   AssertionError: assert (False or 4 <= 2)
E    +  where False = <built-in method isdisjoint of set object at 0x0000019619B7E180>({'8a735a52-c247-4c64-a650-c93bf7407460', 'bae11b4b-8ce4-42e6-8e72-b527d4c63948'})
E    +    where <built-in method isdisjoint of set object at 0x0000019619B7E180> = {'8a735a52-c247-4c64-a650-c93bf7407460', 'bae11b4b-8ce4-42e6-8e72-b527d4c63948'}.isdisjoint
---------------------------- Captured stderr call -----------------------------
2025-11-18 13:47:28,368 - backend.app.services.sparse_embedding_service - INFO - Loading sparse embedding model: BAAI/bge-m3
2025-11-18 13:47:28,369 - backend.app.services.sparse_embedding_service - INFO - Using CPU for sparse embedding generation
2025-11-18 13:47:32,800 - backend.app.services.sparse_embedding_service - INFO - Successfully loaded BAAI/bge-m3 on cpu
2025-11-18 13:47:33,742 - backend.app.services.reranking_service - ERROR - sentence_transformers or torch not available for reranking
2025-11-18 13:47:33,742 - backend.app.services.reranking_service - WARNING - Reranking model not available, returning empty results
2025-11-18 13:47:33,742 - backend.app.services.search_service - WARNING - Reranking returned no results, using fusion results
2025-11-18 13:47:33,762 - backend.app.services.search_service - WARNING - Slow query detected: 5401.4ms for query 'learning...'
2025-11-18 13:47:33,762 - backend.app.services.search_service - INFO - Three-way hybrid search completed in 5401.4ms: 2 results returned, 4 total matches
2025-11-18 13:47:33,769 - httpx - INFO - HTTP Request: GET http://testserver/search/three-way-hybrid?query=learning&limit=2&offset=0 "HTTP/1.1 200 OK"
2025-11-18 13:47:33,783 - backend.app.services.sparse_embedding_service - INFO - Loading sparse embedding model: BAAI/bge-m3
2025-11-18 13:47:33,783 - backend.app.services.sparse_embedding_service - INFO - Using CPU for sparse embedding generation
2025-11-18 13:47:38,850 - backend.app.services.sparse_embedding_service - INFO - Successfully loaded BAAI/bge-m3 on cpu
2025-11-18 13:47:39,721 - backend.app.services.reranking_service - ERROR - sentence_transformers or torch not available for reranking
2025-11-18 13:47:39,721 - backend.app.services.reranking_service - WARNING - Reranking model not available, returning empty results
2025-11-18 13:47:39,721 - backend.app.services.search_service - WARNING - Reranking returned no results, using fusion results
2025-11-18 13:47:39,728 - backend.app.services.search_service - WARNING - Slow query detected: 5950.3ms for query 'learning...'
2025-11-18 13:47:39,728 - backend.app.services.search_service - INFO - Three-way hybrid search completed in 5950.3ms: 2 results returned, 4 total matches
2025-11-18 13:47:39,733 - httpx - INFO - HTTP Request: GET http://testserver/search/three-way-hybrid?query=learning&limit=2&offset=2 "HTTP/1.1 200 OK"
------------------------------ Captured log call ------------------------------
INFO     backend.app.services.sparse_embedding_service:sparse_embedding_service.py:92 Loading sparse embedding model: BAAI/bge-m3
INFO     backend.app.services.sparse_embedding_service:sparse_embedding_service.py:100 Using CPU for sparse embedding generation
INFO     backend.app.services.sparse_embedding_service:sparse_embedding_service.py:108 Successfully loaded BAAI/bge-m3 on cpu
ERROR    backend.app.services.reranking_service:reranking_service.py:96 sentence_transformers or torch not available for reranking
WARNING  backend.app.services.reranking_service:reranking_service.py:161 Reranking model not available, returning empty results
WARNING  backend.app.services.search_service:search_service.py:522 Reranking returned no results, using fusion results
WARNING  backend.app.services.search_service:search_service.py:266 Slow query detected: 5401.4ms for query 'learning...'
INFO     backend.app.services.search_service:search_service.py:270 Three-way hybrid search completed in 5401.4ms: 2 results returned, 4 total matches
INFO     httpx:_client.py:1025 HTTP Request: GET http://testserver/search/three-way-hybrid?query=learning&limit=2&offset=0 "HTTP/1.1 200 OK"
INFO     backend.app.services.sparse_embedding_service:sparse_embedding_service.py:92 Loading sparse embedding model: BAAI/bge-m3
INFO     backend.app.services.sparse_embedding_service:sparse_embedding_service.py:100 Using CPU for sparse embedding generation
INFO     backend.app.services.sparse_embedding_service:sparse_embedding_service.py:108 Successfully loaded BAAI/bge-m3 on cpu
ERROR    backend.app.services.reranking_service:reranking_service.py:96 sentence_transformers or torch not available for reranking
WARNING  backend.app.services.reranking_service:reranking_service.py:161 Reranking model not available, returning empty results
WARNING  backend.app.services.search_service:search_service.py:522 Reranking returned no results, using fusion results
WARNING  backend.app.services.search_service:search_service.py:266 Slow query detected: 5950.3ms for query 'learning...'
INFO     backend.app.services.search_service:search_service.py:270 Three-way hybrid search completed in 5950.3ms: 2 results returned, 4 total matches
INFO     httpx:_client.py:1025 HTTP Request: GET http://testserver/search/three-way-hybrid?query=learning&limit=2&offset=2 "HTTP/1.1 200 OK"
________ TestQualityDetailsEndpoint.test_get_quality_details_not_found ________
..\..\..\AppData\Roaming\Python\Python313\site-packages\sqlalchemy\engine\base.py:1815: in _execute_context
    context = constructor(
..\..\..\AppData\Roaming\Python\Python313\site-packages\sqlalchemy\engine\default.py:1493: in _init_compiled
    flattened_processors[key](compiled_params[key])
..\..\..\AppData\Roaming\Python\Python313\site-packages\sqlalchemy\sql\type_api.py:2110: in process
    return fixed_process_param(value, dialect)
           ^^^^^^^^^^^^^^^^^^^^^^^^^^^^^^^^^^^
app\database\models.py:57: in process_bind_param
    return str(uuid.UUID(value))
               ^^^^^^^^^^^^^^^^
C:\Python313\Lib\uuid.py:181: in __init__
    raise ValueError('badly formed hexadecimal UUID string')
E   ValueError: badly formed hexadecimal UUID string

The above exception was the direct cause of the following exception:
tests\integration\phase9_quality\test_quality_api_endpoints.py:80: in test_get_quality_details_not_found
    response = client.get("/resources/99999/quality-details")
               ^^^^^^^^^^^^^^^^^^^^^^^^^^^^^^^^^^^^^^^^^^^^^^
..\..\..\AppData\Roaming\Python\Python313\site-packages\starlette\testclient.py:479: in get
    return super().get(
..\..\..\AppData\Roaming\Python\Python313\site-packages\httpx\_client.py:1053: in get
    return self.request(
..\..\..\AppData\Roaming\Python\Python313\site-packages\starlette\testclient.py:451: in request
    return super().request(
..\..\..\AppData\Roaming\Python\Python313\site-packages\httpx\_client.py:825: in request
    return self.send(request, auth=auth, follow_redirects=follow_redirects)
           ^^^^^^^^^^^^^^^^^^^^^^^^^^^^^^^^^^^^^^^^^^^^^^^^^^^^^^^^^^^^^^^^
..\..\..\AppData\Roaming\Python\Python313\site-packages\httpx\_client.py:914: in send
    response = self._send_handling_auth(
..\..\..\AppData\Roaming\Python\Python313\site-packages\httpx\_client.py:942: in _send_handling_auth
    response = self._send_handling_redirects(
..\..\..\AppData\Roaming\Python\Python313\site-packages\httpx\_client.py:979: in _send_handling_redirects
    response = self._send_single_request(request)
               ^^^^^^^^^^^^^^^^^^^^^^^^^^^^^^^^^^
..\..\..\AppData\Roaming\Python\Python313\site-packages\httpx\_client.py:1014: in _send_single_request
    response = transport.handle_request(request)
               ^^^^^^^^^^^^^^^^^^^^^^^^^^^^^^^^^
..\..\..\AppData\Roaming\Python\Python313\site-packages\starlette\testclient.py:354: in handle_request
    raise exc
..\..\..\AppData\Roaming\Python\Python313\site-packages\starlette\testclient.py:351: in handle_request
    portal.call(self.app, scope, receive, send)
..\..\..\AppData\Roaming\Python\Python313\site-packages\anyio\from_thread.py:291: in call
    return cast(T_Retval, self.start_task_soon(func, *args).result())
                          ^^^^^^^^^^^^^^^^^^^^^^^^^^^^^^^^^^^^^^^^^^
C:\Python313\Lib\concurrent\futures\_base.py:456: in result
    return self.__get_result()
           ^^^^^^^^^^^^^^^^^^^
C:\Python313\Lib\concurrent\futures\_base.py:401: in __get_result
    raise self._exception
..\..\..\AppData\Roaming\Python\Python313\site-packages\anyio\from_thread.py:222: in _call_func
    retval = await retval_or_awaitable
             ^^^^^^^^^^^^^^^^^^^^^^^^^
..\..\..\AppData\Roaming\Python\Python313\site-packages\fastapi\applications.py:1054: in __call__
    await super().__call__(scope, receive, send)
..\..\..\AppData\Roaming\Python\Python313\site-packages\starlette\applications.py:113: in __call__
    await self.middleware_stack(scope, receive, send)
..\..\..\AppData\Roaming\Python\Python313\site-packages\starlette\middleware\errors.py:186: in __call__
    raise exc
..\..\..\AppData\Roaming\Python\Python313\site-packages\starlette\middleware\errors.py:164: in __call__
    await self.app(scope, receive, _send)
..\..\..\AppData\Roaming\Python\Python313\site-packages\starlette\middleware\cors.py:85: in __call__
    await self.app(scope, receive, send)
..\..\..\AppData\Roaming\Python\Python313\site-packages\starlette\middleware\exceptions.py:63: in __call__
    await wrap_app_handling_exceptions(self.app, conn)(scope, receive, send)
..\..\..\AppData\Roaming\Python\Python313\site-packages\starlette\_exception_handler.py:53: in wrapped_app
    raise exc
..\..\..\AppData\Roaming\Python\Python313\site-packages\starlette\_exception_handler.py:42: in wrapped_app
    await app(scope, receive, sender)
..\..\..\AppData\Roaming\Python\Python313\site-packages\starlette\routing.py:716: in __call__
    await self.middleware_stack(scope, receive, send)
..\..\..\AppData\Roaming\Python\Python313\site-packages\starlette\routing.py:736: in app
    await route.handle(scope, receive, send)
..\..\..\AppData\Roaming\Python\Python313\site-packages\starlette\routing.py:290: in handle
    await self.app(scope, receive, send)
..\..\..\AppData\Roaming\Python\Python313\site-packages\starlette\routing.py:78: in app
    await wrap_app_handling_exceptions(app, request)(scope, receive, send)
..\..\..\AppData\Roaming\Python\Python313\site-packages\starlette\_exception_handler.py:53: in wrapped_app
    raise exc
..\..\..\AppData\Roaming\Python\Python313\site-packages\starlette\_exception_handler.py:42: in wrapped_app
    await app(scope, receive, sender)
..\..\..\AppData\Roaming\Python\Python313\site-packages\starlette\routing.py:75: in app
    response = await f(request)
               ^^^^^^^^^^^^^^^^
..\..\..\AppData\Roaming\Python\Python313\site-packages\fastapi\routing.py:302: in app
    raw_response = await run_endpoint_function(
..\..\..\AppData\Roaming\Python\Python313\site-packages\fastapi\routing.py:213: in run_endpoint_function
    return await dependant.call(**values)
           ^^^^^^^^^^^^^^^^^^^^^^^^^^^^^^
app\routers\quality.py:61: in get_quality_details
    resource = db.query(Resource).filter(Resource.id == resource_id).first()
               ^^^^^^^^^^^^^^^^^^^^^^^^^^^^^^^^^^^^^^^^^^^^^^^^^^^^^^^^^^^^^
..\..\..\AppData\Roaming\Python\Python313\site-packages\sqlalchemy\orm\query.py:2759: in first
    return self.limit(1)._iter().first()  # type: ignore
           ^^^^^^^^^^^^^^^^^^^^^
..\..\..\AppData\Roaming\Python\Python313\site-packages\sqlalchemy\orm\query.py:2857: in _iter
    result: Union[ScalarResult[_T], Result[_T]] = self.session.execute(
..\..\..\AppData\Roaming\Python\Python313\site-packages\sqlalchemy\orm\session.py:2365: in execute
    return self._execute_internal(
..\..\..\AppData\Roaming\Python\Python313\site-packages\sqlalchemy\orm\session.py:2251: in _execute_internal
    result: Result[Any] = compile_state_cls.orm_execute_statement(
..\..\..\AppData\Roaming\Python\Python313\site-packages\sqlalchemy\orm\context.py:306: in orm_execute_statement
    result = conn.execute(
..\..\..\AppData\Roaming\Python\Python313\site-packages\sqlalchemy\engine\base.py:1419: in execute
    return meth(
..\..\..\AppData\Roaming\Python\Python313\site-packages\sqlalchemy\sql\elements.py:526: in _execute_on_connection
    return connection._execute_clauseelement(
..\..\..\AppData\Roaming\Python\Python313\site-packages\sqlalchemy\engine\base.py:1641: in _execute_clauseelement
    ret = self._execute_context(
..\..\..\AppData\Roaming\Python\Python313\site-packages\sqlalchemy\engine\base.py:1821: in _execute_context
    self._handle_dbapi_exception(
..\..\..\AppData\Roaming\Python\Python313\site-packages\sqlalchemy\engine\base.py:2355: in _handle_dbapi_exception
    raise sqlalchemy_exception.with_traceback(exc_info[2]) from e
..\..\..\AppData\Roaming\Python\Python313\site-packages\sqlalchemy\engine\base.py:1815: in _execute_context
    context = constructor(
..\..\..\AppData\Roaming\Python\Python313\site-packages\sqlalchemy\engine\default.py:1493: in _init_compiled
    flattened_processors[key](compiled_params[key])
..\..\..\AppData\Roaming\Python\Python313\site-packages\sqlalchemy\sql\type_api.py:2110: in process
    return fixed_process_param(value, dialect)
           ^^^^^^^^^^^^^^^^^^^^^^^^^^^^^^^^^^^
app\database\models.py:57: in process_bind_param
    return str(uuid.UUID(value))
               ^^^^^^^^^^^^^^^^
C:\Python313\Lib\uuid.py:181: in __init__
    raise ValueError('badly formed hexadecimal UUID string')
E   sqlalchemy.exc.StatementError: (builtins.ValueError) badly formed hexadecimal UUID string
E   [SQL: SELECT resources.id AS resources_id, resources.title AS resources_title, resources.description AS resources_description, resources.creator AS resources_creator, resources.publisher AS resources_publisher, resources.contributor AS resources_contributor, resources.date_created AS resources_date_created, resources.date_modified AS resources_date_modified, resources.type AS resources_type, resources.format AS resources_format, resources.identifier AS resources_identifier, resources.source AS resources_source, resources.language AS resources_language, resources.coverage AS resources_coverage, resources.rights AS resources_rights, resources.subject AS resources_subject, resources.relation AS resources_relation, resources.classification_code AS resources_classification_code, resources.read_status AS resources_read_status, resources.quality_score AS resources_quality_score, resources.ingestion_status AS resources_ingestion_status, resources.ingestion_error AS resources_ingestion_error, resources.ingestion_started_at AS resources_ingestion_started_at, resources.ingestion_completed_at AS resources_ingestion_completed_at, resources.embedding AS resources_embedding, resources.sparse_embedding AS resources_sparse_embedding, resources.sparse_embedding_model AS resources_sparse_embedding_model, resources.sparse_embedding_updated_at AS resources_sparse_embedding_updated_at, resources.authors AS resources_authors, resources.affiliations AS resources_affiliations, resources.doi AS resources_doi, resources.pmid AS resources_pmid, resources.arxiv_id AS resources_arxiv_id, resources.isbn AS resources_isbn, resources.journal AS resources_journal, resources.conference AS resources_conference, resources.volume AS resources_volume, resources.issue AS resources_issue, resources.pages AS resources_pages, resources.publication_year AS resources_publication_year, resources.funding_sources AS resources_funding_sources, resources.acknowledgments AS resources_acknowledgments, resources.equation_count AS resources_equation_count, resources.table_count AS resources_table_count, resources.figure_count AS resources_figure_count, resources.reference_count AS resources_reference_count, resources.equations AS resources_equations, resources.tables AS resources_tables, resources.figures AS resources_figures, resources.metadata_completeness_score AS resources_metadata_completeness_score, resources.extraction_confidence AS resources_extraction_confidence, resources.requires_manual_review AS resources_requires_manual_review, resources.quality_accuracy AS resources_quality_accuracy, resources.quality_completeness AS resources_quality_completeness, resources.quality_consistency AS resources_quality_consistency, resources.quality_timeliness AS resources_quality_timeliness, resources.quality_relevance AS resources_quality_relevance, resources.quality_overall AS resources_quality_overall, resources.quality_weights AS resources_quality_weights, resources.quality_last_computed AS resources_quality_last_computed, resources.quality_computation_version AS resources_quality_computation_version, resources.is_quality_outlier AS resources_is_quality_outlier, resources.outlier_score AS resources_outlier_score, resources.outlier_reasons AS resources_outlier_reasons, resources.needs_quality_review AS resources_needs_quality_review, resources.summary_coherence AS resources_summary_coherence, resources.summary_consistency AS resources_summary_consistency, resources.summary_fluency AS resources_summary_fluency, resources.summary_relevance AS resources_summary_relevance, resources.is_ocr_processed AS resources_is_ocr_processed, resources.ocr_confidence AS resources_ocr_confidence, resources.ocr_corrections_applied AS resources_ocr_corrections_applied, resources.created_at AS resources_created_at, resources.updated_at AS resources_updated_at 
E   FROM resources 
E   WHERE resources.id = ?
E    LIMIT ? OFFSET ?]
E   [parameters: [{}]]
_________ TestDegradationEndpoint.test_get_degradation_invalid_window _________
tests\integration\phase9_quality\test_quality_api_endpoints.py:277: in test_get_degradation_invalid_window
    assert response.status_code == 400
E   assert 422 == 400
E    +  where 422 = <Response [422 Unprocessable Entity]>.status_code
---------------------------- Captured stderr call -----------------------------
2025-11-18 13:50:51,118 - httpx - INFO - HTTP Request: GET http://testserver/quality/degradation?time_window_days=-10 "HTTP/1.1 422 Unprocessable Entity"
------------------------------ Captured log call ------------------------------
INFO     httpx:_client.py:1025 HTTP Request: GET http://testserver/quality/degradation?time_window_days=-10 "HTTP/1.1 422 Unprocessable Entity"
________________________ test_quality_router_structure ________________________
tests\integration\phase9_quality\test_quality_endpoints_simple.py:36: in test_quality_router_structure
    spec.loader.exec_module(quality_module)
<frozen importlib._bootstrap_external>:1022: in exec_module
    ???
<frozen importlib._bootstrap_external>:1159: in get_code
    ???
<frozen importlib._bootstrap_external>:1217: in get_data
    ???
E   FileNotFoundError: [Errno 2] No such file or directory: 'C:\\Users\\rooma\\PycharmProjects\\neo_alexadria\\backend\\tests\\integration\\phase9_quality\\app\\routers\\quality.py'
____________________ test_quality_integration_in_ingestion ____________________
tests\integration\phase9_quality\test_quality_integration.py:66: in test_quality_integration_in_ingestion
    process_ingestion(resource_id)
app\services\resource_service.py:413: in process_ingestion
    increment_active_ingestions()
app\monitoring.py:278: in increment_active_ingestions
    ACTIVE_INGESTIONS.inc()
    ^^^^^^^^^^^^^^^^^^^^^
E   AttributeError: 'NoneType' object has no attribute 'inc'
---------------------------- Captured stdout call -----------------------------
2025-11-18 13:50:56,703 INFO sqlalchemy.engine.Engine BEGIN (implicit)
2025-11-18 13:50:56,703 INFO sqlalchemy.engine.Engine PRAGMA main.table_info("resources")
2025-11-18 13:50:56,703 INFO sqlalchemy.engine.Engine [raw sql] ()
2025-11-18 13:50:56,704 INFO sqlalchemy.engine.Engine PRAGMA main.table_info("classification_codes")
2025-11-18 13:50:56,704 INFO sqlalchemy.engine.Engine [raw sql] ()
2025-11-18 13:50:56,705 INFO sqlalchemy.engine.Engine PRAGMA main.table_info("authority_subjects")
2025-11-18 13:50:56,705 INFO sqlalchemy.engine.Engine [raw sql] ()
2025-11-18 13:50:56,705 INFO sqlalchemy.engine.Engine PRAGMA main.table_info("authority_creators")
2025-11-18 13:50:56,705 INFO sqlalchemy.engine.Engine [raw sql] ()
2025-11-18 13:50:56,706 INFO sqlalchemy.engine.Engine PRAGMA main.table_info("authority_publishers")
2025-11-18 13:50:56,706 INFO sqlalchemy.engine.Engine [raw sql] ()
2025-11-18 13:50:56,706 INFO sqlalchemy.engine.Engine PRAGMA main.table_info("citations")
2025-11-18 13:50:56,706 INFO sqlalchemy.engine.Engine [raw sql] ()
2025-11-18 13:50:56,706 INFO sqlalchemy.engine.Engine PRAGMA main.table_info("collection_resources")
2025-11-18 13:50:56,706 INFO sqlalchemy.engine.Engine [raw sql] ()
2025-11-18 13:50:56,707 INFO sqlalchemy.engine.Engine PRAGMA main.table_info("collections")
2025-11-18 13:50:56,707 INFO sqlalchemy.engine.Engine [raw sql] ()
2025-11-18 13:50:56,707 INFO sqlalchemy.engine.Engine PRAGMA main.table_info("taxonomy_nodes")
2025-11-18 13:50:56,707 INFO sqlalchemy.engine.Engine [raw sql] ()
2025-11-18 13:50:56,708 INFO sqlalchemy.engine.Engine PRAGMA main.table_info("resource_taxonomy")
2025-11-18 13:50:56,708 INFO sqlalchemy.engine.Engine [raw sql] ()
2025-11-18 13:50:56,709 INFO sqlalchemy.engine.Engine PRAGMA main.table_info("annotations")
2025-11-18 13:50:56,709 INFO sqlalchemy.engine.Engine [raw sql] ()
2025-11-18 13:50:56,710 INFO sqlalchemy.engine.Engine PRAGMA main.table_info("graph_edges")
2025-11-18 13:50:56,710 INFO sqlalchemy.engine.Engine [raw sql] ()
2025-11-18 13:50:56,710 INFO sqlalchemy.engine.Engine PRAGMA main.table_info("graph_embeddings")
2025-11-18 13:50:56,711 INFO sqlalchemy.engine.Engine [raw sql] ()
2025-11-18 13:50:56,712 INFO sqlalchemy.engine.Engine PRAGMA main.table_info("discovery_hypotheses")
2025-11-18 13:50:56,712 INFO sqlalchemy.engine.Engine [raw sql] ()
2025-11-18 13:50:56,713 INFO sqlalchemy.engine.Engine PRAGMA main.table_info("users")
2025-11-18 13:50:56,713 INFO sqlalchemy.engine.Engine [raw sql] ()
2025-11-18 13:50:56,713 INFO sqlalchemy.engine.Engine PRAGMA main.table_info("user_profiles")
2025-11-18 13:50:56,713 INFO sqlalchemy.engine.Engine [raw sql] ()
2025-11-18 13:50:56,713 INFO sqlalchemy.engine.Engine PRAGMA main.table_info("user_interactions")
2025-11-18 13:50:56,713 INFO sqlalchemy.engine.Engine [raw sql] ()
2025-11-18 13:50:56,714 INFO sqlalchemy.engine.Engine PRAGMA main.table_info("recommendation_feedback")
2025-11-18 13:50:56,714 INFO sqlalchemy.engine.Engine [raw sql] ()
2025-11-18 13:50:56,714 INFO sqlalchemy.engine.Engine PRAGMA main.table_info("model_versions")
2025-11-18 13:50:56,714 INFO sqlalchemy.engine.Engine [raw sql] ()
2025-11-18 13:50:56,714 INFO sqlalchemy.engine.Engine PRAGMA main.table_info("ab_test_experiments")
2025-11-18 13:50:56,714 INFO sqlalchemy.engine.Engine [raw sql] ()
2025-11-18 13:50:56,715 INFO sqlalchemy.engine.Engine PRAGMA main.table_info("prediction_logs")
2025-11-18 13:50:56,715 INFO sqlalchemy.engine.Engine [raw sql] ()
2025-11-18 13:50:56,715 INFO sqlalchemy.engine.Engine PRAGMA main.table_info("retraining_runs")
2025-11-18 13:50:56,715 INFO sqlalchemy.engine.Engine [raw sql] ()
2025-11-18 13:50:56,715 INFO sqlalchemy.engine.Engine COMMIT
2025-11-18 13:50:56,716 INFO sqlalchemy.engine.Engine BEGIN (implicit)
2025-11-18 13:50:56,716 INFO sqlalchemy.engine.Engine PRAGMA main.table_info("resources")
2025-11-18 13:50:56,716 INFO sqlalchemy.engine.Engine [raw sql] ()
2025-11-18 13:50:56,717 INFO sqlalchemy.engine.Engine PRAGMA main.table_info("classification_codes")
2025-11-18 13:50:56,717 INFO sqlalchemy.engine.Engine [raw sql] ()
2025-11-18 13:50:56,718 INFO sqlalchemy.engine.Engine PRAGMA main.table_info("authority_subjects")
2025-11-18 13:50:56,718 INFO sqlalchemy.engine.Engine [raw sql] ()
2025-11-18 13:50:56,718 INFO sqlalchemy.engine.Engine PRAGMA main.table_info("authority_creators")
2025-11-18 13:50:56,718 INFO sqlalchemy.engine.Engine [raw sql] ()
2025-11-18 13:50:56,719 INFO sqlalchemy.engine.Engine PRAGMA main.table_info("authority_publishers")
2025-11-18 13:50:56,719 INFO sqlalchemy.engine.Engine [raw sql] ()
2025-11-18 13:50:56,719 INFO sqlalchemy.engine.Engine PRAGMA main.table_info("citations")
2025-11-18 13:50:56,719 INFO sqlalchemy.engine.Engine [raw sql] ()
2025-11-18 13:50:56,719 INFO sqlalchemy.engine.Engine PRAGMA main.table_info("collection_resources")
2025-11-18 13:50:56,719 INFO sqlalchemy.engine.Engine [raw sql] ()
2025-11-18 13:50:56,720 INFO sqlalchemy.engine.Engine PRAGMA main.table_info("collections")
2025-11-18 13:50:56,720 INFO sqlalchemy.engine.Engine [raw sql] ()
2025-11-18 13:50:56,721 INFO sqlalchemy.engine.Engine PRAGMA main.table_info("taxonomy_nodes")
2025-11-18 13:50:56,721 INFO sqlalchemy.engine.Engine [raw sql] ()
2025-11-18 13:50:56,721 INFO sqlalchemy.engine.Engine PRAGMA main.table_info("resource_taxonomy")
2025-11-18 13:50:56,722 INFO sqlalchemy.engine.Engine [raw sql] ()
2025-11-18 13:50:56,722 INFO sqlalchemy.engine.Engine PRAGMA main.table_info("annotations")
2025-11-18 13:50:56,722 INFO sqlalchemy.engine.Engine [raw sql] ()
2025-11-18 13:50:56,722 INFO sqlalchemy.engine.Engine PRAGMA main.table_info("graph_edges")
2025-11-18 13:50:56,722 INFO sqlalchemy.engine.Engine [raw sql] ()
2025-11-18 13:50:56,722 INFO sqlalchemy.engine.Engine PRAGMA main.table_info("graph_embeddings")
2025-11-18 13:50:56,723 INFO sqlalchemy.engine.Engine [raw sql] ()
2025-11-18 13:50:56,723 INFO sqlalchemy.engine.Engine PRAGMA main.table_info("discovery_hypotheses")
2025-11-18 13:50:56,723 INFO sqlalchemy.engine.Engine [raw sql] ()
2025-11-18 13:50:56,723 INFO sqlalchemy.engine.Engine PRAGMA main.table_info("users")
2025-11-18 13:50:56,723 INFO sqlalchemy.engine.Engine [raw sql] ()
2025-11-18 13:50:56,724 INFO sqlalchemy.engine.Engine PRAGMA main.table_info("user_profiles")
2025-11-18 13:50:56,724 INFO sqlalchemy.engine.Engine [raw sql] ()
2025-11-18 13:50:56,724 INFO sqlalchemy.engine.Engine PRAGMA main.table_info("user_interactions")
2025-11-18 13:50:56,724 INFO sqlalchemy.engine.Engine [raw sql] ()
2025-11-18 13:50:56,725 INFO sqlalchemy.engine.Engine PRAGMA main.table_info("recommendation_feedback")
2025-11-18 13:50:56,725 INFO sqlalchemy.engine.Engine [raw sql] ()
2025-11-18 13:50:56,725 INFO sqlalchemy.engine.Engine PRAGMA main.table_info("model_versions")
2025-11-18 13:50:56,725 INFO sqlalchemy.engine.Engine [raw sql] ()
2025-11-18 13:50:56,726 INFO sqlalchemy.engine.Engine PRAGMA main.table_info("ab_test_experiments")
2025-11-18 13:50:56,726 INFO sqlalchemy.engine.Engine [raw sql] ()
2025-11-18 13:50:56,727 INFO sqlalchemy.engine.Engine PRAGMA main.table_info("prediction_logs")
2025-11-18 13:50:56,727 INFO sqlalchemy.engine.Engine [raw sql] ()
2025-11-18 13:50:56,727 INFO sqlalchemy.engine.Engine PRAGMA main.table_info("retraining_runs")
2025-11-18 13:50:56,727 INFO sqlalchemy.engine.Engine [raw sql] ()
2025-11-18 13:50:56,728 INFO sqlalchemy.engine.Engine COMMIT
2025-11-18 13:50:56,729 INFO sqlalchemy.engine.Engine BEGIN (implicit)
2025-11-18 13:50:56,734 INFO sqlalchemy.engine.Engine INSERT INTO resources (id, title, description, creator, publisher, contributor, date_created, date_modified, type, format, identifier, source, language, coverage, rights, subject, relation, classification_code, read_status, quality_score, ingestion_status, ingestion_error, ingestion_started_at, ingestion_completed_at, embedding, sparse_embedding, sparse_embedding_model, sparse_embedding_updated_at, authors, affiliations, doi, pmid, arxiv_id, isbn, journal, conference, volume, issue, pages, publication_year, funding_sources, acknowledgments, equation_count, table_count, figure_count, reference_count, equations, tables, figures, metadata_completeness_score, extraction_confidence, requires_manual_review, quality_accuracy, quality_completeness, quality_consistency, quality_timeliness, quality_relevance, quality_overall, quality_weights, quality_last_computed, quality_computation_version, is_quality_outlier, outlier_score, outlier_reasons, needs_quality_review, summary_coherence, summary_consistency, summary_fluency, summary_relevance, is_ocr_processed, ocr_confidence, ocr_corrections_applied) VALUES (?, ?, ?, ?, ?, ?, ?, ?, ?, ?, ?, ?, ?, ?, ?, ?, ?, ?, ?, ?, ?, ?, ?, ?, ?, ?, ?, ?, ?, ?, ?, ?, ?, ?, ?, ?, ?, ?, ?, ?, ?, ?, ?, ?, ?, ?, ?, ?, ?, ?, ?, ?, ?, ?, ?, ?, ?, ?, ?, ?, ?, ?, ?, ?, ?, ?, ?, ?, ?, ?, ?, ?) RETURNING created_at, updated_at
2025-11-18 13:50:56,734 INFO sqlalchemy.engine.Engine [generated in 0.00053s] ('8abb6561-62df-4760-91f5-03ca179ddae5', 'Test Resource', 'Test description', None, None, None, None, None, None, None, None, 'https://example.edu/test', None, None, None, '[]', '[]', None, 'unread', 0.0, 'pending', None, None, None, '[]', None, None, None, None, None, None, None, None, None, None, None, None, None, None, None, None, None, 0, 0, 0, None, None, None, None, None, None, 0, None, None, None, None, None, None, None, None, None, 0, None, None, 0, None, None, None, None, 0, None, None)
2025-11-18 13:50:56,739 INFO sqlalchemy.engine.Engine COMMIT
2025-11-18 13:50:56,744 INFO sqlalchemy.engine.Engine BEGIN (implicit)
2025-11-18 13:50:56,745 INFO sqlalchemy.engine.Engine SELECT resources.id AS resources_id, resources.title AS resources_title, resources.description AS resources_description, resources.creator AS resources_creator, resources.publisher AS resources_publisher, resources.contributor AS resources_contributor, resources.date_created AS resources_date_created, resources.date_modified AS resources_date_modified, resources.type AS resources_type, resources.format AS resources_format, resources.identifier AS resources_identifier, resources.source AS resources_source, resources.language AS resources_language, resources.coverage AS resources_coverage, resources.rights AS resources_rights, resources.subject AS resources_subject, resources.relation AS resources_relation, resources.classification_code AS resources_classification_code, resources.read_status AS resources_read_status, resources.quality_score AS resources_quality_score, resources.ingestion_status AS resources_ingestion_status, resources.ingestion_error AS resources_ingestion_error, resources.ingestion_started_at AS resources_ingestion_started_at, resources.ingestion_completed_at AS resources_ingestion_completed_at, resources.embedding AS resources_embedding, resources.sparse_embedding AS resources_sparse_embedding, resources.sparse_embedding_model AS resources_sparse_embedding_model, resources.sparse_embedding_updated_at AS resources_sparse_embedding_updated_at, resources.authors AS resources_authors, resources.affiliations AS resources_affiliations, resources.doi AS resources_doi, resources.pmid AS resources_pmid, resources.arxiv_id AS resources_arxiv_id, resources.isbn AS resources_isbn, resources.journal AS resources_journal, resources.conference AS resources_conference, resources.volume AS resources_volume, resources.issue AS resources_issue, resources.pages AS resources_pages, resources.publication_year AS resources_publication_year, resources.funding_sources AS resources_funding_sources, resources.acknowledgments AS resources_acknowledgments, resources.equation_count AS resources_equation_count, resources.table_count AS resources_table_count, resources.figure_count AS resources_figure_count, resources.reference_count AS resources_reference_count, resources.equations AS resources_equations, resources.tables AS resources_tables, resources.figures AS resources_figures, resources.metadata_completeness_score AS resources_metadata_completeness_score, resources.extraction_confidence AS resources_extraction_confidence, resources.requires_manual_review AS resources_requires_manual_review, resources.quality_accuracy AS resources_quality_accuracy, resources.quality_completeness AS resources_quality_completeness, resources.quality_consistency AS resources_quality_consistency, resources.quality_timeliness AS resources_quality_timeliness, resources.quality_relevance AS resources_quality_relevance, resources.quality_overall AS resources_quality_overall, resources.quality_weights AS resources_quality_weights, resources.quality_last_computed AS resources_quality_last_computed, resources.quality_computation_version AS resources_quality_computation_version, resources.is_quality_outlier AS resources_is_quality_outlier, resources.outlier_score AS resources_outlier_score, resources.outlier_reasons AS resources_outlier_reasons, resources.needs_quality_review AS resources_needs_quality_review, resources.summary_coherence AS resources_summary_coherence, resources.summary_consistency AS resources_summary_consistency, resources.summary_fluency AS resources_summary_fluency, resources.summary_relevance AS resources_summary_relevance, resources.is_ocr_processed AS resources_is_ocr_processed, resources.ocr_confidence AS resources_ocr_confidence, resources.ocr_corrections_applied AS resources_ocr_corrections_applied, resources.created_at AS resources_created_at, resources.updated_at AS resources_updated_at 
FROM resources 
WHERE resources.id = ?
2025-11-18 13:50:56,746 INFO sqlalchemy.engine.Engine [cached since 546.5s ago] ('8abb6561-62df-4760-91f5-03ca179ddae5',)
2025-11-18 13:50:56,752 INFO sqlalchemy.engine.Engine SELECT annotations.id AS annotations_id, annotations.resource_id AS annotations_resource_id, annotations.user_id AS annotations_user_id, annotations.start_offset AS annotations_start_offset, annotations.end_offset AS annotations_end_offset, annotations.highlighted_text AS annotations_highlighted_text, annotations.note AS annotations_note, annotations.tags AS annotations_tags, annotations.color AS annotations_color, annotations.embedding AS annotations_embedding, annotations.context_before AS annotations_context_before, annotations.context_after AS annotations_context_after, annotations.is_shared AS annotations_is_shared, annotations.collection_ids AS annotations_collection_ids, annotations.created_at AS annotations_created_at, annotations.updated_at AS annotations_updated_at 
FROM annotations 
WHERE ? = annotations.resource_id
2025-11-18 13:50:56,752 INFO sqlalchemy.engine.Engine [generated in 0.00035s] ('8abb6561-62df-4760-91f5-03ca179ddae5',)
2025-11-18 13:50:56,754 INFO sqlalchemy.engine.Engine BEGIN (implicit)
2025-11-18 13:50:56,754 INFO sqlalchemy.engine.Engine PRAGMA main.table_info("resources")
2025-11-18 13:50:56,755 INFO sqlalchemy.engine.Engine [raw sql] ()
2025-11-18 13:50:56,755 INFO sqlalchemy.engine.Engine PRAGMA main.table_info("classification_codes")
2025-11-18 13:50:56,755 INFO sqlalchemy.engine.Engine [raw sql] ()
2025-11-18 13:50:56,756 INFO sqlalchemy.engine.Engine PRAGMA main.table_info("authority_subjects")
2025-11-18 13:50:56,756 INFO sqlalchemy.engine.Engine [raw sql] ()
2025-11-18 13:50:56,756 INFO sqlalchemy.engine.Engine PRAGMA main.table_info("authority_creators")
2025-11-18 13:50:56,756 INFO sqlalchemy.engine.Engine [raw sql] ()
2025-11-18 13:50:56,757 INFO sqlalchemy.engine.Engine PRAGMA main.table_info("authority_publishers")
2025-11-18 13:50:56,757 INFO sqlalchemy.engine.Engine [raw sql] ()
2025-11-18 13:50:56,757 INFO sqlalchemy.engine.Engine PRAGMA main.table_info("citations")
2025-11-18 13:50:56,757 INFO sqlalchemy.engine.Engine [raw sql] ()
2025-11-18 13:50:56,757 INFO sqlalchemy.engine.Engine PRAGMA main.table_info("collection_resources")
2025-11-18 13:50:56,758 INFO sqlalchemy.engine.Engine [raw sql] ()
2025-11-18 13:50:56,759 INFO sqlalchemy.engine.Engine PRAGMA main.table_info("collections")
2025-11-18 13:50:56,759 INFO sqlalchemy.engine.Engine [raw sql] ()
2025-11-18 13:50:56,760 INFO sqlalchemy.engine.Engine PRAGMA main.table_info("taxonomy_nodes")
2025-11-18 13:50:56,760 INFO sqlalchemy.engine.Engine [raw sql] ()
2025-11-18 13:50:56,760 INFO sqlalchemy.engine.Engine PRAGMA main.table_info("resource_taxonomy")
2025-11-18 13:50:56,761 INFO sqlalchemy.engine.Engine [raw sql] ()
2025-11-18 13:50:56,761 INFO sqlalchemy.engine.Engine PRAGMA main.table_info("annotations")
2025-11-18 13:50:56,761 INFO sqlalchemy.engine.Engine [raw sql] ()
2025-11-18 13:50:56,762 INFO sqlalchemy.engine.Engine PRAGMA main.table_info("graph_edges")
2025-11-18 13:50:56,763 INFO sqlalchemy.engine.Engine [raw sql] ()
2025-11-18 13:50:56,763 INFO sqlalchemy.engine.Engine PRAGMA main.table_info("graph_embeddings")
2025-11-18 13:50:56,763 INFO sqlalchemy.engine.Engine [raw sql] ()
2025-11-18 13:50:56,764 INFO sqlalchemy.engine.Engine PRAGMA main.table_info("discovery_hypotheses")
2025-11-18 13:50:56,764 INFO sqlalchemy.engine.Engine [raw sql] ()
2025-11-18 13:50:56,764 INFO sqlalchemy.engine.Engine PRAGMA main.table_info("users")
2025-11-18 13:50:56,765 INFO sqlalchemy.engine.Engine [raw sql] ()
2025-11-18 13:50:56,765 INFO sqlalchemy.engine.Engine PRAGMA main.table_info("user_profiles")
2025-11-18 13:50:56,765 INFO sqlalchemy.engine.Engine [raw sql] ()
2025-11-18 13:50:56,767 INFO sqlalchemy.engine.Engine PRAGMA main.table_info("user_interactions")
2025-11-18 13:50:56,767 INFO sqlalchemy.engine.Engine [raw sql] ()
2025-11-18 13:50:56,768 INFO sqlalchemy.engine.Engine PRAGMA main.table_info("recommendation_feedback")
2025-11-18 13:50:56,768 INFO sqlalchemy.engine.Engine [raw sql] ()
2025-11-18 13:50:56,768 INFO sqlalchemy.engine.Engine PRAGMA main.table_info("model_versions")
2025-11-18 13:50:56,769 INFO sqlalchemy.engine.Engine [raw sql] ()
2025-11-18 13:50:56,769 INFO sqlalchemy.engine.Engine PRAGMA main.table_info("ab_test_experiments")
2025-11-18 13:50:56,769 INFO sqlalchemy.engine.Engine [raw sql] ()
2025-11-18 13:50:56,770 INFO sqlalchemy.engine.Engine PRAGMA main.table_info("prediction_logs")
2025-11-18 13:50:56,770 INFO sqlalchemy.engine.Engine [raw sql] ()
2025-11-18 13:50:56,771 INFO sqlalchemy.engine.Engine PRAGMA main.table_info("retraining_runs")
2025-11-18 13:50:56,771 INFO sqlalchemy.engine.Engine [raw sql] ()
2025-11-18 13:50:56,772 INFO sqlalchemy.engine.Engine COMMIT
2025-11-18 13:50:56,772 INFO sqlalchemy.engine.Engine BEGIN (implicit)
2025-11-18 13:50:56,772 INFO sqlalchemy.engine.Engine PRAGMA main.table_info("resources")
2025-11-18 13:50:56,772 INFO sqlalchemy.engine.Engine [raw sql] ()
2025-11-18 13:50:56,773 INFO sqlalchemy.engine.Engine PRAGMA main.table_info("classification_codes")
2025-11-18 13:50:56,773 INFO sqlalchemy.engine.Engine [raw sql] ()
2025-11-18 13:50:56,774 INFO sqlalchemy.engine.Engine PRAGMA main.table_info("authority_subjects")
2025-11-18 13:50:56,774 INFO sqlalchemy.engine.Engine [raw sql] ()
2025-11-18 13:50:56,776 INFO sqlalchemy.engine.Engine PRAGMA main.table_info("authority_creators")
2025-11-18 13:50:56,776 INFO sqlalchemy.engine.Engine [raw sql] ()
2025-11-18 13:50:56,776 INFO sqlalchemy.engine.Engine PRAGMA main.table_info("authority_publishers")
2025-11-18 13:50:56,776 INFO sqlalchemy.engine.Engine [raw sql] ()
2025-11-18 13:50:56,777 INFO sqlalchemy.engine.Engine PRAGMA main.table_info("citations")
2025-11-18 13:50:56,777 INFO sqlalchemy.engine.Engine [raw sql] ()
2025-11-18 13:50:56,777 INFO sqlalchemy.engine.Engine PRAGMA main.table_info("collection_resources")
2025-11-18 13:50:56,777 INFO sqlalchemy.engine.Engine [raw sql] ()
2025-11-18 13:50:56,777 INFO sqlalchemy.engine.Engine PRAGMA main.table_info("collections")
2025-11-18 13:50:56,778 INFO sqlalchemy.engine.Engine [raw sql] ()
2025-11-18 13:50:56,778 INFO sqlalchemy.engine.Engine PRAGMA main.table_info("taxonomy_nodes")
2025-11-18 13:50:56,778 INFO sqlalchemy.engine.Engine [raw sql] ()
2025-11-18 13:50:56,779 INFO sqlalchemy.engine.Engine PRAGMA main.table_info("resource_taxonomy")
2025-11-18 13:50:56,780 INFO sqlalchemy.engine.Engine [raw sql] ()
2025-11-18 13:50:56,780 INFO sqlalchemy.engine.Engine PRAGMA main.table_info("annotations")
2025-11-18 13:50:56,780 INFO sqlalchemy.engine.Engine [raw sql] ()
2025-11-18 13:50:56,781 INFO sqlalchemy.engine.Engine PRAGMA main.table_info("graph_edges")
2025-11-18 13:50:56,781 INFO sqlalchemy.engine.Engine [raw sql] ()
2025-11-18 13:50:56,781 INFO sqlalchemy.engine.Engine PRAGMA main.table_info("graph_embeddings")
2025-11-18 13:50:56,782 INFO sqlalchemy.engine.Engine [raw sql] ()
2025-11-18 13:50:56,782 INFO sqlalchemy.engine.Engine PRAGMA main.table_info("discovery_hypotheses")
2025-11-18 13:50:56,783 INFO sqlalchemy.engine.Engine [raw sql] ()
2025-11-18 13:50:56,784 INFO sqlalchemy.engine.Engine PRAGMA main.table_info("users")
2025-11-18 13:50:56,784 INFO sqlalchemy.engine.Engine [raw sql] ()
2025-11-18 13:50:56,784 INFO sqlalchemy.engine.Engine PRAGMA main.table_info("user_profiles")
2025-11-18 13:50:56,784 INFO sqlalchemy.engine.Engine [raw sql] ()
2025-11-18 13:50:56,785 INFO sqlalchemy.engine.Engine PRAGMA main.table_info("user_interactions")
2025-11-18 13:50:56,785 INFO sqlalchemy.engine.Engine [raw sql] ()
2025-11-18 13:50:56,785 INFO sqlalchemy.engine.Engine PRAGMA main.table_info("recommendation_feedback")
2025-11-18 13:50:56,785 INFO sqlalchemy.engine.Engine [raw sql] ()
2025-11-18 13:50:56,786 INFO sqlalchemy.engine.Engine PRAGMA main.table_info("model_versions")
2025-11-18 13:50:56,786 INFO sqlalchemy.engine.Engine [raw sql] ()
2025-11-18 13:50:56,786 INFO sqlalchemy.engine.Engine PRAGMA main.table_info("ab_test_experiments")
2025-11-18 13:50:56,786 INFO sqlalchemy.engine.Engine [raw sql] ()
2025-11-18 13:50:56,787 INFO sqlalchemy.engine.Engine PRAGMA main.table_info("prediction_logs")
2025-11-18 13:50:56,787 INFO sqlalchemy.engine.Engine [raw sql] ()
2025-11-18 13:50:56,788 INFO sqlalchemy.engine.Engine PRAGMA main.table_info("retraining_runs")
2025-11-18 13:50:56,788 INFO sqlalchemy.engine.Engine [raw sql] ()
2025-11-18 13:50:56,789 INFO sqlalchemy.engine.Engine COMMIT
2025-11-18 13:50:56,790 INFO sqlalchemy.engine.Engine SELECT collections.id AS collections_id, collections.name AS collections_name, collections.description AS collections_description, collections.owner_id AS collections_owner_id, collections.visibility AS collections_visibility, collections.parent_id AS collections_parent_id, collections.embedding AS collections_embedding, collections.created_at AS collections_created_at, collections.updated_at AS collections_updated_at 
FROM collections, collection_resources 
WHERE ? = collection_resources.resource_id AND collections.id = collection_resources.collection_id
2025-11-18 13:50:56,791 INFO sqlalchemy.engine.Engine [generated in 0.00043s] ('8abb6561-62df-4760-91f5-03ca179ddae5',)
2025-11-18 13:50:56,792 INFO sqlalchemy.engine.Engine DELETE FROM resources WHERE resources.id = ?
2025-11-18 13:50:56,793 INFO sqlalchemy.engine.Engine [generated in 0.00037s] ('8abb6561-62df-4760-91f5-03ca179ddae5',)
2025-11-18 13:50:56,795 INFO sqlalchemy.engine.Engine COMMIT
---------------------------- Captured stderr call -----------------------------
2025-11-18 13:50:56,703 - sqlalchemy.engine.Engine - INFO - BEGIN (implicit)
2025-11-18 13:50:56,703 - sqlalchemy.engine.Engine - INFO - PRAGMA main.table_info("resources")
2025-11-18 13:50:56,703 - sqlalchemy.engine.Engine - INFO - [raw sql] ()
2025-11-18 13:50:56,704 - sqlalchemy.engine.Engine - INFO - PRAGMA main.table_info("classification_codes")
2025-11-18 13:50:56,704 - sqlalchemy.engine.Engine - INFO - [raw sql] ()
2025-11-18 13:50:56,705 - sqlalchemy.engine.Engine - INFO - PRAGMA main.table_info("authority_subjects")
2025-11-18 13:50:56,705 - sqlalchemy.engine.Engine - INFO - [raw sql] ()
2025-11-18 13:50:56,705 - sqlalchemy.engine.Engine - INFO - PRAGMA main.table_info("authority_creators")
2025-11-18 13:50:56,705 - sqlalchemy.engine.Engine - INFO - [raw sql] ()
2025-11-18 13:50:56,706 - sqlalchemy.engine.Engine - INFO - PRAGMA main.table_info("authority_publishers")
2025-11-18 13:50:56,706 - sqlalchemy.engine.Engine - INFO - [raw sql] ()
2025-11-18 13:50:56,706 - sqlalchemy.engine.Engine - INFO - PRAGMA main.table_info("citations")
2025-11-18 13:50:56,706 - sqlalchemy.engine.Engine - INFO - [raw sql] ()
2025-11-18 13:50:56,706 - sqlalchemy.engine.Engine - INFO - PRAGMA main.table_info("collection_resources")
2025-11-18 13:50:56,706 - sqlalchemy.engine.Engine - INFO - [raw sql] ()
2025-11-18 13:50:56,707 - sqlalchemy.engine.Engine - INFO - PRAGMA main.table_info("collections")
2025-11-18 13:50:56,707 - sqlalchemy.engine.Engine - INFO - [raw sql] ()
2025-11-18 13:50:56,707 - sqlalchemy.engine.Engine - INFO - PRAGMA main.table_info("taxonomy_nodes")
2025-11-18 13:50:56,707 - sqlalchemy.engine.Engine - INFO - [raw sql] ()
2025-11-18 13:50:56,708 - sqlalchemy.engine.Engine - INFO - PRAGMA main.table_info("resource_taxonomy")
2025-11-18 13:50:56,708 - sqlalchemy.engine.Engine - INFO - [raw sql] ()
2025-11-18 13:50:56,709 - sqlalchemy.engine.Engine - INFO - PRAGMA main.table_info("annotations")
2025-11-18 13:50:56,709 - sqlalchemy.engine.Engine - INFO - [raw sql] ()
2025-11-18 13:50:56,710 - sqlalchemy.engine.Engine - INFO - PRAGMA main.table_info("graph_edges")
2025-11-18 13:50:56,710 - sqlalchemy.engine.Engine - INFO - [raw sql] ()
2025-11-18 13:50:56,710 - sqlalchemy.engine.Engine - INFO - PRAGMA main.table_info("graph_embeddings")
2025-11-18 13:50:56,711 - sqlalchemy.engine.Engine - INFO - [raw sql] ()
2025-11-18 13:50:56,712 - sqlalchemy.engine.Engine - INFO - PRAGMA main.table_info("discovery_hypotheses")
2025-11-18 13:50:56,712 - sqlalchemy.engine.Engine - INFO - [raw sql] ()
2025-11-18 13:50:56,713 - sqlalchemy.engine.Engine - INFO - PRAGMA main.table_info("users")
2025-11-18 13:50:56,713 - sqlalchemy.engine.Engine - INFO - [raw sql] ()
2025-11-18 13:50:56,713 - sqlalchemy.engine.Engine - INFO - PRAGMA main.table_info("user_profiles")
2025-11-18 13:50:56,713 - sqlalchemy.engine.Engine - INFO - [raw sql] ()
2025-11-18 13:50:56,713 - sqlalchemy.engine.Engine - INFO - PRAGMA main.table_info("user_interactions")
2025-11-18 13:50:56,713 - sqlalchemy.engine.Engine - INFO - [raw sql] ()
2025-11-18 13:50:56,714 - sqlalchemy.engine.Engine - INFO - PRAGMA main.table_info("recommendation_feedback")
2025-11-18 13:50:56,714 - sqlalchemy.engine.Engine - INFO - [raw sql] ()
2025-11-18 13:50:56,714 - sqlalchemy.engine.Engine - INFO - PRAGMA main.table_info("model_versions")
2025-11-18 13:50:56,714 - sqlalchemy.engine.Engine - INFO - [raw sql] ()
2025-11-18 13:50:56,714 - sqlalchemy.engine.Engine - INFO - PRAGMA main.table_info("ab_test_experiments")
2025-11-18 13:50:56,714 - sqlalchemy.engine.Engine - INFO - [raw sql] ()
2025-11-18 13:50:56,715 - sqlalchemy.engine.Engine - INFO - PRAGMA main.table_info("prediction_logs")
2025-11-18 13:50:56,715 - sqlalchemy.engine.Engine - INFO - [raw sql] ()
2025-11-18 13:50:56,715 - sqlalchemy.engine.Engine - INFO - PRAGMA main.table_info("retraining_runs")
2025-11-18 13:50:56,715 - sqlalchemy.engine.Engine - INFO - [raw sql] ()
2025-11-18 13:50:56,715 - sqlalchemy.engine.Engine - INFO - COMMIT
2025-11-18 13:50:56,716 - sqlalchemy.engine.Engine - INFO - BEGIN (implicit)
2025-11-18 13:50:56,716 - sqlalchemy.engine.Engine - INFO - PRAGMA main.table_info("resources")
2025-11-18 13:50:56,716 - sqlalchemy.engine.Engine - INFO - [raw sql] ()
2025-11-18 13:50:56,717 - sqlalchemy.engine.Engine - INFO - PRAGMA main.table_info("classification_codes")
2025-11-18 13:50:56,717 - sqlalchemy.engine.Engine - INFO - [raw sql] ()
2025-11-18 13:50:56,718 - sqlalchemy.engine.Engine - INFO - PRAGMA main.table_info("authority_subjects")
2025-11-18 13:50:56,718 - sqlalchemy.engine.Engine - INFO - [raw sql] ()
2025-11-18 13:50:56,718 - sqlalchemy.engine.Engine - INFO - PRAGMA main.table_info("authority_creators")
2025-11-18 13:50:56,718 - sqlalchemy.engine.Engine - INFO - [raw sql] ()
2025-11-18 13:50:56,719 - sqlalchemy.engine.Engine - INFO - PRAGMA main.table_info("authority_publishers")
2025-11-18 13:50:56,719 - sqlalchemy.engine.Engine - INFO - [raw sql] ()
2025-11-18 13:50:56,719 - sqlalchemy.engine.Engine - INFO - PRAGMA main.table_info("citations")
2025-11-18 13:50:56,719 - sqlalchemy.engine.Engine - INFO - [raw sql] ()
2025-11-18 13:50:56,719 - sqlalchemy.engine.Engine - INFO - PRAGMA main.table_info("collection_resources")
2025-11-18 13:50:56,719 - sqlalchemy.engine.Engine - INFO - [raw sql] ()
2025-11-18 13:50:56,720 - sqlalchemy.engine.Engine - INFO - PRAGMA main.table_info("collections")
2025-11-18 13:50:56,720 - sqlalchemy.engine.Engine - INFO - [raw sql] ()
2025-11-18 13:50:56,721 - sqlalchemy.engine.Engine - INFO - PRAGMA main.table_info("taxonomy_nodes")
2025-11-18 13:50:56,721 - sqlalchemy.engine.Engine - INFO - [raw sql] ()
2025-11-18 13:50:56,721 - sqlalchemy.engine.Engine - INFO - PRAGMA main.table_info("resource_taxonomy")
2025-11-18 13:50:56,722 - sqlalchemy.engine.Engine - INFO - [raw sql] ()
2025-11-18 13:50:56,722 - sqlalchemy.engine.Engine - INFO - PRAGMA main.table_info("annotations")
2025-11-18 13:50:56,722 - sqlalchemy.engine.Engine - INFO - [raw sql] ()
2025-11-18 13:50:56,722 - sqlalchemy.engine.Engine - INFO - PRAGMA main.table_info("graph_edges")
2025-11-18 13:50:56,722 - sqlalchemy.engine.Engine - INFO - [raw sql] ()
2025-11-18 13:50:56,722 - sqlalchemy.engine.Engine - INFO - PRAGMA main.table_info("graph_embeddings")
2025-11-18 13:50:56,723 - sqlalchemy.engine.Engine - INFO - [raw sql] ()
2025-11-18 13:50:56,723 - sqlalchemy.engine.Engine - INFO - PRAGMA main.table_info("discovery_hypotheses")
2025-11-18 13:50:56,723 - sqlalchemy.engine.Engine - INFO - [raw sql] ()
2025-11-18 13:50:56,723 - sqlalchemy.engine.Engine - INFO - PRAGMA main.table_info("users")
2025-11-18 13:50:56,723 - sqlalchemy.engine.Engine - INFO - [raw sql] ()
2025-11-18 13:50:56,724 - sqlalchemy.engine.Engine - INFO - PRAGMA main.table_info("user_profiles")
2025-11-18 13:50:56,724 - sqlalchemy.engine.Engine - INFO - [raw sql] ()
2025-11-18 13:50:56,724 - sqlalchemy.engine.Engine - INFO - PRAGMA main.table_info("user_interactions")
2025-11-18 13:50:56,724 - sqlalchemy.engine.Engine - INFO - [raw sql] ()
2025-11-18 13:50:56,725 - sqlalchemy.engine.Engine - INFO - PRAGMA main.table_info("recommendation_feedback")
2025-11-18 13:50:56,725 - sqlalchemy.engine.Engine - INFO - [raw sql] ()
2025-11-18 13:50:56,725 - sqlalchemy.engine.Engine - INFO - PRAGMA main.table_info("model_versions")
2025-11-18 13:50:56,725 - sqlalchemy.engine.Engine - INFO - [raw sql] ()
2025-11-18 13:50:56,726 - sqlalchemy.engine.Engine - INFO - PRAGMA main.table_info("ab_test_experiments")
2025-11-18 13:50:56,726 - sqlalchemy.engine.Engine - INFO - [raw sql] ()
2025-11-18 13:50:56,727 - sqlalchemy.engine.Engine - INFO - PRAGMA main.table_info("prediction_logs")
2025-11-18 13:50:56,727 - sqlalchemy.engine.Engine - INFO - [raw sql] ()
2025-11-18 13:50:56,727 - sqlalchemy.engine.Engine - INFO - PRAGMA main.table_info("retraining_runs")
2025-11-18 13:50:56,727 - sqlalchemy.engine.Engine - INFO - [raw sql] ()
2025-11-18 13:50:56,728 - sqlalchemy.engine.Engine - INFO - COMMIT
2025-11-18 13:50:56,729 - sqlalchemy.engine.Engine - INFO - BEGIN (implicit)
2025-11-18 13:50:56,734 - sqlalchemy.engine.Engine - INFO - INSERT INTO resources (id, title, description, creator, publisher, contributor, date_created, date_modified, type, format, identifier, source, language, coverage, rights, subject, relation, classification_code, read_status, quality_score, ingestion_status, ingestion_error, ingestion_started_at, ingestion_completed_at, embedding, sparse_embedding, sparse_embedding_model, sparse_embedding_updated_at, authors, affiliations, doi, pmid, arxiv_id, isbn, journal, conference, volume, issue, pages, publication_year, funding_sources, acknowledgments, equation_count, table_count, figure_count, reference_count, equations, tables, figures, metadata_completeness_score, extraction_confidence, requires_manual_review, quality_accuracy, quality_completeness, quality_consistency, quality_timeliness, quality_relevance, quality_overall, quality_weights, quality_last_computed, quality_computation_version, is_quality_outlier, outlier_score, outlier_reasons, needs_quality_review, summary_coherence, summary_consistency, summary_fluency, summary_relevance, is_ocr_processed, ocr_confidence, ocr_corrections_applied) VALUES (?, ?, ?, ?, ?, ?, ?, ?, ?, ?, ?, ?, ?, ?, ?, ?, ?, ?, ?, ?, ?, ?, ?, ?, ?, ?, ?, ?, ?, ?, ?, ?, ?, ?, ?, ?, ?, ?, ?, ?, ?, ?, ?, ?, ?, ?, ?, ?, ?, ?, ?, ?, ?, ?, ?, ?, ?, ?, ?, ?, ?, ?, ?, ?, ?, ?, ?, ?, ?, ?, ?, ?) RETURNING created_at, updated_at
2025-11-18 13:50:56,734 - sqlalchemy.engine.Engine - INFO - [generated in 0.00053s] ('8abb6561-62df-4760-91f5-03ca179ddae5', 'Test Resource', 'Test description', None, None, None, None, None, None, None, None, 'https://example.edu/test', None, None, None, '[]', '[]', None, 'unread', 0.0, 'pending', None, None, None, '[]', None, None, None, None, None, None, None, None, None, None, None, None, None, None, None, None, None, 0, 0, 0, None, None, None, None, None, None, 0, None, None, None, None, None, None, None, None, None, 0, None, None, 0, None, None, None, None, 0, None, None)
2025-11-18 13:50:56,739 - sqlalchemy.engine.Engine - INFO - COMMIT
2025-11-18 13:50:56,744 - sqlalchemy.engine.Engine - INFO - BEGIN (implicit)
2025-11-18 13:50:56,745 - sqlalchemy.engine.Engine - INFO - SELECT resources.id AS resources_id, resources.title AS resources_title, resources.description AS resources_description, resources.creator AS resources_creator, resources.publisher AS resources_publisher, resources.contributor AS resources_contributor, resources.date_created AS resources_date_created, resources.date_modified AS resources_date_modified, resources.type AS resources_type, resources.format AS resources_format, resources.identifier AS resources_identifier, resources.source AS resources_source, resources.language AS resources_language, resources.coverage AS resources_coverage, resources.rights AS resources_rights, resources.subject AS resources_subject, resources.relation AS resources_relation, resources.classification_code AS resources_classification_code, resources.read_status AS resources_read_status, resources.quality_score AS resources_quality_score, resources.ingestion_status AS resources_ingestion_status, resources.ingestion_error AS resources_ingestion_error, resources.ingestion_started_at AS resources_ingestion_started_at, resources.ingestion_completed_at AS resources_ingestion_completed_at, resources.embedding AS resources_embedding, resources.sparse_embedding AS resources_sparse_embedding, resources.sparse_embedding_model AS resources_sparse_embedding_model, resources.sparse_embedding_updated_at AS resources_sparse_embedding_updated_at, resources.authors AS resources_authors, resources.affiliations AS resources_affiliations, resources.doi AS resources_doi, resources.pmid AS resources_pmid, resources.arxiv_id AS resources_arxiv_id, resources.isbn AS resources_isbn, resources.journal AS resources_journal, resources.conference AS resources_conference, resources.volume AS resources_volume, resources.issue AS resources_issue, resources.pages AS resources_pages, resources.publication_year AS resources_publication_year, resources.funding_sources AS resources_funding_sources, resources.acknowledgments AS resources_acknowledgments, resources.equation_count AS resources_equation_count, resources.table_count AS resources_table_count, resources.figure_count AS resources_figure_count, resources.reference_count AS resources_reference_count, resources.equations AS resources_equations, resources.tables AS resources_tables, resources.figures AS resources_figures, resources.metadata_completeness_score AS resources_metadata_completeness_score, resources.extraction_confidence AS resources_extraction_confidence, resources.requires_manual_review AS resources_requires_manual_review, resources.quality_accuracy AS resources_quality_accuracy, resources.quality_completeness AS resources_quality_completeness, resources.quality_consistency AS resources_quality_consistency, resources.quality_timeliness AS resources_quality_timeliness, resources.quality_relevance AS resources_quality_relevance, resources.quality_overall AS resources_quality_overall, resources.quality_weights AS resources_quality_weights, resources.quality_last_computed AS resources_quality_last_computed, resources.quality_computation_version AS resources_quality_computation_version, resources.is_quality_outlier AS resources_is_quality_outlier, resources.outlier_score AS resources_outlier_score, resources.outlier_reasons AS resources_outlier_reasons, resources.needs_quality_review AS resources_needs_quality_review, resources.summary_coherence AS resources_summary_coherence, resources.summary_consistency AS resources_summary_consistency, resources.summary_fluency AS resources_summary_fluency, resources.summary_relevance AS resources_summary_relevance, resources.is_ocr_processed AS resources_is_ocr_processed, resources.ocr_confidence AS resources_ocr_confidence, resources.ocr_corrections_applied AS resources_ocr_corrections_applied, resources.created_at AS resources_created_at, resources.updated_at AS resources_updated_at 
FROM resources 
WHERE resources.id = ?
2025-11-18 13:50:56,746 - sqlalchemy.engine.Engine - INFO - [cached since 546.5s ago] ('8abb6561-62df-4760-91f5-03ca179ddae5',)
2025-11-18 13:50:56,752 - sqlalchemy.engine.Engine - INFO - SELECT annotations.id AS annotations_id, annotations.resource_id AS annotations_resource_id, annotations.user_id AS annotations_user_id, annotations.start_offset AS annotations_start_offset, annotations.end_offset AS annotations_end_offset, annotations.highlighted_text AS annotations_highlighted_text, annotations.note AS annotations_note, annotations.tags AS annotations_tags, annotations.color AS annotations_color, annotations.embedding AS annotations_embedding, annotations.context_before AS annotations_context_before, annotations.context_after AS annotations_context_after, annotations.is_shared AS annotations_is_shared, annotations.collection_ids AS annotations_collection_ids, annotations.created_at AS annotations_created_at, annotations.updated_at AS annotations_updated_at 
FROM annotations 
WHERE ? = annotations.resource_id
2025-11-18 13:50:56,752 - sqlalchemy.engine.Engine - INFO - [generated in 0.00035s] ('8abb6561-62df-4760-91f5-03ca179ddae5',)
2025-11-18 13:50:56,754 - sqlalchemy.engine.Engine - INFO - BEGIN (implicit)
2025-11-18 13:50:56,754 - sqlalchemy.engine.Engine - INFO - PRAGMA main.table_info("resources")
2025-11-18 13:50:56,755 - sqlalchemy.engine.Engine - INFO - [raw sql] ()
2025-11-18 13:50:56,755 - sqlalchemy.engine.Engine - INFO - PRAGMA main.table_info("classification_codes")
2025-11-18 13:50:56,755 - sqlalchemy.engine.Engine - INFO - [raw sql] ()
2025-11-18 13:50:56,756 - sqlalchemy.engine.Engine - INFO - PRAGMA main.table_info("authority_subjects")
2025-11-18 13:50:56,756 - sqlalchemy.engine.Engine - INFO - [raw sql] ()
2025-11-18 13:50:56,756 - sqlalchemy.engine.Engine - INFO - PRAGMA main.table_info("authority_creators")
2025-11-18 13:50:56,756 - sqlalchemy.engine.Engine - INFO - [raw sql] ()
2025-11-18 13:50:56,757 - sqlalchemy.engine.Engine - INFO - PRAGMA main.table_info("authority_publishers")
2025-11-18 13:50:56,757 - sqlalchemy.engine.Engine - INFO - [raw sql] ()
2025-11-18 13:50:56,757 - sqlalchemy.engine.Engine - INFO - PRAGMA main.table_info("citations")
2025-11-18 13:50:56,757 - sqlalchemy.engine.Engine - INFO - [raw sql] ()
2025-11-18 13:50:56,757 - sqlalchemy.engine.Engine - INFO - PRAGMA main.table_info("collection_resources")
2025-11-18 13:50:56,758 - sqlalchemy.engine.Engine - INFO - [raw sql] ()
2025-11-18 13:50:56,759 - sqlalchemy.engine.Engine - INFO - PRAGMA main.table_info("collections")
2025-11-18 13:50:56,759 - sqlalchemy.engine.Engine - INFO - [raw sql] ()
2025-11-18 13:50:56,760 - sqlalchemy.engine.Engine - INFO - PRAGMA main.table_info("taxonomy_nodes")
2025-11-18 13:50:56,760 - sqlalchemy.engine.Engine - INFO - [raw sql] ()
2025-11-18 13:50:56,760 - sqlalchemy.engine.Engine - INFO - PRAGMA main.table_info("resource_taxonomy")
2025-11-18 13:50:56,761 - sqlalchemy.engine.Engine - INFO - [raw sql] ()
2025-11-18 13:50:56,761 - sqlalchemy.engine.Engine - INFO - PRAGMA main.table_info("annotations")
2025-11-18 13:50:56,761 - sqlalchemy.engine.Engine - INFO - [raw sql] ()
2025-11-18 13:50:56,762 - sqlalchemy.engine.Engine - INFO - PRAGMA main.table_info("graph_edges")
2025-11-18 13:50:56,763 - sqlalchemy.engine.Engine - INFO - [raw sql] ()
2025-11-18 13:50:56,763 - sqlalchemy.engine.Engine - INFO - PRAGMA main.table_info("graph_embeddings")
2025-11-18 13:50:56,763 - sqlalchemy.engine.Engine - INFO - [raw sql] ()
2025-11-18 13:50:56,764 - sqlalchemy.engine.Engine - INFO - PRAGMA main.table_info("discovery_hypotheses")
2025-11-18 13:50:56,764 - sqlalchemy.engine.Engine - INFO - [raw sql] ()
2025-11-18 13:50:56,764 - sqlalchemy.engine.Engine - INFO - PRAGMA main.table_info("users")
2025-11-18 13:50:56,765 - sqlalchemy.engine.Engine - INFO - [raw sql] ()
2025-11-18 13:50:56,765 - sqlalchemy.engine.Engine - INFO - PRAGMA main.table_info("user_profiles")
2025-11-18 13:50:56,765 - sqlalchemy.engine.Engine - INFO - [raw sql] ()
2025-11-18 13:50:56,767 - sqlalchemy.engine.Engine - INFO - PRAGMA main.table_info("user_interactions")
2025-11-18 13:50:56,767 - sqlalchemy.engine.Engine - INFO - [raw sql] ()
2025-11-18 13:50:56,768 - sqlalchemy.engine.Engine - INFO - PRAGMA main.table_info("recommendation_feedback")
2025-11-18 13:50:56,768 - sqlalchemy.engine.Engine - INFO - [raw sql] ()
2025-11-18 13:50:56,768 - sqlalchemy.engine.Engine - INFO - PRAGMA main.table_info("model_versions")
2025-11-18 13:50:56,769 - sqlalchemy.engine.Engine - INFO - [raw sql] ()
2025-11-18 13:50:56,769 - sqlalchemy.engine.Engine - INFO - PRAGMA main.table_info("ab_test_experiments")
2025-11-18 13:50:56,769 - sqlalchemy.engine.Engine - INFO - [raw sql] ()
2025-11-18 13:50:56,770 - sqlalchemy.engine.Engine - INFO - PRAGMA main.table_info("prediction_logs")
2025-11-18 13:50:56,770 - sqlalchemy.engine.Engine - INFO - [raw sql] ()
2025-11-18 13:50:56,771 - sqlalchemy.engine.Engine - INFO - PRAGMA main.table_info("retraining_runs")
2025-11-18 13:50:56,771 - sqlalchemy.engine.Engine - INFO - [raw sql] ()
2025-11-18 13:50:56,772 - sqlalchemy.engine.Engine - INFO - COMMIT
2025-11-18 13:50:56,772 - sqlalchemy.engine.Engine - INFO - BEGIN (implicit)
2025-11-18 13:50:56,772 - sqlalchemy.engine.Engine - INFO - PRAGMA main.table_info("resources")
2025-11-18 13:50:56,772 - sqlalchemy.engine.Engine - INFO - [raw sql] ()
2025-11-18 13:50:56,773 - sqlalchemy.engine.Engine - INFO - PRAGMA main.table_info("classification_codes")
2025-11-18 13:50:56,773 - sqlalchemy.engine.Engine - INFO - [raw sql] ()
2025-11-18 13:50:56,774 - sqlalchemy.engine.Engine - INFO - PRAGMA main.table_info("authority_subjects")
2025-11-18 13:50:56,774 - sqlalchemy.engine.Engine - INFO - [raw sql] ()
2025-11-18 13:50:56,776 - sqlalchemy.engine.Engine - INFO - PRAGMA main.table_info("authority_creators")
2025-11-18 13:50:56,776 - sqlalchemy.engine.Engine - INFO - [raw sql] ()
2025-11-18 13:50:56,776 - sqlalchemy.engine.Engine - INFO - PRAGMA main.table_info("authority_publishers")
2025-11-18 13:50:56,776 - sqlalchemy.engine.Engine - INFO - [raw sql] ()
2025-11-18 13:50:56,777 - sqlalchemy.engine.Engine - INFO - PRAGMA main.table_info("citations")
2025-11-18 13:50:56,777 - sqlalchemy.engine.Engine - INFO - [raw sql] ()
2025-11-18 13:50:56,777 - sqlalchemy.engine.Engine - INFO - PRAGMA main.table_info("collection_resources")
2025-11-18 13:50:56,777 - sqlalchemy.engine.Engine - INFO - [raw sql] ()
2025-11-18 13:50:56,777 - sqlalchemy.engine.Engine - INFO - PRAGMA main.table_info("collections")
2025-11-18 13:50:56,778 - sqlalchemy.engine.Engine - INFO - [raw sql] ()
2025-11-18 13:50:56,778 - sqlalchemy.engine.Engine - INFO - PRAGMA main.table_info("taxonomy_nodes")
2025-11-18 13:50:56,778 - sqlalchemy.engine.Engine - INFO - [raw sql] ()
2025-11-18 13:50:56,779 - sqlalchemy.engine.Engine - INFO - PRAGMA main.table_info("resource_taxonomy")
2025-11-18 13:50:56,780 - sqlalchemy.engine.Engine - INFO - [raw sql] ()
2025-11-18 13:50:56,780 - sqlalchemy.engine.Engine - INFO - PRAGMA main.table_info("annotations")
2025-11-18 13:50:56,780 - sqlalchemy.engine.Engine - INFO - [raw sql] ()
2025-11-18 13:50:56,781 - sqlalchemy.engine.Engine - INFO - PRAGMA main.table_info("graph_edges")
2025-11-18 13:50:56,781 - sqlalchemy.engine.Engine - INFO - [raw sql] ()
2025-11-18 13:50:56,781 - sqlalchemy.engine.Engine - INFO - PRAGMA main.table_info("graph_embeddings")
2025-11-18 13:50:56,782 - sqlalchemy.engine.Engine - INFO - [raw sql] ()
2025-11-18 13:50:56,782 - sqlalchemy.engine.Engine - INFO - PRAGMA main.table_info("discovery_hypotheses")
2025-11-18 13:50:56,783 - sqlalchemy.engine.Engine - INFO - [raw sql] ()
2025-11-18 13:50:56,784 - sqlalchemy.engine.Engine - INFO - PRAGMA main.table_info("users")
2025-11-18 13:50:56,784 - sqlalchemy.engine.Engine - INFO - [raw sql] ()
2025-11-18 13:50:56,784 - sqlalchemy.engine.Engine - INFO - PRAGMA main.table_info("user_profiles")
2025-11-18 13:50:56,784 - sqlalchemy.engine.Engine - INFO - [raw sql] ()
2025-11-18 13:50:56,785 - sqlalchemy.engine.Engine - INFO - PRAGMA main.table_info("user_interactions")
2025-11-18 13:50:56,785 - sqlalchemy.engine.Engine - INFO - [raw sql] ()
2025-11-18 13:50:56,785 - sqlalchemy.engine.Engine - INFO - PRAGMA main.table_info("recommendation_feedback")
2025-11-18 13:50:56,785 - sqlalchemy.engine.Engine - INFO - [raw sql] ()
2025-11-18 13:50:56,786 - sqlalchemy.engine.Engine - INFO - PRAGMA main.table_info("model_versions")
2025-11-18 13:50:56,786 - sqlalchemy.engine.Engine - INFO - [raw sql] ()
2025-11-18 13:50:56,786 - sqlalchemy.engine.Engine - INFO - PRAGMA main.table_info("ab_test_experiments")
2025-11-18 13:50:56,786 - sqlalchemy.engine.Engine - INFO - [raw sql] ()
2025-11-18 13:50:56,787 - sqlalchemy.engine.Engine - INFO - PRAGMA main.table_info("prediction_logs")
2025-11-18 13:50:56,787 - sqlalchemy.engine.Engine - INFO - [raw sql] ()
2025-11-18 13:50:56,788 - sqlalchemy.engine.Engine - INFO - PRAGMA main.table_info("retraining_runs")
2025-11-18 13:50:56,788 - sqlalchemy.engine.Engine - INFO - [raw sql] ()
2025-11-18 13:50:56,789 - sqlalchemy.engine.Engine - INFO - COMMIT
2025-11-18 13:50:56,790 - sqlalchemy.engine.Engine - INFO - SELECT collections.id AS collections_id, collections.name AS collections_name, collections.description AS collections_description, collections.owner_id AS collections_owner_id, collections.visibility AS collections_visibility, collections.parent_id AS collections_parent_id, collections.embedding AS collections_embedding, collections.created_at AS collections_created_at, collections.updated_at AS collections_updated_at 
FROM collections, collection_resources 
WHERE ? = collection_resources.resource_id AND collections.id = collection_resources.collection_id
2025-11-18 13:50:56,791 - sqlalchemy.engine.Engine - INFO - [generated in 0.00043s] ('8abb6561-62df-4760-91f5-03ca179ddae5',)
2025-11-18 13:50:56,792 - sqlalchemy.engine.Engine - INFO - DELETE FROM resources WHERE resources.id = ?
2025-11-18 13:50:56,793 - sqlalchemy.engine.Engine - INFO - [generated in 0.00037s] ('8abb6561-62df-4760-91f5-03ca179ddae5',)
2025-11-18 13:50:56,795 - sqlalchemy.engine.Engine - INFO - COMMIT
------------------------------ Captured log call ------------------------------
INFO     sqlalchemy.engine.Engine:base.py:2702 BEGIN (implicit)
INFO     sqlalchemy.engine.Engine:base.py:1846 PRAGMA main.table_info("resources")
INFO     sqlalchemy.engine.Engine:base.py:1846 [raw sql] ()
INFO     sqlalchemy.engine.Engine:base.py:1846 PRAGMA main.table_info("classification_codes")
INFO     sqlalchemy.engine.Engine:base.py:1846 [raw sql] ()
INFO     sqlalchemy.engine.Engine:base.py:1846 PRAGMA main.table_info("authority_subjects")
INFO     sqlalchemy.engine.Engine:base.py:1846 [raw sql] ()
INFO     sqlalchemy.engine.Engine:base.py:1846 PRAGMA main.table_info("authority_creators")
INFO     sqlalchemy.engine.Engine:base.py:1846 [raw sql] ()
INFO     sqlalchemy.engine.Engine:base.py:1846 PRAGMA main.table_info("authority_publishers")
INFO     sqlalchemy.engine.Engine:base.py:1846 [raw sql] ()
INFO     sqlalchemy.engine.Engine:base.py:1846 PRAGMA main.table_info("citations")
INFO     sqlalchemy.engine.Engine:base.py:1846 [raw sql] ()
INFO     sqlalchemy.engine.Engine:base.py:1846 PRAGMA main.table_info("collection_resources")
INFO     sqlalchemy.engine.Engine:base.py:1846 [raw sql] ()
INFO     sqlalchemy.engine.Engine:base.py:1846 PRAGMA main.table_info("collections")
INFO     sqlalchemy.engine.Engine:base.py:1846 [raw sql] ()
INFO     sqlalchemy.engine.Engine:base.py:1846 PRAGMA main.table_info("taxonomy_nodes")
INFO     sqlalchemy.engine.Engine:base.py:1846 [raw sql] ()
INFO     sqlalchemy.engine.Engine:base.py:1846 PRAGMA main.table_info("resource_taxonomy")
INFO     sqlalchemy.engine.Engine:base.py:1846 [raw sql] ()
INFO     sqlalchemy.engine.Engine:base.py:1846 PRAGMA main.table_info("annotations")
INFO     sqlalchemy.engine.Engine:base.py:1846 [raw sql] ()
INFO     sqlalchemy.engine.Engine:base.py:1846 PRAGMA main.table_info("graph_edges")
INFO     sqlalchemy.engine.Engine:base.py:1846 [raw sql] ()
INFO     sqlalchemy.engine.Engine:base.py:1846 PRAGMA main.table_info("graph_embeddings")
INFO     sqlalchemy.engine.Engine:base.py:1846 [raw sql] ()
INFO     sqlalchemy.engine.Engine:base.py:1846 PRAGMA main.table_info("discovery_hypotheses")
INFO     sqlalchemy.engine.Engine:base.py:1846 [raw sql] ()
INFO     sqlalchemy.engine.Engine:base.py:1846 PRAGMA main.table_info("users")
INFO     sqlalchemy.engine.Engine:base.py:1846 [raw sql] ()
INFO     sqlalchemy.engine.Engine:base.py:1846 PRAGMA main.table_info("user_profiles")
INFO     sqlalchemy.engine.Engine:base.py:1846 [raw sql] ()
INFO     sqlalchemy.engine.Engine:base.py:1846 PRAGMA main.table_info("user_interactions")
INFO     sqlalchemy.engine.Engine:base.py:1846 [raw sql] ()
INFO     sqlalchemy.engine.Engine:base.py:1846 PRAGMA main.table_info("recommendation_feedback")
INFO     sqlalchemy.engine.Engine:base.py:1846 [raw sql] ()
INFO     sqlalchemy.engine.Engine:base.py:1846 PRAGMA main.table_info("model_versions")
INFO     sqlalchemy.engine.Engine:base.py:1846 [raw sql] ()
INFO     sqlalchemy.engine.Engine:base.py:1846 PRAGMA main.table_info("ab_test_experiments")
INFO     sqlalchemy.engine.Engine:base.py:1846 [raw sql] ()
INFO     sqlalchemy.engine.Engine:base.py:1846 PRAGMA main.table_info("prediction_logs")
INFO     sqlalchemy.engine.Engine:base.py:1846 [raw sql] ()
INFO     sqlalchemy.engine.Engine:base.py:1846 PRAGMA main.table_info("retraining_runs")
INFO     sqlalchemy.engine.Engine:base.py:1846 [raw sql] ()
INFO     sqlalchemy.engine.Engine:base.py:2708 COMMIT
INFO     sqlalchemy.engine.Engine:base.py:2702 BEGIN (implicit)
INFO     sqlalchemy.engine.Engine:base.py:1846 PRAGMA main.table_info("resources")
INFO     sqlalchemy.engine.Engine:base.py:1846 [raw sql] ()
INFO     sqlalchemy.engine.Engine:base.py:1846 PRAGMA main.table_info("classification_codes")
INFO     sqlalchemy.engine.Engine:base.py:1846 [raw sql] ()
INFO     sqlalchemy.engine.Engine:base.py:1846 PRAGMA main.table_info("authority_subjects")
INFO     sqlalchemy.engine.Engine:base.py:1846 [raw sql] ()
INFO     sqlalchemy.engine.Engine:base.py:1846 PRAGMA main.table_info("authority_creators")
INFO     sqlalchemy.engine.Engine:base.py:1846 [raw sql] ()
INFO     sqlalchemy.engine.Engine:base.py:1846 PRAGMA main.table_info("authority_publishers")
INFO     sqlalchemy.engine.Engine:base.py:1846 [raw sql] ()
INFO     sqlalchemy.engine.Engine:base.py:1846 PRAGMA main.table_info("citations")
INFO     sqlalchemy.engine.Engine:base.py:1846 [raw sql] ()
INFO     sqlalchemy.engine.Engine:base.py:1846 PRAGMA main.table_info("collection_resources")
INFO     sqlalchemy.engine.Engine:base.py:1846 [raw sql] ()
INFO     sqlalchemy.engine.Engine:base.py:1846 PRAGMA main.table_info("collections")
INFO     sqlalchemy.engine.Engine:base.py:1846 [raw sql] ()
INFO     sqlalchemy.engine.Engine:base.py:1846 PRAGMA main.table_info("taxonomy_nodes")
INFO     sqlalchemy.engine.Engine:base.py:1846 [raw sql] ()
INFO     sqlalchemy.engine.Engine:base.py:1846 PRAGMA main.table_info("resource_taxonomy")
INFO     sqlalchemy.engine.Engine:base.py:1846 [raw sql] ()
INFO     sqlalchemy.engine.Engine:base.py:1846 PRAGMA main.table_info("annotations")
INFO     sqlalchemy.engine.Engine:base.py:1846 [raw sql] ()
INFO     sqlalchemy.engine.Engine:base.py:1846 PRAGMA main.table_info("graph_edges")
INFO     sqlalchemy.engine.Engine:base.py:1846 [raw sql] ()
INFO     sqlalchemy.engine.Engine:base.py:1846 PRAGMA main.table_info("graph_embeddings")
INFO     sqlalchemy.engine.Engine:base.py:1846 [raw sql] ()
INFO     sqlalchemy.engine.Engine:base.py:1846 PRAGMA main.table_info("discovery_hypotheses")
INFO     sqlalchemy.engine.Engine:base.py:1846 [raw sql] ()
INFO     sqlalchemy.engine.Engine:base.py:1846 PRAGMA main.table_info("users")
INFO     sqlalchemy.engine.Engine:base.py:1846 [raw sql] ()
INFO     sqlalchemy.engine.Engine:base.py:1846 PRAGMA main.table_info("user_profiles")
INFO     sqlalchemy.engine.Engine:base.py:1846 [raw sql] ()
INFO     sqlalchemy.engine.Engine:base.py:1846 PRAGMA main.table_info("user_interactions")
INFO     sqlalchemy.engine.Engine:base.py:1846 [raw sql] ()
INFO     sqlalchemy.engine.Engine:base.py:1846 PRAGMA main.table_info("recommendation_feedback")
INFO     sqlalchemy.engine.Engine:base.py:1846 [raw sql] ()
INFO     sqlalchemy.engine.Engine:base.py:1846 PRAGMA main.table_info("model_versions")
INFO     sqlalchemy.engine.Engine:base.py:1846 [raw sql] ()
INFO     sqlalchemy.engine.Engine:base.py:1846 PRAGMA main.table_info("ab_test_experiments")
INFO     sqlalchemy.engine.Engine:base.py:1846 [raw sql] ()
INFO     sqlalchemy.engine.Engine:base.py:1846 PRAGMA main.table_info("prediction_logs")
INFO     sqlalchemy.engine.Engine:base.py:1846 [raw sql] ()
INFO     sqlalchemy.engine.Engine:base.py:1846 PRAGMA main.table_info("retraining_runs")
INFO     sqlalchemy.engine.Engine:base.py:1846 [raw sql] ()
INFO     sqlalchemy.engine.Engine:base.py:2708 COMMIT
INFO     sqlalchemy.engine.Engine:base.py:2702 BEGIN (implicit)
INFO     sqlalchemy.engine.Engine:base.py:1846 INSERT INTO resources (id, title, description, creator, publisher, contributor, date_created, date_modified, type, format, identifier, source, language, coverage, rights, subject, relation, classification_code, read_status, quality_score, ingestion_status, ingestion_error, ingestion_started_at, ingestion_completed_at, embedding, sparse_embedding, sparse_embedding_model, sparse_embedding_updated_at, authors, affiliations, doi, pmid, arxiv_id, isbn, journal, conference, volume, issue, pages, publication_year, funding_sources, acknowledgments, equation_count, table_count, figure_count, reference_count, equations, tables, figures, metadata_completeness_score, extraction_confidence, requires_manual_review, quality_accuracy, quality_completeness, quality_consistency, quality_timeliness, quality_relevance, quality_overall, quality_weights, quality_last_computed, quality_computation_version, is_quality_outlier, outlier_score, outlier_reasons, needs_quality_review, summary_coherence, summary_consistency, summary_fluency, summary_relevance, is_ocr_processed, ocr_confidence, ocr_corrections_applied) VALUES (?, ?, ?, ?, ?, ?, ?, ?, ?, ?, ?, ?, ?, ?, ?, ?, ?, ?, ?, ?, ?, ?, ?, ?, ?, ?, ?, ?, ?, ?, ?, ?, ?, ?, ?, ?, ?, ?, ?, ?, ?, ?, ?, ?, ?, ?, ?, ?, ?, ?, ?, ?, ?, ?, ?, ?, ?, ?, ?, ?, ?, ?, ?, ?, ?, ?, ?, ?, ?, ?, ?, ?) RETURNING created_at, updated_at
INFO     sqlalchemy.engine.Engine:base.py:1846 [generated in 0.00053s] ('8abb6561-62df-4760-91f5-03ca179ddae5', 'Test Resource', 'Test description', None, None, None, None, None, None, None, None, 'https://example.edu/test', None, None, None, '[]', '[]', None, 'unread', 0.0, 'pending', None, None, None, '[]', None, None, None, None, None, None, None, None, None, None, None, None, None, None, None, None, None, 0, 0, 0, None, None, None, None, None, None, 0, None, None, None, None, None, None, None, None, None, 0, None, None, 0, None, None, None, None, 0, None, None)
INFO     sqlalchemy.engine.Engine:base.py:2708 COMMIT
INFO     sqlalchemy.engine.Engine:base.py:2702 BEGIN (implicit)
INFO     sqlalchemy.engine.Engine:base.py:1846 SELECT resources.id AS resources_id, resources.title AS resources_title, resources.description AS resources_description, resources.creator AS resources_creator, resources.publisher AS resources_publisher, resources.contributor AS resources_contributor, resources.date_created AS resources_date_created, resources.date_modified AS resources_date_modified, resources.type AS resources_type, resources.format AS resources_format, resources.identifier AS resources_identifier, resources.source AS resources_source, resources.language AS resources_language, resources.coverage AS resources_coverage, resources.rights AS resources_rights, resources.subject AS resources_subject, resources.relation AS resources_relation, resources.classification_code AS resources_classification_code, resources.read_status AS resources_read_status, resources.quality_score AS resources_quality_score, resources.ingestion_status AS resources_ingestion_status, resources.ingestion_error AS resources_ingestion_error, resources.ingestion_started_at AS resources_ingestion_started_at, resources.ingestion_completed_at AS resources_ingestion_completed_at, resources.embedding AS resources_embedding, resources.sparse_embedding AS resources_sparse_embedding, resources.sparse_embedding_model AS resources_sparse_embedding_model, resources.sparse_embedding_updated_at AS resources_sparse_embedding_updated_at, resources.authors AS resources_authors, resources.affiliations AS resources_affiliations, resources.doi AS resources_doi, resources.pmid AS resources_pmid, resources.arxiv_id AS resources_arxiv_id, resources.isbn AS resources_isbn, resources.journal AS resources_journal, resources.conference AS resources_conference, resources.volume AS resources_volume, resources.issue AS resources_issue, resources.pages AS resources_pages, resources.publication_year AS resources_publication_year, resources.funding_sources AS resources_funding_sources, resources.acknowledgments AS resources_acknowledgments, resources.equation_count AS resources_equation_count, resources.table_count AS resources_table_count, resources.figure_count AS resources_figure_count, resources.reference_count AS resources_reference_count, resources.equations AS resources_equations, resources.tables AS resources_tables, resources.figures AS resources_figures, resources.metadata_completeness_score AS resources_metadata_completeness_score, resources.extraction_confidence AS resources_extraction_confidence, resources.requires_manual_review AS resources_requires_manual_review, resources.quality_accuracy AS resources_quality_accuracy, resources.quality_completeness AS resources_quality_completeness, resources.quality_consistency AS resources_quality_consistency, resources.quality_timeliness AS resources_quality_timeliness, resources.quality_relevance AS resources_quality_relevance, resources.quality_overall AS resources_quality_overall, resources.quality_weights AS resources_quality_weights, resources.quality_last_computed AS resources_quality_last_computed, resources.quality_computation_version AS resources_quality_computation_version, resources.is_quality_outlier AS resources_is_quality_outlier, resources.outlier_score AS resources_outlier_score, resources.outlier_reasons AS resources_outlier_reasons, resources.needs_quality_review AS resources_needs_quality_review, resources.summary_coherence AS resources_summary_coherence, resources.summary_consistency AS resources_summary_consistency, resources.summary_fluency AS resources_summary_fluency, resources.summary_relevance AS resources_summary_relevance, resources.is_ocr_processed AS resources_is_ocr_processed, resources.ocr_confidence AS resources_ocr_confidence, resources.ocr_corrections_applied AS resources_ocr_corrections_applied, resources.created_at AS resources_created_at, resources.updated_at AS resources_updated_at 
FROM resources 
WHERE resources.id = ?
INFO     sqlalchemy.engine.Engine:base.py:1846 [cached since 546.5s ago] ('8abb6561-62df-4760-91f5-03ca179ddae5',)
INFO     sqlalchemy.engine.Engine:base.py:1846 SELECT annotations.id AS annotations_id, annotations.resource_id AS annotations_resource_id, annotations.user_id AS annotations_user_id, annotations.start_offset AS annotations_start_offset, annotations.end_offset AS annotations_end_offset, annotations.highlighted_text AS annotations_highlighted_text, annotations.note AS annotations_note, annotations.tags AS annotations_tags, annotations.color AS annotations_color, annotations.embedding AS annotations_embedding, annotations.context_before AS annotations_context_before, annotations.context_after AS annotations_context_after, annotations.is_shared AS annotations_is_shared, annotations.collection_ids AS annotations_collection_ids, annotations.created_at AS annotations_created_at, annotations.updated_at AS annotations_updated_at 
FROM annotations 
WHERE ? = annotations.resource_id
INFO     sqlalchemy.engine.Engine:base.py:1846 [generated in 0.00035s] ('8abb6561-62df-4760-91f5-03ca179ddae5',)
INFO     sqlalchemy.engine.Engine:base.py:2702 BEGIN (implicit)
INFO     sqlalchemy.engine.Engine:base.py:1846 PRAGMA main.table_info("resources")
INFO     sqlalchemy.engine.Engine:base.py:1846 [raw sql] ()
INFO     sqlalchemy.engine.Engine:base.py:1846 PRAGMA main.table_info("classification_codes")
INFO     sqlalchemy.engine.Engine:base.py:1846 [raw sql] ()
INFO     sqlalchemy.engine.Engine:base.py:1846 PRAGMA main.table_info("authority_subjects")
INFO     sqlalchemy.engine.Engine:base.py:1846 [raw sql] ()
INFO     sqlalchemy.engine.Engine:base.py:1846 PRAGMA main.table_info("authority_creators")
INFO     sqlalchemy.engine.Engine:base.py:1846 [raw sql] ()
INFO     sqlalchemy.engine.Engine:base.py:1846 PRAGMA main.table_info("authority_publishers")
INFO     sqlalchemy.engine.Engine:base.py:1846 [raw sql] ()
INFO     sqlalchemy.engine.Engine:base.py:1846 PRAGMA main.table_info("citations")
INFO     sqlalchemy.engine.Engine:base.py:1846 [raw sql] ()
INFO     sqlalchemy.engine.Engine:base.py:1846 PRAGMA main.table_info("collection_resources")
INFO     sqlalchemy.engine.Engine:base.py:1846 [raw sql] ()
INFO     sqlalchemy.engine.Engine:base.py:1846 PRAGMA main.table_info("collections")
INFO     sqlalchemy.engine.Engine:base.py:1846 [raw sql] ()
INFO     sqlalchemy.engine.Engine:base.py:1846 PRAGMA main.table_info("taxonomy_nodes")
INFO     sqlalchemy.engine.Engine:base.py:1846 [raw sql] ()
INFO     sqlalchemy.engine.Engine:base.py:1846 PRAGMA main.table_info("resource_taxonomy")
INFO     sqlalchemy.engine.Engine:base.py:1846 [raw sql] ()
INFO     sqlalchemy.engine.Engine:base.py:1846 PRAGMA main.table_info("annotations")
INFO     sqlalchemy.engine.Engine:base.py:1846 [raw sql] ()
INFO     sqlalchemy.engine.Engine:base.py:1846 PRAGMA main.table_info("graph_edges")
INFO     sqlalchemy.engine.Engine:base.py:1846 [raw sql] ()
INFO     sqlalchemy.engine.Engine:base.py:1846 PRAGMA main.table_info("graph_embeddings")
INFO     sqlalchemy.engine.Engine:base.py:1846 [raw sql] ()
INFO     sqlalchemy.engine.Engine:base.py:1846 PRAGMA main.table_info("discovery_hypotheses")
INFO     sqlalchemy.engine.Engine:base.py:1846 [raw sql] ()
INFO     sqlalchemy.engine.Engine:base.py:1846 PRAGMA main.table_info("users")
INFO     sqlalchemy.engine.Engine:base.py:1846 [raw sql] ()
INFO     sqlalchemy.engine.Engine:base.py:1846 PRAGMA main.table_info("user_profiles")
INFO     sqlalchemy.engine.Engine:base.py:1846 [raw sql] ()
INFO     sqlalchemy.engine.Engine:base.py:1846 PRAGMA main.table_info("user_interactions")
INFO     sqlalchemy.engine.Engine:base.py:1846 [raw sql] ()
INFO     sqlalchemy.engine.Engine:base.py:1846 PRAGMA main.table_info("recommendation_feedback")
INFO     sqlalchemy.engine.Engine:base.py:1846 [raw sql] ()
INFO     sqlalchemy.engine.Engine:base.py:1846 PRAGMA main.table_info("model_versions")
INFO     sqlalchemy.engine.Engine:base.py:1846 [raw sql] ()
INFO     sqlalchemy.engine.Engine:base.py:1846 PRAGMA main.table_info("ab_test_experiments")
INFO     sqlalchemy.engine.Engine:base.py:1846 [raw sql] ()
INFO     sqlalchemy.engine.Engine:base.py:1846 PRAGMA main.table_info("prediction_logs")
INFO     sqlalchemy.engine.Engine:base.py:1846 [raw sql] ()
INFO     sqlalchemy.engine.Engine:base.py:1846 PRAGMA main.table_info("retraining_runs")
INFO     sqlalchemy.engine.Engine:base.py:1846 [raw sql] ()
INFO     sqlalchemy.engine.Engine:base.py:2708 COMMIT
INFO     sqlalchemy.engine.Engine:base.py:2702 BEGIN (implicit)
INFO     sqlalchemy.engine.Engine:base.py:1846 PRAGMA main.table_info("resources")
INFO     sqlalchemy.engine.Engine:base.py:1846 [raw sql] ()
INFO     sqlalchemy.engine.Engine:base.py:1846 PRAGMA main.table_info("classification_codes")
INFO     sqlalchemy.engine.Engine:base.py:1846 [raw sql] ()
INFO     sqlalchemy.engine.Engine:base.py:1846 PRAGMA main.table_info("authority_subjects")
INFO     sqlalchemy.engine.Engine:base.py:1846 [raw sql] ()
INFO     sqlalchemy.engine.Engine:base.py:1846 PRAGMA main.table_info("authority_creators")
INFO     sqlalchemy.engine.Engine:base.py:1846 [raw sql] ()
INFO     sqlalchemy.engine.Engine:base.py:1846 PRAGMA main.table_info("authority_publishers")
INFO     sqlalchemy.engine.Engine:base.py:1846 [raw sql] ()
INFO     sqlalchemy.engine.Engine:base.py:1846 PRAGMA main.table_info("citations")
INFO     sqlalchemy.engine.Engine:base.py:1846 [raw sql] ()
INFO     sqlalchemy.engine.Engine:base.py:1846 PRAGMA main.table_info("collection_resources")
INFO     sqlalchemy.engine.Engine:base.py:1846 [raw sql] ()
INFO     sqlalchemy.engine.Engine:base.py:1846 PRAGMA main.table_info("collections")
INFO     sqlalchemy.engine.Engine:base.py:1846 [raw sql] ()
INFO     sqlalchemy.engine.Engine:base.py:1846 PRAGMA main.table_info("taxonomy_nodes")
INFO     sqlalchemy.engine.Engine:base.py:1846 [raw sql] ()
INFO     sqlalchemy.engine.Engine:base.py:1846 PRAGMA main.table_info("resource_taxonomy")
INFO     sqlalchemy.engine.Engine:base.py:1846 [raw sql] ()
INFO     sqlalchemy.engine.Engine:base.py:1846 PRAGMA main.table_info("annotations")
INFO     sqlalchemy.engine.Engine:base.py:1846 [raw sql] ()
INFO     sqlalchemy.engine.Engine:base.py:1846 PRAGMA main.table_info("graph_edges")
INFO     sqlalchemy.engine.Engine:base.py:1846 [raw sql] ()
INFO     sqlalchemy.engine.Engine:base.py:1846 PRAGMA main.table_info("graph_embeddings")
INFO     sqlalchemy.engine.Engine:base.py:1846 [raw sql] ()
INFO     sqlalchemy.engine.Engine:base.py:1846 PRAGMA main.table_info("discovery_hypotheses")
INFO     sqlalchemy.engine.Engine:base.py:1846 [raw sql] ()
INFO     sqlalchemy.engine.Engine:base.py:1846 PRAGMA main.table_info("users")
INFO     sqlalchemy.engine.Engine:base.py:1846 [raw sql] ()
INFO     sqlalchemy.engine.Engine:base.py:1846 PRAGMA main.table_info("user_profiles")
INFO     sqlalchemy.engine.Engine:base.py:1846 [raw sql] ()
INFO     sqlalchemy.engine.Engine:base.py:1846 PRAGMA main.table_info("user_interactions")
INFO     sqlalchemy.engine.Engine:base.py:1846 [raw sql] ()
INFO     sqlalchemy.engine.Engine:base.py:1846 PRAGMA main.table_info("recommendation_feedback")
INFO     sqlalchemy.engine.Engine:base.py:1846 [raw sql] ()
INFO     sqlalchemy.engine.Engine:base.py:1846 PRAGMA main.table_info("model_versions")
INFO     sqlalchemy.engine.Engine:base.py:1846 [raw sql] ()
INFO     sqlalchemy.engine.Engine:base.py:1846 PRAGMA main.table_info("ab_test_experiments")
INFO     sqlalchemy.engine.Engine:base.py:1846 [raw sql] ()
INFO     sqlalchemy.engine.Engine:base.py:1846 PRAGMA main.table_info("prediction_logs")
INFO     sqlalchemy.engine.Engine:base.py:1846 [raw sql] ()
INFO     sqlalchemy.engine.Engine:base.py:1846 PRAGMA main.table_info("retraining_runs")
INFO     sqlalchemy.engine.Engine:base.py:1846 [raw sql] ()
INFO     sqlalchemy.engine.Engine:base.py:2708 COMMIT
INFO     sqlalchemy.engine.Engine:base.py:1846 SELECT collections.id AS collections_id, collections.name AS collections_name, collections.description AS collections_description, collections.owner_id AS collections_owner_id, collections.visibility AS collections_visibility, collections.parent_id AS collections_parent_id, collections.embedding AS collections_embedding, collections.created_at AS collections_created_at, collections.updated_at AS collections_updated_at 
FROM collections, collection_resources 
WHERE ? = collection_resources.resource_id AND collections.id = collection_resources.collection_id
INFO     sqlalchemy.engine.Engine:base.py:1846 [generated in 0.00043s] ('8abb6561-62df-4760-91f5-03ca179ddae5',)
INFO     sqlalchemy.engine.Engine:base.py:1846 DELETE FROM resources WHERE resources.id = ?
INFO     sqlalchemy.engine.Engine:base.py:1846 [generated in 0.00037s] ('8abb6561-62df-4760-91f5-03ca179ddae5',)
INFO     sqlalchemy.engine.Engine:base.py:2708 COMMIT
___________________ test_quality_integration_error_handling ___________________
tests\integration\phase9_quality\test_quality_integration.py:128: in test_quality_integration_error_handling
    patch('backend.app.services.resource_service.QualityService') as mock_quality_service:
    ^^^^^^^^^^^^^^^^^^^^^^^^^^^^^^^^^^^^^^^^^^^^^^^^^^^^^^^^^^^^^
C:\Python313\Lib\unittest\mock.py:1497: in __enter__
    original, local = self.get_original()
                      ^^^^^^^^^^^^^^^^^^^
C:\Python313\Lib\unittest\mock.py:1467: in get_original
    raise AttributeError(
E   AttributeError: <module 'backend.app.services.resource_service' from 'C:\\Users\\rooma\\PycharmProjects\\neo_alexadria\\backend\\app\\services\\resource_service.py'> does not have the attribute 'QualityService'
---------------------------- Captured stdout call -----------------------------
2025-11-18 13:50:56,969 INFO sqlalchemy.engine.Engine BEGIN (implicit)
2025-11-18 13:50:56,969 INFO sqlalchemy.engine.Engine PRAGMA main.table_info("resources")
2025-11-18 13:50:56,969 INFO sqlalchemy.engine.Engine [raw sql] ()
2025-11-18 13:50:56,970 INFO sqlalchemy.engine.Engine PRAGMA main.table_info("classification_codes")
2025-11-18 13:50:56,971 INFO sqlalchemy.engine.Engine [raw sql] ()
2025-11-18 13:50:56,972 INFO sqlalchemy.engine.Engine PRAGMA main.table_info("authority_subjects")
2025-11-18 13:50:56,972 INFO sqlalchemy.engine.Engine [raw sql] ()
2025-11-18 13:50:56,972 INFO sqlalchemy.engine.Engine PRAGMA main.table_info("authority_creators")
2025-11-18 13:50:56,972 INFO sqlalchemy.engine.Engine [raw sql] ()
2025-11-18 13:50:56,973 INFO sqlalchemy.engine.Engine PRAGMA main.table_info("authority_publishers")
2025-11-18 13:50:56,973 INFO sqlalchemy.engine.Engine [raw sql] ()
2025-11-18 13:50:56,973 INFO sqlalchemy.engine.Engine PRAGMA main.table_info("citations")
2025-11-18 13:50:56,973 INFO sqlalchemy.engine.Engine [raw sql] ()
2025-11-18 13:50:56,973 INFO sqlalchemy.engine.Engine PRAGMA main.table_info("collection_resources")
2025-11-18 13:50:56,973 INFO sqlalchemy.engine.Engine [raw sql] ()
2025-11-18 13:50:56,974 INFO sqlalchemy.engine.Engine PRAGMA main.table_info("collections")
2025-11-18 13:50:56,974 INFO sqlalchemy.engine.Engine [raw sql] ()
2025-11-18 13:50:56,974 INFO sqlalchemy.engine.Engine PRAGMA main.table_info("taxonomy_nodes")
2025-11-18 13:50:56,975 INFO sqlalchemy.engine.Engine [raw sql] ()
2025-11-18 13:50:56,976 INFO sqlalchemy.engine.Engine PRAGMA main.table_info("resource_taxonomy")
2025-11-18 13:50:56,976 INFO sqlalchemy.engine.Engine [raw sql] ()
2025-11-18 13:50:56,977 INFO sqlalchemy.engine.Engine PRAGMA main.table_info("annotations")
2025-11-18 13:50:56,977 INFO sqlalchemy.engine.Engine [raw sql] ()
2025-11-18 13:50:56,977 INFO sqlalchemy.engine.Engine PRAGMA main.table_info("graph_edges")
2025-11-18 13:50:56,977 INFO sqlalchemy.engine.Engine [raw sql] ()
2025-11-18 13:50:56,977 INFO sqlalchemy.engine.Engine PRAGMA main.table_info("graph_embeddings")
2025-11-18 13:50:56,978 INFO sqlalchemy.engine.Engine [raw sql] ()
2025-11-18 13:50:56,978 INFO sqlalchemy.engine.Engine PRAGMA main.table_info("discovery_hypotheses")
2025-11-18 13:50:56,978 INFO sqlalchemy.engine.Engine [raw sql] ()
2025-11-18 13:50:56,979 INFO sqlalchemy.engine.Engine PRAGMA main.table_info("users")
2025-11-18 13:50:56,979 INFO sqlalchemy.engine.Engine [raw sql] ()
2025-11-18 13:50:56,980 INFO sqlalchemy.engine.Engine PRAGMA main.table_info("user_profiles")
2025-11-18 13:50:56,980 INFO sqlalchemy.engine.Engine [raw sql] ()
2025-11-18 13:50:56,980 INFO sqlalchemy.engine.Engine PRAGMA main.table_info("user_interactions")
2025-11-18 13:50:56,981 INFO sqlalchemy.engine.Engine [raw sql] ()
2025-11-18 13:50:56,981 INFO sqlalchemy.engine.Engine PRAGMA main.table_info("recommendation_feedback")
2025-11-18 13:50:56,981 INFO sqlalchemy.engine.Engine [raw sql] ()
2025-11-18 13:50:56,981 INFO sqlalchemy.engine.Engine PRAGMA main.table_info("model_versions")
2025-11-18 13:50:56,981 INFO sqlalchemy.engine.Engine [raw sql] ()
2025-11-18 13:50:56,981 INFO sqlalchemy.engine.Engine PRAGMA main.table_info("ab_test_experiments")
2025-11-18 13:50:56,982 INFO sqlalchemy.engine.Engine [raw sql] ()
2025-11-18 13:50:56,982 INFO sqlalchemy.engine.Engine PRAGMA main.table_info("prediction_logs")
2025-11-18 13:50:56,982 INFO sqlalchemy.engine.Engine [raw sql] ()
2025-11-18 13:50:56,983 INFO sqlalchemy.engine.Engine PRAGMA main.table_info("retraining_runs")
2025-11-18 13:50:56,983 INFO sqlalchemy.engine.Engine [raw sql] ()
2025-11-18 13:50:56,983 INFO sqlalchemy.engine.Engine COMMIT
2025-11-18 13:50:56,984 INFO sqlalchemy.engine.Engine BEGIN (implicit)
2025-11-18 13:50:56,984 INFO sqlalchemy.engine.Engine PRAGMA main.table_info("resources")
2025-11-18 13:50:56,984 INFO sqlalchemy.engine.Engine [raw sql] ()
2025-11-18 13:50:56,984 INFO sqlalchemy.engine.Engine PRAGMA main.table_info("classification_codes")
2025-11-18 13:50:56,985 INFO sqlalchemy.engine.Engine [raw sql] ()
2025-11-18 13:50:56,985 INFO sqlalchemy.engine.Engine PRAGMA main.table_info("authority_subjects")
2025-11-18 13:50:56,985 INFO sqlalchemy.engine.Engine [raw sql] ()
2025-11-18 13:50:56,985 INFO sqlalchemy.engine.Engine PRAGMA main.table_info("authority_creators")
2025-11-18 13:50:56,985 INFO sqlalchemy.engine.Engine [raw sql] ()
2025-11-18 13:50:56,985 INFO sqlalchemy.engine.Engine PRAGMA main.table_info("authority_publishers")
2025-11-18 13:50:56,986 INFO sqlalchemy.engine.Engine [raw sql] ()
2025-11-18 13:50:56,986 INFO sqlalchemy.engine.Engine PRAGMA main.table_info("citations")
2025-11-18 13:50:56,986 INFO sqlalchemy.engine.Engine [raw sql] ()
2025-11-18 13:50:56,986 INFO sqlalchemy.engine.Engine PRAGMA main.table_info("collection_resources")
2025-11-18 13:50:56,986 INFO sqlalchemy.engine.Engine [raw sql] ()
2025-11-18 13:50:56,987 INFO sqlalchemy.engine.Engine PRAGMA main.table_info("collections")
2025-11-18 13:50:56,987 INFO sqlalchemy.engine.Engine [raw sql] ()
2025-11-18 13:50:56,988 INFO sqlalchemy.engine.Engine PRAGMA main.table_info("taxonomy_nodes")
2025-11-18 13:50:56,988 INFO sqlalchemy.engine.Engine [raw sql] ()
2025-11-18 13:50:56,988 INFO sqlalchemy.engine.Engine PRAGMA main.table_info("resource_taxonomy")
2025-11-18 13:50:56,989 INFO sqlalchemy.engine.Engine [raw sql] ()
2025-11-18 13:50:56,989 INFO sqlalchemy.engine.Engine PRAGMA main.table_info("annotations")
2025-11-18 13:50:56,989 INFO sqlalchemy.engine.Engine [raw sql] ()
2025-11-18 13:50:56,989 INFO sqlalchemy.engine.Engine PRAGMA main.table_info("graph_edges")
2025-11-18 13:50:56,989 INFO sqlalchemy.engine.Engine [raw sql] ()
2025-11-18 13:50:56,990 INFO sqlalchemy.engine.Engine PRAGMA main.table_info("graph_embeddings")
2025-11-18 13:50:56,990 INFO sqlalchemy.engine.Engine [raw sql] ()
2025-11-18 13:50:56,990 INFO sqlalchemy.engine.Engine PRAGMA main.table_info("discovery_hypotheses")
2025-11-18 13:50:56,990 INFO sqlalchemy.engine.Engine [raw sql] ()
2025-11-18 13:50:56,991 INFO sqlalchemy.engine.Engine PRAGMA main.table_info("users")
2025-11-18 13:50:56,991 INFO sqlalchemy.engine.Engine [raw sql] ()
2025-11-18 13:50:56,991 INFO sqlalchemy.engine.Engine PRAGMA main.table_info("user_profiles")
2025-11-18 13:50:56,993 INFO sqlalchemy.engine.Engine [raw sql] ()
2025-11-18 13:50:56,993 INFO sqlalchemy.engine.Engine PRAGMA main.table_info("user_interactions")
2025-11-18 13:50:56,994 INFO sqlalchemy.engine.Engine [raw sql] ()
2025-11-18 13:50:56,994 INFO sqlalchemy.engine.Engine PRAGMA main.table_info("recommendation_feedback")
2025-11-18 13:50:56,994 INFO sqlalchemy.engine.Engine [raw sql] ()
2025-11-18 13:50:56,994 INFO sqlalchemy.engine.Engine PRAGMA main.table_info("model_versions")
2025-11-18 13:50:56,994 INFO sqlalchemy.engine.Engine [raw sql] ()
2025-11-18 13:50:56,995 INFO sqlalchemy.engine.Engine PRAGMA main.table_info("ab_test_experiments")
2025-11-18 13:50:56,996 INFO sqlalchemy.engine.Engine [raw sql] ()
2025-11-18 13:50:56,996 INFO sqlalchemy.engine.Engine PRAGMA main.table_info("prediction_logs")
2025-11-18 13:50:56,997 INFO sqlalchemy.engine.Engine [raw sql] ()
2025-11-18 13:50:56,997 INFO sqlalchemy.engine.Engine PRAGMA main.table_info("retraining_runs")
2025-11-18 13:50:56,997 INFO sqlalchemy.engine.Engine [raw sql] ()
2025-11-18 13:50:56,997 INFO sqlalchemy.engine.Engine COMMIT
2025-11-18 13:50:56,998 INFO sqlalchemy.engine.Engine BEGIN (implicit)
2025-11-18 13:50:56,998 INFO sqlalchemy.engine.Engine INSERT INTO resources (id, title, description, creator, publisher, contributor, date_created, date_modified, type, format, identifier, source, language, coverage, rights, subject, relation, classification_code, read_status, quality_score, ingestion_status, ingestion_error, ingestion_started_at, ingestion_completed_at, embedding, sparse_embedding, sparse_embedding_model, sparse_embedding_updated_at, authors, affiliations, doi, pmid, arxiv_id, isbn, journal, conference, volume, issue, pages, publication_year, funding_sources, acknowledgments, equation_count, table_count, figure_count, reference_count, equations, tables, figures, metadata_completeness_score, extraction_confidence, requires_manual_review, quality_accuracy, quality_completeness, quality_consistency, quality_timeliness, quality_relevance, quality_overall, quality_weights, quality_last_computed, quality_computation_version, is_quality_outlier, outlier_score, outlier_reasons, needs_quality_review, summary_coherence, summary_consistency, summary_fluency, summary_relevance, is_ocr_processed, ocr_confidence, ocr_corrections_applied) VALUES (?, ?, ?, ?, ?, ?, ?, ?, ?, ?, ?, ?, ?, ?, ?, ?, ?, ?, ?, ?, ?, ?, ?, ?, ?, ?, ?, ?, ?, ?, ?, ?, ?, ?, ?, ?, ?, ?, ?, ?, ?, ?, ?, ?, ?, ?, ?, ?, ?, ?, ?, ?, ?, ?, ?, ?, ?, ?, ?, ?, ?, ?, ?, ?, ?, ?, ?, ?, ?, ?, ?, ?) RETURNING created_at, updated_at
2025-11-18 13:50:56,998 INFO sqlalchemy.engine.Engine [cached since 0.2648s ago] ('decfe4c2-5250-403c-8be4-a48f3bf7bd26', 'Test Resource', 'Test description', None, None, None, None, None, None, None, None, 'https://example.com/test', None, None, None, '[]', '[]', None, 'unread', 0.0, 'pending', None, None, None, '[]', None, None, None, None, None, None, None, None, None, None, None, None, None, None, None, None, None, 0, 0, 0, None, None, None, None, None, None, 0, None, None, None, None, None, None, None, None, None, 0, None, None, 0, None, None, None, None, 0, None, None)
2025-11-18 13:50:57,001 INFO sqlalchemy.engine.Engine COMMIT
2025-11-18 13:50:57,005 INFO sqlalchemy.engine.Engine BEGIN (implicit)
2025-11-18 13:50:57,005 INFO sqlalchemy.engine.Engine SELECT resources.id AS resources_id, resources.title AS resources_title, resources.description AS resources_description, resources.creator AS resources_creator, resources.publisher AS resources_publisher, resources.contributor AS resources_contributor, resources.date_created AS resources_date_created, resources.date_modified AS resources_date_modified, resources.type AS resources_type, resources.format AS resources_format, resources.identifier AS resources_identifier, resources.source AS resources_source, resources.language AS resources_language, resources.coverage AS resources_coverage, resources.rights AS resources_rights, resources.subject AS resources_subject, resources.relation AS resources_relation, resources.classification_code AS resources_classification_code, resources.read_status AS resources_read_status, resources.quality_score AS resources_quality_score, resources.ingestion_status AS resources_ingestion_status, resources.ingestion_error AS resources_ingestion_error, resources.ingestion_started_at AS resources_ingestion_started_at, resources.ingestion_completed_at AS resources_ingestion_completed_at, resources.embedding AS resources_embedding, resources.sparse_embedding AS resources_sparse_embedding, resources.sparse_embedding_model AS resources_sparse_embedding_model, resources.sparse_embedding_updated_at AS resources_sparse_embedding_updated_at, resources.authors AS resources_authors, resources.affiliations AS resources_affiliations, resources.doi AS resources_doi, resources.pmid AS resources_pmid, resources.arxiv_id AS resources_arxiv_id, resources.isbn AS resources_isbn, resources.journal AS resources_journal, resources.conference AS resources_conference, resources.volume AS resources_volume, resources.issue AS resources_issue, resources.pages AS resources_pages, resources.publication_year AS resources_publication_year, resources.funding_sources AS resources_funding_sources, resources.acknowledgments AS resources_acknowledgments, resources.equation_count AS resources_equation_count, resources.table_count AS resources_table_count, resources.figure_count AS resources_figure_count, resources.reference_count AS resources_reference_count, resources.equations AS resources_equations, resources.tables AS resources_tables, resources.figures AS resources_figures, resources.metadata_completeness_score AS resources_metadata_completeness_score, resources.extraction_confidence AS resources_extraction_confidence, resources.requires_manual_review AS resources_requires_manual_review, resources.quality_accuracy AS resources_quality_accuracy, resources.quality_completeness AS resources_quality_completeness, resources.quality_consistency AS resources_quality_consistency, resources.quality_timeliness AS resources_quality_timeliness, resources.quality_relevance AS resources_quality_relevance, resources.quality_overall AS resources_quality_overall, resources.quality_weights AS resources_quality_weights, resources.quality_last_computed AS resources_quality_last_computed, resources.quality_computation_version AS resources_quality_computation_version, resources.is_quality_outlier AS resources_is_quality_outlier, resources.outlier_score AS resources_outlier_score, resources.outlier_reasons AS resources_outlier_reasons, resources.needs_quality_review AS resources_needs_quality_review, resources.summary_coherence AS resources_summary_coherence, resources.summary_consistency AS resources_summary_consistency, resources.summary_fluency AS resources_summary_fluency, resources.summary_relevance AS resources_summary_relevance, resources.is_ocr_processed AS resources_is_ocr_processed, resources.ocr_confidence AS resources_ocr_confidence, resources.ocr_corrections_applied AS resources_ocr_corrections_applied, resources.created_at AS resources_created_at, resources.updated_at AS resources_updated_at 
FROM resources 
WHERE resources.id = ?
2025-11-18 13:50:57,006 INFO sqlalchemy.engine.Engine [cached since 546.8s ago] ('decfe4c2-5250-403c-8be4-a48f3bf7bd26',)
2025-11-18 13:50:57,009 INFO sqlalchemy.engine.Engine SELECT annotations.id AS annotations_id, annotations.resource_id AS annotations_resource_id, annotations.user_id AS annotations_user_id, annotations.start_offset AS annotations_start_offset, annotations.end_offset AS annotations_end_offset, annotations.highlighted_text AS annotations_highlighted_text, annotations.note AS annotations_note, annotations.tags AS annotations_tags, annotations.color AS annotations_color, annotations.embedding AS annotations_embedding, annotations.context_before AS annotations_context_before, annotations.context_after AS annotations_context_after, annotations.is_shared AS annotations_is_shared, annotations.collection_ids AS annotations_collection_ids, annotations.created_at AS annotations_created_at, annotations.updated_at AS annotations_updated_at 
FROM annotations 
WHERE ? = annotations.resource_id
2025-11-18 13:50:57,009 INFO sqlalchemy.engine.Engine [cached since 0.2577s ago] ('decfe4c2-5250-403c-8be4-a48f3bf7bd26',)
2025-11-18 13:50:57,010 INFO sqlalchemy.engine.Engine BEGIN (implicit)
2025-11-18 13:50:57,010 INFO sqlalchemy.engine.Engine PRAGMA main.table_info("resources")
2025-11-18 13:50:57,010 INFO sqlalchemy.engine.Engine [raw sql] ()
2025-11-18 13:50:57,011 INFO sqlalchemy.engine.Engine PRAGMA main.table_info("classification_codes")
2025-11-18 13:50:57,011 INFO sqlalchemy.engine.Engine [raw sql] ()
2025-11-18 13:50:57,012 INFO sqlalchemy.engine.Engine PRAGMA main.table_info("authority_subjects")
2025-11-18 13:50:57,012 INFO sqlalchemy.engine.Engine [raw sql] ()
2025-11-18 13:50:57,012 INFO sqlalchemy.engine.Engine PRAGMA main.table_info("authority_creators")
2025-11-18 13:50:57,013 INFO sqlalchemy.engine.Engine [raw sql] ()
2025-11-18 13:50:57,013 INFO sqlalchemy.engine.Engine PRAGMA main.table_info("authority_publishers")
2025-11-18 13:50:57,013 INFO sqlalchemy.engine.Engine [raw sql] ()
2025-11-18 13:50:57,013 INFO sqlalchemy.engine.Engine PRAGMA main.table_info("citations")
2025-11-18 13:50:57,013 INFO sqlalchemy.engine.Engine [raw sql] ()
2025-11-18 13:50:57,014 INFO sqlalchemy.engine.Engine PRAGMA main.table_info("collection_resources")
2025-11-18 13:50:57,014 INFO sqlalchemy.engine.Engine [raw sql] ()
2025-11-18 13:50:57,014 INFO sqlalchemy.engine.Engine PRAGMA main.table_info("collections")
2025-11-18 13:50:57,014 INFO sqlalchemy.engine.Engine [raw sql] ()
2025-11-18 13:50:57,015 INFO sqlalchemy.engine.Engine PRAGMA main.table_info("taxonomy_nodes")
2025-11-18 13:50:57,015 INFO sqlalchemy.engine.Engine [raw sql] ()
2025-11-18 13:50:57,015 INFO sqlalchemy.engine.Engine PRAGMA main.table_info("resource_taxonomy")
2025-11-18 13:50:57,015 INFO sqlalchemy.engine.Engine [raw sql] ()
2025-11-18 13:50:57,015 INFO sqlalchemy.engine.Engine PRAGMA main.table_info("annotations")
2025-11-18 13:50:57,015 INFO sqlalchemy.engine.Engine [raw sql] ()
2025-11-18 13:50:57,016 INFO sqlalchemy.engine.Engine PRAGMA main.table_info("graph_edges")
2025-11-18 13:50:57,016 INFO sqlalchemy.engine.Engine [raw sql] ()
2025-11-18 13:50:57,017 INFO sqlalchemy.engine.Engine PRAGMA main.table_info("graph_embeddings")
2025-11-18 13:50:57,017 INFO sqlalchemy.engine.Engine [raw sql] ()
2025-11-18 13:50:57,018 INFO sqlalchemy.engine.Engine PRAGMA main.table_info("discovery_hypotheses")
2025-11-18 13:50:57,018 INFO sqlalchemy.engine.Engine [raw sql] ()
2025-11-18 13:50:57,018 INFO sqlalchemy.engine.Engine PRAGMA main.table_info("users")
2025-11-18 13:50:57,018 INFO sqlalchemy.engine.Engine [raw sql] ()
2025-11-18 13:50:57,018 INFO sqlalchemy.engine.Engine PRAGMA main.table_info("user_profiles")
2025-11-18 13:50:57,018 INFO sqlalchemy.engine.Engine [raw sql] ()
2025-11-18 13:50:57,019 INFO sqlalchemy.engine.Engine PRAGMA main.table_info("user_interactions")
2025-11-18 13:50:57,019 INFO sqlalchemy.engine.Engine [raw sql] ()
2025-11-18 13:50:57,019 INFO sqlalchemy.engine.Engine PRAGMA main.table_info("recommendation_feedback")
2025-11-18 13:50:57,019 INFO sqlalchemy.engine.Engine [raw sql] ()
2025-11-18 13:50:57,019 INFO sqlalchemy.engine.Engine PRAGMA main.table_info("model_versions")
2025-11-18 13:50:57,020 INFO sqlalchemy.engine.Engine [raw sql] ()
2025-11-18 13:50:57,021 INFO sqlalchemy.engine.Engine PRAGMA main.table_info("ab_test_experiments")
2025-11-18 13:50:57,021 INFO sqlalchemy.engine.Engine [raw sql] ()
2025-11-18 13:50:57,021 INFO sqlalchemy.engine.Engine PRAGMA main.table_info("prediction_logs")
2025-11-18 13:50:57,021 INFO sqlalchemy.engine.Engine [raw sql] ()
2025-11-18 13:50:57,022 INFO sqlalchemy.engine.Engine PRAGMA main.table_info("retraining_runs")
2025-11-18 13:50:57,022 INFO sqlalchemy.engine.Engine [raw sql] ()
2025-11-18 13:50:57,022 INFO sqlalchemy.engine.Engine COMMIT
2025-11-18 13:50:57,023 INFO sqlalchemy.engine.Engine BEGIN (implicit)
2025-11-18 13:50:57,023 INFO sqlalchemy.engine.Engine PRAGMA main.table_info("resources")
2025-11-18 13:50:57,023 INFO sqlalchemy.engine.Engine [raw sql] ()
2025-11-18 13:50:57,023 INFO sqlalchemy.engine.Engine PRAGMA main.table_info("classification_codes")
2025-11-18 13:50:57,023 INFO sqlalchemy.engine.Engine [raw sql] ()
2025-11-18 13:50:57,024 INFO sqlalchemy.engine.Engine PRAGMA main.table_info("authority_subjects")
2025-11-18 13:50:57,024 INFO sqlalchemy.engine.Engine [raw sql] ()
2025-11-18 13:50:57,024 INFO sqlalchemy.engine.Engine PRAGMA main.table_info("authority_creators")
2025-11-18 13:50:57,024 INFO sqlalchemy.engine.Engine [raw sql] ()
2025-11-18 13:50:57,025 INFO sqlalchemy.engine.Engine PRAGMA main.table_info("authority_publishers")
2025-11-18 13:50:57,025 INFO sqlalchemy.engine.Engine [raw sql] ()
2025-11-18 13:50:57,026 INFO sqlalchemy.engine.Engine PRAGMA main.table_info("citations")
2025-11-18 13:50:57,026 INFO sqlalchemy.engine.Engine [raw sql] ()
2025-11-18 13:50:57,026 INFO sqlalchemy.engine.Engine PRAGMA main.table_info("collection_resources")
2025-11-18 13:50:57,026 INFO sqlalchemy.engine.Engine [raw sql] ()
2025-11-18 13:50:57,026 INFO sqlalchemy.engine.Engine PRAGMA main.table_info("collections")
2025-11-18 13:50:57,026 INFO sqlalchemy.engine.Engine [raw sql] ()
2025-11-18 13:50:57,027 INFO sqlalchemy.engine.Engine PRAGMA main.table_info("taxonomy_nodes")
2025-11-18 13:50:57,027 INFO sqlalchemy.engine.Engine [raw sql] ()
2025-11-18 13:50:57,027 INFO sqlalchemy.engine.Engine PRAGMA main.table_info("resource_taxonomy")
2025-11-18 13:50:57,027 INFO sqlalchemy.engine.Engine [raw sql] ()
2025-11-18 13:50:57,027 INFO sqlalchemy.engine.Engine PRAGMA main.table_info("annotations")
2025-11-18 13:50:57,027 INFO sqlalchemy.engine.Engine [raw sql] ()
2025-11-18 13:50:57,028 INFO sqlalchemy.engine.Engine PRAGMA main.table_info("graph_edges")
2025-11-18 13:50:57,028 INFO sqlalchemy.engine.Engine [raw sql] ()
2025-11-18 13:50:57,029 INFO sqlalchemy.engine.Engine PRAGMA main.table_info("graph_embeddings")
2025-11-18 13:50:57,029 INFO sqlalchemy.engine.Engine [raw sql] ()
2025-11-18 13:50:57,029 INFO sqlalchemy.engine.Engine PRAGMA main.table_info("discovery_hypotheses")
2025-11-18 13:50:57,030 INFO sqlalchemy.engine.Engine [raw sql] ()
2025-11-18 13:50:57,030 INFO sqlalchemy.engine.Engine PRAGMA main.table_info("users")
2025-11-18 13:50:57,030 INFO sqlalchemy.engine.Engine [raw sql] ()
2025-11-18 13:50:57,030 INFO sqlalchemy.engine.Engine PRAGMA main.table_info("user_profiles")
2025-11-18 13:50:57,031 INFO sqlalchemy.engine.Engine [raw sql] ()
2025-11-18 13:50:57,031 INFO sqlalchemy.engine.Engine PRAGMA main.table_info("user_interactions")
2025-11-18 13:50:57,031 INFO sqlalchemy.engine.Engine [raw sql] ()
2025-11-18 13:50:57,031 INFO sqlalchemy.engine.Engine PRAGMA main.table_info("recommendation_feedback")
2025-11-18 13:50:57,031 INFO sqlalchemy.engine.Engine [raw sql] ()
2025-11-18 13:50:57,032 INFO sqlalchemy.engine.Engine PRAGMA main.table_info("model_versions")
2025-11-18 13:50:57,032 INFO sqlalchemy.engine.Engine [raw sql] ()
2025-11-18 13:50:57,032 INFO sqlalchemy.engine.Engine PRAGMA main.table_info("ab_test_experiments")
2025-11-18 13:50:57,032 INFO sqlalchemy.engine.Engine [raw sql] ()
2025-11-18 13:50:57,033 INFO sqlalchemy.engine.Engine PRAGMA main.table_info("prediction_logs")
2025-11-18 13:50:57,033 INFO sqlalchemy.engine.Engine [raw sql] ()
2025-11-18 13:50:57,033 INFO sqlalchemy.engine.Engine PRAGMA main.table_info("retraining_runs")
2025-11-18 13:50:57,034 INFO sqlalchemy.engine.Engine [raw sql] ()
2025-11-18 13:50:57,034 INFO sqlalchemy.engine.Engine COMMIT
2025-11-18 13:50:57,035 INFO sqlalchemy.engine.Engine SELECT collections.id AS collections_id, collections.name AS collections_name, collections.description AS collections_description, collections.owner_id AS collections_owner_id, collections.visibility AS collections_visibility, collections.parent_id AS collections_parent_id, collections.embedding AS collections_embedding, collections.created_at AS collections_created_at, collections.updated_at AS collections_updated_at 
FROM collections, collection_resources 
WHERE ? = collection_resources.resource_id AND collections.id = collection_resources.collection_id
2025-11-18 13:50:57,035 INFO sqlalchemy.engine.Engine [cached since 0.2445s ago] ('decfe4c2-5250-403c-8be4-a48f3bf7bd26',)
2025-11-18 13:50:57,035 INFO sqlalchemy.engine.Engine DELETE FROM resources WHERE resources.id = ?
2025-11-18 13:50:57,035 INFO sqlalchemy.engine.Engine [cached since 0.2432s ago] ('decfe4c2-5250-403c-8be4-a48f3bf7bd26',)
2025-11-18 13:50:57,038 INFO sqlalchemy.engine.Engine COMMIT
---------------------------- Captured stderr call -----------------------------
2025-11-18 13:50:56,969 - sqlalchemy.engine.Engine - INFO - BEGIN (implicit)
2025-11-18 13:50:56,969 - sqlalchemy.engine.Engine - INFO - PRAGMA main.table_info("resources")
2025-11-18 13:50:56,969 - sqlalchemy.engine.Engine - INFO - [raw sql] ()
2025-11-18 13:50:56,970 - sqlalchemy.engine.Engine - INFO - PRAGMA main.table_info("classification_codes")
2025-11-18 13:50:56,971 - sqlalchemy.engine.Engine - INFO - [raw sql] ()
2025-11-18 13:50:56,972 - sqlalchemy.engine.Engine - INFO - PRAGMA main.table_info("authority_subjects")
2025-11-18 13:50:56,972 - sqlalchemy.engine.Engine - INFO - [raw sql] ()
2025-11-18 13:50:56,972 - sqlalchemy.engine.Engine - INFO - PRAGMA main.table_info("authority_creators")
2025-11-18 13:50:56,972 - sqlalchemy.engine.Engine - INFO - [raw sql] ()
2025-11-18 13:50:56,973 - sqlalchemy.engine.Engine - INFO - PRAGMA main.table_info("authority_publishers")
2025-11-18 13:50:56,973 - sqlalchemy.engine.Engine - INFO - [raw sql] ()
2025-11-18 13:50:56,973 - sqlalchemy.engine.Engine - INFO - PRAGMA main.table_info("citations")
2025-11-18 13:50:56,973 - sqlalchemy.engine.Engine - INFO - [raw sql] ()
2025-11-18 13:50:56,973 - sqlalchemy.engine.Engine - INFO - PRAGMA main.table_info("collection_resources")
2025-11-18 13:50:56,973 - sqlalchemy.engine.Engine - INFO - [raw sql] ()
2025-11-18 13:50:56,974 - sqlalchemy.engine.Engine - INFO - PRAGMA main.table_info("collections")
2025-11-18 13:50:56,974 - sqlalchemy.engine.Engine - INFO - [raw sql] ()
2025-11-18 13:50:56,974 - sqlalchemy.engine.Engine - INFO - PRAGMA main.table_info("taxonomy_nodes")
2025-11-18 13:50:56,975 - sqlalchemy.engine.Engine - INFO - [raw sql] ()
2025-11-18 13:50:56,976 - sqlalchemy.engine.Engine - INFO - PRAGMA main.table_info("resource_taxonomy")
2025-11-18 13:50:56,976 - sqlalchemy.engine.Engine - INFO - [raw sql] ()
2025-11-18 13:50:56,977 - sqlalchemy.engine.Engine - INFO - PRAGMA main.table_info("annotations")
2025-11-18 13:50:56,977 - sqlalchemy.engine.Engine - INFO - [raw sql] ()
2025-11-18 13:50:56,977 - sqlalchemy.engine.Engine - INFO - PRAGMA main.table_info("graph_edges")
2025-11-18 13:50:56,977 - sqlalchemy.engine.Engine - INFO - [raw sql] ()
2025-11-18 13:50:56,977 - sqlalchemy.engine.Engine - INFO - PRAGMA main.table_info("graph_embeddings")
2025-11-18 13:50:56,978 - sqlalchemy.engine.Engine - INFO - [raw sql] ()
2025-11-18 13:50:56,978 - sqlalchemy.engine.Engine - INFO - PRAGMA main.table_info("discovery_hypotheses")
2025-11-18 13:50:56,978 - sqlalchemy.engine.Engine - INFO - [raw sql] ()
2025-11-18 13:50:56,979 - sqlalchemy.engine.Engine - INFO - PRAGMA main.table_info("users")
2025-11-18 13:50:56,979 - sqlalchemy.engine.Engine - INFO - [raw sql] ()
2025-11-18 13:50:56,980 - sqlalchemy.engine.Engine - INFO - PRAGMA main.table_info("user_profiles")
2025-11-18 13:50:56,980 - sqlalchemy.engine.Engine - INFO - [raw sql] ()
2025-11-18 13:50:56,980 - sqlalchemy.engine.Engine - INFO - PRAGMA main.table_info("user_interactions")
2025-11-18 13:50:56,981 - sqlalchemy.engine.Engine - INFO - [raw sql] ()
2025-11-18 13:50:56,981 - sqlalchemy.engine.Engine - INFO - PRAGMA main.table_info("recommendation_feedback")
2025-11-18 13:50:56,981 - sqlalchemy.engine.Engine - INFO - [raw sql] ()
2025-11-18 13:50:56,981 - sqlalchemy.engine.Engine - INFO - PRAGMA main.table_info("model_versions")
2025-11-18 13:50:56,981 - sqlalchemy.engine.Engine - INFO - [raw sql] ()
2025-11-18 13:50:56,981 - sqlalchemy.engine.Engine - INFO - PRAGMA main.table_info("ab_test_experiments")
2025-11-18 13:50:56,982 - sqlalchemy.engine.Engine - INFO - [raw sql] ()
2025-11-18 13:50:56,982 - sqlalchemy.engine.Engine - INFO - PRAGMA main.table_info("prediction_logs")
2025-11-18 13:50:56,982 - sqlalchemy.engine.Engine - INFO - [raw sql] ()
2025-11-18 13:50:56,983 - sqlalchemy.engine.Engine - INFO - PRAGMA main.table_info("retraining_runs")
2025-11-18 13:50:56,983 - sqlalchemy.engine.Engine - INFO - [raw sql] ()
2025-11-18 13:50:56,983 - sqlalchemy.engine.Engine - INFO - COMMIT
2025-11-18 13:50:56,984 - sqlalchemy.engine.Engine - INFO - BEGIN (implicit)
2025-11-18 13:50:56,984 - sqlalchemy.engine.Engine - INFO - PRAGMA main.table_info("resources")
2025-11-18 13:50:56,984 - sqlalchemy.engine.Engine - INFO - [raw sql] ()
2025-11-18 13:50:56,984 - sqlalchemy.engine.Engine - INFO - PRAGMA main.table_info("classification_codes")
2025-11-18 13:50:56,985 - sqlalchemy.engine.Engine - INFO - [raw sql] ()
2025-11-18 13:50:56,985 - sqlalchemy.engine.Engine - INFO - PRAGMA main.table_info("authority_subjects")
2025-11-18 13:50:56,985 - sqlalchemy.engine.Engine - INFO - [raw sql] ()
2025-11-18 13:50:56,985 - sqlalchemy.engine.Engine - INFO - PRAGMA main.table_info("authority_creators")
2025-11-18 13:50:56,985 - sqlalchemy.engine.Engine - INFO - [raw sql] ()
2025-11-18 13:50:56,985 - sqlalchemy.engine.Engine - INFO - PRAGMA main.table_info("authority_publishers")
2025-11-18 13:50:56,986 - sqlalchemy.engine.Engine - INFO - [raw sql] ()
2025-11-18 13:50:56,986 - sqlalchemy.engine.Engine - INFO - PRAGMA main.table_info("citations")
2025-11-18 13:50:56,986 - sqlalchemy.engine.Engine - INFO - [raw sql] ()
2025-11-18 13:50:56,986 - sqlalchemy.engine.Engine - INFO - PRAGMA main.table_info("collection_resources")
2025-11-18 13:50:56,986 - sqlalchemy.engine.Engine - INFO - [raw sql] ()
2025-11-18 13:50:56,987 - sqlalchemy.engine.Engine - INFO - PRAGMA main.table_info("collections")
2025-11-18 13:50:56,987 - sqlalchemy.engine.Engine - INFO - [raw sql] ()
2025-11-18 13:50:56,988 - sqlalchemy.engine.Engine - INFO - PRAGMA main.table_info("taxonomy_nodes")
2025-11-18 13:50:56,988 - sqlalchemy.engine.Engine - INFO - [raw sql] ()
2025-11-18 13:50:56,988 - sqlalchemy.engine.Engine - INFO - PRAGMA main.table_info("resource_taxonomy")
2025-11-18 13:50:56,989 - sqlalchemy.engine.Engine - INFO - [raw sql] ()
2025-11-18 13:50:56,989 - sqlalchemy.engine.Engine - INFO - PRAGMA main.table_info("annotations")
2025-11-18 13:50:56,989 - sqlalchemy.engine.Engine - INFO - [raw sql] ()
2025-11-18 13:50:56,989 - sqlalchemy.engine.Engine - INFO - PRAGMA main.table_info("graph_edges")
2025-11-18 13:50:56,989 - sqlalchemy.engine.Engine - INFO - [raw sql] ()
2025-11-18 13:50:56,990 - sqlalchemy.engine.Engine - INFO - PRAGMA main.table_info("graph_embeddings")
2025-11-18 13:50:56,990 - sqlalchemy.engine.Engine - INFO - [raw sql] ()
2025-11-18 13:50:56,990 - sqlalchemy.engine.Engine - INFO - PRAGMA main.table_info("discovery_hypotheses")
2025-11-18 13:50:56,990 - sqlalchemy.engine.Engine - INFO - [raw sql] ()
2025-11-18 13:50:56,991 - sqlalchemy.engine.Engine - INFO - PRAGMA main.table_info("users")
2025-11-18 13:50:56,991 - sqlalchemy.engine.Engine - INFO - [raw sql] ()
2025-11-18 13:50:56,991 - sqlalchemy.engine.Engine - INFO - PRAGMA main.table_info("user_profiles")
2025-11-18 13:50:56,993 - sqlalchemy.engine.Engine - INFO - [raw sql] ()
2025-11-18 13:50:56,993 - sqlalchemy.engine.Engine - INFO - PRAGMA main.table_info("user_interactions")
2025-11-18 13:50:56,994 - sqlalchemy.engine.Engine - INFO - [raw sql] ()
2025-11-18 13:50:56,994 - sqlalchemy.engine.Engine - INFO - PRAGMA main.table_info("recommendation_feedback")
2025-11-18 13:50:56,994 - sqlalchemy.engine.Engine - INFO - [raw sql] ()
2025-11-18 13:50:56,994 - sqlalchemy.engine.Engine - INFO - PRAGMA main.table_info("model_versions")
2025-11-18 13:50:56,994 - sqlalchemy.engine.Engine - INFO - [raw sql] ()
2025-11-18 13:50:56,995 - sqlalchemy.engine.Engine - INFO - PRAGMA main.table_info("ab_test_experiments")
2025-11-18 13:50:56,996 - sqlalchemy.engine.Engine - INFO - [raw sql] ()
2025-11-18 13:50:56,996 - sqlalchemy.engine.Engine - INFO - PRAGMA main.table_info("prediction_logs")
2025-11-18 13:50:56,997 - sqlalchemy.engine.Engine - INFO - [raw sql] ()
2025-11-18 13:50:56,997 - sqlalchemy.engine.Engine - INFO - PRAGMA main.table_info("retraining_runs")
2025-11-18 13:50:56,997 - sqlalchemy.engine.Engine - INFO - [raw sql] ()
2025-11-18 13:50:56,997 - sqlalchemy.engine.Engine - INFO - COMMIT
2025-11-18 13:50:56,998 - sqlalchemy.engine.Engine - INFO - BEGIN (implicit)
2025-11-18 13:50:56,998 - sqlalchemy.engine.Engine - INFO - INSERT INTO resources (id, title, description, creator, publisher, contributor, date_created, date_modified, type, format, identifier, source, language, coverage, rights, subject, relation, classification_code, read_status, quality_score, ingestion_status, ingestion_error, ingestion_started_at, ingestion_completed_at, embedding, sparse_embedding, sparse_embedding_model, sparse_embedding_updated_at, authors, affiliations, doi, pmid, arxiv_id, isbn, journal, conference, volume, issue, pages, publication_year, funding_sources, acknowledgments, equation_count, table_count, figure_count, reference_count, equations, tables, figures, metadata_completeness_score, extraction_confidence, requires_manual_review, quality_accuracy, quality_completeness, quality_consistency, quality_timeliness, quality_relevance, quality_overall, quality_weights, quality_last_computed, quality_computation_version, is_quality_outlier, outlier_score, outlier_reasons, needs_quality_review, summary_coherence, summary_consistency, summary_fluency, summary_relevance, is_ocr_processed, ocr_confidence, ocr_corrections_applied) VALUES (?, ?, ?, ?, ?, ?, ?, ?, ?, ?, ?, ?, ?, ?, ?, ?, ?, ?, ?, ?, ?, ?, ?, ?, ?, ?, ?, ?, ?, ?, ?, ?, ?, ?, ?, ?, ?, ?, ?, ?, ?, ?, ?, ?, ?, ?, ?, ?, ?, ?, ?, ?, ?, ?, ?, ?, ?, ?, ?, ?, ?, ?, ?, ?, ?, ?, ?, ?, ?, ?, ?, ?) RETURNING created_at, updated_at
2025-11-18 13:50:56,998 - sqlalchemy.engine.Engine - INFO - [cached since 0.2648s ago] ('decfe4c2-5250-403c-8be4-a48f3bf7bd26', 'Test Resource', 'Test description', None, None, None, None, None, None, None, None, 'https://example.com/test', None, None, None, '[]', '[]', None, 'unread', 0.0, 'pending', None, None, None, '[]', None, None, None, None, None, None, None, None, None, None, None, None, None, None, None, None, None, 0, 0, 0, None, None, None, None, None, None, 0, None, None, None, None, None, None, None, None, None, 0, None, None, 0, None, None, None, None, 0, None, None)
2025-11-18 13:50:57,001 - sqlalchemy.engine.Engine - INFO - COMMIT
2025-11-18 13:50:57,005 - sqlalchemy.engine.Engine - INFO - BEGIN (implicit)
2025-11-18 13:50:57,005 - sqlalchemy.engine.Engine - INFO - SELECT resources.id AS resources_id, resources.title AS resources_title, resources.description AS resources_description, resources.creator AS resources_creator, resources.publisher AS resources_publisher, resources.contributor AS resources_contributor, resources.date_created AS resources_date_created, resources.date_modified AS resources_date_modified, resources.type AS resources_type, resources.format AS resources_format, resources.identifier AS resources_identifier, resources.source AS resources_source, resources.language AS resources_language, resources.coverage AS resources_coverage, resources.rights AS resources_rights, resources.subject AS resources_subject, resources.relation AS resources_relation, resources.classification_code AS resources_classification_code, resources.read_status AS resources_read_status, resources.quality_score AS resources_quality_score, resources.ingestion_status AS resources_ingestion_status, resources.ingestion_error AS resources_ingestion_error, resources.ingestion_started_at AS resources_ingestion_started_at, resources.ingestion_completed_at AS resources_ingestion_completed_at, resources.embedding AS resources_embedding, resources.sparse_embedding AS resources_sparse_embedding, resources.sparse_embedding_model AS resources_sparse_embedding_model, resources.sparse_embedding_updated_at AS resources_sparse_embedding_updated_at, resources.authors AS resources_authors, resources.affiliations AS resources_affiliations, resources.doi AS resources_doi, resources.pmid AS resources_pmid, resources.arxiv_id AS resources_arxiv_id, resources.isbn AS resources_isbn, resources.journal AS resources_journal, resources.conference AS resources_conference, resources.volume AS resources_volume, resources.issue AS resources_issue, resources.pages AS resources_pages, resources.publication_year AS resources_publication_year, resources.funding_sources AS resources_funding_sources, resources.acknowledgments AS resources_acknowledgments, resources.equation_count AS resources_equation_count, resources.table_count AS resources_table_count, resources.figure_count AS resources_figure_count, resources.reference_count AS resources_reference_count, resources.equations AS resources_equations, resources.tables AS resources_tables, resources.figures AS resources_figures, resources.metadata_completeness_score AS resources_metadata_completeness_score, resources.extraction_confidence AS resources_extraction_confidence, resources.requires_manual_review AS resources_requires_manual_review, resources.quality_accuracy AS resources_quality_accuracy, resources.quality_completeness AS resources_quality_completeness, resources.quality_consistency AS resources_quality_consistency, resources.quality_timeliness AS resources_quality_timeliness, resources.quality_relevance AS resources_quality_relevance, resources.quality_overall AS resources_quality_overall, resources.quality_weights AS resources_quality_weights, resources.quality_last_computed AS resources_quality_last_computed, resources.quality_computation_version AS resources_quality_computation_version, resources.is_quality_outlier AS resources_is_quality_outlier, resources.outlier_score AS resources_outlier_score, resources.outlier_reasons AS resources_outlier_reasons, resources.needs_quality_review AS resources_needs_quality_review, resources.summary_coherence AS resources_summary_coherence, resources.summary_consistency AS resources_summary_consistency, resources.summary_fluency AS resources_summary_fluency, resources.summary_relevance AS resources_summary_relevance, resources.is_ocr_processed AS resources_is_ocr_processed, resources.ocr_confidence AS resources_ocr_confidence, resources.ocr_corrections_applied AS resources_ocr_corrections_applied, resources.created_at AS resources_created_at, resources.updated_at AS resources_updated_at 
FROM resources 
WHERE resources.id = ?
2025-11-18 13:50:57,006 - sqlalchemy.engine.Engine - INFO - [cached since 546.8s ago] ('decfe4c2-5250-403c-8be4-a48f3bf7bd26',)
2025-11-18 13:50:57,009 - sqlalchemy.engine.Engine - INFO - SELECT annotations.id AS annotations_id, annotations.resource_id AS annotations_resource_id, annotations.user_id AS annotations_user_id, annotations.start_offset AS annotations_start_offset, annotations.end_offset AS annotations_end_offset, annotations.highlighted_text AS annotations_highlighted_text, annotations.note AS annotations_note, annotations.tags AS annotations_tags, annotations.color AS annotations_color, annotations.embedding AS annotations_embedding, annotations.context_before AS annotations_context_before, annotations.context_after AS annotations_context_after, annotations.is_shared AS annotations_is_shared, annotations.collection_ids AS annotations_collection_ids, annotations.created_at AS annotations_created_at, annotations.updated_at AS annotations_updated_at 
FROM annotations 
WHERE ? = annotations.resource_id
2025-11-18 13:50:57,009 - sqlalchemy.engine.Engine - INFO - [cached since 0.2577s ago] ('decfe4c2-5250-403c-8be4-a48f3bf7bd26',)
2025-11-18 13:50:57,010 - sqlalchemy.engine.Engine - INFO - BEGIN (implicit)
2025-11-18 13:50:57,010 - sqlalchemy.engine.Engine - INFO - PRAGMA main.table_info("resources")
2025-11-18 13:50:57,010 - sqlalchemy.engine.Engine - INFO - [raw sql] ()
2025-11-18 13:50:57,011 - sqlalchemy.engine.Engine - INFO - PRAGMA main.table_info("classification_codes")
2025-11-18 13:50:57,011 - sqlalchemy.engine.Engine - INFO - [raw sql] ()
2025-11-18 13:50:57,012 - sqlalchemy.engine.Engine - INFO - PRAGMA main.table_info("authority_subjects")
2025-11-18 13:50:57,012 - sqlalchemy.engine.Engine - INFO - [raw sql] ()
2025-11-18 13:50:57,012 - sqlalchemy.engine.Engine - INFO - PRAGMA main.table_info("authority_creators")
2025-11-18 13:50:57,013 - sqlalchemy.engine.Engine - INFO - [raw sql] ()
2025-11-18 13:50:57,013 - sqlalchemy.engine.Engine - INFO - PRAGMA main.table_info("authority_publishers")
2025-11-18 13:50:57,013 - sqlalchemy.engine.Engine - INFO - [raw sql] ()
2025-11-18 13:50:57,013 - sqlalchemy.engine.Engine - INFO - PRAGMA main.table_info("citations")
2025-11-18 13:50:57,013 - sqlalchemy.engine.Engine - INFO - [raw sql] ()
2025-11-18 13:50:57,014 - sqlalchemy.engine.Engine - INFO - PRAGMA main.table_info("collection_resources")
2025-11-18 13:50:57,014 - sqlalchemy.engine.Engine - INFO - [raw sql] ()
2025-11-18 13:50:57,014 - sqlalchemy.engine.Engine - INFO - PRAGMA main.table_info("collections")
2025-11-18 13:50:57,014 - sqlalchemy.engine.Engine - INFO - [raw sql] ()
2025-11-18 13:50:57,015 - sqlalchemy.engine.Engine - INFO - PRAGMA main.table_info("taxonomy_nodes")
2025-11-18 13:50:57,015 - sqlalchemy.engine.Engine - INFO - [raw sql] ()
2025-11-18 13:50:57,015 - sqlalchemy.engine.Engine - INFO - PRAGMA main.table_info("resource_taxonomy")
2025-11-18 13:50:57,015 - sqlalchemy.engine.Engine - INFO - [raw sql] ()
2025-11-18 13:50:57,015 - sqlalchemy.engine.Engine - INFO - PRAGMA main.table_info("annotations")
2025-11-18 13:50:57,015 - sqlalchemy.engine.Engine - INFO - [raw sql] ()
2025-11-18 13:50:57,016 - sqlalchemy.engine.Engine - INFO - PRAGMA main.table_info("graph_edges")
2025-11-18 13:50:57,016 - sqlalchemy.engine.Engine - INFO - [raw sql] ()
2025-11-18 13:50:57,017 - sqlalchemy.engine.Engine - INFO - PRAGMA main.table_info("graph_embeddings")
2025-11-18 13:50:57,017 - sqlalchemy.engine.Engine - INFO - [raw sql] ()
2025-11-18 13:50:57,018 - sqlalchemy.engine.Engine - INFO - PRAGMA main.table_info("discovery_hypotheses")
2025-11-18 13:50:57,018 - sqlalchemy.engine.Engine - INFO - [raw sql] ()
2025-11-18 13:50:57,018 - sqlalchemy.engine.Engine - INFO - PRAGMA main.table_info("users")
2025-11-18 13:50:57,018 - sqlalchemy.engine.Engine - INFO - [raw sql] ()
2025-11-18 13:50:57,018 - sqlalchemy.engine.Engine - INFO - PRAGMA main.table_info("user_profiles")
2025-11-18 13:50:57,018 - sqlalchemy.engine.Engine - INFO - [raw sql] ()
2025-11-18 13:50:57,019 - sqlalchemy.engine.Engine - INFO - PRAGMA main.table_info("user_interactions")
2025-11-18 13:50:57,019 - sqlalchemy.engine.Engine - INFO - [raw sql] ()
2025-11-18 13:50:57,019 - sqlalchemy.engine.Engine - INFO - PRAGMA main.table_info("recommendation_feedback")
2025-11-18 13:50:57,019 - sqlalchemy.engine.Engine - INFO - [raw sql] ()
2025-11-18 13:50:57,019 - sqlalchemy.engine.Engine - INFO - PRAGMA main.table_info("model_versions")
2025-11-18 13:50:57,020 - sqlalchemy.engine.Engine - INFO - [raw sql] ()
2025-11-18 13:50:57,021 - sqlalchemy.engine.Engine - INFO - PRAGMA main.table_info("ab_test_experiments")
2025-11-18 13:50:57,021 - sqlalchemy.engine.Engine - INFO - [raw sql] ()
2025-11-18 13:50:57,021 - sqlalchemy.engine.Engine - INFO - PRAGMA main.table_info("prediction_logs")
2025-11-18 13:50:57,021 - sqlalchemy.engine.Engine - INFO - [raw sql] ()
2025-11-18 13:50:57,022 - sqlalchemy.engine.Engine - INFO - PRAGMA main.table_info("retraining_runs")
2025-11-18 13:50:57,022 - sqlalchemy.engine.Engine - INFO - [raw sql] ()
2025-11-18 13:50:57,022 - sqlalchemy.engine.Engine - INFO - COMMIT
2025-11-18 13:50:57,023 - sqlalchemy.engine.Engine - INFO - BEGIN (implicit)
2025-11-18 13:50:57,023 - sqlalchemy.engine.Engine - INFO - PRAGMA main.table_info("resources")
2025-11-18 13:50:57,023 - sqlalchemy.engine.Engine - INFO - [raw sql] ()
2025-11-18 13:50:57,023 - sqlalchemy.engine.Engine - INFO - PRAGMA main.table_info("classification_codes")
2025-11-18 13:50:57,023 - sqlalchemy.engine.Engine - INFO - [raw sql] ()
2025-11-18 13:50:57,024 - sqlalchemy.engine.Engine - INFO - PRAGMA main.table_info("authority_subjects")
2025-11-18 13:50:57,024 - sqlalchemy.engine.Engine - INFO - [raw sql] ()
2025-11-18 13:50:57,024 - sqlalchemy.engine.Engine - INFO - PRAGMA main.table_info("authority_creators")
2025-11-18 13:50:57,024 - sqlalchemy.engine.Engine - INFO - [raw sql] ()
2025-11-18 13:50:57,025 - sqlalchemy.engine.Engine - INFO - PRAGMA main.table_info("authority_publishers")
2025-11-18 13:50:57,025 - sqlalchemy.engine.Engine - INFO - [raw sql] ()
2025-11-18 13:50:57,026 - sqlalchemy.engine.Engine - INFO - PRAGMA main.table_info("citations")
2025-11-18 13:50:57,026 - sqlalchemy.engine.Engine - INFO - [raw sql] ()
2025-11-18 13:50:57,026 - sqlalchemy.engine.Engine - INFO - PRAGMA main.table_info("collection_resources")
2025-11-18 13:50:57,026 - sqlalchemy.engine.Engine - INFO - [raw sql] ()
2025-11-18 13:50:57,026 - sqlalchemy.engine.Engine - INFO - PRAGMA main.table_info("collections")
2025-11-18 13:50:57,026 - sqlalchemy.engine.Engine - INFO - [raw sql] ()
2025-11-18 13:50:57,027 - sqlalchemy.engine.Engine - INFO - PRAGMA main.table_info("taxonomy_nodes")
2025-11-18 13:50:57,027 - sqlalchemy.engine.Engine - INFO - [raw sql] ()
2025-11-18 13:50:57,027 - sqlalchemy.engine.Engine - INFO - PRAGMA main.table_info("resource_taxonomy")
2025-11-18 13:50:57,027 - sqlalchemy.engine.Engine - INFO - [raw sql] ()
2025-11-18 13:50:57,027 - sqlalchemy.engine.Engine - INFO - PRAGMA main.table_info("annotations")
2025-11-18 13:50:57,027 - sqlalchemy.engine.Engine - INFO - [raw sql] ()
2025-11-18 13:50:57,028 - sqlalchemy.engine.Engine - INFO - PRAGMA main.table_info("graph_edges")
2025-11-18 13:50:57,028 - sqlalchemy.engine.Engine - INFO - [raw sql] ()
2025-11-18 13:50:57,029 - sqlalchemy.engine.Engine - INFO - PRAGMA main.table_info("graph_embeddings")
2025-11-18 13:50:57,029 - sqlalchemy.engine.Engine - INFO - [raw sql] ()
2025-11-18 13:50:57,029 - sqlalchemy.engine.Engine - INFO - PRAGMA main.table_info("discovery_hypotheses")
2025-11-18 13:50:57,030 - sqlalchemy.engine.Engine - INFO - [raw sql] ()
2025-11-18 13:50:57,030 - sqlalchemy.engine.Engine - INFO - PRAGMA main.table_info("users")
2025-11-18 13:50:57,030 - sqlalchemy.engine.Engine - INFO - [raw sql] ()
2025-11-18 13:50:57,030 - sqlalchemy.engine.Engine - INFO - PRAGMA main.table_info("user_profiles")
2025-11-18 13:50:57,031 - sqlalchemy.engine.Engine - INFO - [raw sql] ()
2025-11-18 13:50:57,031 - sqlalchemy.engine.Engine - INFO - PRAGMA main.table_info("user_interactions")
2025-11-18 13:50:57,031 - sqlalchemy.engine.Engine - INFO - [raw sql] ()
2025-11-18 13:50:57,031 - sqlalchemy.engine.Engine - INFO - PRAGMA main.table_info("recommendation_feedback")
2025-11-18 13:50:57,031 - sqlalchemy.engine.Engine - INFO - [raw sql] ()
2025-11-18 13:50:57,032 - sqlalchemy.engine.Engine - INFO - PRAGMA main.table_info("model_versions")
2025-11-18 13:50:57,032 - sqlalchemy.engine.Engine - INFO - [raw sql] ()
2025-11-18 13:50:57,032 - sqlalchemy.engine.Engine - INFO - PRAGMA main.table_info("ab_test_experiments")
2025-11-18 13:50:57,032 - sqlalchemy.engine.Engine - INFO - [raw sql] ()
2025-11-18 13:50:57,033 - sqlalchemy.engine.Engine - INFO - PRAGMA main.table_info("prediction_logs")
2025-11-18 13:50:57,033 - sqlalchemy.engine.Engine - INFO - [raw sql] ()
2025-11-18 13:50:57,033 - sqlalchemy.engine.Engine - INFO - PRAGMA main.table_info("retraining_runs")
2025-11-18 13:50:57,034 - sqlalchemy.engine.Engine - INFO - [raw sql] ()
2025-11-18 13:50:57,034 - sqlalchemy.engine.Engine - INFO - COMMIT
2025-11-18 13:50:57,035 - sqlalchemy.engine.Engine - INFO - SELECT collections.id AS collections_id, collections.name AS collections_name, collections.description AS collections_description, collections.owner_id AS collections_owner_id, collections.visibility AS collections_visibility, collections.parent_id AS collections_parent_id, collections.embedding AS collections_embedding, collections.created_at AS collections_created_at, collections.updated_at AS collections_updated_at 
FROM collections, collection_resources 
WHERE ? = collection_resources.resource_id AND collections.id = collection_resources.collection_id
2025-11-18 13:50:57,035 - sqlalchemy.engine.Engine - INFO - [cached since 0.2445s ago] ('decfe4c2-5250-403c-8be4-a48f3bf7bd26',)
2025-11-18 13:50:57,035 - sqlalchemy.engine.Engine - INFO - DELETE FROM resources WHERE resources.id = ?
2025-11-18 13:50:57,035 - sqlalchemy.engine.Engine - INFO - [cached since 0.2432s ago] ('decfe4c2-5250-403c-8be4-a48f3bf7bd26',)
2025-11-18 13:50:57,038 - sqlalchemy.engine.Engine - INFO - COMMIT
------------------------------ Captured log call ------------------------------
INFO     sqlalchemy.engine.Engine:base.py:2702 BEGIN (implicit)
INFO     sqlalchemy.engine.Engine:base.py:1846 PRAGMA main.table_info("resources")
INFO     sqlalchemy.engine.Engine:base.py:1846 [raw sql] ()
INFO     sqlalchemy.engine.Engine:base.py:1846 PRAGMA main.table_info("classification_codes")
INFO     sqlalchemy.engine.Engine:base.py:1846 [raw sql] ()
INFO     sqlalchemy.engine.Engine:base.py:1846 PRAGMA main.table_info("authority_subjects")
INFO     sqlalchemy.engine.Engine:base.py:1846 [raw sql] ()
INFO     sqlalchemy.engine.Engine:base.py:1846 PRAGMA main.table_info("authority_creators")
INFO     sqlalchemy.engine.Engine:base.py:1846 [raw sql] ()
INFO     sqlalchemy.engine.Engine:base.py:1846 PRAGMA main.table_info("authority_publishers")
INFO     sqlalchemy.engine.Engine:base.py:1846 [raw sql] ()
INFO     sqlalchemy.engine.Engine:base.py:1846 PRAGMA main.table_info("citations")
INFO     sqlalchemy.engine.Engine:base.py:1846 [raw sql] ()
INFO     sqlalchemy.engine.Engine:base.py:1846 PRAGMA main.table_info("collection_resources")
INFO     sqlalchemy.engine.Engine:base.py:1846 [raw sql] ()
INFO     sqlalchemy.engine.Engine:base.py:1846 PRAGMA main.table_info("collections")
INFO     sqlalchemy.engine.Engine:base.py:1846 [raw sql] ()
INFO     sqlalchemy.engine.Engine:base.py:1846 PRAGMA main.table_info("taxonomy_nodes")
INFO     sqlalchemy.engine.Engine:base.py:1846 [raw sql] ()
INFO     sqlalchemy.engine.Engine:base.py:1846 PRAGMA main.table_info("resource_taxonomy")
INFO     sqlalchemy.engine.Engine:base.py:1846 [raw sql] ()
INFO     sqlalchemy.engine.Engine:base.py:1846 PRAGMA main.table_info("annotations")
INFO     sqlalchemy.engine.Engine:base.py:1846 [raw sql] ()
INFO     sqlalchemy.engine.Engine:base.py:1846 PRAGMA main.table_info("graph_edges")
INFO     sqlalchemy.engine.Engine:base.py:1846 [raw sql] ()
INFO     sqlalchemy.engine.Engine:base.py:1846 PRAGMA main.table_info("graph_embeddings")
INFO     sqlalchemy.engine.Engine:base.py:1846 [raw sql] ()
INFO     sqlalchemy.engine.Engine:base.py:1846 PRAGMA main.table_info("discovery_hypotheses")
INFO     sqlalchemy.engine.Engine:base.py:1846 [raw sql] ()
INFO     sqlalchemy.engine.Engine:base.py:1846 PRAGMA main.table_info("users")
INFO     sqlalchemy.engine.Engine:base.py:1846 [raw sql] ()
INFO     sqlalchemy.engine.Engine:base.py:1846 PRAGMA main.table_info("user_profiles")
INFO     sqlalchemy.engine.Engine:base.py:1846 [raw sql] ()
INFO     sqlalchemy.engine.Engine:base.py:1846 PRAGMA main.table_info("user_interactions")
INFO     sqlalchemy.engine.Engine:base.py:1846 [raw sql] ()
INFO     sqlalchemy.engine.Engine:base.py:1846 PRAGMA main.table_info("recommendation_feedback")
INFO     sqlalchemy.engine.Engine:base.py:1846 [raw sql] ()
INFO     sqlalchemy.engine.Engine:base.py:1846 PRAGMA main.table_info("model_versions")
INFO     sqlalchemy.engine.Engine:base.py:1846 [raw sql] ()
INFO     sqlalchemy.engine.Engine:base.py:1846 PRAGMA main.table_info("ab_test_experiments")
INFO     sqlalchemy.engine.Engine:base.py:1846 [raw sql] ()
INFO     sqlalchemy.engine.Engine:base.py:1846 PRAGMA main.table_info("prediction_logs")
INFO     sqlalchemy.engine.Engine:base.py:1846 [raw sql] ()
INFO     sqlalchemy.engine.Engine:base.py:1846 PRAGMA main.table_info("retraining_runs")
INFO     sqlalchemy.engine.Engine:base.py:1846 [raw sql] ()
INFO     sqlalchemy.engine.Engine:base.py:2708 COMMIT
INFO     sqlalchemy.engine.Engine:base.py:2702 BEGIN (implicit)
INFO     sqlalchemy.engine.Engine:base.py:1846 PRAGMA main.table_info("resources")
INFO     sqlalchemy.engine.Engine:base.py:1846 [raw sql] ()
INFO     sqlalchemy.engine.Engine:base.py:1846 PRAGMA main.table_info("classification_codes")
INFO     sqlalchemy.engine.Engine:base.py:1846 [raw sql] ()
INFO     sqlalchemy.engine.Engine:base.py:1846 PRAGMA main.table_info("authority_subjects")
INFO     sqlalchemy.engine.Engine:base.py:1846 [raw sql] ()
INFO     sqlalchemy.engine.Engine:base.py:1846 PRAGMA main.table_info("authority_creators")
INFO     sqlalchemy.engine.Engine:base.py:1846 [raw sql] ()
INFO     sqlalchemy.engine.Engine:base.py:1846 PRAGMA main.table_info("authority_publishers")
INFO     sqlalchemy.engine.Engine:base.py:1846 [raw sql] ()
INFO     sqlalchemy.engine.Engine:base.py:1846 PRAGMA main.table_info("citations")
INFO     sqlalchemy.engine.Engine:base.py:1846 [raw sql] ()
INFO     sqlalchemy.engine.Engine:base.py:1846 PRAGMA main.table_info("collection_resources")
INFO     sqlalchemy.engine.Engine:base.py:1846 [raw sql] ()
INFO     sqlalchemy.engine.Engine:base.py:1846 PRAGMA main.table_info("collections")
INFO     sqlalchemy.engine.Engine:base.py:1846 [raw sql] ()
INFO     sqlalchemy.engine.Engine:base.py:1846 PRAGMA main.table_info("taxonomy_nodes")
INFO     sqlalchemy.engine.Engine:base.py:1846 [raw sql] ()
INFO     sqlalchemy.engine.Engine:base.py:1846 PRAGMA main.table_info("resource_taxonomy")
INFO     sqlalchemy.engine.Engine:base.py:1846 [raw sql] ()
INFO     sqlalchemy.engine.Engine:base.py:1846 PRAGMA main.table_info("annotations")
INFO     sqlalchemy.engine.Engine:base.py:1846 [raw sql] ()
INFO     sqlalchemy.engine.Engine:base.py:1846 PRAGMA main.table_info("graph_edges")
INFO     sqlalchemy.engine.Engine:base.py:1846 [raw sql] ()
INFO     sqlalchemy.engine.Engine:base.py:1846 PRAGMA main.table_info("graph_embeddings")
INFO     sqlalchemy.engine.Engine:base.py:1846 [raw sql] ()
INFO     sqlalchemy.engine.Engine:base.py:1846 PRAGMA main.table_info("discovery_hypotheses")
INFO     sqlalchemy.engine.Engine:base.py:1846 [raw sql] ()
INFO     sqlalchemy.engine.Engine:base.py:1846 PRAGMA main.table_info("users")
INFO     sqlalchemy.engine.Engine:base.py:1846 [raw sql] ()
INFO     sqlalchemy.engine.Engine:base.py:1846 PRAGMA main.table_info("user_profiles")
INFO     sqlalchemy.engine.Engine:base.py:1846 [raw sql] ()
INFO     sqlalchemy.engine.Engine:base.py:1846 PRAGMA main.table_info("user_interactions")
INFO     sqlalchemy.engine.Engine:base.py:1846 [raw sql] ()
INFO     sqlalchemy.engine.Engine:base.py:1846 PRAGMA main.table_info("recommendation_feedback")
INFO     sqlalchemy.engine.Engine:base.py:1846 [raw sql] ()
INFO     sqlalchemy.engine.Engine:base.py:1846 PRAGMA main.table_info("model_versions")
INFO     sqlalchemy.engine.Engine:base.py:1846 [raw sql] ()
INFO     sqlalchemy.engine.Engine:base.py:1846 PRAGMA main.table_info("ab_test_experiments")
INFO     sqlalchemy.engine.Engine:base.py:1846 [raw sql] ()
INFO     sqlalchemy.engine.Engine:base.py:1846 PRAGMA main.table_info("prediction_logs")
INFO     sqlalchemy.engine.Engine:base.py:1846 [raw sql] ()
INFO     sqlalchemy.engine.Engine:base.py:1846 PRAGMA main.table_info("retraining_runs")
INFO     sqlalchemy.engine.Engine:base.py:1846 [raw sql] ()
INFO     sqlalchemy.engine.Engine:base.py:2708 COMMIT
INFO     sqlalchemy.engine.Engine:base.py:2702 BEGIN (implicit)
INFO     sqlalchemy.engine.Engine:base.py:1846 INSERT INTO resources (id, title, description, creator, publisher, contributor, date_created, date_modified, type, format, identifier, source, language, coverage, rights, subject, relation, classification_code, read_status, quality_score, ingestion_status, ingestion_error, ingestion_started_at, ingestion_completed_at, embedding, sparse_embedding, sparse_embedding_model, sparse_embedding_updated_at, authors, affiliations, doi, pmid, arxiv_id, isbn, journal, conference, volume, issue, pages, publication_year, funding_sources, acknowledgments, equation_count, table_count, figure_count, reference_count, equations, tables, figures, metadata_completeness_score, extraction_confidence, requires_manual_review, quality_accuracy, quality_completeness, quality_consistency, quality_timeliness, quality_relevance, quality_overall, quality_weights, quality_last_computed, quality_computation_version, is_quality_outlier, outlier_score, outlier_reasons, needs_quality_review, summary_coherence, summary_consistency, summary_fluency, summary_relevance, is_ocr_processed, ocr_confidence, ocr_corrections_applied) VALUES (?, ?, ?, ?, ?, ?, ?, ?, ?, ?, ?, ?, ?, ?, ?, ?, ?, ?, ?, ?, ?, ?, ?, ?, ?, ?, ?, ?, ?, ?, ?, ?, ?, ?, ?, ?, ?, ?, ?, ?, ?, ?, ?, ?, ?, ?, ?, ?, ?, ?, ?, ?, ?, ?, ?, ?, ?, ?, ?, ?, ?, ?, ?, ?, ?, ?, ?, ?, ?, ?, ?, ?) RETURNING created_at, updated_at
INFO     sqlalchemy.engine.Engine:base.py:1846 [cached since 0.2648s ago] ('decfe4c2-5250-403c-8be4-a48f3bf7bd26', 'Test Resource', 'Test description', None, None, None, None, None, None, None, None, 'https://example.com/test', None, None, None, '[]', '[]', None, 'unread', 0.0, 'pending', None, None, None, '[]', None, None, None, None, None, None, None, None, None, None, None, None, None, None, None, None, None, 0, 0, 0, None, None, None, None, None, None, 0, None, None, None, None, None, None, None, None, None, 0, None, None, 0, None, None, None, None, 0, None, None)
INFO     sqlalchemy.engine.Engine:base.py:2708 COMMIT
INFO     sqlalchemy.engine.Engine:base.py:2702 BEGIN (implicit)
INFO     sqlalchemy.engine.Engine:base.py:1846 SELECT resources.id AS resources_id, resources.title AS resources_title, resources.description AS resources_description, resources.creator AS resources_creator, resources.publisher AS resources_publisher, resources.contributor AS resources_contributor, resources.date_created AS resources_date_created, resources.date_modified AS resources_date_modified, resources.type AS resources_type, resources.format AS resources_format, resources.identifier AS resources_identifier, resources.source AS resources_source, resources.language AS resources_language, resources.coverage AS resources_coverage, resources.rights AS resources_rights, resources.subject AS resources_subject, resources.relation AS resources_relation, resources.classification_code AS resources_classification_code, resources.read_status AS resources_read_status, resources.quality_score AS resources_quality_score, resources.ingestion_status AS resources_ingestion_status, resources.ingestion_error AS resources_ingestion_error, resources.ingestion_started_at AS resources_ingestion_started_at, resources.ingestion_completed_at AS resources_ingestion_completed_at, resources.embedding AS resources_embedding, resources.sparse_embedding AS resources_sparse_embedding, resources.sparse_embedding_model AS resources_sparse_embedding_model, resources.sparse_embedding_updated_at AS resources_sparse_embedding_updated_at, resources.authors AS resources_authors, resources.affiliations AS resources_affiliations, resources.doi AS resources_doi, resources.pmid AS resources_pmid, resources.arxiv_id AS resources_arxiv_id, resources.isbn AS resources_isbn, resources.journal AS resources_journal, resources.conference AS resources_conference, resources.volume AS resources_volume, resources.issue AS resources_issue, resources.pages AS resources_pages, resources.publication_year AS resources_publication_year, resources.funding_sources AS resources_funding_sources, resources.acknowledgments AS resources_acknowledgments, resources.equation_count AS resources_equation_count, resources.table_count AS resources_table_count, resources.figure_count AS resources_figure_count, resources.reference_count AS resources_reference_count, resources.equations AS resources_equations, resources.tables AS resources_tables, resources.figures AS resources_figures, resources.metadata_completeness_score AS resources_metadata_completeness_score, resources.extraction_confidence AS resources_extraction_confidence, resources.requires_manual_review AS resources_requires_manual_review, resources.quality_accuracy AS resources_quality_accuracy, resources.quality_completeness AS resources_quality_completeness, resources.quality_consistency AS resources_quality_consistency, resources.quality_timeliness AS resources_quality_timeliness, resources.quality_relevance AS resources_quality_relevance, resources.quality_overall AS resources_quality_overall, resources.quality_weights AS resources_quality_weights, resources.quality_last_computed AS resources_quality_last_computed, resources.quality_computation_version AS resources_quality_computation_version, resources.is_quality_outlier AS resources_is_quality_outlier, resources.outlier_score AS resources_outlier_score, resources.outlier_reasons AS resources_outlier_reasons, resources.needs_quality_review AS resources_needs_quality_review, resources.summary_coherence AS resources_summary_coherence, resources.summary_consistency AS resources_summary_consistency, resources.summary_fluency AS resources_summary_fluency, resources.summary_relevance AS resources_summary_relevance, resources.is_ocr_processed AS resources_is_ocr_processed, resources.ocr_confidence AS resources_ocr_confidence, resources.ocr_corrections_applied AS resources_ocr_corrections_applied, resources.created_at AS resources_created_at, resources.updated_at AS resources_updated_at 
FROM resources 
WHERE resources.id = ?
INFO     sqlalchemy.engine.Engine:base.py:1846 [cached since 546.8s ago] ('decfe4c2-5250-403c-8be4-a48f3bf7bd26',)
INFO     sqlalchemy.engine.Engine:base.py:1846 SELECT annotations.id AS annotations_id, annotations.resource_id AS annotations_resource_id, annotations.user_id AS annotations_user_id, annotations.start_offset AS annotations_start_offset, annotations.end_offset AS annotations_end_offset, annotations.highlighted_text AS annotations_highlighted_text, annotations.note AS annotations_note, annotations.tags AS annotations_tags, annotations.color AS annotations_color, annotations.embedding AS annotations_embedding, annotations.context_before AS annotations_context_before, annotations.context_after AS annotations_context_after, annotations.is_shared AS annotations_is_shared, annotations.collection_ids AS annotations_collection_ids, annotations.created_at AS annotations_created_at, annotations.updated_at AS annotations_updated_at 
FROM annotations 
WHERE ? = annotations.resource_id
INFO     sqlalchemy.engine.Engine:base.py:1846 [cached since 0.2577s ago] ('decfe4c2-5250-403c-8be4-a48f3bf7bd26',)
INFO     sqlalchemy.engine.Engine:base.py:2702 BEGIN (implicit)
INFO     sqlalchemy.engine.Engine:base.py:1846 PRAGMA main.table_info("resources")
INFO     sqlalchemy.engine.Engine:base.py:1846 [raw sql] ()
INFO     sqlalchemy.engine.Engine:base.py:1846 PRAGMA main.table_info("classification_codes")
INFO     sqlalchemy.engine.Engine:base.py:1846 [raw sql] ()
INFO     sqlalchemy.engine.Engine:base.py:1846 PRAGMA main.table_info("authority_subjects")
INFO     sqlalchemy.engine.Engine:base.py:1846 [raw sql] ()
INFO     sqlalchemy.engine.Engine:base.py:1846 PRAGMA main.table_info("authority_creators")
INFO     sqlalchemy.engine.Engine:base.py:1846 [raw sql] ()
INFO     sqlalchemy.engine.Engine:base.py:1846 PRAGMA main.table_info("authority_publishers")
INFO     sqlalchemy.engine.Engine:base.py:1846 [raw sql] ()
INFO     sqlalchemy.engine.Engine:base.py:1846 PRAGMA main.table_info("citations")
INFO     sqlalchemy.engine.Engine:base.py:1846 [raw sql] ()
INFO     sqlalchemy.engine.Engine:base.py:1846 PRAGMA main.table_info("collection_resources")
INFO     sqlalchemy.engine.Engine:base.py:1846 [raw sql] ()
INFO     sqlalchemy.engine.Engine:base.py:1846 PRAGMA main.table_info("collections")
INFO     sqlalchemy.engine.Engine:base.py:1846 [raw sql] ()
INFO     sqlalchemy.engine.Engine:base.py:1846 PRAGMA main.table_info("taxonomy_nodes")
INFO     sqlalchemy.engine.Engine:base.py:1846 [raw sql] ()
INFO     sqlalchemy.engine.Engine:base.py:1846 PRAGMA main.table_info("resource_taxonomy")
INFO     sqlalchemy.engine.Engine:base.py:1846 [raw sql] ()
INFO     sqlalchemy.engine.Engine:base.py:1846 PRAGMA main.table_info("annotations")
INFO     sqlalchemy.engine.Engine:base.py:1846 [raw sql] ()
INFO     sqlalchemy.engine.Engine:base.py:1846 PRAGMA main.table_info("graph_edges")
INFO     sqlalchemy.engine.Engine:base.py:1846 [raw sql] ()
INFO     sqlalchemy.engine.Engine:base.py:1846 PRAGMA main.table_info("graph_embeddings")
INFO     sqlalchemy.engine.Engine:base.py:1846 [raw sql] ()
INFO     sqlalchemy.engine.Engine:base.py:1846 PRAGMA main.table_info("discovery_hypotheses")
INFO     sqlalchemy.engine.Engine:base.py:1846 [raw sql] ()
INFO     sqlalchemy.engine.Engine:base.py:1846 PRAGMA main.table_info("users")
INFO     sqlalchemy.engine.Engine:base.py:1846 [raw sql] ()
INFO     sqlalchemy.engine.Engine:base.py:1846 PRAGMA main.table_info("user_profiles")
INFO     sqlalchemy.engine.Engine:base.py:1846 [raw sql] ()
INFO     sqlalchemy.engine.Engine:base.py:1846 PRAGMA main.table_info("user_interactions")
INFO     sqlalchemy.engine.Engine:base.py:1846 [raw sql] ()
INFO     sqlalchemy.engine.Engine:base.py:1846 PRAGMA main.table_info("recommendation_feedback")
INFO     sqlalchemy.engine.Engine:base.py:1846 [raw sql] ()
INFO     sqlalchemy.engine.Engine:base.py:1846 PRAGMA main.table_info("model_versions")
INFO     sqlalchemy.engine.Engine:base.py:1846 [raw sql] ()
INFO     sqlalchemy.engine.Engine:base.py:1846 PRAGMA main.table_info("ab_test_experiments")
INFO     sqlalchemy.engine.Engine:base.py:1846 [raw sql] ()
INFO     sqlalchemy.engine.Engine:base.py:1846 PRAGMA main.table_info("prediction_logs")
INFO     sqlalchemy.engine.Engine:base.py:1846 [raw sql] ()
INFO     sqlalchemy.engine.Engine:base.py:1846 PRAGMA main.table_info("retraining_runs")
INFO     sqlalchemy.engine.Engine:base.py:1846 [raw sql] ()
INFO     sqlalchemy.engine.Engine:base.py:2708 COMMIT
INFO     sqlalchemy.engine.Engine:base.py:2702 BEGIN (implicit)
INFO     sqlalchemy.engine.Engine:base.py:1846 PRAGMA main.table_info("resources")
INFO     sqlalchemy.engine.Engine:base.py:1846 [raw sql] ()
INFO     sqlalchemy.engine.Engine:base.py:1846 PRAGMA main.table_info("classification_codes")
INFO     sqlalchemy.engine.Engine:base.py:1846 [raw sql] ()
INFO     sqlalchemy.engine.Engine:base.py:1846 PRAGMA main.table_info("authority_subjects")
INFO     sqlalchemy.engine.Engine:base.py:1846 [raw sql] ()
INFO     sqlalchemy.engine.Engine:base.py:1846 PRAGMA main.table_info("authority_creators")
INFO     sqlalchemy.engine.Engine:base.py:1846 [raw sql] ()
INFO     sqlalchemy.engine.Engine:base.py:1846 PRAGMA main.table_info("authority_publishers")
INFO     sqlalchemy.engine.Engine:base.py:1846 [raw sql] ()
INFO     sqlalchemy.engine.Engine:base.py:1846 PRAGMA main.table_info("citations")
INFO     sqlalchemy.engine.Engine:base.py:1846 [raw sql] ()
INFO     sqlalchemy.engine.Engine:base.py:1846 PRAGMA main.table_info("collection_resources")
INFO     sqlalchemy.engine.Engine:base.py:1846 [raw sql] ()
INFO     sqlalchemy.engine.Engine:base.py:1846 PRAGMA main.table_info("collections")
INFO     sqlalchemy.engine.Engine:base.py:1846 [raw sql] ()
INFO     sqlalchemy.engine.Engine:base.py:1846 PRAGMA main.table_info("taxonomy_nodes")
INFO     sqlalchemy.engine.Engine:base.py:1846 [raw sql] ()
INFO     sqlalchemy.engine.Engine:base.py:1846 PRAGMA main.table_info("resource_taxonomy")
INFO     sqlalchemy.engine.Engine:base.py:1846 [raw sql] ()
INFO     sqlalchemy.engine.Engine:base.py:1846 PRAGMA main.table_info("annotations")
INFO     sqlalchemy.engine.Engine:base.py:1846 [raw sql] ()
INFO     sqlalchemy.engine.Engine:base.py:1846 PRAGMA main.table_info("graph_edges")
INFO     sqlalchemy.engine.Engine:base.py:1846 [raw sql] ()
INFO     sqlalchemy.engine.Engine:base.py:1846 PRAGMA main.table_info("graph_embeddings")
INFO     sqlalchemy.engine.Engine:base.py:1846 [raw sql] ()
INFO     sqlalchemy.engine.Engine:base.py:1846 PRAGMA main.table_info("discovery_hypotheses")
INFO     sqlalchemy.engine.Engine:base.py:1846 [raw sql] ()
INFO     sqlalchemy.engine.Engine:base.py:1846 PRAGMA main.table_info("users")
INFO     sqlalchemy.engine.Engine:base.py:1846 [raw sql] ()
INFO     sqlalchemy.engine.Engine:base.py:1846 PRAGMA main.table_info("user_profiles")
INFO     sqlalchemy.engine.Engine:base.py:1846 [raw sql] ()
INFO     sqlalchemy.engine.Engine:base.py:1846 PRAGMA main.table_info("user_interactions")
INFO     sqlalchemy.engine.Engine:base.py:1846 [raw sql] ()
INFO     sqlalchemy.engine.Engine:base.py:1846 PRAGMA main.table_info("recommendation_feedback")
INFO     sqlalchemy.engine.Engine:base.py:1846 [raw sql] ()
INFO     sqlalchemy.engine.Engine:base.py:1846 PRAGMA main.table_info("model_versions")
INFO     sqlalchemy.engine.Engine:base.py:1846 [raw sql] ()
INFO     sqlalchemy.engine.Engine:base.py:1846 PRAGMA main.table_info("ab_test_experiments")
INFO     sqlalchemy.engine.Engine:base.py:1846 [raw sql] ()
INFO     sqlalchemy.engine.Engine:base.py:1846 PRAGMA main.table_info("prediction_logs")
INFO     sqlalchemy.engine.Engine:base.py:1846 [raw sql] ()
INFO     sqlalchemy.engine.Engine:base.py:1846 PRAGMA main.table_info("retraining_runs")
INFO     sqlalchemy.engine.Engine:base.py:1846 [raw sql] ()
INFO     sqlalchemy.engine.Engine:base.py:2708 COMMIT
INFO     sqlalchemy.engine.Engine:base.py:1846 SELECT collections.id AS collections_id, collections.name AS collections_name, collections.description AS collections_description, collections.owner_id AS collections_owner_id, collections.visibility AS collections_visibility, collections.parent_id AS collections_parent_id, collections.embedding AS collections_embedding, collections.created_at AS collections_created_at, collections.updated_at AS collections_updated_at 
FROM collections, collection_resources 
WHERE ? = collection_resources.resource_id AND collections.id = collection_resources.collection_id
INFO     sqlalchemy.engine.Engine:base.py:1846 [cached since 0.2445s ago] ('decfe4c2-5250-403c-8be4-a48f3bf7bd26',)
INFO     sqlalchemy.engine.Engine:base.py:1846 DELETE FROM resources WHERE resources.id = ?
INFO     sqlalchemy.engine.Engine:base.py:1846 [cached since 0.2432s ago] ('decfe4c2-5250-403c-8be4-a48f3bf7bd26',)
INFO     sqlalchemy.engine.Engine:base.py:2708 COMMIT
_ TestIngestionServiceEvents.test_ingestion_emits_started_and_completed_events _
tests\integration\test_service_events.py:214: in test_ingestion_emits_started_and_completed_events
    process_ingestion(str(resource.id), ai=mock_ai_instance)
app\services\resource_service.py:413: in process_ingestion
    increment_active_ingestions()
app\monitoring.py:278: in increment_active_ingestions
    ACTIVE_INGESTIONS.inc()
    ^^^^^^^^^^^^^^^^^^^^^
E   AttributeError: 'NoneType' object has no attribute 'inc'
---------------------------- Captured stderr call -----------------------------
2025-11-18 13:51:17,929 - app.services.resource_service - INFO - Creating new pending resource for URL: https://example.com/test.pdf
2025-11-18 13:51:17,968 - app.services.resource_service - INFO - Created pending resource with source: https://example.com/test.pdf
------------------------------ Captured log call ------------------------------
INFO     app.services.resource_service:resource_service.py:89 Creating new pending resource for URL: https://example.com/test.pdf
INFO     app.services.resource_service:resource_service.py:121 Created pending resource with source: https://example.com/test.pdf
____ TestIngestionServiceEvents.test_ingestion_failure_emits_failed_event _____
tests\integration\test_service_events.py:251: in test_ingestion_failure_emits_failed_event
    process_ingestion(str(resource.id))
app\services\resource_service.py:413: in process_ingestion
    increment_active_ingestions()
app\monitoring.py:278: in increment_active_ingestions
    ACTIVE_INGESTIONS.inc()
    ^^^^^^^^^^^^^^^^^^^^^
E   AttributeError: 'NoneType' object has no attribute 'inc'
---------------------------- Captured stderr call -----------------------------
2025-11-18 13:51:18,444 - app.services.resource_service - INFO - Creating new pending resource for URL: https://example.com/test.pdf
2025-11-18 13:51:18,474 - app.services.resource_service - INFO - Created pending resource with source: https://example.com/test.pdf
------------------------------ Captured log call ------------------------------
INFO     app.services.resource_service:resource_service.py:89 Creating new pending resource for URL: https://example.com/test.pdf
INFO     app.services.resource_service:resource_service.py:121 Created pending resource with source: https://example.com/test.pdf
_ TestUserInteractionEvents.test_track_interaction_emits_user_interaction_tracked _
tests\integration\test_service_events.py:273: in test_track_interaction_emits_user_interaction_tracked
    user = User(
<string>:4: in __init__
    ???
..\..\..\AppData\Roaming\Python\Python313\site-packages\sqlalchemy\orm\state.py:571: in _initialize_instance
    with util.safe_reraise():
         ^^^^^^^^^^^^^^^^^^^
..\..\..\AppData\Roaming\Python\Python313\site-packages\sqlalchemy\util\langhelpers.py:224: in __exit__
    raise exc_value.with_traceback(exc_tb)
..\..\..\AppData\Roaming\Python\Python313\site-packages\sqlalchemy\orm\state.py:569: in _initialize_instance
    manager.original_init(*mixed[1:], **kwargs)
..\..\..\AppData\Roaming\Python\Python313\site-packages\sqlalchemy\orm\decl_base.py:2179: in _declarative_constructor
    raise TypeError(
E   TypeError: 'hashed_password' is an invalid keyword argument for User
__ TestUserInteractionEvents.test_multiple_interactions_emit_multiple_events __
tests\integration\test_service_events.py:314: in test_multiple_interactions_emit_multiple_events
    user = User(
<string>:4: in __init__
    ???
..\..\..\AppData\Roaming\Python\Python313\site-packages\sqlalchemy\orm\state.py:571: in _initialize_instance
    with util.safe_reraise():
         ^^^^^^^^^^^^^^^^^^^
..\..\..\AppData\Roaming\Python\Python313\site-packages\sqlalchemy\util\langhelpers.py:224: in __exit__
    raise exc_value.with_traceback(exc_tb)
..\..\..\AppData\Roaming\Python\Python313\site-packages\sqlalchemy\orm\state.py:569: in _initialize_instance
    manager.original_init(*mixed[1:], **kwargs)
..\..\..\AppData\Roaming\Python\Python313\site-packages\sqlalchemy\orm\decl_base.py:2179: in _declarative_constructor
    raise TypeError(
E   TypeError: 'hashed_password' is an invalid keyword argument for User
__ TestEventDataCompleteness.test_user_interaction_event_has_required_fields __
tests\integration\test_service_events.py:452: in test_user_interaction_event_has_required_fields
    user = User(username="test", email="test@example.com", hashed_password="hash")
           ^^^^^^^^^^^^^^^^^^^^^^^^^^^^^^^^^^^^^^^^^^^^^^^^^^^^^^^^^^^^^^^^^^^^^^^
<string>:4: in __init__
    ???
..\..\..\AppData\Roaming\Python\Python313\site-packages\sqlalchemy\orm\state.py:571: in _initialize_instance
    with util.safe_reraise():
         ^^^^^^^^^^^^^^^^^^^
..\..\..\AppData\Roaming\Python\Python313\site-packages\sqlalchemy\util\langhelpers.py:224: in __exit__
    raise exc_value.with_traceback(exc_tb)
..\..\..\AppData\Roaming\Python\Python313\site-packages\sqlalchemy\orm\state.py:569: in _initialize_instance
    manager.original_init(*mixed[1:], **kwargs)
..\..\..\AppData\Roaming\Python\Python313\site-packages\sqlalchemy\orm\decl_base.py:2179: in _declarative_constructor
    raise TypeError(
E   TypeError: 'hashed_password' is an invalid keyword argument for User
_________ TestEventPriorities.test_user_interaction_has_low_priority __________
tests\integration\test_service_events.py:493: in test_user_interaction_has_low_priority
    user = User(username="test", email="test@example.com", hashed_password="hash")
           ^^^^^^^^^^^^^^^^^^^^^^^^^^^^^^^^^^^^^^^^^^^^^^^^^^^^^^^^^^^^^^^^^^^^^^^
<string>:4: in __init__
    ???
..\..\..\AppData\Roaming\Python\Python313\site-packages\sqlalchemy\orm\state.py:571: in _initialize_instance
    with util.safe_reraise():
         ^^^^^^^^^^^^^^^^^^^
..\..\..\AppData\Roaming\Python\Python313\site-packages\sqlalchemy\util\langhelpers.py:224: in __exit__
    raise exc_value.with_traceback(exc_tb)
..\..\..\AppData\Roaming\Python\Python313\site-packages\sqlalchemy\orm\state.py:569: in _initialize_instance
    manager.original_init(*mixed[1:], **kwargs)
..\..\..\AppData\Roaming\Python\Python313\site-packages\sqlalchemy\orm\decl_base.py:2179: in _declarative_constructor
    raise TypeError(
E   TypeError: 'hashed_password' is an invalid keyword argument for User
______________ TestReportGenerator.test_generate_markdown_report ______________
tests\integration\test_validation_scripts.py:291: in test_generate_markdown_report
    assert "0.92" in report  # Test accuracy
    ^^^^^^^^^^^^^^^^^^^^^^^
E   AssertionError: assert '0.92' in '# Production ML Training Results\\n\\n**Generated:** 2025-11-18 13:51:26\\n\\nThis document presents the results of the end-to-end production ML training pipeline validation.\\n\\n## Executive Summary\\n\\n\u2705 **All performance requirements met**\\n\\n### Key Metrics\\n\\n- **Test Accuracy:** 92.00%\\n- **Test F1 Score:** 90.00%\\n- **Model Size:** 268.00 MB\\n- **Training Time:** 3.50 hours\\n- **Inference Latency (p95):** 0.00 ms\\n\\n## Dataset Statistics\\n\\n### Collection\\n\\n- **Total Papers Collected:** 10,000\\n- **Categories:** 10\\n- **Collection Time:** 0.00 seconds\\n\\n### Preprocessing\\n\\n- **Samples After Cleaning:** 0\\n- **Samples Removed:** 0\\n- **Removal Rate:** 0.00%\\n- **Preprocessing Time:** 0.00 seconds\\n\\n### Data Splits\\n\\n| Split | Samples | Percentage |\\n|-------|---------|------------|\\n\\n## Training Results\\n\\n### Model Configuration\\n\\n- **Base Model:** DistilBERT-base-uncased\\n- **Task:** Multi-class classification (10 categories)\\n- **Training Epochs:** 3\\n- **Batch Size:** 16\\n- **Learning Rate:** 2e-5\\n\\n### Training Metrics\\n\\n| Metric | Value |\\n|--------|-------|\\n| Train Accuracy | 0.00% |\\n| Validation Accuracy | 0.00% |\\n| Test Accuracy | 92.00% |\\n| Test F1 Score |...ions\\n\\n### For Production Deployment\\n\\n1. **Model Serving:** Use model versioning and A/B testing for safe deployments\\n2. **Monitoring:** Implement comprehensive monitoring for latency, accuracy, and errors\\n3. **Retraining:** Set up automated retraining pipeline to keep model current\\n4. **Scaling:** Consider model quantization or distillation for edge deployment\\n\\n### For Future Improvements\\n\\n1. **Data Augmentation:** Explore techniques to increase training data diversity\\n2. **Hyperparameter Tuning:** Use Optuna for systematic hyperparameter optimization\\n3. **Model Architecture:** Experiment with newer transformer models (RoBERTa, ALBERT)\\n4. **Multi-task Learning:** Train on multiple related tasks simultaneously\\n\\n## Conclusion\\n\\nThe production ML training pipeline successfully met all performance requirements. \\nThe trained model achieves high accuracy while maintaining low latency and reasonable \\nresource usage. The pipeline is ready for production deployment with automated retraining.\\n\\n## Appendix\\n\\n### Pipeline Steps and Timings\\n\\n| Step | Status | Time |\\n|------|--------|------|\\n| step1 | \u2705 SUCCESS | 1.67 minutes |\\n\\n**Total Pipeline Time:** 3.50 hours\\n'
---------------------------- Captured stderr call -----------------------------
2025-11-18 13:51:26,584 - scripts.evaluation.generate_performance_report - INFO - Loaded all result files
------------------------------ Captured log call ------------------------------
INFO     scripts.evaluation.generate_performance_report:generate_performance_report.py:53 Loaded all result files
_______________ TestABTestingFramework.test_prediction_logging ________________
tests\integration\training\test_ab_testing.py:185: in test_prediction_logging
    ab_testing.log_prediction(
scripts\deployment\ab_testing.py:255: in log_prediction
    'user_id': UUID(user_id) if user_id else None
               ^^^^^^^^^^^^^
C:\Python313\Lib\uuid.py:181: in __init__
    raise ValueError('badly formed hexadecimal UUID string')
E   ValueError: badly formed hexadecimal UUID string
---------------------------- Captured stdout setup ----------------------------
2025-11-18 13:51:27,146 INFO sqlalchemy.engine.Engine BEGIN (implicit)
2025-11-18 13:51:27,147 INFO sqlalchemy.engine.Engine PRAGMA main.table_info("resources")
2025-11-18 13:51:27,147 INFO sqlalchemy.engine.Engine [raw sql] ()
2025-11-18 13:51:27,148 INFO sqlalchemy.engine.Engine PRAGMA main.table_info("classification_codes")
2025-11-18 13:51:27,148 INFO sqlalchemy.engine.Engine [raw sql] ()
2025-11-18 13:51:27,148 INFO sqlalchemy.engine.Engine PRAGMA main.table_info("authority_subjects")
2025-11-18 13:51:27,149 INFO sqlalchemy.engine.Engine [raw sql] ()
2025-11-18 13:51:27,151 INFO sqlalchemy.engine.Engine PRAGMA main.table_info("authority_creators")
2025-11-18 13:51:27,151 INFO sqlalchemy.engine.Engine [raw sql] ()
2025-11-18 13:51:27,151 INFO sqlalchemy.engine.Engine PRAGMA main.table_info("authority_publishers")
2025-11-18 13:51:27,151 INFO sqlalchemy.engine.Engine [raw sql] ()
2025-11-18 13:51:27,151 INFO sqlalchemy.engine.Engine PRAGMA main.table_info("citations")
2025-11-18 13:51:27,152 INFO sqlalchemy.engine.Engine [raw sql] ()
2025-11-18 13:51:27,152 INFO sqlalchemy.engine.Engine PRAGMA main.table_info("collection_resources")
2025-11-18 13:51:27,152 INFO sqlalchemy.engine.Engine [raw sql] ()
2025-11-18 13:51:27,152 INFO sqlalchemy.engine.Engine PRAGMA main.table_info("collections")
2025-11-18 13:51:27,152 INFO sqlalchemy.engine.Engine [raw sql] ()
2025-11-18 13:51:27,152 INFO sqlalchemy.engine.Engine PRAGMA main.table_info("taxonomy_nodes")
2025-11-18 13:51:27,153 INFO sqlalchemy.engine.Engine [raw sql] ()
2025-11-18 13:51:27,153 INFO sqlalchemy.engine.Engine PRAGMA main.table_info("resource_taxonomy")
2025-11-18 13:51:27,153 INFO sqlalchemy.engine.Engine [raw sql] ()
2025-11-18 13:51:27,154 INFO sqlalchemy.engine.Engine PRAGMA main.table_info("annotations")
2025-11-18 13:51:27,155 INFO sqlalchemy.engine.Engine [raw sql] ()
2025-11-18 13:51:27,155 INFO sqlalchemy.engine.Engine PRAGMA main.table_info("graph_edges")
2025-11-18 13:51:27,155 INFO sqlalchemy.engine.Engine [raw sql] ()
2025-11-18 13:51:27,155 INFO sqlalchemy.engine.Engine PRAGMA main.table_info("graph_embeddings")
2025-11-18 13:51:27,155 INFO sqlalchemy.engine.Engine [raw sql] ()
2025-11-18 13:51:27,155 INFO sqlalchemy.engine.Engine PRAGMA main.table_info("discovery_hypotheses")
2025-11-18 13:51:27,156 INFO sqlalchemy.engine.Engine [raw sql] ()
2025-11-18 13:51:27,156 INFO sqlalchemy.engine.Engine PRAGMA main.table_info("users")
2025-11-18 13:51:27,156 INFO sqlalchemy.engine.Engine [raw sql] ()
2025-11-18 13:51:27,156 INFO sqlalchemy.engine.Engine PRAGMA main.table_info("user_profiles")
2025-11-18 13:51:27,156 INFO sqlalchemy.engine.Engine [raw sql] ()
2025-11-18 13:51:27,157 INFO sqlalchemy.engine.Engine PRAGMA main.table_info("user_interactions")
2025-11-18 13:51:27,157 INFO sqlalchemy.engine.Engine [raw sql] ()
2025-11-18 13:51:27,157 INFO sqlalchemy.engine.Engine PRAGMA main.table_info("recommendation_feedback")
2025-11-18 13:51:27,157 INFO sqlalchemy.engine.Engine [raw sql] ()
2025-11-18 13:51:27,159 INFO sqlalchemy.engine.Engine PRAGMA main.table_info("model_versions")
2025-11-18 13:51:27,159 INFO sqlalchemy.engine.Engine [raw sql] ()
2025-11-18 13:51:27,160 INFO sqlalchemy.engine.Engine PRAGMA main.table_info("ab_test_experiments")
2025-11-18 13:51:27,160 INFO sqlalchemy.engine.Engine [raw sql] ()
2025-11-18 13:51:27,160 INFO sqlalchemy.engine.Engine PRAGMA main.table_info("prediction_logs")
2025-11-18 13:51:27,160 INFO sqlalchemy.engine.Engine [raw sql] ()
2025-11-18 13:51:27,161 INFO sqlalchemy.engine.Engine PRAGMA main.table_info("retraining_runs")
2025-11-18 13:51:27,161 INFO sqlalchemy.engine.Engine [raw sql] ()
2025-11-18 13:51:27,161 INFO sqlalchemy.engine.Engine COMMIT
2025-11-18 13:51:27,161 INFO sqlalchemy.engine.Engine BEGIN (implicit)
2025-11-18 13:51:27,163 INFO sqlalchemy.engine.Engine PRAGMA main.table_info("resources")
2025-11-18 13:51:27,163 INFO sqlalchemy.engine.Engine [raw sql] ()
2025-11-18 13:51:27,164 INFO sqlalchemy.engine.Engine PRAGMA main.table_info("classification_codes")
2025-11-18 13:51:27,164 INFO sqlalchemy.engine.Engine [raw sql] ()
2025-11-18 13:51:27,165 INFO sqlalchemy.engine.Engine PRAGMA main.table_info("authority_subjects")
2025-11-18 13:51:27,165 INFO sqlalchemy.engine.Engine [raw sql] ()
2025-11-18 13:51:27,165 INFO sqlalchemy.engine.Engine PRAGMA main.table_info("authority_creators")
2025-11-18 13:51:27,166 INFO sqlalchemy.engine.Engine [raw sql] ()
2025-11-18 13:51:27,166 INFO sqlalchemy.engine.Engine PRAGMA main.table_info("authority_publishers")
2025-11-18 13:51:27,167 INFO sqlalchemy.engine.Engine [raw sql] ()
2025-11-18 13:51:27,167 INFO sqlalchemy.engine.Engine PRAGMA main.table_info("citations")
2025-11-18 13:51:27,167 INFO sqlalchemy.engine.Engine [raw sql] ()
2025-11-18 13:51:27,168 INFO sqlalchemy.engine.Engine PRAGMA main.table_info("collection_resources")
2025-11-18 13:51:27,168 INFO sqlalchemy.engine.Engine [raw sql] ()
2025-11-18 13:51:27,168 INFO sqlalchemy.engine.Engine PRAGMA main.table_info("collections")
2025-11-18 13:51:27,169 INFO sqlalchemy.engine.Engine [raw sql] ()
2025-11-18 13:51:27,169 INFO sqlalchemy.engine.Engine PRAGMA main.table_info("taxonomy_nodes")
2025-11-18 13:51:27,169 INFO sqlalchemy.engine.Engine [raw sql] ()
2025-11-18 13:51:27,169 INFO sqlalchemy.engine.Engine PRAGMA main.table_info("resource_taxonomy")
2025-11-18 13:51:27,169 INFO sqlalchemy.engine.Engine [raw sql] ()
2025-11-18 13:51:27,169 INFO sqlalchemy.engine.Engine PRAGMA main.table_info("annotations")
2025-11-18 13:51:27,170 INFO sqlalchemy.engine.Engine [raw sql] ()
2025-11-18 13:51:27,171 INFO sqlalchemy.engine.Engine PRAGMA main.table_info("graph_edges")
2025-11-18 13:51:27,171 INFO sqlalchemy.engine.Engine [raw sql] ()
2025-11-18 13:51:27,171 INFO sqlalchemy.engine.Engine PRAGMA main.table_info("graph_embeddings")
2025-11-18 13:51:27,171 INFO sqlalchemy.engine.Engine [raw sql] ()
2025-11-18 13:51:27,172 INFO sqlalchemy.engine.Engine PRAGMA main.table_info("discovery_hypotheses")
2025-11-18 13:51:27,172 INFO sqlalchemy.engine.Engine [raw sql] ()
2025-11-18 13:51:27,172 INFO sqlalchemy.engine.Engine PRAGMA main.table_info("users")
2025-11-18 13:51:27,172 INFO sqlalchemy.engine.Engine [raw sql] ()
2025-11-18 13:51:27,172 INFO sqlalchemy.engine.Engine PRAGMA main.table_info("user_profiles")
2025-11-18 13:51:27,172 INFO sqlalchemy.engine.Engine [raw sql] ()
2025-11-18 13:51:27,172 INFO sqlalchemy.engine.Engine PRAGMA main.table_info("user_interactions")
2025-11-18 13:51:27,173 INFO sqlalchemy.engine.Engine [raw sql] ()
2025-11-18 13:51:27,173 INFO sqlalchemy.engine.Engine PRAGMA main.table_info("recommendation_feedback")
2025-11-18 13:51:27,173 INFO sqlalchemy.engine.Engine [raw sql] ()
2025-11-18 13:51:27,173 INFO sqlalchemy.engine.Engine PRAGMA main.table_info("model_versions")
2025-11-18 13:51:27,173 INFO sqlalchemy.engine.Engine [raw sql] ()
2025-11-18 13:51:27,173 INFO sqlalchemy.engine.Engine PRAGMA main.table_info("ab_test_experiments")
2025-11-18 13:51:27,173 INFO sqlalchemy.engine.Engine [raw sql] ()
2025-11-18 13:51:27,174 INFO sqlalchemy.engine.Engine PRAGMA main.table_info("prediction_logs")
2025-11-18 13:51:27,175 INFO sqlalchemy.engine.Engine [raw sql] ()
2025-11-18 13:51:27,176 INFO sqlalchemy.engine.Engine PRAGMA main.table_info("retraining_runs")
2025-11-18 13:51:27,176 INFO sqlalchemy.engine.Engine [raw sql] ()
2025-11-18 13:51:27,176 INFO sqlalchemy.engine.Engine COMMIT
2025-11-18 13:51:27,176 INFO sqlalchemy.engine.Engine BEGIN (implicit)
2025-11-18 13:51:27,177 INFO sqlalchemy.engine.Engine INSERT INTO model_versions (id, version, model_type, model_path, status, promoted_at, metadata, metrics) VALUES (?, ?, ?, ?, ?, ?, ?, ?), (?, ?, ?, ?, ?, ?, ?, ?) RETURNING created_at, id
2025-11-18 13:51:27,177 INFO sqlalchemy.engine.Engine [cached since 0.4838s ago (insertmanyvalues) 1/1 (ordered)] ('0f76ab77-7f78-4d6c-88a4-61f4900deb40', 'v1.0.0', 'classification', 'models/classification/arxiv_v1.0.0', 'production', None, '{"dataset_size": 10000, "num_categories": 10}', '{"accuracy": 0.9, "f1_score": 0.88}', 'b0d8a8c6-1d9f-46ad-ab16-c308e6609da7', 'v1.1.0', 'classification', 'models/classification/arxiv_v1.1.0', 'testing', None, '{"dataset_size": 11500, "num_categories": 10}', '{"accuracy": 0.93, "f1_score": 0.91}')
2025-11-18 13:51:27,179 INFO sqlalchemy.engine.Engine COMMIT
2025-11-18 13:51:27,184 INFO sqlalchemy.engine.Engine BEGIN (implicit)
2025-11-18 13:51:27,185 INFO sqlalchemy.engine.Engine SELECT model_versions.id, model_versions.version, model_versions.model_type, model_versions.model_path, model_versions.status, model_versions.created_at, model_versions.promoted_at, model_versions.metadata, model_versions.metrics 
FROM model_versions 
WHERE model_versions.id = ?
2025-11-18 13:51:27,185 INFO sqlalchemy.engine.Engine [cached since 0.4795s ago] ('0f76ab77-7f78-4d6c-88a4-61f4900deb40',)
2025-11-18 13:51:27,186 INFO sqlalchemy.engine.Engine SELECT model_versions.id, model_versions.version, model_versions.model_type, model_versions.model_path, model_versions.status, model_versions.created_at, model_versions.promoted_at, model_versions.metadata, model_versions.metrics 
FROM model_versions 
WHERE model_versions.id = ?
2025-11-18 13:51:27,186 INFO sqlalchemy.engine.Engine [cached since 0.4807s ago] ('b0d8a8c6-1d9f-46ad-ab16-c308e6609da7',)
---------------------------- Captured stderr setup ----------------------------
2025-11-18 13:51:27,143 - backend.scripts.deployment.model_versioning - INFO - Model versioning initialized with base directory: models\classification
2025-11-18 13:51:27,144 - backend.scripts.deployment.model_versioning - INFO - Loading existing registry from models\classification\version_registry.json
2025-11-18 13:51:27,144 - backend.scripts.deployment.model_versioning - INFO - Version registry loaded: 0 versions
2025-11-18 13:51:27,144 - backend.scripts.deployment.ab_testing - INFO - ABTestingFramework initialized
2025-11-18 13:51:27,146 - sqlalchemy.engine.Engine - INFO - BEGIN (implicit)
2025-11-18 13:51:27,147 - sqlalchemy.engine.Engine - INFO - PRAGMA main.table_info("resources")
2025-11-18 13:51:27,147 - sqlalchemy.engine.Engine - INFO - [raw sql] ()
2025-11-18 13:51:27,148 - sqlalchemy.engine.Engine - INFO - PRAGMA main.table_info("classification_codes")
2025-11-18 13:51:27,148 - sqlalchemy.engine.Engine - INFO - [raw sql] ()
2025-11-18 13:51:27,148 - sqlalchemy.engine.Engine - INFO - PRAGMA main.table_info("authority_subjects")
2025-11-18 13:51:27,149 - sqlalchemy.engine.Engine - INFO - [raw sql] ()
2025-11-18 13:51:27,151 - sqlalchemy.engine.Engine - INFO - PRAGMA main.table_info("authority_creators")
2025-11-18 13:51:27,151 - sqlalchemy.engine.Engine - INFO - [raw sql] ()
2025-11-18 13:51:27,151 - sqlalchemy.engine.Engine - INFO - PRAGMA main.table_info("authority_publishers")
2025-11-18 13:51:27,151 - sqlalchemy.engine.Engine - INFO - [raw sql] ()
2025-11-18 13:51:27,151 - sqlalchemy.engine.Engine - INFO - PRAGMA main.table_info("citations")
2025-11-18 13:51:27,152 - sqlalchemy.engine.Engine - INFO - [raw sql] ()
2025-11-18 13:51:27,152 - sqlalchemy.engine.Engine - INFO - PRAGMA main.table_info("collection_resources")
2025-11-18 13:51:27,152 - sqlalchemy.engine.Engine - INFO - [raw sql] ()
2025-11-18 13:51:27,152 - sqlalchemy.engine.Engine - INFO - PRAGMA main.table_info("collections")
2025-11-18 13:51:27,152 - sqlalchemy.engine.Engine - INFO - [raw sql] ()
2025-11-18 13:51:27,152 - sqlalchemy.engine.Engine - INFO - PRAGMA main.table_info("taxonomy_nodes")
2025-11-18 13:51:27,153 - sqlalchemy.engine.Engine - INFO - [raw sql] ()
2025-11-18 13:51:27,153 - sqlalchemy.engine.Engine - INFO - PRAGMA main.table_info("resource_taxonomy")
2025-11-18 13:51:27,153 - sqlalchemy.engine.Engine - INFO - [raw sql] ()
2025-11-18 13:51:27,154 - sqlalchemy.engine.Engine - INFO - PRAGMA main.table_info("annotations")
2025-11-18 13:51:27,155 - sqlalchemy.engine.Engine - INFO - [raw sql] ()
2025-11-18 13:51:27,155 - sqlalchemy.engine.Engine - INFO - PRAGMA main.table_info("graph_edges")
2025-11-18 13:51:27,155 - sqlalchemy.engine.Engine - INFO - [raw sql] ()
2025-11-18 13:51:27,155 - sqlalchemy.engine.Engine - INFO - PRAGMA main.table_info("graph_embeddings")
2025-11-18 13:51:27,155 - sqlalchemy.engine.Engine - INFO - [raw sql] ()
2025-11-18 13:51:27,155 - sqlalchemy.engine.Engine - INFO - PRAGMA main.table_info("discovery_hypotheses")
2025-11-18 13:51:27,156 - sqlalchemy.engine.Engine - INFO - [raw sql] ()
2025-11-18 13:51:27,156 - sqlalchemy.engine.Engine - INFO - PRAGMA main.table_info("users")
2025-11-18 13:51:27,156 - sqlalchemy.engine.Engine - INFO - [raw sql] ()
2025-11-18 13:51:27,156 - sqlalchemy.engine.Engine - INFO - PRAGMA main.table_info("user_profiles")
2025-11-18 13:51:27,156 - sqlalchemy.engine.Engine - INFO - [raw sql] ()
2025-11-18 13:51:27,157 - sqlalchemy.engine.Engine - INFO - PRAGMA main.table_info("user_interactions")
2025-11-18 13:51:27,157 - sqlalchemy.engine.Engine - INFO - [raw sql] ()
2025-11-18 13:51:27,157 - sqlalchemy.engine.Engine - INFO - PRAGMA main.table_info("recommendation_feedback")
2025-11-18 13:51:27,157 - sqlalchemy.engine.Engine - INFO - [raw sql] ()
2025-11-18 13:51:27,159 - sqlalchemy.engine.Engine - INFO - PRAGMA main.table_info("model_versions")
2025-11-18 13:51:27,159 - sqlalchemy.engine.Engine - INFO - [raw sql] ()
2025-11-18 13:51:27,160 - sqlalchemy.engine.Engine - INFO - PRAGMA main.table_info("ab_test_experiments")
2025-11-18 13:51:27,160 - sqlalchemy.engine.Engine - INFO - [raw sql] ()
2025-11-18 13:51:27,160 - sqlalchemy.engine.Engine - INFO - PRAGMA main.table_info("prediction_logs")
2025-11-18 13:51:27,160 - sqlalchemy.engine.Engine - INFO - [raw sql] ()
2025-11-18 13:51:27,161 - sqlalchemy.engine.Engine - INFO - PRAGMA main.table_info("retraining_runs")
2025-11-18 13:51:27,161 - sqlalchemy.engine.Engine - INFO - [raw sql] ()
2025-11-18 13:51:27,161 - sqlalchemy.engine.Engine - INFO - COMMIT
2025-11-18 13:51:27,161 - sqlalchemy.engine.Engine - INFO - BEGIN (implicit)
2025-11-18 13:51:27,163 - sqlalchemy.engine.Engine - INFO - PRAGMA main.table_info("resources")
2025-11-18 13:51:27,163 - sqlalchemy.engine.Engine - INFO - [raw sql] ()
2025-11-18 13:51:27,164 - sqlalchemy.engine.Engine - INFO - PRAGMA main.table_info("classification_codes")
2025-11-18 13:51:27,164 - sqlalchemy.engine.Engine - INFO - [raw sql] ()
2025-11-18 13:51:27,165 - sqlalchemy.engine.Engine - INFO - PRAGMA main.table_info("authority_subjects")
2025-11-18 13:51:27,165 - sqlalchemy.engine.Engine - INFO - [raw sql] ()
2025-11-18 13:51:27,165 - sqlalchemy.engine.Engine - INFO - PRAGMA main.table_info("authority_creators")
2025-11-18 13:51:27,166 - sqlalchemy.engine.Engine - INFO - [raw sql] ()
2025-11-18 13:51:27,166 - sqlalchemy.engine.Engine - INFO - PRAGMA main.table_info("authority_publishers")
2025-11-18 13:51:27,167 - sqlalchemy.engine.Engine - INFO - [raw sql] ()
2025-11-18 13:51:27,167 - sqlalchemy.engine.Engine - INFO - PRAGMA main.table_info("citations")
2025-11-18 13:51:27,167 - sqlalchemy.engine.Engine - INFO - [raw sql] ()
2025-11-18 13:51:27,168 - sqlalchemy.engine.Engine - INFO - PRAGMA main.table_info("collection_resources")
2025-11-18 13:51:27,168 - sqlalchemy.engine.Engine - INFO - [raw sql] ()
2025-11-18 13:51:27,168 - sqlalchemy.engine.Engine - INFO - PRAGMA main.table_info("collections")
2025-11-18 13:51:27,169 - sqlalchemy.engine.Engine - INFO - [raw sql] ()
2025-11-18 13:51:27,169 - sqlalchemy.engine.Engine - INFO - PRAGMA main.table_info("taxonomy_nodes")
2025-11-18 13:51:27,169 - sqlalchemy.engine.Engine - INFO - [raw sql] ()
2025-11-18 13:51:27,169 - sqlalchemy.engine.Engine - INFO - PRAGMA main.table_info("resource_taxonomy")
2025-11-18 13:51:27,169 - sqlalchemy.engine.Engine - INFO - [raw sql] ()
2025-11-18 13:51:27,169 - sqlalchemy.engine.Engine - INFO - PRAGMA main.table_info("annotations")
2025-11-18 13:51:27,170 - sqlalchemy.engine.Engine - INFO - [raw sql] ()
2025-11-18 13:51:27,171 - sqlalchemy.engine.Engine - INFO - PRAGMA main.table_info("graph_edges")
2025-11-18 13:51:27,171 - sqlalchemy.engine.Engine - INFO - [raw sql] ()
2025-11-18 13:51:27,171 - sqlalchemy.engine.Engine - INFO - PRAGMA main.table_info("graph_embeddings")
2025-11-18 13:51:27,171 - sqlalchemy.engine.Engine - INFO - [raw sql] ()
2025-11-18 13:51:27,172 - sqlalchemy.engine.Engine - INFO - PRAGMA main.table_info("discovery_hypotheses")
2025-11-18 13:51:27,172 - sqlalchemy.engine.Engine - INFO - [raw sql] ()
2025-11-18 13:51:27,172 - sqlalchemy.engine.Engine - INFO - PRAGMA main.table_info("users")
2025-11-18 13:51:27,172 - sqlalchemy.engine.Engine - INFO - [raw sql] ()
2025-11-18 13:51:27,172 - sqlalchemy.engine.Engine - INFO - PRAGMA main.table_info("user_profiles")
2025-11-18 13:51:27,172 - sqlalchemy.engine.Engine - INFO - [raw sql] ()
2025-11-18 13:51:27,172 - sqlalchemy.engine.Engine - INFO - PRAGMA main.table_info("user_interactions")
2025-11-18 13:51:27,173 - sqlalchemy.engine.Engine - INFO - [raw sql] ()
2025-11-18 13:51:27,173 - sqlalchemy.engine.Engine - INFO - PRAGMA main.table_info("recommendation_feedback")
2025-11-18 13:51:27,173 - sqlalchemy.engine.Engine - INFO - [raw sql] ()
2025-11-18 13:51:27,173 - sqlalchemy.engine.Engine - INFO - PRAGMA main.table_info("model_versions")
2025-11-18 13:51:27,173 - sqlalchemy.engine.Engine - INFO - [raw sql] ()
2025-11-18 13:51:27,173 - sqlalchemy.engine.Engine - INFO - PRAGMA main.table_info("ab_test_experiments")
2025-11-18 13:51:27,173 - sqlalchemy.engine.Engine - INFO - [raw sql] ()
2025-11-18 13:51:27,174 - sqlalchemy.engine.Engine - INFO - PRAGMA main.table_info("prediction_logs")
2025-11-18 13:51:27,175 - sqlalchemy.engine.Engine - INFO - [raw sql] ()
2025-11-18 13:51:27,176 - sqlalchemy.engine.Engine - INFO - PRAGMA main.table_info("retraining_runs")
2025-11-18 13:51:27,176 - sqlalchemy.engine.Engine - INFO - [raw sql] ()
2025-11-18 13:51:27,176 - sqlalchemy.engine.Engine - INFO - COMMIT
2025-11-18 13:51:27,176 - sqlalchemy.engine.Engine - INFO - BEGIN (implicit)
2025-11-18 13:51:27,177 - sqlalchemy.engine.Engine - INFO - INSERT INTO model_versions (id, version, model_type, model_path, status, promoted_at, metadata, metrics) VALUES (?, ?, ?, ?, ?, ?, ?, ?), (?, ?, ?, ?, ?, ?, ?, ?) RETURNING created_at, id
2025-11-18 13:51:27,177 - sqlalchemy.engine.Engine - INFO - [cached since 0.4838s ago (insertmanyvalues) 1/1 (ordered)] ('0f76ab77-7f78-4d6c-88a4-61f4900deb40', 'v1.0.0', 'classification', 'models/classification/arxiv_v1.0.0', 'production', None, '{"dataset_size": 10000, "num_categories": 10}', '{"accuracy": 0.9, "f1_score": 0.88}', 'b0d8a8c6-1d9f-46ad-ab16-c308e6609da7', 'v1.1.0', 'classification', 'models/classification/arxiv_v1.1.0', 'testing', None, '{"dataset_size": 11500, "num_categories": 10}', '{"accuracy": 0.93, "f1_score": 0.91}')
2025-11-18 13:51:27,179 - sqlalchemy.engine.Engine - INFO - COMMIT
2025-11-18 13:51:27,184 - sqlalchemy.engine.Engine - INFO - BEGIN (implicit)
2025-11-18 13:51:27,185 - sqlalchemy.engine.Engine - INFO - SELECT model_versions.id, model_versions.version, model_versions.model_type, model_versions.model_path, model_versions.status, model_versions.created_at, model_versions.promoted_at, model_versions.metadata, model_versions.metrics 
FROM model_versions 
WHERE model_versions.id = ?
2025-11-18 13:51:27,185 - sqlalchemy.engine.Engine - INFO - [cached since 0.4795s ago] ('0f76ab77-7f78-4d6c-88a4-61f4900deb40',)
2025-11-18 13:51:27,186 - sqlalchemy.engine.Engine - INFO - SELECT model_versions.id, model_versions.version, model_versions.model_type, model_versions.model_path, model_versions.status, model_versions.created_at, model_versions.promoted_at, model_versions.metadata, model_versions.metrics 
FROM model_versions 
WHERE model_versions.id = ?
2025-11-18 13:51:27,186 - sqlalchemy.engine.Engine - INFO - [cached since 0.4807s ago] ('b0d8a8c6-1d9f-46ad-ab16-c308e6609da7',)
----------------------------- Captured log setup ------------------------------
INFO     backend.scripts.deployment.model_versioning:model_versioning.py:63 Model versioning initialized with base directory: models\classification
INFO     backend.scripts.deployment.model_versioning:model_versioning.py:78 Loading existing registry from models\classification\version_registry.json
INFO     backend.scripts.deployment.model_versioning:model_versioning.py:68 Version registry loaded: 0 versions
INFO     backend.scripts.deployment.ab_testing:ab_testing.py:95 ABTestingFramework initialized
INFO     sqlalchemy.engine.Engine:base.py:2702 BEGIN (implicit)
INFO     sqlalchemy.engine.Engine:base.py:1846 PRAGMA main.table_info("resources")
INFO     sqlalchemy.engine.Engine:base.py:1846 [raw sql] ()
INFO     sqlalchemy.engine.Engine:base.py:1846 PRAGMA main.table_info("classification_codes")
INFO     sqlalchemy.engine.Engine:base.py:1846 [raw sql] ()
INFO     sqlalchemy.engine.Engine:base.py:1846 PRAGMA main.table_info("authority_subjects")
INFO     sqlalchemy.engine.Engine:base.py:1846 [raw sql] ()
INFO     sqlalchemy.engine.Engine:base.py:1846 PRAGMA main.table_info("authority_creators")
INFO     sqlalchemy.engine.Engine:base.py:1846 [raw sql] ()
INFO     sqlalchemy.engine.Engine:base.py:1846 PRAGMA main.table_info("authority_publishers")
INFO     sqlalchemy.engine.Engine:base.py:1846 [raw sql] ()
INFO     sqlalchemy.engine.Engine:base.py:1846 PRAGMA main.table_info("citations")
INFO     sqlalchemy.engine.Engine:base.py:1846 [raw sql] ()
INFO     sqlalchemy.engine.Engine:base.py:1846 PRAGMA main.table_info("collection_resources")
INFO     sqlalchemy.engine.Engine:base.py:1846 [raw sql] ()
INFO     sqlalchemy.engine.Engine:base.py:1846 PRAGMA main.table_info("collections")
INFO     sqlalchemy.engine.Engine:base.py:1846 [raw sql] ()
INFO     sqlalchemy.engine.Engine:base.py:1846 PRAGMA main.table_info("taxonomy_nodes")
INFO     sqlalchemy.engine.Engine:base.py:1846 [raw sql] ()
INFO     sqlalchemy.engine.Engine:base.py:1846 PRAGMA main.table_info("resource_taxonomy")
INFO     sqlalchemy.engine.Engine:base.py:1846 [raw sql] ()
INFO     sqlalchemy.engine.Engine:base.py:1846 PRAGMA main.table_info("annotations")
INFO     sqlalchemy.engine.Engine:base.py:1846 [raw sql] ()
INFO     sqlalchemy.engine.Engine:base.py:1846 PRAGMA main.table_info("graph_edges")
INFO     sqlalchemy.engine.Engine:base.py:1846 [raw sql] ()
INFO     sqlalchemy.engine.Engine:base.py:1846 PRAGMA main.table_info("graph_embeddings")
INFO     sqlalchemy.engine.Engine:base.py:1846 [raw sql] ()
INFO     sqlalchemy.engine.Engine:base.py:1846 PRAGMA main.table_info("discovery_hypotheses")
INFO     sqlalchemy.engine.Engine:base.py:1846 [raw sql] ()
INFO     sqlalchemy.engine.Engine:base.py:1846 PRAGMA main.table_info("users")
INFO     sqlalchemy.engine.Engine:base.py:1846 [raw sql] ()
INFO     sqlalchemy.engine.Engine:base.py:1846 PRAGMA main.table_info("user_profiles")
INFO     sqlalchemy.engine.Engine:base.py:1846 [raw sql] ()
INFO     sqlalchemy.engine.Engine:base.py:1846 PRAGMA main.table_info("user_interactions")
INFO     sqlalchemy.engine.Engine:base.py:1846 [raw sql] ()
INFO     sqlalchemy.engine.Engine:base.py:1846 PRAGMA main.table_info("recommendation_feedback")
INFO     sqlalchemy.engine.Engine:base.py:1846 [raw sql] ()
INFO     sqlalchemy.engine.Engine:base.py:1846 PRAGMA main.table_info("model_versions")
INFO     sqlalchemy.engine.Engine:base.py:1846 [raw sql] ()
INFO     sqlalchemy.engine.Engine:base.py:1846 PRAGMA main.table_info("ab_test_experiments")
INFO     sqlalchemy.engine.Engine:base.py:1846 [raw sql] ()
INFO     sqlalchemy.engine.Engine:base.py:1846 PRAGMA main.table_info("prediction_logs")
INFO     sqlalchemy.engine.Engine:base.py:1846 [raw sql] ()
INFO     sqlalchemy.engine.Engine:base.py:1846 PRAGMA main.table_info("retraining_runs")
INFO     sqlalchemy.engine.Engine:base.py:1846 [raw sql] ()
INFO     sqlalchemy.engine.Engine:base.py:2708 COMMIT
INFO     sqlalchemy.engine.Engine:base.py:2702 BEGIN (implicit)
INFO     sqlalchemy.engine.Engine:base.py:1846 PRAGMA main.table_info("resources")
INFO     sqlalchemy.engine.Engine:base.py:1846 [raw sql] ()
INFO     sqlalchemy.engine.Engine:base.py:1846 PRAGMA main.table_info("classification_codes")
INFO     sqlalchemy.engine.Engine:base.py:1846 [raw sql] ()
INFO     sqlalchemy.engine.Engine:base.py:1846 PRAGMA main.table_info("authority_subjects")
INFO     sqlalchemy.engine.Engine:base.py:1846 [raw sql] ()
INFO     sqlalchemy.engine.Engine:base.py:1846 PRAGMA main.table_info("authority_creators")
INFO     sqlalchemy.engine.Engine:base.py:1846 [raw sql] ()
INFO     sqlalchemy.engine.Engine:base.py:1846 PRAGMA main.table_info("authority_publishers")
INFO     sqlalchemy.engine.Engine:base.py:1846 [raw sql] ()
INFO     sqlalchemy.engine.Engine:base.py:1846 PRAGMA main.table_info("citations")
INFO     sqlalchemy.engine.Engine:base.py:1846 [raw sql] ()
INFO     sqlalchemy.engine.Engine:base.py:1846 PRAGMA main.table_info("collection_resources")
INFO     sqlalchemy.engine.Engine:base.py:1846 [raw sql] ()
INFO     sqlalchemy.engine.Engine:base.py:1846 PRAGMA main.table_info("collections")
INFO     sqlalchemy.engine.Engine:base.py:1846 [raw sql] ()
INFO     sqlalchemy.engine.Engine:base.py:1846 PRAGMA main.table_info("taxonomy_nodes")
INFO     sqlalchemy.engine.Engine:base.py:1846 [raw sql] ()
INFO     sqlalchemy.engine.Engine:base.py:1846 PRAGMA main.table_info("resource_taxonomy")
INFO     sqlalchemy.engine.Engine:base.py:1846 [raw sql] ()
INFO     sqlalchemy.engine.Engine:base.py:1846 PRAGMA main.table_info("annotations")
INFO     sqlalchemy.engine.Engine:base.py:1846 [raw sql] ()
INFO     sqlalchemy.engine.Engine:base.py:1846 PRAGMA main.table_info("graph_edges")
INFO     sqlalchemy.engine.Engine:base.py:1846 [raw sql] ()
INFO     sqlalchemy.engine.Engine:base.py:1846 PRAGMA main.table_info("graph_embeddings")
INFO     sqlalchemy.engine.Engine:base.py:1846 [raw sql] ()
INFO     sqlalchemy.engine.Engine:base.py:1846 PRAGMA main.table_info("discovery_hypotheses")
INFO     sqlalchemy.engine.Engine:base.py:1846 [raw sql] ()
INFO     sqlalchemy.engine.Engine:base.py:1846 PRAGMA main.table_info("users")
INFO     sqlalchemy.engine.Engine:base.py:1846 [raw sql] ()
INFO     sqlalchemy.engine.Engine:base.py:1846 PRAGMA main.table_info("user_profiles")
INFO     sqlalchemy.engine.Engine:base.py:1846 [raw sql] ()
INFO     sqlalchemy.engine.Engine:base.py:1846 PRAGMA main.table_info("user_interactions")
INFO     sqlalchemy.engine.Engine:base.py:1846 [raw sql] ()
INFO     sqlalchemy.engine.Engine:base.py:1846 PRAGMA main.table_info("recommendation_feedback")
INFO     sqlalchemy.engine.Engine:base.py:1846 [raw sql] ()
INFO     sqlalchemy.engine.Engine:base.py:1846 PRAGMA main.table_info("model_versions")
INFO     sqlalchemy.engine.Engine:base.py:1846 [raw sql] ()
INFO     sqlalchemy.engine.Engine:base.py:1846 PRAGMA main.table_info("ab_test_experiments")
INFO     sqlalchemy.engine.Engine:base.py:1846 [raw sql] ()
INFO     sqlalchemy.engine.Engine:base.py:1846 PRAGMA main.table_info("prediction_logs")
INFO     sqlalchemy.engine.Engine:base.py:1846 [raw sql] ()
INFO     sqlalchemy.engine.Engine:base.py:1846 PRAGMA main.table_info("retraining_runs")
INFO     sqlalchemy.engine.Engine:base.py:1846 [raw sql] ()
INFO     sqlalchemy.engine.Engine:base.py:2708 COMMIT
INFO     sqlalchemy.engine.Engine:base.py:2702 BEGIN (implicit)
INFO     sqlalchemy.engine.Engine:base.py:1844 INSERT INTO model_versions (id, version, model_type, model_path, status, promoted_at, metadata, metrics) VALUES (?, ?, ?, ?, ?, ?, ?, ?), (?, ?, ?, ?, ?, ?, ?, ?) RETURNING created_at, id
INFO     sqlalchemy.engine.Engine:base.py:1844 [cached since 0.4838s ago (insertmanyvalues) 1/1 (ordered)] ('0f76ab77-7f78-4d6c-88a4-61f4900deb40', 'v1.0.0', 'classification', 'models/classification/arxiv_v1.0.0', 'production', None, '{"dataset_size": 10000, "num_categories": 10}', '{"accuracy": 0.9, "f1_score": 0.88}', 'b0d8a8c6-1d9f-46ad-ab16-c308e6609da7', 'v1.1.0', 'classification', 'models/classification/arxiv_v1.1.0', 'testing', None, '{"dataset_size": 11500, "num_categories": 10}', '{"accuracy": 0.93, "f1_score": 0.91}')
INFO     sqlalchemy.engine.Engine:base.py:2708 COMMIT
INFO     sqlalchemy.engine.Engine:base.py:2702 BEGIN (implicit)
INFO     sqlalchemy.engine.Engine:base.py:1846 SELECT model_versions.id, model_versions.version, model_versions.model_type, model_versions.model_path, model_versions.status, model_versions.created_at, model_versions.promoted_at, model_versions.metadata, model_versions.metrics 
FROM model_versions 
WHERE model_versions.id = ?
INFO     sqlalchemy.engine.Engine:base.py:1846 [cached since 0.4795s ago] ('0f76ab77-7f78-4d6c-88a4-61f4900deb40',)
INFO     sqlalchemy.engine.Engine:base.py:1846 SELECT model_versions.id, model_versions.version, model_versions.model_type, model_versions.model_path, model_versions.status, model_versions.created_at, model_versions.promoted_at, model_versions.metadata, model_versions.metrics 
FROM model_versions 
WHERE model_versions.id = ?
INFO     sqlalchemy.engine.Engine:base.py:1846 [cached since 0.4807s ago] ('b0d8a8c6-1d9f-46ad-ab16-c308e6609da7',)
---------------------------- Captured stdout call -----------------------------
2025-11-18 13:51:27,189 INFO sqlalchemy.engine.Engine SELECT model_versions.id AS model_versions_id, model_versions.version AS model_versions_version, model_versions.model_type AS model_versions_model_type, model_versions.model_path AS model_versions_model_path, model_versions.status AS model_versions_status, model_versions.created_at AS model_versions_created_at, model_versions.promoted_at AS model_versions_promoted_at, model_versions.metadata AS model_versions_metadata, model_versions.metrics AS model_versions_metrics 
FROM model_versions 
WHERE model_versions.version = ?
 LIMIT ? OFFSET ?
2025-11-18 13:51:27,189 INFO sqlalchemy.engine.Engine [cached since 0.4769s ago] ('v1.0.0', 1, 0)
2025-11-18 13:51:27,190 INFO sqlalchemy.engine.Engine SELECT model_versions.id AS model_versions_id, model_versions.version AS model_versions_version, model_versions.model_type AS model_versions_model_type, model_versions.model_path AS model_versions_model_path, model_versions.status AS model_versions_status, model_versions.created_at AS model_versions_created_at, model_versions.promoted_at AS model_versions_promoted_at, model_versions.metadata AS model_versions_metadata, model_versions.metrics AS model_versions_metrics 
FROM model_versions 
WHERE model_versions.version = ?
 LIMIT ? OFFSET ?
2025-11-18 13:51:27,190 INFO sqlalchemy.engine.Engine [cached since 0.4776s ago] ('v1.1.0', 1, 0)
2025-11-18 13:51:27,190 INFO sqlalchemy.engine.Engine BEGIN (implicit)
2025-11-18 13:51:27,191 INFO sqlalchemy.engine.Engine PRAGMA main.table_info("resources")
2025-11-18 13:51:27,192 INFO sqlalchemy.engine.Engine [raw sql] ()
2025-11-18 13:51:27,193 INFO sqlalchemy.engine.Engine PRAGMA main.table_info("classification_codes")
2025-11-18 13:51:27,193 INFO sqlalchemy.engine.Engine [raw sql] ()
2025-11-18 13:51:27,193 INFO sqlalchemy.engine.Engine PRAGMA main.table_info("authority_subjects")
2025-11-18 13:51:27,193 INFO sqlalchemy.engine.Engine [raw sql] ()
2025-11-18 13:51:27,193 INFO sqlalchemy.engine.Engine PRAGMA main.table_info("authority_creators")
2025-11-18 13:51:27,194 INFO sqlalchemy.engine.Engine [raw sql] ()
2025-11-18 13:51:27,194 INFO sqlalchemy.engine.Engine PRAGMA main.table_info("authority_publishers")
2025-11-18 13:51:27,194 INFO sqlalchemy.engine.Engine [raw sql] ()
2025-11-18 13:51:27,194 INFO sqlalchemy.engine.Engine PRAGMA main.table_info("citations")
2025-11-18 13:51:27,194 INFO sqlalchemy.engine.Engine [raw sql] ()
2025-11-18 13:51:27,194 INFO sqlalchemy.engine.Engine PRAGMA main.table_info("collection_resources")
2025-11-18 13:51:27,194 INFO sqlalchemy.engine.Engine [raw sql] ()
2025-11-18 13:51:27,194 INFO sqlalchemy.engine.Engine PRAGMA main.table_info("collections")
2025-11-18 13:51:27,194 INFO sqlalchemy.engine.Engine [raw sql] ()
2025-11-18 13:51:27,195 INFO sqlalchemy.engine.Engine PRAGMA main.table_info("taxonomy_nodes")
2025-11-18 13:51:27,195 INFO sqlalchemy.engine.Engine [raw sql] ()
2025-11-18 13:51:27,196 INFO sqlalchemy.engine.Engine PRAGMA main.table_info("resource_taxonomy")
2025-11-18 13:51:27,196 INFO sqlalchemy.engine.Engine [raw sql] ()
2025-11-18 13:51:27,196 INFO sqlalchemy.engine.Engine PRAGMA main.table_info("annotations")
2025-11-18 13:51:27,196 INFO sqlalchemy.engine.Engine [raw sql] ()
2025-11-18 13:51:27,197 INFO sqlalchemy.engine.Engine PRAGMA main.table_info("graph_edges")
2025-11-18 13:51:27,197 INFO sqlalchemy.engine.Engine [raw sql] ()
2025-11-18 13:51:27,197 INFO sqlalchemy.engine.Engine PRAGMA main.table_info("graph_embeddings")
2025-11-18 13:51:27,198 INFO sqlalchemy.engine.Engine [raw sql] ()
2025-11-18 13:51:27,198 INFO sqlalchemy.engine.Engine PRAGMA main.table_info("discovery_hypotheses")
2025-11-18 13:51:27,198 INFO sqlalchemy.engine.Engine [raw sql] ()
2025-11-18 13:51:27,198 INFO sqlalchemy.engine.Engine PRAGMA main.table_info("users")
2025-11-18 13:51:27,198 INFO sqlalchemy.engine.Engine [raw sql] ()
2025-11-18 13:51:27,199 INFO sqlalchemy.engine.Engine PRAGMA main.table_info("user_profiles")
2025-11-18 13:51:27,199 INFO sqlalchemy.engine.Engine [raw sql] ()
2025-11-18 13:51:27,200 INFO sqlalchemy.engine.Engine PRAGMA main.table_info("user_interactions")
2025-11-18 13:51:27,200 INFO sqlalchemy.engine.Engine [raw sql] ()
2025-11-18 13:51:27,200 INFO sqlalchemy.engine.Engine PRAGMA main.table_info("recommendation_feedback")
2025-11-18 13:51:27,201 INFO sqlalchemy.engine.Engine [raw sql] ()
2025-11-18 13:51:27,201 INFO sqlalchemy.engine.Engine PRAGMA main.table_info("model_versions")
2025-11-18 13:51:27,201 INFO sqlalchemy.engine.Engine [raw sql] ()
2025-11-18 13:51:27,201 INFO sqlalchemy.engine.Engine PRAGMA main.table_info("ab_test_experiments")
2025-11-18 13:51:27,201 INFO sqlalchemy.engine.Engine [raw sql] ()
2025-11-18 13:51:27,201 INFO sqlalchemy.engine.Engine PRAGMA main.table_info("prediction_logs")
2025-11-18 13:51:27,201 INFO sqlalchemy.engine.Engine [raw sql] ()
2025-11-18 13:51:27,201 INFO sqlalchemy.engine.Engine PRAGMA main.table_info("retraining_runs")
2025-11-18 13:51:27,202 INFO sqlalchemy.engine.Engine [raw sql] ()
2025-11-18 13:51:27,202 INFO sqlalchemy.engine.Engine COMMIT
2025-11-18 13:51:27,202 INFO sqlalchemy.engine.Engine BEGIN (implicit)
2025-11-18 13:51:27,202 INFO sqlalchemy.engine.Engine PRAGMA main.table_info("resources")
2025-11-18 13:51:27,202 INFO sqlalchemy.engine.Engine [raw sql] ()
2025-11-18 13:51:27,202 INFO sqlalchemy.engine.Engine PRAGMA main.table_info("classification_codes")
2025-11-18 13:51:27,202 INFO sqlalchemy.engine.Engine [raw sql] ()
2025-11-18 13:51:27,203 INFO sqlalchemy.engine.Engine PRAGMA main.table_info("authority_subjects")
2025-11-18 13:51:27,203 INFO sqlalchemy.engine.Engine [raw sql] ()
2025-11-18 13:51:27,203 INFO sqlalchemy.engine.Engine PRAGMA main.table_info("authority_creators")
2025-11-18 13:51:27,203 INFO sqlalchemy.engine.Engine [raw sql] ()
2025-11-18 13:51:27,203 INFO sqlalchemy.engine.Engine PRAGMA main.table_info("authority_publishers")
2025-11-18 13:51:27,204 INFO sqlalchemy.engine.Engine [raw sql] ()
2025-11-18 13:51:27,204 INFO sqlalchemy.engine.Engine PRAGMA main.table_info("citations")
2025-11-18 13:51:27,204 INFO sqlalchemy.engine.Engine [raw sql] ()
2025-11-18 13:51:27,204 INFO sqlalchemy.engine.Engine PRAGMA main.table_info("collection_resources")
2025-11-18 13:51:27,204 INFO sqlalchemy.engine.Engine [raw sql] ()
2025-11-18 13:51:27,204 INFO sqlalchemy.engine.Engine PRAGMA main.table_info("collections")
2025-11-18 13:51:27,204 INFO sqlalchemy.engine.Engine [raw sql] ()
2025-11-18 13:51:27,204 INFO sqlalchemy.engine.Engine PRAGMA main.table_info("taxonomy_nodes")
2025-11-18 13:51:27,204 INFO sqlalchemy.engine.Engine [raw sql] ()
2025-11-18 13:51:27,205 INFO sqlalchemy.engine.Engine PRAGMA main.table_info("resource_taxonomy")
2025-11-18 13:51:27,205 INFO sqlalchemy.engine.Engine [raw sql] ()
2025-11-18 13:51:27,205 INFO sqlalchemy.engine.Engine PRAGMA main.table_info("annotations")
2025-11-18 13:51:27,205 INFO sqlalchemy.engine.Engine [raw sql] ()
2025-11-18 13:51:27,205 INFO sqlalchemy.engine.Engine PRAGMA main.table_info("graph_edges")
2025-11-18 13:51:27,205 INFO sqlalchemy.engine.Engine [raw sql] ()
2025-11-18 13:51:27,205 INFO sqlalchemy.engine.Engine PRAGMA main.table_info("graph_embeddings")
2025-11-18 13:51:27,205 INFO sqlalchemy.engine.Engine [raw sql] ()
2025-11-18 13:51:27,206 INFO sqlalchemy.engine.Engine PRAGMA main.table_info("discovery_hypotheses")
2025-11-18 13:51:27,206 INFO sqlalchemy.engine.Engine [raw sql] ()
2025-11-18 13:51:27,206 INFO sqlalchemy.engine.Engine PRAGMA main.table_info("users")
2025-11-18 13:51:27,206 INFO sqlalchemy.engine.Engine [raw sql] ()
2025-11-18 13:51:27,206 INFO sqlalchemy.engine.Engine PRAGMA main.table_info("user_profiles")
2025-11-18 13:51:27,207 INFO sqlalchemy.engine.Engine [raw sql] ()
2025-11-18 13:51:27,207 INFO sqlalchemy.engine.Engine PRAGMA main.table_info("user_interactions")
2025-11-18 13:51:27,208 INFO sqlalchemy.engine.Engine [raw sql] ()
2025-11-18 13:51:27,209 INFO sqlalchemy.engine.Engine PRAGMA main.table_info("recommendation_feedback")
2025-11-18 13:51:27,209 INFO sqlalchemy.engine.Engine [raw sql] ()
2025-11-18 13:51:27,209 INFO sqlalchemy.engine.Engine PRAGMA main.table_info("model_versions")
2025-11-18 13:51:27,210 INFO sqlalchemy.engine.Engine [raw sql] ()
2025-11-18 13:51:27,210 INFO sqlalchemy.engine.Engine PRAGMA main.table_info("ab_test_experiments")
2025-11-18 13:51:27,210 INFO sqlalchemy.engine.Engine [raw sql] ()
2025-11-18 13:51:27,210 INFO sqlalchemy.engine.Engine PRAGMA main.table_info("prediction_logs")
2025-11-18 13:51:27,210 INFO sqlalchemy.engine.Engine [raw sql] ()
2025-11-18 13:51:27,211 INFO sqlalchemy.engine.Engine PRAGMA main.table_info("retraining_runs")
2025-11-18 13:51:27,211 INFO sqlalchemy.engine.Engine [raw sql] ()
2025-11-18 13:51:27,211 INFO sqlalchemy.engine.Engine COMMIT
2025-11-18 13:51:27,212 INFO sqlalchemy.engine.Engine INSERT INTO ab_test_experiments (id, name, control_version_id, treatment_version_id, traffic_split, end_date, status) VALUES (?, ?, ?, ?, ?, ?, ?) RETURNING start_date
2025-11-18 13:51:27,212 INFO sqlalchemy.engine.Engine [cached since 0.4735s ago] ('3a5baac9-6aec-4335-984f-454121aeabe3', 'logging_test', '0f76ab77-7f78-4d6c-88a4-61f4900deb40', 'b0d8a8c6-1d9f-46ad-ab16-c308e6609da7', 0.5, None, 'running')
2025-11-18 13:51:27,215 INFO sqlalchemy.engine.Engine COMMIT
2025-11-18 13:51:27,219 INFO sqlalchemy.engine.Engine BEGIN (implicit)
2025-11-18 13:51:27,219 INFO sqlalchemy.engine.Engine SELECT ab_test_experiments.id, ab_test_experiments.name, ab_test_experiments.control_version_id, ab_test_experiments.treatment_version_id, ab_test_experiments.traffic_split, ab_test_experiments.start_date, ab_test_experiments.end_date, ab_test_experiments.status, ab_test_experiments.results 
FROM ab_test_experiments 
WHERE ab_test_experiments.id = ?
2025-11-18 13:51:27,219 INFO sqlalchemy.engine.Engine [cached since 0.469s ago] ('3a5baac9-6aec-4335-984f-454121aeabe3',)
2025-11-18 13:51:27,221 INFO sqlalchemy.engine.Engine SELECT model_versions.id AS model_versions_id, model_versions.version AS model_versions_version, model_versions.model_type AS model_versions_model_type, model_versions.model_path AS model_versions_model_path, model_versions.status AS model_versions_status, model_versions.created_at AS model_versions_created_at, model_versions.promoted_at AS model_versions_promoted_at, model_versions.metadata AS model_versions_metadata, model_versions.metrics AS model_versions_metrics 
FROM model_versions 
WHERE model_versions.version = ?
 LIMIT ? OFFSET ?
2025-11-18 13:51:27,221 INFO sqlalchemy.engine.Engine [cached since 0.5089s ago] ('v1.0.0', 1, 0)
---------------------------- Captured stderr call -----------------------------
2025-11-18 13:51:27,189 - sqlalchemy.engine.Engine - INFO - SELECT model_versions.id AS model_versions_id, model_versions.version AS model_versions_version, model_versions.model_type AS model_versions_model_type, model_versions.model_path AS model_versions_model_path, model_versions.status AS model_versions_status, model_versions.created_at AS model_versions_created_at, model_versions.promoted_at AS model_versions_promoted_at, model_versions.metadata AS model_versions_metadata, model_versions.metrics AS model_versions_metrics 
FROM model_versions 
WHERE model_versions.version = ?
 LIMIT ? OFFSET ?
2025-11-18 13:51:27,189 - sqlalchemy.engine.Engine - INFO - [cached since 0.4769s ago] ('v1.0.0', 1, 0)
2025-11-18 13:51:27,190 - sqlalchemy.engine.Engine - INFO - SELECT model_versions.id AS model_versions_id, model_versions.version AS model_versions_version, model_versions.model_type AS model_versions_model_type, model_versions.model_path AS model_versions_model_path, model_versions.status AS model_versions_status, model_versions.created_at AS model_versions_created_at, model_versions.promoted_at AS model_versions_promoted_at, model_versions.metadata AS model_versions_metadata, model_versions.metrics AS model_versions_metrics 
FROM model_versions 
WHERE model_versions.version = ?
 LIMIT ? OFFSET ?
2025-11-18 13:51:27,190 - sqlalchemy.engine.Engine - INFO - [cached since 0.4776s ago] ('v1.1.0', 1, 0)
2025-11-18 13:51:27,190 - sqlalchemy.engine.Engine - INFO - BEGIN (implicit)
2025-11-18 13:51:27,191 - sqlalchemy.engine.Engine - INFO - PRAGMA main.table_info("resources")
2025-11-18 13:51:27,192 - sqlalchemy.engine.Engine - INFO - [raw sql] ()
2025-11-18 13:51:27,193 - sqlalchemy.engine.Engine - INFO - PRAGMA main.table_info("classification_codes")
2025-11-18 13:51:27,193 - sqlalchemy.engine.Engine - INFO - [raw sql] ()
2025-11-18 13:51:27,193 - sqlalchemy.engine.Engine - INFO - PRAGMA main.table_info("authority_subjects")
2025-11-18 13:51:27,193 - sqlalchemy.engine.Engine - INFO - [raw sql] ()
2025-11-18 13:51:27,193 - sqlalchemy.engine.Engine - INFO - PRAGMA main.table_info("authority_creators")
2025-11-18 13:51:27,194 - sqlalchemy.engine.Engine - INFO - [raw sql] ()
2025-11-18 13:51:27,194 - sqlalchemy.engine.Engine - INFO - PRAGMA main.table_info("authority_publishers")
2025-11-18 13:51:27,194 - sqlalchemy.engine.Engine - INFO - [raw sql] ()
2025-11-18 13:51:27,194 - sqlalchemy.engine.Engine - INFO - PRAGMA main.table_info("citations")
2025-11-18 13:51:27,194 - sqlalchemy.engine.Engine - INFO - [raw sql] ()
2025-11-18 13:51:27,194 - sqlalchemy.engine.Engine - INFO - PRAGMA main.table_info("collection_resources")
2025-11-18 13:51:27,194 - sqlalchemy.engine.Engine - INFO - [raw sql] ()
2025-11-18 13:51:27,194 - sqlalchemy.engine.Engine - INFO - PRAGMA main.table_info("collections")
2025-11-18 13:51:27,194 - sqlalchemy.engine.Engine - INFO - [raw sql] ()
2025-11-18 13:51:27,195 - sqlalchemy.engine.Engine - INFO - PRAGMA main.table_info("taxonomy_nodes")
2025-11-18 13:51:27,195 - sqlalchemy.engine.Engine - INFO - [raw sql] ()
2025-11-18 13:51:27,196 - sqlalchemy.engine.Engine - INFO - PRAGMA main.table_info("resource_taxonomy")
2025-11-18 13:51:27,196 - sqlalchemy.engine.Engine - INFO - [raw sql] ()
2025-11-18 13:51:27,196 - sqlalchemy.engine.Engine - INFO - PRAGMA main.table_info("annotations")
2025-11-18 13:51:27,196 - sqlalchemy.engine.Engine - INFO - [raw sql] ()
2025-11-18 13:51:27,197 - sqlalchemy.engine.Engine - INFO - PRAGMA main.table_info("graph_edges")
2025-11-18 13:51:27,197 - sqlalchemy.engine.Engine - INFO - [raw sql] ()
2025-11-18 13:51:27,197 - sqlalchemy.engine.Engine - INFO - PRAGMA main.table_info("graph_embeddings")
2025-11-18 13:51:27,198 - sqlalchemy.engine.Engine - INFO - [raw sql] ()
2025-11-18 13:51:27,198 - sqlalchemy.engine.Engine - INFO - PRAGMA main.table_info("discovery_hypotheses")
2025-11-18 13:51:27,198 - sqlalchemy.engine.Engine - INFO - [raw sql] ()
2025-11-18 13:51:27,198 - sqlalchemy.engine.Engine - INFO - PRAGMA main.table_info("users")
2025-11-18 13:51:27,198 - sqlalchemy.engine.Engine - INFO - [raw sql] ()
2025-11-18 13:51:27,199 - sqlalchemy.engine.Engine - INFO - PRAGMA main.table_info("user_profiles")
2025-11-18 13:51:27,199 - sqlalchemy.engine.Engine - INFO - [raw sql] ()
2025-11-18 13:51:27,200 - sqlalchemy.engine.Engine - INFO - PRAGMA main.table_info("user_interactions")
2025-11-18 13:51:27,200 - sqlalchemy.engine.Engine - INFO - [raw sql] ()
2025-11-18 13:51:27,200 - sqlalchemy.engine.Engine - INFO - PRAGMA main.table_info("recommendation_feedback")
2025-11-18 13:51:27,201 - sqlalchemy.engine.Engine - INFO - [raw sql] ()
2025-11-18 13:51:27,201 - sqlalchemy.engine.Engine - INFO - PRAGMA main.table_info("model_versions")
2025-11-18 13:51:27,201 - sqlalchemy.engine.Engine - INFO - [raw sql] ()
2025-11-18 13:51:27,201 - sqlalchemy.engine.Engine - INFO - PRAGMA main.table_info("ab_test_experiments")
2025-11-18 13:51:27,201 - sqlalchemy.engine.Engine - INFO - [raw sql] ()
2025-11-18 13:51:27,201 - sqlalchemy.engine.Engine - INFO - PRAGMA main.table_info("prediction_logs")
2025-11-18 13:51:27,201 - sqlalchemy.engine.Engine - INFO - [raw sql] ()
2025-11-18 13:51:27,201 - sqlalchemy.engine.Engine - INFO - PRAGMA main.table_info("retraining_runs")
2025-11-18 13:51:27,202 - sqlalchemy.engine.Engine - INFO - [raw sql] ()
2025-11-18 13:51:27,202 - sqlalchemy.engine.Engine - INFO - COMMIT
2025-11-18 13:51:27,202 - sqlalchemy.engine.Engine - INFO - BEGIN (implicit)
2025-11-18 13:51:27,202 - sqlalchemy.engine.Engine - INFO - PRAGMA main.table_info("resources")
2025-11-18 13:51:27,202 - sqlalchemy.engine.Engine - INFO - [raw sql] ()
2025-11-18 13:51:27,202 - sqlalchemy.engine.Engine - INFO - PRAGMA main.table_info("classification_codes")
2025-11-18 13:51:27,202 - sqlalchemy.engine.Engine - INFO - [raw sql] ()
2025-11-18 13:51:27,203 - sqlalchemy.engine.Engine - INFO - PRAGMA main.table_info("authority_subjects")
2025-11-18 13:51:27,203 - sqlalchemy.engine.Engine - INFO - [raw sql] ()
2025-11-18 13:51:27,203 - sqlalchemy.engine.Engine - INFO - PRAGMA main.table_info("authority_creators")
2025-11-18 13:51:27,203 - sqlalchemy.engine.Engine - INFO - [raw sql] ()
2025-11-18 13:51:27,203 - sqlalchemy.engine.Engine - INFO - PRAGMA main.table_info("authority_publishers")
2025-11-18 13:51:27,204 - sqlalchemy.engine.Engine - INFO - [raw sql] ()
2025-11-18 13:51:27,204 - sqlalchemy.engine.Engine - INFO - PRAGMA main.table_info("citations")
2025-11-18 13:51:27,204 - sqlalchemy.engine.Engine - INFO - [raw sql] ()
2025-11-18 13:51:27,204 - sqlalchemy.engine.Engine - INFO - PRAGMA main.table_info("collection_resources")
2025-11-18 13:51:27,204 - sqlalchemy.engine.Engine - INFO - [raw sql] ()
2025-11-18 13:51:27,204 - sqlalchemy.engine.Engine - INFO - PRAGMA main.table_info("collections")
2025-11-18 13:51:27,204 - sqlalchemy.engine.Engine - INFO - [raw sql] ()
2025-11-18 13:51:27,204 - sqlalchemy.engine.Engine - INFO - PRAGMA main.table_info("taxonomy_nodes")
2025-11-18 13:51:27,204 - sqlalchemy.engine.Engine - INFO - [raw sql] ()
2025-11-18 13:51:27,205 - sqlalchemy.engine.Engine - INFO - PRAGMA main.table_info("resource_taxonomy")
2025-11-18 13:51:27,205 - sqlalchemy.engine.Engine - INFO - [raw sql] ()
2025-11-18 13:51:27,205 - sqlalchemy.engine.Engine - INFO - PRAGMA main.table_info("annotations")
2025-11-18 13:51:27,205 - sqlalchemy.engine.Engine - INFO - [raw sql] ()
2025-11-18 13:51:27,205 - sqlalchemy.engine.Engine - INFO - PRAGMA main.table_info("graph_edges")
2025-11-18 13:51:27,205 - sqlalchemy.engine.Engine - INFO - [raw sql] ()
2025-11-18 13:51:27,205 - sqlalchemy.engine.Engine - INFO - PRAGMA main.table_info("graph_embeddings")
2025-11-18 13:51:27,205 - sqlalchemy.engine.Engine - INFO - [raw sql] ()
2025-11-18 13:51:27,206 - sqlalchemy.engine.Engine - INFO - PRAGMA main.table_info("discovery_hypotheses")
2025-11-18 13:51:27,206 - sqlalchemy.engine.Engine - INFO - [raw sql] ()
2025-11-18 13:51:27,206 - sqlalchemy.engine.Engine - INFO - PRAGMA main.table_info("users")
2025-11-18 13:51:27,206 - sqlalchemy.engine.Engine - INFO - [raw sql] ()
2025-11-18 13:51:27,206 - sqlalchemy.engine.Engine - INFO - PRAGMA main.table_info("user_profiles")
2025-11-18 13:51:27,207 - sqlalchemy.engine.Engine - INFO - [raw sql] ()
2025-11-18 13:51:27,207 - sqlalchemy.engine.Engine - INFO - PRAGMA main.table_info("user_interactions")
2025-11-18 13:51:27,208 - sqlalchemy.engine.Engine - INFO - [raw sql] ()
2025-11-18 13:51:27,209 - sqlalchemy.engine.Engine - INFO - PRAGMA main.table_info("recommendation_feedback")
2025-11-18 13:51:27,209 - sqlalchemy.engine.Engine - INFO - [raw sql] ()
2025-11-18 13:51:27,209 - sqlalchemy.engine.Engine - INFO - PRAGMA main.table_info("model_versions")
2025-11-18 13:51:27,210 - sqlalchemy.engine.Engine - INFO - [raw sql] ()
2025-11-18 13:51:27,210 - sqlalchemy.engine.Engine - INFO - PRAGMA main.table_info("ab_test_experiments")
2025-11-18 13:51:27,210 - sqlalchemy.engine.Engine - INFO - [raw sql] ()
2025-11-18 13:51:27,210 - sqlalchemy.engine.Engine - INFO - PRAGMA main.table_info("prediction_logs")
2025-11-18 13:51:27,210 - sqlalchemy.engine.Engine - INFO - [raw sql] ()
2025-11-18 13:51:27,211 - sqlalchemy.engine.Engine - INFO - PRAGMA main.table_info("retraining_runs")
2025-11-18 13:51:27,211 - sqlalchemy.engine.Engine - INFO - [raw sql] ()
2025-11-18 13:51:27,211 - sqlalchemy.engine.Engine - INFO - COMMIT
2025-11-18 13:51:27,212 - sqlalchemy.engine.Engine - INFO - INSERT INTO ab_test_experiments (id, name, control_version_id, treatment_version_id, traffic_split, end_date, status) VALUES (?, ?, ?, ?, ?, ?, ?) RETURNING start_date
2025-11-18 13:51:27,212 - sqlalchemy.engine.Engine - INFO - [cached since 0.4735s ago] ('3a5baac9-6aec-4335-984f-454121aeabe3', 'logging_test', '0f76ab77-7f78-4d6c-88a4-61f4900deb40', 'b0d8a8c6-1d9f-46ad-ab16-c308e6609da7', 0.5, None, 'running')
2025-11-18 13:51:27,215 - sqlalchemy.engine.Engine - INFO - COMMIT
2025-11-18 13:51:27,219 - sqlalchemy.engine.Engine - INFO - BEGIN (implicit)
2025-11-18 13:51:27,219 - sqlalchemy.engine.Engine - INFO - SELECT ab_test_experiments.id, ab_test_experiments.name, ab_test_experiments.control_version_id, ab_test_experiments.treatment_version_id, ab_test_experiments.traffic_split, ab_test_experiments.start_date, ab_test_experiments.end_date, ab_test_experiments.status, ab_test_experiments.results 
FROM ab_test_experiments 
WHERE ab_test_experiments.id = ?
2025-11-18 13:51:27,219 - sqlalchemy.engine.Engine - INFO - [cached since 0.469s ago] ('3a5baac9-6aec-4335-984f-454121aeabe3',)
2025-11-18 13:51:27,220 - backend.scripts.deployment.ab_testing - INFO - Created A/B test experiment: logging_test (control=v1.0.0, treatment=v1.1.0, split=50.0%)
2025-11-18 13:51:27,221 - sqlalchemy.engine.Engine - INFO - SELECT model_versions.id AS model_versions_id, model_versions.version AS model_versions_version, model_versions.model_type AS model_versions_model_type, model_versions.model_path AS model_versions_model_path, model_versions.status AS model_versions_status, model_versions.created_at AS model_versions_created_at, model_versions.promoted_at AS model_versions_promoted_at, model_versions.metadata AS model_versions_metadata, model_versions.metrics AS model_versions_metrics 
FROM model_versions 
WHERE model_versions.version = ?
 LIMIT ? OFFSET ?
2025-11-18 13:51:27,221 - sqlalchemy.engine.Engine - INFO - [cached since 0.5089s ago] ('v1.0.0', 1, 0)
------------------------------ Captured log call ------------------------------
INFO     sqlalchemy.engine.Engine:base.py:1846 SELECT model_versions.id AS model_versions_id, model_versions.version AS model_versions_version, model_versions.model_type AS model_versions_model_type, model_versions.model_path AS model_versions_model_path, model_versions.status AS model_versions_status, model_versions.created_at AS model_versions_created_at, model_versions.promoted_at AS model_versions_promoted_at, model_versions.metadata AS model_versions_metadata, model_versions.metrics AS model_versions_metrics 
FROM model_versions 
WHERE model_versions.version = ?
 LIMIT ? OFFSET ?
INFO     sqlalchemy.engine.Engine:base.py:1846 [cached since 0.4769s ago] ('v1.0.0', 1, 0)
INFO     sqlalchemy.engine.Engine:base.py:1846 SELECT model_versions.id AS model_versions_id, model_versions.version AS model_versions_version, model_versions.model_type AS model_versions_model_type, model_versions.model_path AS model_versions_model_path, model_versions.status AS model_versions_status, model_versions.created_at AS model_versions_created_at, model_versions.promoted_at AS model_versions_promoted_at, model_versions.metadata AS model_versions_metadata, model_versions.metrics AS model_versions_metrics 
FROM model_versions 
WHERE model_versions.version = ?
 LIMIT ? OFFSET ?
INFO     sqlalchemy.engine.Engine:base.py:1846 [cached since 0.4776s ago] ('v1.1.0', 1, 0)
INFO     sqlalchemy.engine.Engine:base.py:2702 BEGIN (implicit)
INFO     sqlalchemy.engine.Engine:base.py:1846 PRAGMA main.table_info("resources")
INFO     sqlalchemy.engine.Engine:base.py:1846 [raw sql] ()
INFO     sqlalchemy.engine.Engine:base.py:1846 PRAGMA main.table_info("classification_codes")
INFO     sqlalchemy.engine.Engine:base.py:1846 [raw sql] ()
INFO     sqlalchemy.engine.Engine:base.py:1846 PRAGMA main.table_info("authority_subjects")
INFO     sqlalchemy.engine.Engine:base.py:1846 [raw sql] ()
INFO     sqlalchemy.engine.Engine:base.py:1846 PRAGMA main.table_info("authority_creators")
INFO     sqlalchemy.engine.Engine:base.py:1846 [raw sql] ()
INFO     sqlalchemy.engine.Engine:base.py:1846 PRAGMA main.table_info("authority_publishers")
INFO     sqlalchemy.engine.Engine:base.py:1846 [raw sql] ()
INFO     sqlalchemy.engine.Engine:base.py:1846 PRAGMA main.table_info("citations")
INFO     sqlalchemy.engine.Engine:base.py:1846 [raw sql] ()
INFO     sqlalchemy.engine.Engine:base.py:1846 PRAGMA main.table_info("collection_resources")
INFO     sqlalchemy.engine.Engine:base.py:1846 [raw sql] ()
INFO     sqlalchemy.engine.Engine:base.py:1846 PRAGMA main.table_info("collections")
INFO     sqlalchemy.engine.Engine:base.py:1846 [raw sql] ()
INFO     sqlalchemy.engine.Engine:base.py:1846 PRAGMA main.table_info("taxonomy_nodes")
INFO     sqlalchemy.engine.Engine:base.py:1846 [raw sql] ()
INFO     sqlalchemy.engine.Engine:base.py:1846 PRAGMA main.table_info("resource_taxonomy")
INFO     sqlalchemy.engine.Engine:base.py:1846 [raw sql] ()
INFO     sqlalchemy.engine.Engine:base.py:1846 PRAGMA main.table_info("annotations")
INFO     sqlalchemy.engine.Engine:base.py:1846 [raw sql] ()
INFO     sqlalchemy.engine.Engine:base.py:1846 PRAGMA main.table_info("graph_edges")
INFO     sqlalchemy.engine.Engine:base.py:1846 [raw sql] ()
INFO     sqlalchemy.engine.Engine:base.py:1846 PRAGMA main.table_info("graph_embeddings")
INFO     sqlalchemy.engine.Engine:base.py:1846 [raw sql] ()
INFO     sqlalchemy.engine.Engine:base.py:1846 PRAGMA main.table_info("discovery_hypotheses")
INFO     sqlalchemy.engine.Engine:base.py:1846 [raw sql] ()
INFO     sqlalchemy.engine.Engine:base.py:1846 PRAGMA main.table_info("users")
INFO     sqlalchemy.engine.Engine:base.py:1846 [raw sql] ()
INFO     sqlalchemy.engine.Engine:base.py:1846 PRAGMA main.table_info("user_profiles")
INFO     sqlalchemy.engine.Engine:base.py:1846 [raw sql] ()
INFO     sqlalchemy.engine.Engine:base.py:1846 PRAGMA main.table_info("user_interactions")
INFO     sqlalchemy.engine.Engine:base.py:1846 [raw sql] ()
INFO     sqlalchemy.engine.Engine:base.py:1846 PRAGMA main.table_info("recommendation_feedback")
INFO     sqlalchemy.engine.Engine:base.py:1846 [raw sql] ()
INFO     sqlalchemy.engine.Engine:base.py:1846 PRAGMA main.table_info("model_versions")
INFO     sqlalchemy.engine.Engine:base.py:1846 [raw sql] ()
INFO     sqlalchemy.engine.Engine:base.py:1846 PRAGMA main.table_info("ab_test_experiments")
INFO     sqlalchemy.engine.Engine:base.py:1846 [raw sql] ()
INFO     sqlalchemy.engine.Engine:base.py:1846 PRAGMA main.table_info("prediction_logs")
INFO     sqlalchemy.engine.Engine:base.py:1846 [raw sql] ()
INFO     sqlalchemy.engine.Engine:base.py:1846 PRAGMA main.table_info("retraining_runs")
INFO     sqlalchemy.engine.Engine:base.py:1846 [raw sql] ()
INFO     sqlalchemy.engine.Engine:base.py:2708 COMMIT
INFO     sqlalchemy.engine.Engine:base.py:2702 BEGIN (implicit)
INFO     sqlalchemy.engine.Engine:base.py:1846 PRAGMA main.table_info("resources")
INFO     sqlalchemy.engine.Engine:base.py:1846 [raw sql] ()
INFO     sqlalchemy.engine.Engine:base.py:1846 PRAGMA main.table_info("classification_codes")
INFO     sqlalchemy.engine.Engine:base.py:1846 [raw sql] ()
INFO     sqlalchemy.engine.Engine:base.py:1846 PRAGMA main.table_info("authority_subjects")
INFO     sqlalchemy.engine.Engine:base.py:1846 [raw sql] ()
INFO     sqlalchemy.engine.Engine:base.py:1846 PRAGMA main.table_info("authority_creators")
INFO     sqlalchemy.engine.Engine:base.py:1846 [raw sql] ()
INFO     sqlalchemy.engine.Engine:base.py:1846 PRAGMA main.table_info("authority_publishers")
INFO     sqlalchemy.engine.Engine:base.py:1846 [raw sql] ()
INFO     sqlalchemy.engine.Engine:base.py:1846 PRAGMA main.table_info("citations")
INFO     sqlalchemy.engine.Engine:base.py:1846 [raw sql] ()
INFO     sqlalchemy.engine.Engine:base.py:1846 PRAGMA main.table_info("collection_resources")
INFO     sqlalchemy.engine.Engine:base.py:1846 [raw sql] ()
INFO     sqlalchemy.engine.Engine:base.py:1846 PRAGMA main.table_info("collections")
INFO     sqlalchemy.engine.Engine:base.py:1846 [raw sql] ()
INFO     sqlalchemy.engine.Engine:base.py:1846 PRAGMA main.table_info("taxonomy_nodes")
INFO     sqlalchemy.engine.Engine:base.py:1846 [raw sql] ()
INFO     sqlalchemy.engine.Engine:base.py:1846 PRAGMA main.table_info("resource_taxonomy")
INFO     sqlalchemy.engine.Engine:base.py:1846 [raw sql] ()
INFO     sqlalchemy.engine.Engine:base.py:1846 PRAGMA main.table_info("annotations")
INFO     sqlalchemy.engine.Engine:base.py:1846 [raw sql] ()
INFO     sqlalchemy.engine.Engine:base.py:1846 PRAGMA main.table_info("graph_edges")
INFO     sqlalchemy.engine.Engine:base.py:1846 [raw sql] ()
INFO     sqlalchemy.engine.Engine:base.py:1846 PRAGMA main.table_info("graph_embeddings")
INFO     sqlalchemy.engine.Engine:base.py:1846 [raw sql] ()
INFO     sqlalchemy.engine.Engine:base.py:1846 PRAGMA main.table_info("discovery_hypotheses")
INFO     sqlalchemy.engine.Engine:base.py:1846 [raw sql] ()
INFO     sqlalchemy.engine.Engine:base.py:1846 PRAGMA main.table_info("users")
INFO     sqlalchemy.engine.Engine:base.py:1846 [raw sql] ()
INFO     sqlalchemy.engine.Engine:base.py:1846 PRAGMA main.table_info("user_profiles")
INFO     sqlalchemy.engine.Engine:base.py:1846 [raw sql] ()
INFO     sqlalchemy.engine.Engine:base.py:1846 PRAGMA main.table_info("user_interactions")
INFO     sqlalchemy.engine.Engine:base.py:1846 [raw sql] ()
INFO     sqlalchemy.engine.Engine:base.py:1846 PRAGMA main.table_info("recommendation_feedback")
INFO     sqlalchemy.engine.Engine:base.py:1846 [raw sql] ()
INFO     sqlalchemy.engine.Engine:base.py:1846 PRAGMA main.table_info("model_versions")
INFO     sqlalchemy.engine.Engine:base.py:1846 [raw sql] ()
INFO     sqlalchemy.engine.Engine:base.py:1846 PRAGMA main.table_info("ab_test_experiments")
INFO     sqlalchemy.engine.Engine:base.py:1846 [raw sql] ()
INFO     sqlalchemy.engine.Engine:base.py:1846 PRAGMA main.table_info("prediction_logs")
INFO     sqlalchemy.engine.Engine:base.py:1846 [raw sql] ()
INFO     sqlalchemy.engine.Engine:base.py:1846 PRAGMA main.table_info("retraining_runs")
INFO     sqlalchemy.engine.Engine:base.py:1846 [raw sql] ()
INFO     sqlalchemy.engine.Engine:base.py:2708 COMMIT
INFO     sqlalchemy.engine.Engine:base.py:1846 INSERT INTO ab_test_experiments (id, name, control_version_id, treatment_version_id, traffic_split, end_date, status) VALUES (?, ?, ?, ?, ?, ?, ?) RETURNING start_date
INFO     sqlalchemy.engine.Engine:base.py:1846 [cached since 0.4735s ago] ('3a5baac9-6aec-4335-984f-454121aeabe3', 'logging_test', '0f76ab77-7f78-4d6c-88a4-61f4900deb40', 'b0d8a8c6-1d9f-46ad-ab16-c308e6609da7', 0.5, None, 'running')
INFO     sqlalchemy.engine.Engine:base.py:2708 COMMIT
INFO     sqlalchemy.engine.Engine:base.py:2702 BEGIN (implicit)
INFO     sqlalchemy.engine.Engine:base.py:1846 SELECT ab_test_experiments.id, ab_test_experiments.name, ab_test_experiments.control_version_id, ab_test_experiments.treatment_version_id, ab_test_experiments.traffic_split, ab_test_experiments.start_date, ab_test_experiments.end_date, ab_test_experiments.status, ab_test_experiments.results 
FROM ab_test_experiments 
WHERE ab_test_experiments.id = ?
INFO     sqlalchemy.engine.Engine:base.py:1846 [cached since 0.469s ago] ('3a5baac9-6aec-4335-984f-454121aeabe3',)
INFO     backend.scripts.deployment.ab_testing:ab_testing.py:160 Created A/B test experiment: logging_test (control=v1.0.0, treatment=v1.1.0, split=50.0%)
INFO     sqlalchemy.engine.Engine:base.py:1846 SELECT model_versions.id AS model_versions_id, model_versions.version AS model_versions_version, model_versions.model_type AS model_versions_model_type, model_versions.model_path AS model_versions_model_path, model_versions.status AS model_versions_status, model_versions.created_at AS model_versions_created_at, model_versions.promoted_at AS model_versions_promoted_at, model_versions.metadata AS model_versions_metadata, model_versions.metrics AS model_versions_metrics 
FROM model_versions 
WHERE model_versions.version = ?
 LIMIT ? OFFSET ?
INFO     sqlalchemy.engine.Engine:base.py:1846 [cached since 0.5089s ago] ('v1.0.0', 1, 0)
-------------------------- Captured stdout teardown ---------------------------
2025-11-18 13:51:27,300 INFO sqlalchemy.engine.Engine DELETE FROM prediction_logs
2025-11-18 13:51:27,301 INFO sqlalchemy.engine.Engine [cached since 0.5406s ago] ()
2025-11-18 13:51:27,303 INFO sqlalchemy.engine.Engine DELETE FROM ab_test_experiments
2025-11-18 13:51:27,303 INFO sqlalchemy.engine.Engine [cached since 0.5384s ago] ()
2025-11-18 13:51:27,305 INFO sqlalchemy.engine.Engine DELETE FROM model_versions
2025-11-18 13:51:27,305 INFO sqlalchemy.engine.Engine [cached since 0.5401s ago] ()
2025-11-18 13:51:27,306 INFO sqlalchemy.engine.Engine COMMIT
-------------------------- Captured stderr teardown ---------------------------
2025-11-18 13:51:27,300 - sqlalchemy.engine.Engine - INFO - DELETE FROM prediction_logs
2025-11-18 13:51:27,301 - sqlalchemy.engine.Engine - INFO - [cached since 0.5406s ago] ()
2025-11-18 13:51:27,303 - sqlalchemy.engine.Engine - INFO - DELETE FROM ab_test_experiments
2025-11-18 13:51:27,303 - sqlalchemy.engine.Engine - INFO - [cached since 0.5384s ago] ()
2025-11-18 13:51:27,305 - sqlalchemy.engine.Engine - INFO - DELETE FROM model_versions
2025-11-18 13:51:27,305 - sqlalchemy.engine.Engine - INFO - [cached since 0.5401s ago] ()
2025-11-18 13:51:27,306 - sqlalchemy.engine.Engine - INFO - COMMIT
---------------------------- Captured log teardown ----------------------------
INFO     sqlalchemy.engine.Engine:base.py:1846 DELETE FROM prediction_logs
INFO     sqlalchemy.engine.Engine:base.py:1846 [cached since 0.5406s ago] ()
INFO     sqlalchemy.engine.Engine:base.py:1846 DELETE FROM ab_test_experiments
INFO     sqlalchemy.engine.Engine:base.py:1846 [cached since 0.5384s ago] ()
INFO     sqlalchemy.engine.Engine:base.py:1846 DELETE FROM model_versions
INFO     sqlalchemy.engine.Engine:base.py:1846 [cached since 0.5401s ago] ()
INFO     sqlalchemy.engine.Engine:base.py:2708 COMMIT
_______________ TestABTestingFramework.test_experiment_analysis _______________
tests\integration\training\test_ab_testing.py:218: in test_experiment_analysis
    ab_testing.log_prediction(
scripts\deployment\ab_testing.py:255: in log_prediction
    'user_id': UUID(user_id) if user_id else None
               ^^^^^^^^^^^^^
C:\Python313\Lib\uuid.py:181: in __init__
    raise ValueError('badly formed hexadecimal UUID string')
E   ValueError: badly formed hexadecimal UUID string
---------------------------- Captured stdout setup ----------------------------
2025-11-18 13:51:27,314 INFO sqlalchemy.engine.Engine BEGIN (implicit)
2025-11-18 13:51:27,315 INFO sqlalchemy.engine.Engine PRAGMA main.table_info("resources")
2025-11-18 13:51:27,315 INFO sqlalchemy.engine.Engine [raw sql] ()
2025-11-18 13:51:27,315 INFO sqlalchemy.engine.Engine PRAGMA main.table_info("classification_codes")
2025-11-18 13:51:27,316 INFO sqlalchemy.engine.Engine [raw sql] ()
2025-11-18 13:51:27,317 INFO sqlalchemy.engine.Engine PRAGMA main.table_info("authority_subjects")
2025-11-18 13:51:27,317 INFO sqlalchemy.engine.Engine [raw sql] ()
2025-11-18 13:51:27,318 INFO sqlalchemy.engine.Engine PRAGMA main.table_info("authority_creators")
2025-11-18 13:51:27,318 INFO sqlalchemy.engine.Engine [raw sql] ()
2025-11-18 13:51:27,318 INFO sqlalchemy.engine.Engine PRAGMA main.table_info("authority_publishers")
2025-11-18 13:51:27,318 INFO sqlalchemy.engine.Engine [raw sql] ()
2025-11-18 13:51:27,318 INFO sqlalchemy.engine.Engine PRAGMA main.table_info("citations")
2025-11-18 13:51:27,318 INFO sqlalchemy.engine.Engine [raw sql] ()
2025-11-18 13:51:27,319 INFO sqlalchemy.engine.Engine PRAGMA main.table_info("collection_resources")
2025-11-18 13:51:27,319 INFO sqlalchemy.engine.Engine [raw sql] ()
2025-11-18 13:51:27,322 INFO sqlalchemy.engine.Engine PRAGMA main.table_info("collections")
2025-11-18 13:51:27,322 INFO sqlalchemy.engine.Engine [raw sql] ()
2025-11-18 13:51:27,323 INFO sqlalchemy.engine.Engine PRAGMA main.table_info("taxonomy_nodes")
2025-11-18 13:51:27,323 INFO sqlalchemy.engine.Engine [raw sql] ()
2025-11-18 13:51:27,324 INFO sqlalchemy.engine.Engine PRAGMA main.table_info("resource_taxonomy")
2025-11-18 13:51:27,325 INFO sqlalchemy.engine.Engine [raw sql] ()
2025-11-18 13:51:27,325 INFO sqlalchemy.engine.Engine PRAGMA main.table_info("annotations")
2025-11-18 13:51:27,326 INFO sqlalchemy.engine.Engine [raw sql] ()
2025-11-18 13:51:27,326 INFO sqlalchemy.engine.Engine PRAGMA main.table_info("graph_edges")
2025-11-18 13:51:27,326 INFO sqlalchemy.engine.Engine [raw sql] ()
2025-11-18 13:51:27,326 INFO sqlalchemy.engine.Engine PRAGMA main.table_info("graph_embeddings")
2025-11-18 13:51:27,326 INFO sqlalchemy.engine.Engine [raw sql] ()
2025-11-18 13:51:27,327 INFO sqlalchemy.engine.Engine PRAGMA main.table_info("discovery_hypotheses")
2025-11-18 13:51:27,327 INFO sqlalchemy.engine.Engine [raw sql] ()
2025-11-18 13:51:27,327 INFO sqlalchemy.engine.Engine PRAGMA main.table_info("users")
2025-11-18 13:51:27,327 INFO sqlalchemy.engine.Engine [raw sql] ()
2025-11-18 13:51:27,327 INFO sqlalchemy.engine.Engine PRAGMA main.table_info("user_profiles")
2025-11-18 13:51:27,327 INFO sqlalchemy.engine.Engine [raw sql] ()
2025-11-18 13:51:27,327 INFO sqlalchemy.engine.Engine PRAGMA main.table_info("user_interactions")
2025-11-18 13:51:27,328 INFO sqlalchemy.engine.Engine [raw sql] ()
2025-11-18 13:51:27,328 INFO sqlalchemy.engine.Engine PRAGMA main.table_info("recommendation_feedback")
2025-11-18 13:51:27,329 INFO sqlalchemy.engine.Engine [raw sql] ()
2025-11-18 13:51:27,329 INFO sqlalchemy.engine.Engine PRAGMA main.table_info("model_versions")
2025-11-18 13:51:27,329 INFO sqlalchemy.engine.Engine [raw sql] ()
2025-11-18 13:51:27,329 INFO sqlalchemy.engine.Engine PRAGMA main.table_info("ab_test_experiments")
2025-11-18 13:51:27,330 INFO sqlalchemy.engine.Engine [raw sql] ()
2025-11-18 13:51:27,330 INFO sqlalchemy.engine.Engine PRAGMA main.table_info("prediction_logs")
2025-11-18 13:51:27,330 INFO sqlalchemy.engine.Engine [raw sql] ()
2025-11-18 13:51:27,331 INFO sqlalchemy.engine.Engine PRAGMA main.table_info("retraining_runs")
2025-11-18 13:51:27,331 INFO sqlalchemy.engine.Engine [raw sql] ()
2025-11-18 13:51:27,331 INFO sqlalchemy.engine.Engine COMMIT
2025-11-18 13:51:27,332 INFO sqlalchemy.engine.Engine BEGIN (implicit)
2025-11-18 13:51:27,332 INFO sqlalchemy.engine.Engine PRAGMA main.table_info("resources")
2025-11-18 13:51:27,332 INFO sqlalchemy.engine.Engine [raw sql] ()
2025-11-18 13:51:27,333 INFO sqlalchemy.engine.Engine PRAGMA main.table_info("classification_codes")
2025-11-18 13:51:27,333 INFO sqlalchemy.engine.Engine [raw sql] ()
2025-11-18 13:51:27,334 INFO sqlalchemy.engine.Engine PRAGMA main.table_info("authority_subjects")
2025-11-18 13:51:27,334 INFO sqlalchemy.engine.Engine [raw sql] ()
2025-11-18 13:51:27,334 INFO sqlalchemy.engine.Engine PRAGMA main.table_info("authority_creators")
2025-11-18 13:51:27,334 INFO sqlalchemy.engine.Engine [raw sql] ()
2025-11-18 13:51:27,334 INFO sqlalchemy.engine.Engine PRAGMA main.table_info("authority_publishers")
2025-11-18 13:51:27,334 INFO sqlalchemy.engine.Engine [raw sql] ()
2025-11-18 13:51:27,335 INFO sqlalchemy.engine.Engine PRAGMA main.table_info("citations")
2025-11-18 13:51:27,335 INFO sqlalchemy.engine.Engine [raw sql] ()
2025-11-18 13:51:27,335 INFO sqlalchemy.engine.Engine PRAGMA main.table_info("collection_resources")
2025-11-18 13:51:27,335 INFO sqlalchemy.engine.Engine [raw sql] ()
2025-11-18 13:51:27,336 INFO sqlalchemy.engine.Engine PRAGMA main.table_info("collections")
2025-11-18 13:51:27,336 INFO sqlalchemy.engine.Engine [raw sql] ()
2025-11-18 13:51:27,336 INFO sqlalchemy.engine.Engine PRAGMA main.table_info("taxonomy_nodes")
2025-11-18 13:51:27,337 INFO sqlalchemy.engine.Engine [raw sql] ()
2025-11-18 13:51:27,337 INFO sqlalchemy.engine.Engine PRAGMA main.table_info("resource_taxonomy")
2025-11-18 13:51:27,338 INFO sqlalchemy.engine.Engine [raw sql] ()
2025-11-18 13:51:27,338 INFO sqlalchemy.engine.Engine PRAGMA main.table_info("annotations")
2025-11-18 13:51:27,338 INFO sqlalchemy.engine.Engine [raw sql] ()
2025-11-18 13:51:27,338 INFO sqlalchemy.engine.Engine PRAGMA main.table_info("graph_edges")
2025-11-18 13:51:27,338 INFO sqlalchemy.engine.Engine [raw sql] ()
2025-11-18 13:51:27,339 INFO sqlalchemy.engine.Engine PRAGMA main.table_info("graph_embeddings")
2025-11-18 13:51:27,339 INFO sqlalchemy.engine.Engine [raw sql] ()
2025-11-18 13:51:27,339 INFO sqlalchemy.engine.Engine PRAGMA main.table_info("discovery_hypotheses")
2025-11-18 13:51:27,339 INFO sqlalchemy.engine.Engine [raw sql] ()
2025-11-18 13:51:27,339 INFO sqlalchemy.engine.Engine PRAGMA main.table_info("users")
2025-11-18 13:51:27,340 INFO sqlalchemy.engine.Engine [raw sql] ()
2025-11-18 13:51:27,340 INFO sqlalchemy.engine.Engine PRAGMA main.table_info("user_profiles")
2025-11-18 13:51:27,340 INFO sqlalchemy.engine.Engine [raw sql] ()
2025-11-18 13:51:27,340 INFO sqlalchemy.engine.Engine PRAGMA main.table_info("user_interactions")
2025-11-18 13:51:27,340 INFO sqlalchemy.engine.Engine [raw sql] ()
2025-11-18 13:51:27,341 INFO sqlalchemy.engine.Engine PRAGMA main.table_info("recommendation_feedback")
2025-11-18 13:51:27,341 INFO sqlalchemy.engine.Engine [raw sql] ()
2025-11-18 13:51:27,341 INFO sqlalchemy.engine.Engine PRAGMA main.table_info("model_versions")
2025-11-18 13:51:27,341 INFO sqlalchemy.engine.Engine [raw sql] ()
2025-11-18 13:51:27,342 INFO sqlalchemy.engine.Engine PRAGMA main.table_info("ab_test_experiments")
2025-11-18 13:51:27,342 INFO sqlalchemy.engine.Engine [raw sql] ()
2025-11-18 13:51:27,343 INFO sqlalchemy.engine.Engine PRAGMA main.table_info("prediction_logs")
2025-11-18 13:51:27,343 INFO sqlalchemy.engine.Engine [raw sql] ()
2025-11-18 13:51:27,343 INFO sqlalchemy.engine.Engine PRAGMA main.table_info("retraining_runs")
2025-11-18 13:51:27,343 INFO sqlalchemy.engine.Engine [raw sql] ()
2025-11-18 13:51:27,343 INFO sqlalchemy.engine.Engine COMMIT
2025-11-18 13:51:27,344 INFO sqlalchemy.engine.Engine BEGIN (implicit)
2025-11-18 13:51:27,344 INFO sqlalchemy.engine.Engine INSERT INTO model_versions (id, version, model_type, model_path, status, promoted_at, metadata, metrics) VALUES (?, ?, ?, ?, ?, ?, ?, ?), (?, ?, ?, ?, ?, ?, ?, ?) RETURNING created_at, id
2025-11-18 13:51:27,344 INFO sqlalchemy.engine.Engine [cached since 0.6513s ago (insertmanyvalues) 1/1 (ordered)] ('a6eb3576-d30d-4bad-a5ac-5ea660d44a40', 'v1.0.0', 'classification', 'models/classification/arxiv_v1.0.0', 'production', None, '{"dataset_size": 10000, "num_categories": 10}', '{"accuracy": 0.9, "f1_score": 0.88}', '39e711f1-7af0-4f6e-92f5-bb4fc7151600', 'v1.1.0', 'classification', 'models/classification/arxiv_v1.1.0', 'testing', None, '{"dataset_size": 11500, "num_categories": 10}', '{"accuracy": 0.93, "f1_score": 0.91}')
2025-11-18 13:51:27,348 INFO sqlalchemy.engine.Engine COMMIT
2025-11-18 13:51:27,352 INFO sqlalchemy.engine.Engine BEGIN (implicit)
2025-11-18 13:51:27,353 INFO sqlalchemy.engine.Engine SELECT model_versions.id, model_versions.version, model_versions.model_type, model_versions.model_path, model_versions.status, model_versions.created_at, model_versions.promoted_at, model_versions.metadata, model_versions.metrics 
FROM model_versions 
WHERE model_versions.id = ?
2025-11-18 13:51:27,353 INFO sqlalchemy.engine.Engine [cached since 0.6476s ago] ('a6eb3576-d30d-4bad-a5ac-5ea660d44a40',)
2025-11-18 13:51:27,355 INFO sqlalchemy.engine.Engine SELECT model_versions.id, model_versions.version, model_versions.model_type, model_versions.model_path, model_versions.status, model_versions.created_at, model_versions.promoted_at, model_versions.metadata, model_versions.metrics 
FROM model_versions 
WHERE model_versions.id = ?
2025-11-18 13:51:27,355 INFO sqlalchemy.engine.Engine [cached since 0.65s ago] ('39e711f1-7af0-4f6e-92f5-bb4fc7151600',)
---------------------------- Captured stderr setup ----------------------------
2025-11-18 13:51:27,313 - backend.scripts.deployment.model_versioning - INFO - Model versioning initialized with base directory: models\classification
2025-11-18 13:51:27,314 - backend.scripts.deployment.model_versioning - INFO - Loading existing registry from models\classification\version_registry.json
2025-11-18 13:51:27,314 - backend.scripts.deployment.model_versioning - INFO - Version registry loaded: 0 versions
2025-11-18 13:51:27,314 - backend.scripts.deployment.ab_testing - INFO - ABTestingFramework initialized
2025-11-18 13:51:27,314 - sqlalchemy.engine.Engine - INFO - BEGIN (implicit)
2025-11-18 13:51:27,315 - sqlalchemy.engine.Engine - INFO - PRAGMA main.table_info("resources")
2025-11-18 13:51:27,315 - sqlalchemy.engine.Engine - INFO - [raw sql] ()
2025-11-18 13:51:27,315 - sqlalchemy.engine.Engine - INFO - PRAGMA main.table_info("classification_codes")
2025-11-18 13:51:27,316 - sqlalchemy.engine.Engine - INFO - [raw sql] ()
2025-11-18 13:51:27,317 - sqlalchemy.engine.Engine - INFO - PRAGMA main.table_info("authority_subjects")
2025-11-18 13:51:27,317 - sqlalchemy.engine.Engine - INFO - [raw sql] ()
2025-11-18 13:51:27,318 - sqlalchemy.engine.Engine - INFO - PRAGMA main.table_info("authority_creators")
2025-11-18 13:51:27,318 - sqlalchemy.engine.Engine - INFO - [raw sql] ()
2025-11-18 13:51:27,318 - sqlalchemy.engine.Engine - INFO - PRAGMA main.table_info("authority_publishers")
2025-11-18 13:51:27,318 - sqlalchemy.engine.Engine - INFO - [raw sql] ()
2025-11-18 13:51:27,318 - sqlalchemy.engine.Engine - INFO - PRAGMA main.table_info("citations")
2025-11-18 13:51:27,318 - sqlalchemy.engine.Engine - INFO - [raw sql] ()
2025-11-18 13:51:27,319 - sqlalchemy.engine.Engine - INFO - PRAGMA main.table_info("collection_resources")
2025-11-18 13:51:27,319 - sqlalchemy.engine.Engine - INFO - [raw sql] ()
2025-11-18 13:51:27,322 - sqlalchemy.engine.Engine - INFO - PRAGMA main.table_info("collections")
2025-11-18 13:51:27,322 - sqlalchemy.engine.Engine - INFO - [raw sql] ()
2025-11-18 13:51:27,323 - sqlalchemy.engine.Engine - INFO - PRAGMA main.table_info("taxonomy_nodes")
2025-11-18 13:51:27,323 - sqlalchemy.engine.Engine - INFO - [raw sql] ()
2025-11-18 13:51:27,324 - sqlalchemy.engine.Engine - INFO - PRAGMA main.table_info("resource_taxonomy")
2025-11-18 13:51:27,325 - sqlalchemy.engine.Engine - INFO - [raw sql] ()
2025-11-18 13:51:27,325 - sqlalchemy.engine.Engine - INFO - PRAGMA main.table_info("annotations")
2025-11-18 13:51:27,326 - sqlalchemy.engine.Engine - INFO - [raw sql] ()
2025-11-18 13:51:27,326 - sqlalchemy.engine.Engine - INFO - PRAGMA main.table_info("graph_edges")
2025-11-18 13:51:27,326 - sqlalchemy.engine.Engine - INFO - [raw sql] ()
2025-11-18 13:51:27,326 - sqlalchemy.engine.Engine - INFO - PRAGMA main.table_info("graph_embeddings")
2025-11-18 13:51:27,326 - sqlalchemy.engine.Engine - INFO - [raw sql] ()
2025-11-18 13:51:27,327 - sqlalchemy.engine.Engine - INFO - PRAGMA main.table_info("discovery_hypotheses")
2025-11-18 13:51:27,327 - sqlalchemy.engine.Engine - INFO - [raw sql] ()
2025-11-18 13:51:27,327 - sqlalchemy.engine.Engine - INFO - PRAGMA main.table_info("users")
2025-11-18 13:51:27,327 - sqlalchemy.engine.Engine - INFO - [raw sql] ()
2025-11-18 13:51:27,327 - sqlalchemy.engine.Engine - INFO - PRAGMA main.table_info("user_profiles")
2025-11-18 13:51:27,327 - sqlalchemy.engine.Engine - INFO - [raw sql] ()
2025-11-18 13:51:27,327 - sqlalchemy.engine.Engine - INFO - PRAGMA main.table_info("user_interactions")
2025-11-18 13:51:27,328 - sqlalchemy.engine.Engine - INFO - [raw sql] ()
2025-11-18 13:51:27,328 - sqlalchemy.engine.Engine - INFO - PRAGMA main.table_info("recommendation_feedback")
2025-11-18 13:51:27,329 - sqlalchemy.engine.Engine - INFO - [raw sql] ()
2025-11-18 13:51:27,329 - sqlalchemy.engine.Engine - INFO - PRAGMA main.table_info("model_versions")
2025-11-18 13:51:27,329 - sqlalchemy.engine.Engine - INFO - [raw sql] ()
2025-11-18 13:51:27,329 - sqlalchemy.engine.Engine - INFO - PRAGMA main.table_info("ab_test_experiments")
2025-11-18 13:51:27,330 - sqlalchemy.engine.Engine - INFO - [raw sql] ()
2025-11-18 13:51:27,330 - sqlalchemy.engine.Engine - INFO - PRAGMA main.table_info("prediction_logs")
2025-11-18 13:51:27,330 - sqlalchemy.engine.Engine - INFO - [raw sql] ()
2025-11-18 13:51:27,331 - sqlalchemy.engine.Engine - INFO - PRAGMA main.table_info("retraining_runs")
2025-11-18 13:51:27,331 - sqlalchemy.engine.Engine - INFO - [raw sql] ()
2025-11-18 13:51:27,331 - sqlalchemy.engine.Engine - INFO - COMMIT
2025-11-18 13:51:27,332 - sqlalchemy.engine.Engine - INFO - BEGIN (implicit)
2025-11-18 13:51:27,332 - sqlalchemy.engine.Engine - INFO - PRAGMA main.table_info("resources")
2025-11-18 13:51:27,332 - sqlalchemy.engine.Engine - INFO - [raw sql] ()
2025-11-18 13:51:27,333 - sqlalchemy.engine.Engine - INFO - PRAGMA main.table_info("classification_codes")
2025-11-18 13:51:27,333 - sqlalchemy.engine.Engine - INFO - [raw sql] ()
2025-11-18 13:51:27,334 - sqlalchemy.engine.Engine - INFO - PRAGMA main.table_info("authority_subjects")
2025-11-18 13:51:27,334 - sqlalchemy.engine.Engine - INFO - [raw sql] ()
2025-11-18 13:51:27,334 - sqlalchemy.engine.Engine - INFO - PRAGMA main.table_info("authority_creators")
2025-11-18 13:51:27,334 - sqlalchemy.engine.Engine - INFO - [raw sql] ()
2025-11-18 13:51:27,334 - sqlalchemy.engine.Engine - INFO - PRAGMA main.table_info("authority_publishers")
2025-11-18 13:51:27,334 - sqlalchemy.engine.Engine - INFO - [raw sql] ()
2025-11-18 13:51:27,335 - sqlalchemy.engine.Engine - INFO - PRAGMA main.table_info("citations")
2025-11-18 13:51:27,335 - sqlalchemy.engine.Engine - INFO - [raw sql] ()
2025-11-18 13:51:27,335 - sqlalchemy.engine.Engine - INFO - PRAGMA main.table_info("collection_resources")
2025-11-18 13:51:27,335 - sqlalchemy.engine.Engine - INFO - [raw sql] ()
2025-11-18 13:51:27,336 - sqlalchemy.engine.Engine - INFO - PRAGMA main.table_info("collections")
2025-11-18 13:51:27,336 - sqlalchemy.engine.Engine - INFO - [raw sql] ()
2025-11-18 13:51:27,336 - sqlalchemy.engine.Engine - INFO - PRAGMA main.table_info("taxonomy_nodes")
2025-11-18 13:51:27,337 - sqlalchemy.engine.Engine - INFO - [raw sql] ()
2025-11-18 13:51:27,337 - sqlalchemy.engine.Engine - INFO - PRAGMA main.table_info("resource_taxonomy")
2025-11-18 13:51:27,338 - sqlalchemy.engine.Engine - INFO - [raw sql] ()
2025-11-18 13:51:27,338 - sqlalchemy.engine.Engine - INFO - PRAGMA main.table_info("annotations")
2025-11-18 13:51:27,338 - sqlalchemy.engine.Engine - INFO - [raw sql] ()
2025-11-18 13:51:27,338 - sqlalchemy.engine.Engine - INFO - PRAGMA main.table_info("graph_edges")
2025-11-18 13:51:27,338 - sqlalchemy.engine.Engine - INFO - [raw sql] ()
2025-11-18 13:51:27,339 - sqlalchemy.engine.Engine - INFO - PRAGMA main.table_info("graph_embeddings")
2025-11-18 13:51:27,339 - sqlalchemy.engine.Engine - INFO - [raw sql] ()
2025-11-18 13:51:27,339 - sqlalchemy.engine.Engine - INFO - PRAGMA main.table_info("discovery_hypotheses")
2025-11-18 13:51:27,339 - sqlalchemy.engine.Engine - INFO - [raw sql] ()
2025-11-18 13:51:27,339 - sqlalchemy.engine.Engine - INFO - PRAGMA main.table_info("users")
2025-11-18 13:51:27,340 - sqlalchemy.engine.Engine - INFO - [raw sql] ()
2025-11-18 13:51:27,340 - sqlalchemy.engine.Engine - INFO - PRAGMA main.table_info("user_profiles")
2025-11-18 13:51:27,340 - sqlalchemy.engine.Engine - INFO - [raw sql] ()
2025-11-18 13:51:27,340 - sqlalchemy.engine.Engine - INFO - PRAGMA main.table_info("user_interactions")
2025-11-18 13:51:27,340 - sqlalchemy.engine.Engine - INFO - [raw sql] ()
2025-11-18 13:51:27,341 - sqlalchemy.engine.Engine - INFO - PRAGMA main.table_info("recommendation_feedback")
2025-11-18 13:51:27,341 - sqlalchemy.engine.Engine - INFO - [raw sql] ()
2025-11-18 13:51:27,341 - sqlalchemy.engine.Engine - INFO - PRAGMA main.table_info("model_versions")
2025-11-18 13:51:27,341 - sqlalchemy.engine.Engine - INFO - [raw sql] ()
2025-11-18 13:51:27,342 - sqlalchemy.engine.Engine - INFO - PRAGMA main.table_info("ab_test_experiments")
2025-11-18 13:51:27,342 - sqlalchemy.engine.Engine - INFO - [raw sql] ()
2025-11-18 13:51:27,343 - sqlalchemy.engine.Engine - INFO - PRAGMA main.table_info("prediction_logs")
2025-11-18 13:51:27,343 - sqlalchemy.engine.Engine - INFO - [raw sql] ()
2025-11-18 13:51:27,343 - sqlalchemy.engine.Engine - INFO - PRAGMA main.table_info("retraining_runs")
2025-11-18 13:51:27,343 - sqlalchemy.engine.Engine - INFO - [raw sql] ()
2025-11-18 13:51:27,343 - sqlalchemy.engine.Engine - INFO - COMMIT
2025-11-18 13:51:27,344 - sqlalchemy.engine.Engine - INFO - BEGIN (implicit)
2025-11-18 13:51:27,344 - sqlalchemy.engine.Engine - INFO - INSERT INTO model_versions (id, version, model_type, model_path, status, promoted_at, metadata, metrics) VALUES (?, ?, ?, ?, ?, ?, ?, ?), (?, ?, ?, ?, ?, ?, ?, ?) RETURNING created_at, id
2025-11-18 13:51:27,344 - sqlalchemy.engine.Engine - INFO - [cached since 0.6513s ago (insertmanyvalues) 1/1 (ordered)] ('a6eb3576-d30d-4bad-a5ac-5ea660d44a40', 'v1.0.0', 'classification', 'models/classification/arxiv_v1.0.0', 'production', None, '{"dataset_size": 10000, "num_categories": 10}', '{"accuracy": 0.9, "f1_score": 0.88}', '39e711f1-7af0-4f6e-92f5-bb4fc7151600', 'v1.1.0', 'classification', 'models/classification/arxiv_v1.1.0', 'testing', None, '{"dataset_size": 11500, "num_categories": 10}', '{"accuracy": 0.93, "f1_score": 0.91}')
2025-11-18 13:51:27,348 - sqlalchemy.engine.Engine - INFO - COMMIT
2025-11-18 13:51:27,352 - sqlalchemy.engine.Engine - INFO - BEGIN (implicit)
2025-11-18 13:51:27,353 - sqlalchemy.engine.Engine - INFO - SELECT model_versions.id, model_versions.version, model_versions.model_type, model_versions.model_path, model_versions.status, model_versions.created_at, model_versions.promoted_at, model_versions.metadata, model_versions.metrics 
FROM model_versions 
WHERE model_versions.id = ?
2025-11-18 13:51:27,353 - sqlalchemy.engine.Engine - INFO - [cached since 0.6476s ago] ('a6eb3576-d30d-4bad-a5ac-5ea660d44a40',)
2025-11-18 13:51:27,355 - sqlalchemy.engine.Engine - INFO - SELECT model_versions.id, model_versions.version, model_versions.model_type, model_versions.model_path, model_versions.status, model_versions.created_at, model_versions.promoted_at, model_versions.metadata, model_versions.metrics 
FROM model_versions 
WHERE model_versions.id = ?
2025-11-18 13:51:27,355 - sqlalchemy.engine.Engine - INFO - [cached since 0.65s ago] ('39e711f1-7af0-4f6e-92f5-bb4fc7151600',)
----------------------------- Captured log setup ------------------------------
INFO     backend.scripts.deployment.model_versioning:model_versioning.py:63 Model versioning initialized with base directory: models\classification
INFO     backend.scripts.deployment.model_versioning:model_versioning.py:78 Loading existing registry from models\classification\version_registry.json
INFO     backend.scripts.deployment.model_versioning:model_versioning.py:68 Version registry loaded: 0 versions
INFO     backend.scripts.deployment.ab_testing:ab_testing.py:95 ABTestingFramework initialized
INFO     sqlalchemy.engine.Engine:base.py:2702 BEGIN (implicit)
INFO     sqlalchemy.engine.Engine:base.py:1846 PRAGMA main.table_info("resources")
INFO     sqlalchemy.engine.Engine:base.py:1846 [raw sql] ()
INFO     sqlalchemy.engine.Engine:base.py:1846 PRAGMA main.table_info("classification_codes")
INFO     sqlalchemy.engine.Engine:base.py:1846 [raw sql] ()
INFO     sqlalchemy.engine.Engine:base.py:1846 PRAGMA main.table_info("authority_subjects")
INFO     sqlalchemy.engine.Engine:base.py:1846 [raw sql] ()
INFO     sqlalchemy.engine.Engine:base.py:1846 PRAGMA main.table_info("authority_creators")
INFO     sqlalchemy.engine.Engine:base.py:1846 [raw sql] ()
INFO     sqlalchemy.engine.Engine:base.py:1846 PRAGMA main.table_info("authority_publishers")
INFO     sqlalchemy.engine.Engine:base.py:1846 [raw sql] ()
INFO     sqlalchemy.engine.Engine:base.py:1846 PRAGMA main.table_info("citations")
INFO     sqlalchemy.engine.Engine:base.py:1846 [raw sql] ()
INFO     sqlalchemy.engine.Engine:base.py:1846 PRAGMA main.table_info("collection_resources")
INFO     sqlalchemy.engine.Engine:base.py:1846 [raw sql] ()
INFO     sqlalchemy.engine.Engine:base.py:1846 PRAGMA main.table_info("collections")
INFO     sqlalchemy.engine.Engine:base.py:1846 [raw sql] ()
INFO     sqlalchemy.engine.Engine:base.py:1846 PRAGMA main.table_info("taxonomy_nodes")
INFO     sqlalchemy.engine.Engine:base.py:1846 [raw sql] ()
INFO     sqlalchemy.engine.Engine:base.py:1846 PRAGMA main.table_info("resource_taxonomy")
INFO     sqlalchemy.engine.Engine:base.py:1846 [raw sql] ()
INFO     sqlalchemy.engine.Engine:base.py:1846 PRAGMA main.table_info("annotations")
INFO     sqlalchemy.engine.Engine:base.py:1846 [raw sql] ()
INFO     sqlalchemy.engine.Engine:base.py:1846 PRAGMA main.table_info("graph_edges")
INFO     sqlalchemy.engine.Engine:base.py:1846 [raw sql] ()
INFO     sqlalchemy.engine.Engine:base.py:1846 PRAGMA main.table_info("graph_embeddings")
INFO     sqlalchemy.engine.Engine:base.py:1846 [raw sql] ()
INFO     sqlalchemy.engine.Engine:base.py:1846 PRAGMA main.table_info("discovery_hypotheses")
INFO     sqlalchemy.engine.Engine:base.py:1846 [raw sql] ()
INFO     sqlalchemy.engine.Engine:base.py:1846 PRAGMA main.table_info("users")
INFO     sqlalchemy.engine.Engine:base.py:1846 [raw sql] ()
INFO     sqlalchemy.engine.Engine:base.py:1846 PRAGMA main.table_info("user_profiles")
INFO     sqlalchemy.engine.Engine:base.py:1846 [raw sql] ()
INFO     sqlalchemy.engine.Engine:base.py:1846 PRAGMA main.table_info("user_interactions")
INFO     sqlalchemy.engine.Engine:base.py:1846 [raw sql] ()
INFO     sqlalchemy.engine.Engine:base.py:1846 PRAGMA main.table_info("recommendation_feedback")
INFO     sqlalchemy.engine.Engine:base.py:1846 [raw sql] ()
INFO     sqlalchemy.engine.Engine:base.py:1846 PRAGMA main.table_info("model_versions")
INFO     sqlalchemy.engine.Engine:base.py:1846 [raw sql] ()
INFO     sqlalchemy.engine.Engine:base.py:1846 PRAGMA main.table_info("ab_test_experiments")
INFO     sqlalchemy.engine.Engine:base.py:1846 [raw sql] ()
INFO     sqlalchemy.engine.Engine:base.py:1846 PRAGMA main.table_info("prediction_logs")
INFO     sqlalchemy.engine.Engine:base.py:1846 [raw sql] ()
INFO     sqlalchemy.engine.Engine:base.py:1846 PRAGMA main.table_info("retraining_runs")
INFO     sqlalchemy.engine.Engine:base.py:1846 [raw sql] ()
INFO     sqlalchemy.engine.Engine:base.py:2708 COMMIT
INFO     sqlalchemy.engine.Engine:base.py:2702 BEGIN (implicit)
INFO     sqlalchemy.engine.Engine:base.py:1846 PRAGMA main.table_info("resources")
INFO     sqlalchemy.engine.Engine:base.py:1846 [raw sql] ()
INFO     sqlalchemy.engine.Engine:base.py:1846 PRAGMA main.table_info("classification_codes")
INFO     sqlalchemy.engine.Engine:base.py:1846 [raw sql] ()
INFO     sqlalchemy.engine.Engine:base.py:1846 PRAGMA main.table_info("authority_subjects")
INFO     sqlalchemy.engine.Engine:base.py:1846 [raw sql] ()
INFO     sqlalchemy.engine.Engine:base.py:1846 PRAGMA main.table_info("authority_creators")
INFO     sqlalchemy.engine.Engine:base.py:1846 [raw sql] ()
INFO     sqlalchemy.engine.Engine:base.py:1846 PRAGMA main.table_info("authority_publishers")
INFO     sqlalchemy.engine.Engine:base.py:1846 [raw sql] ()
INFO     sqlalchemy.engine.Engine:base.py:1846 PRAGMA main.table_info("citations")
INFO     sqlalchemy.engine.Engine:base.py:1846 [raw sql] ()
INFO     sqlalchemy.engine.Engine:base.py:1846 PRAGMA main.table_info("collection_resources")
INFO     sqlalchemy.engine.Engine:base.py:1846 [raw sql] ()
INFO     sqlalchemy.engine.Engine:base.py:1846 PRAGMA main.table_info("collections")
INFO     sqlalchemy.engine.Engine:base.py:1846 [raw sql] ()
INFO     sqlalchemy.engine.Engine:base.py:1846 PRAGMA main.table_info("taxonomy_nodes")
INFO     sqlalchemy.engine.Engine:base.py:1846 [raw sql] ()
INFO     sqlalchemy.engine.Engine:base.py:1846 PRAGMA main.table_info("resource_taxonomy")
INFO     sqlalchemy.engine.Engine:base.py:1846 [raw sql] ()
INFO     sqlalchemy.engine.Engine:base.py:1846 PRAGMA main.table_info("annotations")
INFO     sqlalchemy.engine.Engine:base.py:1846 [raw sql] ()
INFO     sqlalchemy.engine.Engine:base.py:1846 PRAGMA main.table_info("graph_edges")
INFO     sqlalchemy.engine.Engine:base.py:1846 [raw sql] ()
INFO     sqlalchemy.engine.Engine:base.py:1846 PRAGMA main.table_info("graph_embeddings")
INFO     sqlalchemy.engine.Engine:base.py:1846 [raw sql] ()
INFO     sqlalchemy.engine.Engine:base.py:1846 PRAGMA main.table_info("discovery_hypotheses")
INFO     sqlalchemy.engine.Engine:base.py:1846 [raw sql] ()
INFO     sqlalchemy.engine.Engine:base.py:1846 PRAGMA main.table_info("users")
INFO     sqlalchemy.engine.Engine:base.py:1846 [raw sql] ()
INFO     sqlalchemy.engine.Engine:base.py:1846 PRAGMA main.table_info("user_profiles")
INFO     sqlalchemy.engine.Engine:base.py:1846 [raw sql] ()
INFO     sqlalchemy.engine.Engine:base.py:1846 PRAGMA main.table_info("user_interactions")
INFO     sqlalchemy.engine.Engine:base.py:1846 [raw sql] ()
INFO     sqlalchemy.engine.Engine:base.py:1846 PRAGMA main.table_info("recommendation_feedback")
INFO     sqlalchemy.engine.Engine:base.py:1846 [raw sql] ()
INFO     sqlalchemy.engine.Engine:base.py:1846 PRAGMA main.table_info("model_versions")
INFO     sqlalchemy.engine.Engine:base.py:1846 [raw sql] ()
INFO     sqlalchemy.engine.Engine:base.py:1846 PRAGMA main.table_info("ab_test_experiments")
INFO     sqlalchemy.engine.Engine:base.py:1846 [raw sql] ()
INFO     sqlalchemy.engine.Engine:base.py:1846 PRAGMA main.table_info("prediction_logs")
INFO     sqlalchemy.engine.Engine:base.py:1846 [raw sql] ()
INFO     sqlalchemy.engine.Engine:base.py:1846 PRAGMA main.table_info("retraining_runs")
INFO     sqlalchemy.engine.Engine:base.py:1846 [raw sql] ()
INFO     sqlalchemy.engine.Engine:base.py:2708 COMMIT
INFO     sqlalchemy.engine.Engine:base.py:2702 BEGIN (implicit)
INFO     sqlalchemy.engine.Engine:base.py:1844 INSERT INTO model_versions (id, version, model_type, model_path, status, promoted_at, metadata, metrics) VALUES (?, ?, ?, ?, ?, ?, ?, ?), (?, ?, ?, ?, ?, ?, ?, ?) RETURNING created_at, id
INFO     sqlalchemy.engine.Engine:base.py:1844 [cached since 0.6513s ago (insertmanyvalues) 1/1 (ordered)] ('a6eb3576-d30d-4bad-a5ac-5ea660d44a40', 'v1.0.0', 'classification', 'models/classification/arxiv_v1.0.0', 'production', None, '{"dataset_size": 10000, "num_categories": 10}', '{"accuracy": 0.9, "f1_score": 0.88}', '39e711f1-7af0-4f6e-92f5-bb4fc7151600', 'v1.1.0', 'classification', 'models/classification/arxiv_v1.1.0', 'testing', None, '{"dataset_size": 11500, "num_categories": 10}', '{"accuracy": 0.93, "f1_score": 0.91}')
INFO     sqlalchemy.engine.Engine:base.py:2708 COMMIT
INFO     sqlalchemy.engine.Engine:base.py:2702 BEGIN (implicit)
INFO     sqlalchemy.engine.Engine:base.py:1846 SELECT model_versions.id, model_versions.version, model_versions.model_type, model_versions.model_path, model_versions.status, model_versions.created_at, model_versions.promoted_at, model_versions.metadata, model_versions.metrics 
FROM model_versions 
WHERE model_versions.id = ?
INFO     sqlalchemy.engine.Engine:base.py:1846 [cached since 0.6476s ago] ('a6eb3576-d30d-4bad-a5ac-5ea660d44a40',)
INFO     sqlalchemy.engine.Engine:base.py:1846 SELECT model_versions.id, model_versions.version, model_versions.model_type, model_versions.model_path, model_versions.status, model_versions.created_at, model_versions.promoted_at, model_versions.metadata, model_versions.metrics 
FROM model_versions 
WHERE model_versions.id = ?
INFO     sqlalchemy.engine.Engine:base.py:1846 [cached since 0.65s ago] ('39e711f1-7af0-4f6e-92f5-bb4fc7151600',)
---------------------------- Captured stdout call -----------------------------
2025-11-18 13:51:27,357 INFO sqlalchemy.engine.Engine SELECT model_versions.id AS model_versions_id, model_versions.version AS model_versions_version, model_versions.model_type AS model_versions_model_type, model_versions.model_path AS model_versions_model_path, model_versions.status AS model_versions_status, model_versions.created_at AS model_versions_created_at, model_versions.promoted_at AS model_versions_promoted_at, model_versions.metadata AS model_versions_metadata, model_versions.metrics AS model_versions_metrics 
FROM model_versions 
WHERE model_versions.version = ?
 LIMIT ? OFFSET ?
2025-11-18 13:51:27,357 INFO sqlalchemy.engine.Engine [cached since 0.6451s ago] ('v1.0.0', 1, 0)
2025-11-18 13:51:27,359 INFO sqlalchemy.engine.Engine SELECT model_versions.id AS model_versions_id, model_versions.version AS model_versions_version, model_versions.model_type AS model_versions_model_type, model_versions.model_path AS model_versions_model_path, model_versions.status AS model_versions_status, model_versions.created_at AS model_versions_created_at, model_versions.promoted_at AS model_versions_promoted_at, model_versions.metadata AS model_versions_metadata, model_versions.metrics AS model_versions_metrics 
FROM model_versions 
WHERE model_versions.version = ?
 LIMIT ? OFFSET ?
2025-11-18 13:51:27,359 INFO sqlalchemy.engine.Engine [cached since 0.6471s ago] ('v1.1.0', 1, 0)
2025-11-18 13:51:27,360 INFO sqlalchemy.engine.Engine BEGIN (implicit)
2025-11-18 13:51:27,360 INFO sqlalchemy.engine.Engine PRAGMA main.table_info("resources")
2025-11-18 13:51:27,360 INFO sqlalchemy.engine.Engine [raw sql] ()
2025-11-18 13:51:27,361 INFO sqlalchemy.engine.Engine PRAGMA main.table_info("classification_codes")
2025-11-18 13:51:27,361 INFO sqlalchemy.engine.Engine [raw sql] ()
2025-11-18 13:51:27,361 INFO sqlalchemy.engine.Engine PRAGMA main.table_info("authority_subjects")
2025-11-18 13:51:27,361 INFO sqlalchemy.engine.Engine [raw sql] ()
2025-11-18 13:51:27,362 INFO sqlalchemy.engine.Engine PRAGMA main.table_info("authority_creators")
2025-11-18 13:51:27,362 INFO sqlalchemy.engine.Engine [raw sql] ()
2025-11-18 13:51:27,362 INFO sqlalchemy.engine.Engine PRAGMA main.table_info("authority_publishers")
2025-11-18 13:51:27,363 INFO sqlalchemy.engine.Engine [raw sql] ()
2025-11-18 13:51:27,363 INFO sqlalchemy.engine.Engine PRAGMA main.table_info("citations")
2025-11-18 13:51:27,363 INFO sqlalchemy.engine.Engine [raw sql] ()
2025-11-18 13:51:27,364 INFO sqlalchemy.engine.Engine PRAGMA main.table_info("collection_resources")
2025-11-18 13:51:27,364 INFO sqlalchemy.engine.Engine [raw sql] ()
2025-11-18 13:51:27,364 INFO sqlalchemy.engine.Engine PRAGMA main.table_info("collections")
2025-11-18 13:51:27,364 INFO sqlalchemy.engine.Engine [raw sql] ()
2025-11-18 13:51:27,364 INFO sqlalchemy.engine.Engine PRAGMA main.table_info("taxonomy_nodes")
2025-11-18 13:51:27,364 INFO sqlalchemy.engine.Engine [raw sql] ()
2025-11-18 13:51:27,365 INFO sqlalchemy.engine.Engine PRAGMA main.table_info("resource_taxonomy")
2025-11-18 13:51:27,365 INFO sqlalchemy.engine.Engine [raw sql] ()
2025-11-18 13:51:27,365 INFO sqlalchemy.engine.Engine PRAGMA main.table_info("annotations")
2025-11-18 13:51:27,365 INFO sqlalchemy.engine.Engine [raw sql] ()
2025-11-18 13:51:27,365 INFO sqlalchemy.engine.Engine PRAGMA main.table_info("graph_edges")
2025-11-18 13:51:27,365 INFO sqlalchemy.engine.Engine [raw sql] ()
2025-11-18 13:51:27,366 INFO sqlalchemy.engine.Engine PRAGMA main.table_info("graph_embeddings")
2025-11-18 13:51:27,367 INFO sqlalchemy.engine.Engine [raw sql] ()
2025-11-18 13:51:27,367 INFO sqlalchemy.engine.Engine PRAGMA main.table_info("discovery_hypotheses")
2025-11-18 13:51:27,367 INFO sqlalchemy.engine.Engine [raw sql] ()
2025-11-18 13:51:27,367 INFO sqlalchemy.engine.Engine PRAGMA main.table_info("users")
2025-11-18 13:51:27,368 INFO sqlalchemy.engine.Engine [raw sql] ()
2025-11-18 13:51:27,368 INFO sqlalchemy.engine.Engine PRAGMA main.table_info("user_profiles")
2025-11-18 13:51:27,368 INFO sqlalchemy.engine.Engine [raw sql] ()
2025-11-18 13:51:27,369 INFO sqlalchemy.engine.Engine PRAGMA main.table_info("user_interactions")
2025-11-18 13:51:27,369 INFO sqlalchemy.engine.Engine [raw sql] ()
2025-11-18 13:51:27,369 INFO sqlalchemy.engine.Engine PRAGMA main.table_info("recommendation_feedback")
2025-11-18 13:51:27,369 INFO sqlalchemy.engine.Engine [raw sql] ()
2025-11-18 13:51:27,369 INFO sqlalchemy.engine.Engine PRAGMA main.table_info("model_versions")
2025-11-18 13:51:27,369 INFO sqlalchemy.engine.Engine [raw sql] ()
2025-11-18 13:51:27,370 INFO sqlalchemy.engine.Engine PRAGMA main.table_info("ab_test_experiments")
2025-11-18 13:51:27,370 INFO sqlalchemy.engine.Engine [raw sql] ()
2025-11-18 13:51:27,371 INFO sqlalchemy.engine.Engine PRAGMA main.table_info("prediction_logs")
2025-11-18 13:51:27,371 INFO sqlalchemy.engine.Engine [raw sql] ()
2025-11-18 13:51:27,372 INFO sqlalchemy.engine.Engine PRAGMA main.table_info("retraining_runs")
2025-11-18 13:51:27,372 INFO sqlalchemy.engine.Engine [raw sql] ()
2025-11-18 13:51:27,372 INFO sqlalchemy.engine.Engine COMMIT
2025-11-18 13:51:27,373 INFO sqlalchemy.engine.Engine BEGIN (implicit)
2025-11-18 13:51:27,373 INFO sqlalchemy.engine.Engine PRAGMA main.table_info("resources")
2025-11-18 13:51:27,373 INFO sqlalchemy.engine.Engine [raw sql] ()
2025-11-18 13:51:27,373 INFO sqlalchemy.engine.Engine PRAGMA main.table_info("classification_codes")
2025-11-18 13:51:27,373 INFO sqlalchemy.engine.Engine [raw sql] ()
2025-11-18 13:51:27,374 INFO sqlalchemy.engine.Engine PRAGMA main.table_info("authority_subjects")
2025-11-18 13:51:27,375 INFO sqlalchemy.engine.Engine [raw sql] ()
2025-11-18 13:51:27,375 INFO sqlalchemy.engine.Engine PRAGMA main.table_info("authority_creators")
2025-11-18 13:51:27,375 INFO sqlalchemy.engine.Engine [raw sql] ()
2025-11-18 13:51:27,376 INFO sqlalchemy.engine.Engine PRAGMA main.table_info("authority_publishers")
2025-11-18 13:51:27,376 INFO sqlalchemy.engine.Engine [raw sql] ()
2025-11-18 13:51:27,376 INFO sqlalchemy.engine.Engine PRAGMA main.table_info("citations")
2025-11-18 13:51:27,377 INFO sqlalchemy.engine.Engine [raw sql] ()
2025-11-18 13:51:27,377 INFO sqlalchemy.engine.Engine PRAGMA main.table_info("collection_resources")
2025-11-18 13:51:27,377 INFO sqlalchemy.engine.Engine [raw sql] ()
2025-11-18 13:51:27,377 INFO sqlalchemy.engine.Engine PRAGMA main.table_info("collections")
2025-11-18 13:51:27,377 INFO sqlalchemy.engine.Engine [raw sql] ()
2025-11-18 13:51:27,378 INFO sqlalchemy.engine.Engine PRAGMA main.table_info("taxonomy_nodes")
2025-11-18 13:51:27,378 INFO sqlalchemy.engine.Engine [raw sql] ()
2025-11-18 13:51:27,378 INFO sqlalchemy.engine.Engine PRAGMA main.table_info("resource_taxonomy")
2025-11-18 13:51:27,379 INFO sqlalchemy.engine.Engine [raw sql] ()
2025-11-18 13:51:27,379 INFO sqlalchemy.engine.Engine PRAGMA main.table_info("annotations")
2025-11-18 13:51:27,379 INFO sqlalchemy.engine.Engine [raw sql] ()
2025-11-18 13:51:27,379 INFO sqlalchemy.engine.Engine PRAGMA main.table_info("graph_edges")
2025-11-18 13:51:27,379 INFO sqlalchemy.engine.Engine [raw sql] ()
2025-11-18 13:51:27,380 INFO sqlalchemy.engine.Engine PRAGMA main.table_info("graph_embeddings")
2025-11-18 13:51:27,380 INFO sqlalchemy.engine.Engine [raw sql] ()
2025-11-18 13:51:27,380 INFO sqlalchemy.engine.Engine PRAGMA main.table_info("discovery_hypotheses")
2025-11-18 13:51:27,380 INFO sqlalchemy.engine.Engine [raw sql] ()
2025-11-18 13:51:27,381 INFO sqlalchemy.engine.Engine PRAGMA main.table_info("users")
2025-11-18 13:51:27,381 INFO sqlalchemy.engine.Engine [raw sql] ()
2025-11-18 13:51:27,381 INFO sqlalchemy.engine.Engine PRAGMA main.table_info("user_profiles")
2025-11-18 13:51:27,381 INFO sqlalchemy.engine.Engine [raw sql] ()
2025-11-18 13:51:27,381 INFO sqlalchemy.engine.Engine PRAGMA main.table_info("user_interactions")
2025-11-18 13:51:27,381 INFO sqlalchemy.engine.Engine [raw sql] ()
2025-11-18 13:51:27,382 INFO sqlalchemy.engine.Engine PRAGMA main.table_info("recommendation_feedback")
2025-11-18 13:51:27,382 INFO sqlalchemy.engine.Engine [raw sql] ()
2025-11-18 13:51:27,382 INFO sqlalchemy.engine.Engine PRAGMA main.table_info("model_versions")
2025-11-18 13:51:27,382 INFO sqlalchemy.engine.Engine [raw sql] ()
2025-11-18 13:51:27,384 INFO sqlalchemy.engine.Engine PRAGMA main.table_info("ab_test_experiments")
2025-11-18 13:51:27,384 INFO sqlalchemy.engine.Engine [raw sql] ()
2025-11-18 13:51:27,385 INFO sqlalchemy.engine.Engine PRAGMA main.table_info("prediction_logs")
2025-11-18 13:51:27,385 INFO sqlalchemy.engine.Engine [raw sql] ()
2025-11-18 13:51:27,386 INFO sqlalchemy.engine.Engine PRAGMA main.table_info("retraining_runs")
2025-11-18 13:51:27,386 INFO sqlalchemy.engine.Engine [raw sql] ()
2025-11-18 13:51:27,387 INFO sqlalchemy.engine.Engine COMMIT
2025-11-18 13:51:27,388 INFO sqlalchemy.engine.Engine INSERT INTO ab_test_experiments (id, name, control_version_id, treatment_version_id, traffic_split, end_date, status) VALUES (?, ?, ?, ?, ?, ?, ?) RETURNING start_date
2025-11-18 13:51:27,388 INFO sqlalchemy.engine.Engine [cached since 0.6493s ago] ('f93a2d86-be34-439b-842d-6c150ef4d85a', 'analysis_test', 'a6eb3576-d30d-4bad-a5ac-5ea660d44a40', '39e711f1-7af0-4f6e-92f5-bb4fc7151600', 0.5, None, 'running')
2025-11-18 13:51:27,390 INFO sqlalchemy.engine.Engine COMMIT
2025-11-18 13:51:27,394 INFO sqlalchemy.engine.Engine BEGIN (implicit)
2025-11-18 13:51:27,395 INFO sqlalchemy.engine.Engine SELECT ab_test_experiments.id, ab_test_experiments.name, ab_test_experiments.control_version_id, ab_test_experiments.treatment_version_id, ab_test_experiments.traffic_split, ab_test_experiments.start_date, ab_test_experiments.end_date, ab_test_experiments.status, ab_test_experiments.results 
FROM ab_test_experiments 
WHERE ab_test_experiments.id = ?
2025-11-18 13:51:27,395 INFO sqlalchemy.engine.Engine [cached since 0.6453s ago] ('f93a2d86-be34-439b-842d-6c150ef4d85a',)
2025-11-18 13:51:27,397 INFO sqlalchemy.engine.Engine SELECT model_versions.id AS model_versions_id, model_versions.version AS model_versions_version, model_versions.model_type AS model_versions_model_type, model_versions.model_path AS model_versions_model_path, model_versions.status AS model_versions_status, model_versions.created_at AS model_versions_created_at, model_versions.promoted_at AS model_versions_promoted_at, model_versions.metadata AS model_versions_metadata, model_versions.metrics AS model_versions_metrics 
FROM model_versions 
WHERE model_versions.version = ?
 LIMIT ? OFFSET ?
2025-11-18 13:51:27,397 INFO sqlalchemy.engine.Engine [cached since 0.6849s ago] ('v1.0.0', 1, 0)
---------------------------- Captured stderr call -----------------------------
2025-11-18 13:51:27,357 - sqlalchemy.engine.Engine - INFO - SELECT model_versions.id AS model_versions_id, model_versions.version AS model_versions_version, model_versions.model_type AS model_versions_model_type, model_versions.model_path AS model_versions_model_path, model_versions.status AS model_versions_status, model_versions.created_at AS model_versions_created_at, model_versions.promoted_at AS model_versions_promoted_at, model_versions.metadata AS model_versions_metadata, model_versions.metrics AS model_versions_metrics 
FROM model_versions 
WHERE model_versions.version = ?
 LIMIT ? OFFSET ?
2025-11-18 13:51:27,357 - sqlalchemy.engine.Engine - INFO - [cached since 0.6451s ago] ('v1.0.0', 1, 0)
2025-11-18 13:51:27,359 - sqlalchemy.engine.Engine - INFO - SELECT model_versions.id AS model_versions_id, model_versions.version AS model_versions_version, model_versions.model_type AS model_versions_model_type, model_versions.model_path AS model_versions_model_path, model_versions.status AS model_versions_status, model_versions.created_at AS model_versions_created_at, model_versions.promoted_at AS model_versions_promoted_at, model_versions.metadata AS model_versions_metadata, model_versions.metrics AS model_versions_metrics 
FROM model_versions 
WHERE model_versions.version = ?
 LIMIT ? OFFSET ?
2025-11-18 13:51:27,359 - sqlalchemy.engine.Engine - INFO - [cached since 0.6471s ago] ('v1.1.0', 1, 0)
2025-11-18 13:51:27,360 - sqlalchemy.engine.Engine - INFO - BEGIN (implicit)
2025-11-18 13:51:27,360 - sqlalchemy.engine.Engine - INFO - PRAGMA main.table_info("resources")
2025-11-18 13:51:27,360 - sqlalchemy.engine.Engine - INFO - [raw sql] ()
2025-11-18 13:51:27,361 - sqlalchemy.engine.Engine - INFO - PRAGMA main.table_info("classification_codes")
2025-11-18 13:51:27,361 - sqlalchemy.engine.Engine - INFO - [raw sql] ()
2025-11-18 13:51:27,361 - sqlalchemy.engine.Engine - INFO - PRAGMA main.table_info("authority_subjects")
2025-11-18 13:51:27,361 - sqlalchemy.engine.Engine - INFO - [raw sql] ()
2025-11-18 13:51:27,362 - sqlalchemy.engine.Engine - INFO - PRAGMA main.table_info("authority_creators")
2025-11-18 13:51:27,362 - sqlalchemy.engine.Engine - INFO - [raw sql] ()
2025-11-18 13:51:27,362 - sqlalchemy.engine.Engine - INFO - PRAGMA main.table_info("authority_publishers")
2025-11-18 13:51:27,363 - sqlalchemy.engine.Engine - INFO - [raw sql] ()
2025-11-18 13:51:27,363 - sqlalchemy.engine.Engine - INFO - PRAGMA main.table_info("citations")
2025-11-18 13:51:27,363 - sqlalchemy.engine.Engine - INFO - [raw sql] ()
2025-11-18 13:51:27,364 - sqlalchemy.engine.Engine - INFO - PRAGMA main.table_info("collection_resources")
2025-11-18 13:51:27,364 - sqlalchemy.engine.Engine - INFO - [raw sql] ()
2025-11-18 13:51:27,364 - sqlalchemy.engine.Engine - INFO - PRAGMA main.table_info("collections")
2025-11-18 13:51:27,364 - sqlalchemy.engine.Engine - INFO - [raw sql] ()
2025-11-18 13:51:27,364 - sqlalchemy.engine.Engine - INFO - PRAGMA main.table_info("taxonomy_nodes")
2025-11-18 13:51:27,364 - sqlalchemy.engine.Engine - INFO - [raw sql] ()
2025-11-18 13:51:27,365 - sqlalchemy.engine.Engine - INFO - PRAGMA main.table_info("resource_taxonomy")
2025-11-18 13:51:27,365 - sqlalchemy.engine.Engine - INFO - [raw sql] ()
2025-11-18 13:51:27,365 - sqlalchemy.engine.Engine - INFO - PRAGMA main.table_info("annotations")
2025-11-18 13:51:27,365 - sqlalchemy.engine.Engine - INFO - [raw sql] ()
2025-11-18 13:51:27,365 - sqlalchemy.engine.Engine - INFO - PRAGMA main.table_info("graph_edges")
2025-11-18 13:51:27,365 - sqlalchemy.engine.Engine - INFO - [raw sql] ()
2025-11-18 13:51:27,366 - sqlalchemy.engine.Engine - INFO - PRAGMA main.table_info("graph_embeddings")
2025-11-18 13:51:27,367 - sqlalchemy.engine.Engine - INFO - [raw sql] ()
2025-11-18 13:51:27,367 - sqlalchemy.engine.Engine - INFO - PRAGMA main.table_info("discovery_hypotheses")
2025-11-18 13:51:27,367 - sqlalchemy.engine.Engine - INFO - [raw sql] ()
2025-11-18 13:51:27,367 - sqlalchemy.engine.Engine - INFO - PRAGMA main.table_info("users")
2025-11-18 13:51:27,368 - sqlalchemy.engine.Engine - INFO - [raw sql] ()
2025-11-18 13:51:27,368 - sqlalchemy.engine.Engine - INFO - PRAGMA main.table_info("user_profiles")
2025-11-18 13:51:27,368 - sqlalchemy.engine.Engine - INFO - [raw sql] ()
2025-11-18 13:51:27,369 - sqlalchemy.engine.Engine - INFO - PRAGMA main.table_info("user_interactions")
2025-11-18 13:51:27,369 - sqlalchemy.engine.Engine - INFO - [raw sql] ()
2025-11-18 13:51:27,369 - sqlalchemy.engine.Engine - INFO - PRAGMA main.table_info("recommendation_feedback")
2025-11-18 13:51:27,369 - sqlalchemy.engine.Engine - INFO - [raw sql] ()
2025-11-18 13:51:27,369 - sqlalchemy.engine.Engine - INFO - PRAGMA main.table_info("model_versions")
2025-11-18 13:51:27,369 - sqlalchemy.engine.Engine - INFO - [raw sql] ()
2025-11-18 13:51:27,370 - sqlalchemy.engine.Engine - INFO - PRAGMA main.table_info("ab_test_experiments")
2025-11-18 13:51:27,370 - sqlalchemy.engine.Engine - INFO - [raw sql] ()
2025-11-18 13:51:27,371 - sqlalchemy.engine.Engine - INFO - PRAGMA main.table_info("prediction_logs")
2025-11-18 13:51:27,371 - sqlalchemy.engine.Engine - INFO - [raw sql] ()
2025-11-18 13:51:27,372 - sqlalchemy.engine.Engine - INFO - PRAGMA main.table_info("retraining_runs")
2025-11-18 13:51:27,372 - sqlalchemy.engine.Engine - INFO - [raw sql] ()
2025-11-18 13:51:27,372 - sqlalchemy.engine.Engine - INFO - COMMIT
2025-11-18 13:51:27,373 - sqlalchemy.engine.Engine - INFO - BEGIN (implicit)
2025-11-18 13:51:27,373 - sqlalchemy.engine.Engine - INFO - PRAGMA main.table_info("resources")
2025-11-18 13:51:27,373 - sqlalchemy.engine.Engine - INFO - [raw sql] ()
2025-11-18 13:51:27,373 - sqlalchemy.engine.Engine - INFO - PRAGMA main.table_info("classification_codes")
2025-11-18 13:51:27,373 - sqlalchemy.engine.Engine - INFO - [raw sql] ()
2025-11-18 13:51:27,374 - sqlalchemy.engine.Engine - INFO - PRAGMA main.table_info("authority_subjects")
2025-11-18 13:51:27,375 - sqlalchemy.engine.Engine - INFO - [raw sql] ()
2025-11-18 13:51:27,375 - sqlalchemy.engine.Engine - INFO - PRAGMA main.table_info("authority_creators")
2025-11-18 13:51:27,375 - sqlalchemy.engine.Engine - INFO - [raw sql] ()
2025-11-18 13:51:27,376 - sqlalchemy.engine.Engine - INFO - PRAGMA main.table_info("authority_publishers")
2025-11-18 13:51:27,376 - sqlalchemy.engine.Engine - INFO - [raw sql] ()
2025-11-18 13:51:27,376 - sqlalchemy.engine.Engine - INFO - PRAGMA main.table_info("citations")
2025-11-18 13:51:27,377 - sqlalchemy.engine.Engine - INFO - [raw sql] ()
2025-11-18 13:51:27,377 - sqlalchemy.engine.Engine - INFO - PRAGMA main.table_info("collection_resources")
2025-11-18 13:51:27,377 - sqlalchemy.engine.Engine - INFO - [raw sql] ()
2025-11-18 13:51:27,377 - sqlalchemy.engine.Engine - INFO - PRAGMA main.table_info("collections")
2025-11-18 13:51:27,377 - sqlalchemy.engine.Engine - INFO - [raw sql] ()
2025-11-18 13:51:27,378 - sqlalchemy.engine.Engine - INFO - PRAGMA main.table_info("taxonomy_nodes")
2025-11-18 13:51:27,378 - sqlalchemy.engine.Engine - INFO - [raw sql] ()
2025-11-18 13:51:27,378 - sqlalchemy.engine.Engine - INFO - PRAGMA main.table_info("resource_taxonomy")
2025-11-18 13:51:27,379 - sqlalchemy.engine.Engine - INFO - [raw sql] ()
2025-11-18 13:51:27,379 - sqlalchemy.engine.Engine - INFO - PRAGMA main.table_info("annotations")
2025-11-18 13:51:27,379 - sqlalchemy.engine.Engine - INFO - [raw sql] ()
2025-11-18 13:51:27,379 - sqlalchemy.engine.Engine - INFO - PRAGMA main.table_info("graph_edges")
2025-11-18 13:51:27,379 - sqlalchemy.engine.Engine - INFO - [raw sql] ()
2025-11-18 13:51:27,380 - sqlalchemy.engine.Engine - INFO - PRAGMA main.table_info("graph_embeddings")
2025-11-18 13:51:27,380 - sqlalchemy.engine.Engine - INFO - [raw sql] ()
2025-11-18 13:51:27,380 - sqlalchemy.engine.Engine - INFO - PRAGMA main.table_info("discovery_hypotheses")
2025-11-18 13:51:27,380 - sqlalchemy.engine.Engine - INFO - [raw sql] ()
2025-11-18 13:51:27,381 - sqlalchemy.engine.Engine - INFO - PRAGMA main.table_info("users")
2025-11-18 13:51:27,381 - sqlalchemy.engine.Engine - INFO - [raw sql] ()
2025-11-18 13:51:27,381 - sqlalchemy.engine.Engine - INFO - PRAGMA main.table_info("user_profiles")
2025-11-18 13:51:27,381 - sqlalchemy.engine.Engine - INFO - [raw sql] ()
2025-11-18 13:51:27,381 - sqlalchemy.engine.Engine - INFO - PRAGMA main.table_info("user_interactions")
2025-11-18 13:51:27,381 - sqlalchemy.engine.Engine - INFO - [raw sql] ()
2025-11-18 13:51:27,382 - sqlalchemy.engine.Engine - INFO - PRAGMA main.table_info("recommendation_feedback")
2025-11-18 13:51:27,382 - sqlalchemy.engine.Engine - INFO - [raw sql] ()
2025-11-18 13:51:27,382 - sqlalchemy.engine.Engine - INFO - PRAGMA main.table_info("model_versions")
2025-11-18 13:51:27,382 - sqlalchemy.engine.Engine - INFO - [raw sql] ()
2025-11-18 13:51:27,384 - sqlalchemy.engine.Engine - INFO - PRAGMA main.table_info("ab_test_experiments")
2025-11-18 13:51:27,384 - sqlalchemy.engine.Engine - INFO - [raw sql] ()
2025-11-18 13:51:27,385 - sqlalchemy.engine.Engine - INFO - PRAGMA main.table_info("prediction_logs")
2025-11-18 13:51:27,385 - sqlalchemy.engine.Engine - INFO - [raw sql] ()
2025-11-18 13:51:27,386 - sqlalchemy.engine.Engine - INFO - PRAGMA main.table_info("retraining_runs")
2025-11-18 13:51:27,386 - sqlalchemy.engine.Engine - INFO - [raw sql] ()
2025-11-18 13:51:27,387 - sqlalchemy.engine.Engine - INFO - COMMIT
2025-11-18 13:51:27,388 - sqlalchemy.engine.Engine - INFO - INSERT INTO ab_test_experiments (id, name, control_version_id, treatment_version_id, traffic_split, end_date, status) VALUES (?, ?, ?, ?, ?, ?, ?) RETURNING start_date
2025-11-18 13:51:27,388 - sqlalchemy.engine.Engine - INFO - [cached since 0.6493s ago] ('f93a2d86-be34-439b-842d-6c150ef4d85a', 'analysis_test', 'a6eb3576-d30d-4bad-a5ac-5ea660d44a40', '39e711f1-7af0-4f6e-92f5-bb4fc7151600', 0.5, None, 'running')
2025-11-18 13:51:27,390 - sqlalchemy.engine.Engine - INFO - COMMIT
2025-11-18 13:51:27,394 - sqlalchemy.engine.Engine - INFO - BEGIN (implicit)
2025-11-18 13:51:27,395 - sqlalchemy.engine.Engine - INFO - SELECT ab_test_experiments.id, ab_test_experiments.name, ab_test_experiments.control_version_id, ab_test_experiments.treatment_version_id, ab_test_experiments.traffic_split, ab_test_experiments.start_date, ab_test_experiments.end_date, ab_test_experiments.status, ab_test_experiments.results 
FROM ab_test_experiments 
WHERE ab_test_experiments.id = ?
2025-11-18 13:51:27,395 - sqlalchemy.engine.Engine - INFO - [cached since 0.6453s ago] ('f93a2d86-be34-439b-842d-6c150ef4d85a',)
2025-11-18 13:51:27,396 - backend.scripts.deployment.ab_testing - INFO - Created A/B test experiment: analysis_test (control=v1.0.0, treatment=v1.1.0, split=50.0%)
2025-11-18 13:51:27,397 - sqlalchemy.engine.Engine - INFO - SELECT model_versions.id AS model_versions_id, model_versions.version AS model_versions_version, model_versions.model_type AS model_versions_model_type, model_versions.model_path AS model_versions_model_path, model_versions.status AS model_versions_status, model_versions.created_at AS model_versions_created_at, model_versions.promoted_at AS model_versions_promoted_at, model_versions.metadata AS model_versions_metadata, model_versions.metrics AS model_versions_metrics 
FROM model_versions 
WHERE model_versions.version = ?
 LIMIT ? OFFSET ?
2025-11-18 13:51:27,397 - sqlalchemy.engine.Engine - INFO - [cached since 0.6849s ago] ('v1.0.0', 1, 0)
------------------------------ Captured log call ------------------------------
INFO     sqlalchemy.engine.Engine:base.py:1846 SELECT model_versions.id AS model_versions_id, model_versions.version AS model_versions_version, model_versions.model_type AS model_versions_model_type, model_versions.model_path AS model_versions_model_path, model_versions.status AS model_versions_status, model_versions.created_at AS model_versions_created_at, model_versions.promoted_at AS model_versions_promoted_at, model_versions.metadata AS model_versions_metadata, model_versions.metrics AS model_versions_metrics 
FROM model_versions 
WHERE model_versions.version = ?
 LIMIT ? OFFSET ?
INFO     sqlalchemy.engine.Engine:base.py:1846 [cached since 0.6451s ago] ('v1.0.0', 1, 0)
INFO     sqlalchemy.engine.Engine:base.py:1846 SELECT model_versions.id AS model_versions_id, model_versions.version AS model_versions_version, model_versions.model_type AS model_versions_model_type, model_versions.model_path AS model_versions_model_path, model_versions.status AS model_versions_status, model_versions.created_at AS model_versions_created_at, model_versions.promoted_at AS model_versions_promoted_at, model_versions.metadata AS model_versions_metadata, model_versions.metrics AS model_versions_metrics 
FROM model_versions 
WHERE model_versions.version = ?
 LIMIT ? OFFSET ?
INFO     sqlalchemy.engine.Engine:base.py:1846 [cached since 0.6471s ago] ('v1.1.0', 1, 0)
INFO     sqlalchemy.engine.Engine:base.py:2702 BEGIN (implicit)
INFO     sqlalchemy.engine.Engine:base.py:1846 PRAGMA main.table_info("resources")
INFO     sqlalchemy.engine.Engine:base.py:1846 [raw sql] ()
INFO     sqlalchemy.engine.Engine:base.py:1846 PRAGMA main.table_info("classification_codes")
INFO     sqlalchemy.engine.Engine:base.py:1846 [raw sql] ()
INFO     sqlalchemy.engine.Engine:base.py:1846 PRAGMA main.table_info("authority_subjects")
INFO     sqlalchemy.engine.Engine:base.py:1846 [raw sql] ()
INFO     sqlalchemy.engine.Engine:base.py:1846 PRAGMA main.table_info("authority_creators")
INFO     sqlalchemy.engine.Engine:base.py:1846 [raw sql] ()
INFO     sqlalchemy.engine.Engine:base.py:1846 PRAGMA main.table_info("authority_publishers")
INFO     sqlalchemy.engine.Engine:base.py:1846 [raw sql] ()
INFO     sqlalchemy.engine.Engine:base.py:1846 PRAGMA main.table_info("citations")
INFO     sqlalchemy.engine.Engine:base.py:1846 [raw sql] ()
INFO     sqlalchemy.engine.Engine:base.py:1846 PRAGMA main.table_info("collection_resources")
INFO     sqlalchemy.engine.Engine:base.py:1846 [raw sql] ()
INFO     sqlalchemy.engine.Engine:base.py:1846 PRAGMA main.table_info("collections")
INFO     sqlalchemy.engine.Engine:base.py:1846 [raw sql] ()
INFO     sqlalchemy.engine.Engine:base.py:1846 PRAGMA main.table_info("taxonomy_nodes")
INFO     sqlalchemy.engine.Engine:base.py:1846 [raw sql] ()
INFO     sqlalchemy.engine.Engine:base.py:1846 PRAGMA main.table_info("resource_taxonomy")
INFO     sqlalchemy.engine.Engine:base.py:1846 [raw sql] ()
INFO     sqlalchemy.engine.Engine:base.py:1846 PRAGMA main.table_info("annotations")
INFO     sqlalchemy.engine.Engine:base.py:1846 [raw sql] ()
INFO     sqlalchemy.engine.Engine:base.py:1846 PRAGMA main.table_info("graph_edges")
INFO     sqlalchemy.engine.Engine:base.py:1846 [raw sql] ()
INFO     sqlalchemy.engine.Engine:base.py:1846 PRAGMA main.table_info("graph_embeddings")
INFO     sqlalchemy.engine.Engine:base.py:1846 [raw sql] ()
INFO     sqlalchemy.engine.Engine:base.py:1846 PRAGMA main.table_info("discovery_hypotheses")
INFO     sqlalchemy.engine.Engine:base.py:1846 [raw sql] ()
INFO     sqlalchemy.engine.Engine:base.py:1846 PRAGMA main.table_info("users")
INFO     sqlalchemy.engine.Engine:base.py:1846 [raw sql] ()
INFO     sqlalchemy.engine.Engine:base.py:1846 PRAGMA main.table_info("user_profiles")
INFO     sqlalchemy.engine.Engine:base.py:1846 [raw sql] ()
INFO     sqlalchemy.engine.Engine:base.py:1846 PRAGMA main.table_info("user_interactions")
INFO     sqlalchemy.engine.Engine:base.py:1846 [raw sql] ()
INFO     sqlalchemy.engine.Engine:base.py:1846 PRAGMA main.table_info("recommendation_feedback")
INFO     sqlalchemy.engine.Engine:base.py:1846 [raw sql] ()
INFO     sqlalchemy.engine.Engine:base.py:1846 PRAGMA main.table_info("model_versions")
INFO     sqlalchemy.engine.Engine:base.py:1846 [raw sql] ()
INFO     sqlalchemy.engine.Engine:base.py:1846 PRAGMA main.table_info("ab_test_experiments")
INFO     sqlalchemy.engine.Engine:base.py:1846 [raw sql] ()
INFO     sqlalchemy.engine.Engine:base.py:1846 PRAGMA main.table_info("prediction_logs")
INFO     sqlalchemy.engine.Engine:base.py:1846 [raw sql] ()
INFO     sqlalchemy.engine.Engine:base.py:1846 PRAGMA main.table_info("retraining_runs")
INFO     sqlalchemy.engine.Engine:base.py:1846 [raw sql] ()
INFO     sqlalchemy.engine.Engine:base.py:2708 COMMIT
INFO     sqlalchemy.engine.Engine:base.py:2702 BEGIN (implicit)
INFO     sqlalchemy.engine.Engine:base.py:1846 PRAGMA main.table_info("resources")
INFO     sqlalchemy.engine.Engine:base.py:1846 [raw sql] ()
INFO     sqlalchemy.engine.Engine:base.py:1846 PRAGMA main.table_info("classification_codes")
INFO     sqlalchemy.engine.Engine:base.py:1846 [raw sql] ()
INFO     sqlalchemy.engine.Engine:base.py:1846 PRAGMA main.table_info("authority_subjects")
INFO     sqlalchemy.engine.Engine:base.py:1846 [raw sql] ()
INFO     sqlalchemy.engine.Engine:base.py:1846 PRAGMA main.table_info("authority_creators")
INFO     sqlalchemy.engine.Engine:base.py:1846 [raw sql] ()
INFO     sqlalchemy.engine.Engine:base.py:1846 PRAGMA main.table_info("authority_publishers")
INFO     sqlalchemy.engine.Engine:base.py:1846 [raw sql] ()
INFO     sqlalchemy.engine.Engine:base.py:1846 PRAGMA main.table_info("citations")
INFO     sqlalchemy.engine.Engine:base.py:1846 [raw sql] ()
INFO     sqlalchemy.engine.Engine:base.py:1846 PRAGMA main.table_info("collection_resources")
INFO     sqlalchemy.engine.Engine:base.py:1846 [raw sql] ()
INFO     sqlalchemy.engine.Engine:base.py:1846 PRAGMA main.table_info("collections")
INFO     sqlalchemy.engine.Engine:base.py:1846 [raw sql] ()
INFO     sqlalchemy.engine.Engine:base.py:1846 PRAGMA main.table_info("taxonomy_nodes")
INFO     sqlalchemy.engine.Engine:base.py:1846 [raw sql] ()
INFO     sqlalchemy.engine.Engine:base.py:1846 PRAGMA main.table_info("resource_taxonomy")
INFO     sqlalchemy.engine.Engine:base.py:1846 [raw sql] ()
INFO     sqlalchemy.engine.Engine:base.py:1846 PRAGMA main.table_info("annotations")
INFO     sqlalchemy.engine.Engine:base.py:1846 [raw sql] ()
INFO     sqlalchemy.engine.Engine:base.py:1846 PRAGMA main.table_info("graph_edges")
INFO     sqlalchemy.engine.Engine:base.py:1846 [raw sql] ()
INFO     sqlalchemy.engine.Engine:base.py:1846 PRAGMA main.table_info("graph_embeddings")
INFO     sqlalchemy.engine.Engine:base.py:1846 [raw sql] ()
INFO     sqlalchemy.engine.Engine:base.py:1846 PRAGMA main.table_info("discovery_hypotheses")
INFO     sqlalchemy.engine.Engine:base.py:1846 [raw sql] ()
INFO     sqlalchemy.engine.Engine:base.py:1846 PRAGMA main.table_info("users")
INFO     sqlalchemy.engine.Engine:base.py:1846 [raw sql] ()
INFO     sqlalchemy.engine.Engine:base.py:1846 PRAGMA main.table_info("user_profiles")
INFO     sqlalchemy.engine.Engine:base.py:1846 [raw sql] ()
INFO     sqlalchemy.engine.Engine:base.py:1846 PRAGMA main.table_info("user_interactions")
INFO     sqlalchemy.engine.Engine:base.py:1846 [raw sql] ()
INFO     sqlalchemy.engine.Engine:base.py:1846 PRAGMA main.table_info("recommendation_feedback")
INFO     sqlalchemy.engine.Engine:base.py:1846 [raw sql] ()
INFO     sqlalchemy.engine.Engine:base.py:1846 PRAGMA main.table_info("model_versions")
INFO     sqlalchemy.engine.Engine:base.py:1846 [raw sql] ()
INFO     sqlalchemy.engine.Engine:base.py:1846 PRAGMA main.table_info("ab_test_experiments")
INFO     sqlalchemy.engine.Engine:base.py:1846 [raw sql] ()
INFO     sqlalchemy.engine.Engine:base.py:1846 PRAGMA main.table_info("prediction_logs")
INFO     sqlalchemy.engine.Engine:base.py:1846 [raw sql] ()
INFO     sqlalchemy.engine.Engine:base.py:1846 PRAGMA main.table_info("retraining_runs")
INFO     sqlalchemy.engine.Engine:base.py:1846 [raw sql] ()
INFO     sqlalchemy.engine.Engine:base.py:2708 COMMIT
INFO     sqlalchemy.engine.Engine:base.py:1846 INSERT INTO ab_test_experiments (id, name, control_version_id, treatment_version_id, traffic_split, end_date, status) VALUES (?, ?, ?, ?, ?, ?, ?) RETURNING start_date
INFO     sqlalchemy.engine.Engine:base.py:1846 [cached since 0.6493s ago] ('f93a2d86-be34-439b-842d-6c150ef4d85a', 'analysis_test', 'a6eb3576-d30d-4bad-a5ac-5ea660d44a40', '39e711f1-7af0-4f6e-92f5-bb4fc7151600', 0.5, None, 'running')
INFO     sqlalchemy.engine.Engine:base.py:2708 COMMIT
INFO     sqlalchemy.engine.Engine:base.py:2702 BEGIN (implicit)
INFO     sqlalchemy.engine.Engine:base.py:1846 SELECT ab_test_experiments.id, ab_test_experiments.name, ab_test_experiments.control_version_id, ab_test_experiments.treatment_version_id, ab_test_experiments.traffic_split, ab_test_experiments.start_date, ab_test_experiments.end_date, ab_test_experiments.status, ab_test_experiments.results 
FROM ab_test_experiments 
WHERE ab_test_experiments.id = ?
INFO     sqlalchemy.engine.Engine:base.py:1846 [cached since 0.6453s ago] ('f93a2d86-be34-439b-842d-6c150ef4d85a',)
INFO     backend.scripts.deployment.ab_testing:ab_testing.py:160 Created A/B test experiment: analysis_test (control=v1.0.0, treatment=v1.1.0, split=50.0%)
INFO     sqlalchemy.engine.Engine:base.py:1846 SELECT model_versions.id AS model_versions_id, model_versions.version AS model_versions_version, model_versions.model_type AS model_versions_model_type, model_versions.model_path AS model_versions_model_path, model_versions.status AS model_versions_status, model_versions.created_at AS model_versions_created_at, model_versions.promoted_at AS model_versions_promoted_at, model_versions.metadata AS model_versions_metadata, model_versions.metrics AS model_versions_metrics 
FROM model_versions 
WHERE model_versions.version = ?
 LIMIT ? OFFSET ?
INFO     sqlalchemy.engine.Engine:base.py:1846 [cached since 0.6849s ago] ('v1.0.0', 1, 0)
-------------------------- Captured stdout teardown ---------------------------
2025-11-18 13:51:27,427 INFO sqlalchemy.engine.Engine DELETE FROM prediction_logs
2025-11-18 13:51:27,427 INFO sqlalchemy.engine.Engine [cached since 0.6671s ago] ()
2025-11-18 13:51:27,430 INFO sqlalchemy.engine.Engine DELETE FROM ab_test_experiments
2025-11-18 13:51:27,431 INFO sqlalchemy.engine.Engine [cached since 0.6662s ago] ()
2025-11-18 13:51:27,431 INFO sqlalchemy.engine.Engine DELETE FROM model_versions
2025-11-18 13:51:27,431 INFO sqlalchemy.engine.Engine [cached since 0.6662s ago] ()
2025-11-18 13:51:27,432 INFO sqlalchemy.engine.Engine COMMIT
-------------------------- Captured stderr teardown ---------------------------
2025-11-18 13:51:27,427 - sqlalchemy.engine.Engine - INFO - DELETE FROM prediction_logs
2025-11-18 13:51:27,427 - sqlalchemy.engine.Engine - INFO - [cached since 0.6671s ago] ()
2025-11-18 13:51:27,430 - sqlalchemy.engine.Engine - INFO - DELETE FROM ab_test_experiments
2025-11-18 13:51:27,431 - sqlalchemy.engine.Engine - INFO - [cached since 0.6662s ago] ()
2025-11-18 13:51:27,431 - sqlalchemy.engine.Engine - INFO - DELETE FROM model_versions
2025-11-18 13:51:27,431 - sqlalchemy.engine.Engine - INFO - [cached since 0.6662s ago] ()
2025-11-18 13:51:27,432 - sqlalchemy.engine.Engine - INFO - COMMIT
---------------------------- Captured log teardown ----------------------------
INFO     sqlalchemy.engine.Engine:base.py:1846 DELETE FROM prediction_logs
INFO     sqlalchemy.engine.Engine:base.py:1846 [cached since 0.6671s ago] ()
INFO     sqlalchemy.engine.Engine:base.py:1846 DELETE FROM ab_test_experiments
INFO     sqlalchemy.engine.Engine:base.py:1846 [cached since 0.6662s ago] ()
INFO     sqlalchemy.engine.Engine:base.py:1846 DELETE FROM model_versions
INFO     sqlalchemy.engine.Engine:base.py:1846 [cached since 0.6662s ago] ()
INFO     sqlalchemy.engine.Engine:base.py:2708 COMMIT
______ TestABTestingFramework.test_promotion_logic_when_treatment_better ______
tests\integration\training\test_ab_testing.py:273: in test_promotion_logic_when_treatment_better
    ab_testing.log_prediction(
scripts\deployment\ab_testing.py:255: in log_prediction
    'user_id': UUID(user_id) if user_id else None
               ^^^^^^^^^^^^^
C:\Python313\Lib\uuid.py:181: in __init__
    raise ValueError('badly formed hexadecimal UUID string')
E   ValueError: badly formed hexadecimal UUID string
---------------------------- Captured stdout setup ----------------------------
2025-11-18 13:51:27,440 INFO sqlalchemy.engine.Engine BEGIN (implicit)
2025-11-18 13:51:27,441 INFO sqlalchemy.engine.Engine PRAGMA main.table_info("resources")
2025-11-18 13:51:27,442 INFO sqlalchemy.engine.Engine [raw sql] ()
2025-11-18 13:51:27,443 INFO sqlalchemy.engine.Engine PRAGMA main.table_info("classification_codes")
2025-11-18 13:51:27,443 INFO sqlalchemy.engine.Engine [raw sql] ()
2025-11-18 13:51:27,443 INFO sqlalchemy.engine.Engine PRAGMA main.table_info("authority_subjects")
2025-11-18 13:51:27,443 INFO sqlalchemy.engine.Engine [raw sql] ()
2025-11-18 13:51:27,444 INFO sqlalchemy.engine.Engine PRAGMA main.table_info("authority_creators")
2025-11-18 13:51:27,444 INFO sqlalchemy.engine.Engine [raw sql] ()
2025-11-18 13:51:27,444 INFO sqlalchemy.engine.Engine PRAGMA main.table_info("authority_publishers")
2025-11-18 13:51:27,444 INFO sqlalchemy.engine.Engine [raw sql] ()
2025-11-18 13:51:27,444 INFO sqlalchemy.engine.Engine PRAGMA main.table_info("citations")
2025-11-18 13:51:27,444 INFO sqlalchemy.engine.Engine [raw sql] ()
2025-11-18 13:51:27,446 INFO sqlalchemy.engine.Engine PRAGMA main.table_info("collection_resources")
2025-11-18 13:51:27,446 INFO sqlalchemy.engine.Engine [raw sql] ()
2025-11-18 13:51:27,447 INFO sqlalchemy.engine.Engine PRAGMA main.table_info("collections")
2025-11-18 13:51:27,447 INFO sqlalchemy.engine.Engine [raw sql] ()
2025-11-18 13:51:27,447 INFO sqlalchemy.engine.Engine PRAGMA main.table_info("taxonomy_nodes")
2025-11-18 13:51:27,447 INFO sqlalchemy.engine.Engine [raw sql] ()
2025-11-18 13:51:27,448 INFO sqlalchemy.engine.Engine PRAGMA main.table_info("resource_taxonomy")
2025-11-18 13:51:27,448 INFO sqlalchemy.engine.Engine [raw sql] ()
2025-11-18 13:51:27,448 INFO sqlalchemy.engine.Engine PRAGMA main.table_info("annotations")
2025-11-18 13:51:27,448 INFO sqlalchemy.engine.Engine [raw sql] ()
2025-11-18 13:51:27,448 INFO sqlalchemy.engine.Engine PRAGMA main.table_info("graph_edges")
2025-11-18 13:51:27,448 INFO sqlalchemy.engine.Engine [raw sql] ()
2025-11-18 13:51:27,449 INFO sqlalchemy.engine.Engine PRAGMA main.table_info("graph_embeddings")
2025-11-18 13:51:27,450 INFO sqlalchemy.engine.Engine [raw sql] ()
2025-11-18 13:51:27,450 INFO sqlalchemy.engine.Engine PRAGMA main.table_info("discovery_hypotheses")
2025-11-18 13:51:27,450 INFO sqlalchemy.engine.Engine [raw sql] ()
2025-11-18 13:51:27,451 INFO sqlalchemy.engine.Engine PRAGMA main.table_info("users")
2025-11-18 13:51:27,451 INFO sqlalchemy.engine.Engine [raw sql] ()
2025-11-18 13:51:27,451 INFO sqlalchemy.engine.Engine PRAGMA main.table_info("user_profiles")
2025-11-18 13:51:27,451 INFO sqlalchemy.engine.Engine [raw sql] ()
2025-11-18 13:51:27,451 INFO sqlalchemy.engine.Engine PRAGMA main.table_info("user_interactions")
2025-11-18 13:51:27,451 INFO sqlalchemy.engine.Engine [raw sql] ()
2025-11-18 13:51:27,451 INFO sqlalchemy.engine.Engine PRAGMA main.table_info("recommendation_feedback")
2025-11-18 13:51:27,452 INFO sqlalchemy.engine.Engine [raw sql] ()
2025-11-18 13:51:27,452 INFO sqlalchemy.engine.Engine PRAGMA main.table_info("model_versions")
2025-11-18 13:51:27,452 INFO sqlalchemy.engine.Engine [raw sql] ()
2025-11-18 13:51:27,452 INFO sqlalchemy.engine.Engine PRAGMA main.table_info("ab_test_experiments")
2025-11-18 13:51:27,452 INFO sqlalchemy.engine.Engine [raw sql] ()
2025-11-18 13:51:27,452 INFO sqlalchemy.engine.Engine PRAGMA main.table_info("prediction_logs")
2025-11-18 13:51:27,453 INFO sqlalchemy.engine.Engine [raw sql] ()
2025-11-18 13:51:27,453 INFO sqlalchemy.engine.Engine PRAGMA main.table_info("retraining_runs")
2025-11-18 13:51:27,453 INFO sqlalchemy.engine.Engine [raw sql] ()
2025-11-18 13:51:27,454 INFO sqlalchemy.engine.Engine COMMIT
2025-11-18 13:51:27,454 INFO sqlalchemy.engine.Engine BEGIN (implicit)
2025-11-18 13:51:27,454 INFO sqlalchemy.engine.Engine PRAGMA main.table_info("resources")
2025-11-18 13:51:27,455 INFO sqlalchemy.engine.Engine [raw sql] ()
2025-11-18 13:51:27,455 INFO sqlalchemy.engine.Engine PRAGMA main.table_info("classification_codes")
2025-11-18 13:51:27,455 INFO sqlalchemy.engine.Engine [raw sql] ()
2025-11-18 13:51:27,455 INFO sqlalchemy.engine.Engine PRAGMA main.table_info("authority_subjects")
2025-11-18 13:51:27,456 INFO sqlalchemy.engine.Engine [raw sql] ()
2025-11-18 13:51:27,456 INFO sqlalchemy.engine.Engine PRAGMA main.table_info("authority_creators")
2025-11-18 13:51:27,456 INFO sqlalchemy.engine.Engine [raw sql] ()
2025-11-18 13:51:27,456 INFO sqlalchemy.engine.Engine PRAGMA main.table_info("authority_publishers")
2025-11-18 13:51:27,456 INFO sqlalchemy.engine.Engine [raw sql] ()
2025-11-18 13:51:27,457 INFO sqlalchemy.engine.Engine PRAGMA main.table_info("citations")
2025-11-18 13:51:27,457 INFO sqlalchemy.engine.Engine [raw sql] ()
2025-11-18 13:51:27,457 INFO sqlalchemy.engine.Engine PRAGMA main.table_info("collection_resources")
2025-11-18 13:51:27,457 INFO sqlalchemy.engine.Engine [raw sql] ()
2025-11-18 13:51:27,458 INFO sqlalchemy.engine.Engine PRAGMA main.table_info("collections")
2025-11-18 13:51:27,459 INFO sqlalchemy.engine.Engine [raw sql] ()
2025-11-18 13:51:27,459 INFO sqlalchemy.engine.Engine PRAGMA main.table_info("taxonomy_nodes")
2025-11-18 13:51:27,459 INFO sqlalchemy.engine.Engine [raw sql] ()
2025-11-18 13:51:27,459 INFO sqlalchemy.engine.Engine PRAGMA main.table_info("resource_taxonomy")
2025-11-18 13:51:27,460 INFO sqlalchemy.engine.Engine [raw sql] ()
2025-11-18 13:51:27,460 INFO sqlalchemy.engine.Engine PRAGMA main.table_info("annotations")
2025-11-18 13:51:27,460 INFO sqlalchemy.engine.Engine [raw sql] ()
2025-11-18 13:51:27,460 INFO sqlalchemy.engine.Engine PRAGMA main.table_info("graph_edges")
2025-11-18 13:51:27,460 INFO sqlalchemy.engine.Engine [raw sql] ()
2025-11-18 13:51:27,460 INFO sqlalchemy.engine.Engine PRAGMA main.table_info("graph_embeddings")
2025-11-18 13:51:27,461 INFO sqlalchemy.engine.Engine [raw sql] ()
2025-11-18 13:51:27,461 INFO sqlalchemy.engine.Engine PRAGMA main.table_info("discovery_hypotheses")
2025-11-18 13:51:27,462 INFO sqlalchemy.engine.Engine [raw sql] ()
2025-11-18 13:51:27,462 INFO sqlalchemy.engine.Engine PRAGMA main.table_info("users")
2025-11-18 13:51:27,462 INFO sqlalchemy.engine.Engine [raw sql] ()
2025-11-18 13:51:27,463 INFO sqlalchemy.engine.Engine PRAGMA main.table_info("user_profiles")
2025-11-18 13:51:27,463 INFO sqlalchemy.engine.Engine [raw sql] ()
2025-11-18 13:51:27,463 INFO sqlalchemy.engine.Engine PRAGMA main.table_info("user_interactions")
2025-11-18 13:51:27,463 INFO sqlalchemy.engine.Engine [raw sql] ()
2025-11-18 13:51:27,463 INFO sqlalchemy.engine.Engine PRAGMA main.table_info("recommendation_feedback")
2025-11-18 13:51:27,464 INFO sqlalchemy.engine.Engine [raw sql] ()
2025-11-18 13:51:27,464 INFO sqlalchemy.engine.Engine PRAGMA main.table_info("model_versions")
2025-11-18 13:51:27,464 INFO sqlalchemy.engine.Engine [raw sql] ()
2025-11-18 13:51:27,464 INFO sqlalchemy.engine.Engine PRAGMA main.table_info("ab_test_experiments")
2025-11-18 13:51:27,464 INFO sqlalchemy.engine.Engine [raw sql] ()
2025-11-18 13:51:27,465 INFO sqlalchemy.engine.Engine PRAGMA main.table_info("prediction_logs")
2025-11-18 13:51:27,465 INFO sqlalchemy.engine.Engine [raw sql] ()
2025-11-18 13:51:27,465 INFO sqlalchemy.engine.Engine PRAGMA main.table_info("retraining_runs")
2025-11-18 13:51:27,465 INFO sqlalchemy.engine.Engine [raw sql] ()
2025-11-18 13:51:27,466 INFO sqlalchemy.engine.Engine COMMIT
2025-11-18 13:51:27,467 INFO sqlalchemy.engine.Engine BEGIN (implicit)
2025-11-18 13:51:27,467 INFO sqlalchemy.engine.Engine INSERT INTO model_versions (id, version, model_type, model_path, status, promoted_at, metadata, metrics) VALUES (?, ?, ?, ?, ?, ?, ?, ?), (?, ?, ?, ?, ?, ?, ?, ?) RETURNING created_at, id
2025-11-18 13:51:27,467 INFO sqlalchemy.engine.Engine [cached since 0.7744s ago (insertmanyvalues) 1/1 (ordered)] ('2b808272-f855-49a9-94fc-0d2c9b2148c6', 'v1.0.0', 'classification', 'models/classification/arxiv_v1.0.0', 'production', None, '{"dataset_size": 10000, "num_categories": 10}', '{"accuracy": 0.9, "f1_score": 0.88}', 'f6467618-c694-41e1-b7ba-2e206cd39a18', 'v1.1.0', 'classification', 'models/classification/arxiv_v1.1.0', 'testing', None, '{"dataset_size": 11500, "num_categories": 10}', '{"accuracy": 0.93, "f1_score": 0.91}')
2025-11-18 13:51:27,469 INFO sqlalchemy.engine.Engine COMMIT
2025-11-18 13:51:27,473 INFO sqlalchemy.engine.Engine BEGIN (implicit)
2025-11-18 13:51:27,473 INFO sqlalchemy.engine.Engine SELECT model_versions.id, model_versions.version, model_versions.model_type, model_versions.model_path, model_versions.status, model_versions.created_at, model_versions.promoted_at, model_versions.metadata, model_versions.metrics 
FROM model_versions 
WHERE model_versions.id = ?
2025-11-18 13:51:27,473 INFO sqlalchemy.engine.Engine [cached since 0.768s ago] ('2b808272-f855-49a9-94fc-0d2c9b2148c6',)
2025-11-18 13:51:27,474 INFO sqlalchemy.engine.Engine SELECT model_versions.id, model_versions.version, model_versions.model_type, model_versions.model_path, model_versions.status, model_versions.created_at, model_versions.promoted_at, model_versions.metadata, model_versions.metrics 
FROM model_versions 
WHERE model_versions.id = ?
2025-11-18 13:51:27,475 INFO sqlalchemy.engine.Engine [cached since 0.7694s ago] ('f6467618-c694-41e1-b7ba-2e206cd39a18',)
---------------------------- Captured stderr setup ----------------------------
2025-11-18 13:51:27,439 - backend.scripts.deployment.model_versioning - INFO - Model versioning initialized with base directory: models\classification
2025-11-18 13:51:27,440 - backend.scripts.deployment.model_versioning - INFO - Loading existing registry from models\classification\version_registry.json
2025-11-18 13:51:27,440 - backend.scripts.deployment.model_versioning - INFO - Version registry loaded: 0 versions
2025-11-18 13:51:27,440 - backend.scripts.deployment.ab_testing - INFO - ABTestingFramework initialized
2025-11-18 13:51:27,440 - sqlalchemy.engine.Engine - INFO - BEGIN (implicit)
2025-11-18 13:51:27,441 - sqlalchemy.engine.Engine - INFO - PRAGMA main.table_info("resources")
2025-11-18 13:51:27,442 - sqlalchemy.engine.Engine - INFO - [raw sql] ()
2025-11-18 13:51:27,443 - sqlalchemy.engine.Engine - INFO - PRAGMA main.table_info("classification_codes")
2025-11-18 13:51:27,443 - sqlalchemy.engine.Engine - INFO - [raw sql] ()
2025-11-18 13:51:27,443 - sqlalchemy.engine.Engine - INFO - PRAGMA main.table_info("authority_subjects")
2025-11-18 13:51:27,443 - sqlalchemy.engine.Engine - INFO - [raw sql] ()
2025-11-18 13:51:27,444 - sqlalchemy.engine.Engine - INFO - PRAGMA main.table_info("authority_creators")
2025-11-18 13:51:27,444 - sqlalchemy.engine.Engine - INFO - [raw sql] ()
2025-11-18 13:51:27,444 - sqlalchemy.engine.Engine - INFO - PRAGMA main.table_info("authority_publishers")
2025-11-18 13:51:27,444 - sqlalchemy.engine.Engine - INFO - [raw sql] ()
2025-11-18 13:51:27,444 - sqlalchemy.engine.Engine - INFO - PRAGMA main.table_info("citations")
2025-11-18 13:51:27,444 - sqlalchemy.engine.Engine - INFO - [raw sql] ()
2025-11-18 13:51:27,446 - sqlalchemy.engine.Engine - INFO - PRAGMA main.table_info("collection_resources")
2025-11-18 13:51:27,446 - sqlalchemy.engine.Engine - INFO - [raw sql] ()
2025-11-18 13:51:27,447 - sqlalchemy.engine.Engine - INFO - PRAGMA main.table_info("collections")
2025-11-18 13:51:27,447 - sqlalchemy.engine.Engine - INFO - [raw sql] ()
2025-11-18 13:51:27,447 - sqlalchemy.engine.Engine - INFO - PRAGMA main.table_info("taxonomy_nodes")
2025-11-18 13:51:27,447 - sqlalchemy.engine.Engine - INFO - [raw sql] ()
2025-11-18 13:51:27,448 - sqlalchemy.engine.Engine - INFO - PRAGMA main.table_info("resource_taxonomy")
2025-11-18 13:51:27,448 - sqlalchemy.engine.Engine - INFO - [raw sql] ()
2025-11-18 13:51:27,448 - sqlalchemy.engine.Engine - INFO - PRAGMA main.table_info("annotations")
2025-11-18 13:51:27,448 - sqlalchemy.engine.Engine - INFO - [raw sql] ()
2025-11-18 13:51:27,448 - sqlalchemy.engine.Engine - INFO - PRAGMA main.table_info("graph_edges")
2025-11-18 13:51:27,448 - sqlalchemy.engine.Engine - INFO - [raw sql] ()
2025-11-18 13:51:27,449 - sqlalchemy.engine.Engine - INFO - PRAGMA main.table_info("graph_embeddings")
2025-11-18 13:51:27,450 - sqlalchemy.engine.Engine - INFO - [raw sql] ()
2025-11-18 13:51:27,450 - sqlalchemy.engine.Engine - INFO - PRAGMA main.table_info("discovery_hypotheses")
2025-11-18 13:51:27,450 - sqlalchemy.engine.Engine - INFO - [raw sql] ()
2025-11-18 13:51:27,451 - sqlalchemy.engine.Engine - INFO - PRAGMA main.table_info("users")
2025-11-18 13:51:27,451 - sqlalchemy.engine.Engine - INFO - [raw sql] ()
2025-11-18 13:51:27,451 - sqlalchemy.engine.Engine - INFO - PRAGMA main.table_info("user_profiles")
2025-11-18 13:51:27,451 - sqlalchemy.engine.Engine - INFO - [raw sql] ()
2025-11-18 13:51:27,451 - sqlalchemy.engine.Engine - INFO - PRAGMA main.table_info("user_interactions")
2025-11-18 13:51:27,451 - sqlalchemy.engine.Engine - INFO - [raw sql] ()
2025-11-18 13:51:27,451 - sqlalchemy.engine.Engine - INFO - PRAGMA main.table_info("recommendation_feedback")
2025-11-18 13:51:27,452 - sqlalchemy.engine.Engine - INFO - [raw sql] ()
2025-11-18 13:51:27,452 - sqlalchemy.engine.Engine - INFO - PRAGMA main.table_info("model_versions")
2025-11-18 13:51:27,452 - sqlalchemy.engine.Engine - INFO - [raw sql] ()
2025-11-18 13:51:27,452 - sqlalchemy.engine.Engine - INFO - PRAGMA main.table_info("ab_test_experiments")
2025-11-18 13:51:27,452 - sqlalchemy.engine.Engine - INFO - [raw sql] ()
2025-11-18 13:51:27,452 - sqlalchemy.engine.Engine - INFO - PRAGMA main.table_info("prediction_logs")
2025-11-18 13:51:27,453 - sqlalchemy.engine.Engine - INFO - [raw sql] ()
2025-11-18 13:51:27,453 - sqlalchemy.engine.Engine - INFO - PRAGMA main.table_info("retraining_runs")
2025-11-18 13:51:27,453 - sqlalchemy.engine.Engine - INFO - [raw sql] ()
2025-11-18 13:51:27,454 - sqlalchemy.engine.Engine - INFO - COMMIT
2025-11-18 13:51:27,454 - sqlalchemy.engine.Engine - INFO - BEGIN (implicit)
2025-11-18 13:51:27,454 - sqlalchemy.engine.Engine - INFO - PRAGMA main.table_info("resources")
2025-11-18 13:51:27,455 - sqlalchemy.engine.Engine - INFO - [raw sql] ()
2025-11-18 13:51:27,455 - sqlalchemy.engine.Engine - INFO - PRAGMA main.table_info("classification_codes")
2025-11-18 13:51:27,455 - sqlalchemy.engine.Engine - INFO - [raw sql] ()
2025-11-18 13:51:27,455 - sqlalchemy.engine.Engine - INFO - PRAGMA main.table_info("authority_subjects")
2025-11-18 13:51:27,456 - sqlalchemy.engine.Engine - INFO - [raw sql] ()
2025-11-18 13:51:27,456 - sqlalchemy.engine.Engine - INFO - PRAGMA main.table_info("authority_creators")
2025-11-18 13:51:27,456 - sqlalchemy.engine.Engine - INFO - [raw sql] ()
2025-11-18 13:51:27,456 - sqlalchemy.engine.Engine - INFO - PRAGMA main.table_info("authority_publishers")
2025-11-18 13:51:27,456 - sqlalchemy.engine.Engine - INFO - [raw sql] ()
2025-11-18 13:51:27,457 - sqlalchemy.engine.Engine - INFO - PRAGMA main.table_info("citations")
2025-11-18 13:51:27,457 - sqlalchemy.engine.Engine - INFO - [raw sql] ()
2025-11-18 13:51:27,457 - sqlalchemy.engine.Engine - INFO - PRAGMA main.table_info("collection_resources")
2025-11-18 13:51:27,457 - sqlalchemy.engine.Engine - INFO - [raw sql] ()
2025-11-18 13:51:27,458 - sqlalchemy.engine.Engine - INFO - PRAGMA main.table_info("collections")
2025-11-18 13:51:27,459 - sqlalchemy.engine.Engine - INFO - [raw sql] ()
2025-11-18 13:51:27,459 - sqlalchemy.engine.Engine - INFO - PRAGMA main.table_info("taxonomy_nodes")
2025-11-18 13:51:27,459 - sqlalchemy.engine.Engine - INFO - [raw sql] ()
2025-11-18 13:51:27,459 - sqlalchemy.engine.Engine - INFO - PRAGMA main.table_info("resource_taxonomy")
2025-11-18 13:51:27,460 - sqlalchemy.engine.Engine - INFO - [raw sql] ()
2025-11-18 13:51:27,460 - sqlalchemy.engine.Engine - INFO - PRAGMA main.table_info("annotations")
2025-11-18 13:51:27,460 - sqlalchemy.engine.Engine - INFO - [raw sql] ()
2025-11-18 13:51:27,460 - sqlalchemy.engine.Engine - INFO - PRAGMA main.table_info("graph_edges")
2025-11-18 13:51:27,460 - sqlalchemy.engine.Engine - INFO - [raw sql] ()
2025-11-18 13:51:27,460 - sqlalchemy.engine.Engine - INFO - PRAGMA main.table_info("graph_embeddings")
2025-11-18 13:51:27,461 - sqlalchemy.engine.Engine - INFO - [raw sql] ()
2025-11-18 13:51:27,461 - sqlalchemy.engine.Engine - INFO - PRAGMA main.table_info("discovery_hypotheses")
2025-11-18 13:51:27,462 - sqlalchemy.engine.Engine - INFO - [raw sql] ()
2025-11-18 13:51:27,462 - sqlalchemy.engine.Engine - INFO - PRAGMA main.table_info("users")
2025-11-18 13:51:27,462 - sqlalchemy.engine.Engine - INFO - [raw sql] ()
2025-11-18 13:51:27,463 - sqlalchemy.engine.Engine - INFO - PRAGMA main.table_info("user_profiles")
2025-11-18 13:51:27,463 - sqlalchemy.engine.Engine - INFO - [raw sql] ()
2025-11-18 13:51:27,463 - sqlalchemy.engine.Engine - INFO - PRAGMA main.table_info("user_interactions")
2025-11-18 13:51:27,463 - sqlalchemy.engine.Engine - INFO - [raw sql] ()
2025-11-18 13:51:27,463 - sqlalchemy.engine.Engine - INFO - PRAGMA main.table_info("recommendation_feedback")
2025-11-18 13:51:27,464 - sqlalchemy.engine.Engine - INFO - [raw sql] ()
2025-11-18 13:51:27,464 - sqlalchemy.engine.Engine - INFO - PRAGMA main.table_info("model_versions")
2025-11-18 13:51:27,464 - sqlalchemy.engine.Engine - INFO - [raw sql] ()
2025-11-18 13:51:27,464 - sqlalchemy.engine.Engine - INFO - PRAGMA main.table_info("ab_test_experiments")
2025-11-18 13:51:27,464 - sqlalchemy.engine.Engine - INFO - [raw sql] ()
2025-11-18 13:51:27,465 - sqlalchemy.engine.Engine - INFO - PRAGMA main.table_info("prediction_logs")
2025-11-18 13:51:27,465 - sqlalchemy.engine.Engine - INFO - [raw sql] ()
2025-11-18 13:51:27,465 - sqlalchemy.engine.Engine - INFO - PRAGMA main.table_info("retraining_runs")
2025-11-18 13:51:27,465 - sqlalchemy.engine.Engine - INFO - [raw sql] ()
2025-11-18 13:51:27,466 - sqlalchemy.engine.Engine - INFO - COMMIT
2025-11-18 13:51:27,467 - sqlalchemy.engine.Engine - INFO - BEGIN (implicit)
2025-11-18 13:51:27,467 - sqlalchemy.engine.Engine - INFO - INSERT INTO model_versions (id, version, model_type, model_path, status, promoted_at, metadata, metrics) VALUES (?, ?, ?, ?, ?, ?, ?, ?), (?, ?, ?, ?, ?, ?, ?, ?) RETURNING created_at, id
2025-11-18 13:51:27,467 - sqlalchemy.engine.Engine - INFO - [cached since 0.7744s ago (insertmanyvalues) 1/1 (ordered)] ('2b808272-f855-49a9-94fc-0d2c9b2148c6', 'v1.0.0', 'classification', 'models/classification/arxiv_v1.0.0', 'production', None, '{"dataset_size": 10000, "num_categories": 10}', '{"accuracy": 0.9, "f1_score": 0.88}', 'f6467618-c694-41e1-b7ba-2e206cd39a18', 'v1.1.0', 'classification', 'models/classification/arxiv_v1.1.0', 'testing', None, '{"dataset_size": 11500, "num_categories": 10}', '{"accuracy": 0.93, "f1_score": 0.91}')
2025-11-18 13:51:27,469 - sqlalchemy.engine.Engine - INFO - COMMIT
2025-11-18 13:51:27,473 - sqlalchemy.engine.Engine - INFO - BEGIN (implicit)
2025-11-18 13:51:27,473 - sqlalchemy.engine.Engine - INFO - SELECT model_versions.id, model_versions.version, model_versions.model_type, model_versions.model_path, model_versions.status, model_versions.created_at, model_versions.promoted_at, model_versions.metadata, model_versions.metrics 
FROM model_versions 
WHERE model_versions.id = ?
2025-11-18 13:51:27,473 - sqlalchemy.engine.Engine - INFO - [cached since 0.768s ago] ('2b808272-f855-49a9-94fc-0d2c9b2148c6',)
2025-11-18 13:51:27,474 - sqlalchemy.engine.Engine - INFO - SELECT model_versions.id, model_versions.version, model_versions.model_type, model_versions.model_path, model_versions.status, model_versions.created_at, model_versions.promoted_at, model_versions.metadata, model_versions.metrics 
FROM model_versions 
WHERE model_versions.id = ?
2025-11-18 13:51:27,475 - sqlalchemy.engine.Engine - INFO - [cached since 0.7694s ago] ('f6467618-c694-41e1-b7ba-2e206cd39a18',)
----------------------------- Captured log setup ------------------------------
INFO     backend.scripts.deployment.model_versioning:model_versioning.py:63 Model versioning initialized with base directory: models\classification
INFO     backend.scripts.deployment.model_versioning:model_versioning.py:78 Loading existing registry from models\classification\version_registry.json
INFO     backend.scripts.deployment.model_versioning:model_versioning.py:68 Version registry loaded: 0 versions
INFO     backend.scripts.deployment.ab_testing:ab_testing.py:95 ABTestingFramework initialized
INFO     sqlalchemy.engine.Engine:base.py:2702 BEGIN (implicit)
INFO     sqlalchemy.engine.Engine:base.py:1846 PRAGMA main.table_info("resources")
INFO     sqlalchemy.engine.Engine:base.py:1846 [raw sql] ()
INFO     sqlalchemy.engine.Engine:base.py:1846 PRAGMA main.table_info("classification_codes")
INFO     sqlalchemy.engine.Engine:base.py:1846 [raw sql] ()
INFO     sqlalchemy.engine.Engine:base.py:1846 PRAGMA main.table_info("authority_subjects")
INFO     sqlalchemy.engine.Engine:base.py:1846 [raw sql] ()
INFO     sqlalchemy.engine.Engine:base.py:1846 PRAGMA main.table_info("authority_creators")
INFO     sqlalchemy.engine.Engine:base.py:1846 [raw sql] ()
INFO     sqlalchemy.engine.Engine:base.py:1846 PRAGMA main.table_info("authority_publishers")
INFO     sqlalchemy.engine.Engine:base.py:1846 [raw sql] ()
INFO     sqlalchemy.engine.Engine:base.py:1846 PRAGMA main.table_info("citations")
INFO     sqlalchemy.engine.Engine:base.py:1846 [raw sql] ()
INFO     sqlalchemy.engine.Engine:base.py:1846 PRAGMA main.table_info("collection_resources")
INFO     sqlalchemy.engine.Engine:base.py:1846 [raw sql] ()
INFO     sqlalchemy.engine.Engine:base.py:1846 PRAGMA main.table_info("collections")
INFO     sqlalchemy.engine.Engine:base.py:1846 [raw sql] ()
INFO     sqlalchemy.engine.Engine:base.py:1846 PRAGMA main.table_info("taxonomy_nodes")
INFO     sqlalchemy.engine.Engine:base.py:1846 [raw sql] ()
INFO     sqlalchemy.engine.Engine:base.py:1846 PRAGMA main.table_info("resource_taxonomy")
INFO     sqlalchemy.engine.Engine:base.py:1846 [raw sql] ()
INFO     sqlalchemy.engine.Engine:base.py:1846 PRAGMA main.table_info("annotations")
INFO     sqlalchemy.engine.Engine:base.py:1846 [raw sql] ()
INFO     sqlalchemy.engine.Engine:base.py:1846 PRAGMA main.table_info("graph_edges")
INFO     sqlalchemy.engine.Engine:base.py:1846 [raw sql] ()
INFO     sqlalchemy.engine.Engine:base.py:1846 PRAGMA main.table_info("graph_embeddings")
INFO     sqlalchemy.engine.Engine:base.py:1846 [raw sql] ()
INFO     sqlalchemy.engine.Engine:base.py:1846 PRAGMA main.table_info("discovery_hypotheses")
INFO     sqlalchemy.engine.Engine:base.py:1846 [raw sql] ()
INFO     sqlalchemy.engine.Engine:base.py:1846 PRAGMA main.table_info("users")
INFO     sqlalchemy.engine.Engine:base.py:1846 [raw sql] ()
INFO     sqlalchemy.engine.Engine:base.py:1846 PRAGMA main.table_info("user_profiles")
INFO     sqlalchemy.engine.Engine:base.py:1846 [raw sql] ()
INFO     sqlalchemy.engine.Engine:base.py:1846 PRAGMA main.table_info("user_interactions")
INFO     sqlalchemy.engine.Engine:base.py:1846 [raw sql] ()
INFO     sqlalchemy.engine.Engine:base.py:1846 PRAGMA main.table_info("recommendation_feedback")
INFO     sqlalchemy.engine.Engine:base.py:1846 [raw sql] ()
INFO     sqlalchemy.engine.Engine:base.py:1846 PRAGMA main.table_info("model_versions")
INFO     sqlalchemy.engine.Engine:base.py:1846 [raw sql] ()
INFO     sqlalchemy.engine.Engine:base.py:1846 PRAGMA main.table_info("ab_test_experiments")
INFO     sqlalchemy.engine.Engine:base.py:1846 [raw sql] ()
INFO     sqlalchemy.engine.Engine:base.py:1846 PRAGMA main.table_info("prediction_logs")
INFO     sqlalchemy.engine.Engine:base.py:1846 [raw sql] ()
INFO     sqlalchemy.engine.Engine:base.py:1846 PRAGMA main.table_info("retraining_runs")
INFO     sqlalchemy.engine.Engine:base.py:1846 [raw sql] ()
INFO     sqlalchemy.engine.Engine:base.py:2708 COMMIT
INFO     sqlalchemy.engine.Engine:base.py:2702 BEGIN (implicit)
INFO     sqlalchemy.engine.Engine:base.py:1846 PRAGMA main.table_info("resources")
INFO     sqlalchemy.engine.Engine:base.py:1846 [raw sql] ()
INFO     sqlalchemy.engine.Engine:base.py:1846 PRAGMA main.table_info("classification_codes")
INFO     sqlalchemy.engine.Engine:base.py:1846 [raw sql] ()
INFO     sqlalchemy.engine.Engine:base.py:1846 PRAGMA main.table_info("authority_subjects")
INFO     sqlalchemy.engine.Engine:base.py:1846 [raw sql] ()
INFO     sqlalchemy.engine.Engine:base.py:1846 PRAGMA main.table_info("authority_creators")
INFO     sqlalchemy.engine.Engine:base.py:1846 [raw sql] ()
INFO     sqlalchemy.engine.Engine:base.py:1846 PRAGMA main.table_info("authority_publishers")
INFO     sqlalchemy.engine.Engine:base.py:1846 [raw sql] ()
INFO     sqlalchemy.engine.Engine:base.py:1846 PRAGMA main.table_info("citations")
INFO     sqlalchemy.engine.Engine:base.py:1846 [raw sql] ()
INFO     sqlalchemy.engine.Engine:base.py:1846 PRAGMA main.table_info("collection_resources")
INFO     sqlalchemy.engine.Engine:base.py:1846 [raw sql] ()
INFO     sqlalchemy.engine.Engine:base.py:1846 PRAGMA main.table_info("collections")
INFO     sqlalchemy.engine.Engine:base.py:1846 [raw sql] ()
INFO     sqlalchemy.engine.Engine:base.py:1846 PRAGMA main.table_info("taxonomy_nodes")
INFO     sqlalchemy.engine.Engine:base.py:1846 [raw sql] ()
INFO     sqlalchemy.engine.Engine:base.py:1846 PRAGMA main.table_info("resource_taxonomy")
INFO     sqlalchemy.engine.Engine:base.py:1846 [raw sql] ()
INFO     sqlalchemy.engine.Engine:base.py:1846 PRAGMA main.table_info("annotations")
INFO     sqlalchemy.engine.Engine:base.py:1846 [raw sql] ()
INFO     sqlalchemy.engine.Engine:base.py:1846 PRAGMA main.table_info("graph_edges")
INFO     sqlalchemy.engine.Engine:base.py:1846 [raw sql] ()
INFO     sqlalchemy.engine.Engine:base.py:1846 PRAGMA main.table_info("graph_embeddings")
INFO     sqlalchemy.engine.Engine:base.py:1846 [raw sql] ()
INFO     sqlalchemy.engine.Engine:base.py:1846 PRAGMA main.table_info("discovery_hypotheses")
INFO     sqlalchemy.engine.Engine:base.py:1846 [raw sql] ()
INFO     sqlalchemy.engine.Engine:base.py:1846 PRAGMA main.table_info("users")
INFO     sqlalchemy.engine.Engine:base.py:1846 [raw sql] ()
INFO     sqlalchemy.engine.Engine:base.py:1846 PRAGMA main.table_info("user_profiles")
INFO     sqlalchemy.engine.Engine:base.py:1846 [raw sql] ()
INFO     sqlalchemy.engine.Engine:base.py:1846 PRAGMA main.table_info("user_interactions")
INFO     sqlalchemy.engine.Engine:base.py:1846 [raw sql] ()
INFO     sqlalchemy.engine.Engine:base.py:1846 PRAGMA main.table_info("recommendation_feedback")
INFO     sqlalchemy.engine.Engine:base.py:1846 [raw sql] ()
INFO     sqlalchemy.engine.Engine:base.py:1846 PRAGMA main.table_info("model_versions")
INFO     sqlalchemy.engine.Engine:base.py:1846 [raw sql] ()
INFO     sqlalchemy.engine.Engine:base.py:1846 PRAGMA main.table_info("ab_test_experiments")
INFO     sqlalchemy.engine.Engine:base.py:1846 [raw sql] ()
INFO     sqlalchemy.engine.Engine:base.py:1846 PRAGMA main.table_info("prediction_logs")
INFO     sqlalchemy.engine.Engine:base.py:1846 [raw sql] ()
INFO     sqlalchemy.engine.Engine:base.py:1846 PRAGMA main.table_info("retraining_runs")
INFO     sqlalchemy.engine.Engine:base.py:1846 [raw sql] ()
INFO     sqlalchemy.engine.Engine:base.py:2708 COMMIT
INFO     sqlalchemy.engine.Engine:base.py:2702 BEGIN (implicit)
INFO     sqlalchemy.engine.Engine:base.py:1844 INSERT INTO model_versions (id, version, model_type, model_path, status, promoted_at, metadata, metrics) VALUES (?, ?, ?, ?, ?, ?, ?, ?), (?, ?, ?, ?, ?, ?, ?, ?) RETURNING created_at, id
INFO     sqlalchemy.engine.Engine:base.py:1844 [cached since 0.7744s ago (insertmanyvalues) 1/1 (ordered)] ('2b808272-f855-49a9-94fc-0d2c9b2148c6', 'v1.0.0', 'classification', 'models/classification/arxiv_v1.0.0', 'production', None, '{"dataset_size": 10000, "num_categories": 10}', '{"accuracy": 0.9, "f1_score": 0.88}', 'f6467618-c694-41e1-b7ba-2e206cd39a18', 'v1.1.0', 'classification', 'models/classification/arxiv_v1.1.0', 'testing', None, '{"dataset_size": 11500, "num_categories": 10}', '{"accuracy": 0.93, "f1_score": 0.91}')
INFO     sqlalchemy.engine.Engine:base.py:2708 COMMIT
INFO     sqlalchemy.engine.Engine:base.py:2702 BEGIN (implicit)
INFO     sqlalchemy.engine.Engine:base.py:1846 SELECT model_versions.id, model_versions.version, model_versions.model_type, model_versions.model_path, model_versions.status, model_versions.created_at, model_versions.promoted_at, model_versions.metadata, model_versions.metrics 
FROM model_versions 
WHERE model_versions.id = ?
INFO     sqlalchemy.engine.Engine:base.py:1846 [cached since 0.768s ago] ('2b808272-f855-49a9-94fc-0d2c9b2148c6',)
INFO     sqlalchemy.engine.Engine:base.py:1846 SELECT model_versions.id, model_versions.version, model_versions.model_type, model_versions.model_path, model_versions.status, model_versions.created_at, model_versions.promoted_at, model_versions.metadata, model_versions.metrics 
FROM model_versions 
WHERE model_versions.id = ?
INFO     sqlalchemy.engine.Engine:base.py:1846 [cached since 0.7694s ago] ('f6467618-c694-41e1-b7ba-2e206cd39a18',)
---------------------------- Captured stdout call -----------------------------
2025-11-18 13:51:27,477 INFO sqlalchemy.engine.Engine SELECT model_versions.id AS model_versions_id, model_versions.version AS model_versions_version, model_versions.model_type AS model_versions_model_type, model_versions.model_path AS model_versions_model_path, model_versions.status AS model_versions_status, model_versions.created_at AS model_versions_created_at, model_versions.promoted_at AS model_versions_promoted_at, model_versions.metadata AS model_versions_metadata, model_versions.metrics AS model_versions_metrics 
FROM model_versions 
WHERE model_versions.version = ?
 LIMIT ? OFFSET ?
2025-11-18 13:51:27,477 INFO sqlalchemy.engine.Engine [cached since 0.7648s ago] ('v1.0.0', 1, 0)
2025-11-18 13:51:27,478 INFO sqlalchemy.engine.Engine SELECT model_versions.id AS model_versions_id, model_versions.version AS model_versions_version, model_versions.model_type AS model_versions_model_type, model_versions.model_path AS model_versions_model_path, model_versions.status AS model_versions_status, model_versions.created_at AS model_versions_created_at, model_versions.promoted_at AS model_versions_promoted_at, model_versions.metadata AS model_versions_metadata, model_versions.metrics AS model_versions_metrics 
FROM model_versions 
WHERE model_versions.version = ?
 LIMIT ? OFFSET ?
2025-11-18 13:51:27,479 INFO sqlalchemy.engine.Engine [cached since 0.7665s ago] ('v1.1.0', 1, 0)
2025-11-18 13:51:27,479 INFO sqlalchemy.engine.Engine BEGIN (implicit)
2025-11-18 13:51:27,480 INFO sqlalchemy.engine.Engine PRAGMA main.table_info("resources")
2025-11-18 13:51:27,480 INFO sqlalchemy.engine.Engine [raw sql] ()
2025-11-18 13:51:27,480 INFO sqlalchemy.engine.Engine PRAGMA main.table_info("classification_codes")
2025-11-18 13:51:27,480 INFO sqlalchemy.engine.Engine [raw sql] ()
2025-11-18 13:51:27,480 INFO sqlalchemy.engine.Engine PRAGMA main.table_info("authority_subjects")
2025-11-18 13:51:27,480 INFO sqlalchemy.engine.Engine [raw sql] ()
2025-11-18 13:51:27,480 INFO sqlalchemy.engine.Engine PRAGMA main.table_info("authority_creators")
2025-11-18 13:51:27,481 INFO sqlalchemy.engine.Engine [raw sql] ()
2025-11-18 13:51:27,481 INFO sqlalchemy.engine.Engine PRAGMA main.table_info("authority_publishers")
2025-11-18 13:51:27,481 INFO sqlalchemy.engine.Engine [raw sql] ()
2025-11-18 13:51:27,481 INFO sqlalchemy.engine.Engine PRAGMA main.table_info("citations")
2025-11-18 13:51:27,481 INFO sqlalchemy.engine.Engine [raw sql] ()
2025-11-18 13:51:27,481 INFO sqlalchemy.engine.Engine PRAGMA main.table_info("collection_resources")
2025-11-18 13:51:27,481 INFO sqlalchemy.engine.Engine [raw sql] ()
2025-11-18 13:51:27,482 INFO sqlalchemy.engine.Engine PRAGMA main.table_info("collections")
2025-11-18 13:51:27,482 INFO sqlalchemy.engine.Engine [raw sql] ()
2025-11-18 13:51:27,482 INFO sqlalchemy.engine.Engine PRAGMA main.table_info("taxonomy_nodes")
2025-11-18 13:51:27,483 INFO sqlalchemy.engine.Engine [raw sql] ()
2025-11-18 13:51:27,483 INFO sqlalchemy.engine.Engine PRAGMA main.table_info("resource_taxonomy")
2025-11-18 13:51:27,483 INFO sqlalchemy.engine.Engine [raw sql] ()
2025-11-18 13:51:27,483 INFO sqlalchemy.engine.Engine PRAGMA main.table_info("annotations")
2025-11-18 13:51:27,483 INFO sqlalchemy.engine.Engine [raw sql] ()
2025-11-18 13:51:27,484 INFO sqlalchemy.engine.Engine PRAGMA main.table_info("graph_edges")
2025-11-18 13:51:27,484 INFO sqlalchemy.engine.Engine [raw sql] ()
2025-11-18 13:51:27,484 INFO sqlalchemy.engine.Engine PRAGMA main.table_info("graph_embeddings")
2025-11-18 13:51:27,484 INFO sqlalchemy.engine.Engine [raw sql] ()
2025-11-18 13:51:27,485 INFO sqlalchemy.engine.Engine PRAGMA main.table_info("discovery_hypotheses")
2025-11-18 13:51:27,485 INFO sqlalchemy.engine.Engine [raw sql] ()
2025-11-18 13:51:27,485 INFO sqlalchemy.engine.Engine PRAGMA main.table_info("users")
2025-11-18 13:51:27,485 INFO sqlalchemy.engine.Engine [raw sql] ()
2025-11-18 13:51:27,486 INFO sqlalchemy.engine.Engine PRAGMA main.table_info("user_profiles")
2025-11-18 13:51:27,486 INFO sqlalchemy.engine.Engine [raw sql] ()
2025-11-18 13:51:27,486 INFO sqlalchemy.engine.Engine PRAGMA main.table_info("user_interactions")
2025-11-18 13:51:27,486 INFO sqlalchemy.engine.Engine [raw sql] ()
2025-11-18 13:51:27,487 INFO sqlalchemy.engine.Engine PRAGMA main.table_info("recommendation_feedback")
2025-11-18 13:51:27,487 INFO sqlalchemy.engine.Engine [raw sql] ()
2025-11-18 13:51:27,488 INFO sqlalchemy.engine.Engine PRAGMA main.table_info("model_versions")
2025-11-18 13:51:27,488 INFO sqlalchemy.engine.Engine [raw sql] ()
2025-11-18 13:51:27,488 INFO sqlalchemy.engine.Engine PRAGMA main.table_info("ab_test_experiments")
2025-11-18 13:51:27,488 INFO sqlalchemy.engine.Engine [raw sql] ()
2025-11-18 13:51:27,488 INFO sqlalchemy.engine.Engine PRAGMA main.table_info("prediction_logs")
2025-11-18 13:51:27,489 INFO sqlalchemy.engine.Engine [raw sql] ()
2025-11-18 13:51:27,489 INFO sqlalchemy.engine.Engine PRAGMA main.table_info("retraining_runs")
2025-11-18 13:51:27,489 INFO sqlalchemy.engine.Engine [raw sql] ()
2025-11-18 13:51:27,489 INFO sqlalchemy.engine.Engine COMMIT
2025-11-18 13:51:27,489 INFO sqlalchemy.engine.Engine BEGIN (implicit)
2025-11-18 13:51:27,489 INFO sqlalchemy.engine.Engine PRAGMA main.table_info("resources")
2025-11-18 13:51:27,490 INFO sqlalchemy.engine.Engine [raw sql] ()
2025-11-18 13:51:27,490 INFO sqlalchemy.engine.Engine PRAGMA main.table_info("classification_codes")
2025-11-18 13:51:27,490 INFO sqlalchemy.engine.Engine [raw sql] ()
2025-11-18 13:51:27,490 INFO sqlalchemy.engine.Engine PRAGMA main.table_info("authority_subjects")
2025-11-18 13:51:27,490 INFO sqlalchemy.engine.Engine [raw sql] ()
2025-11-18 13:51:27,491 INFO sqlalchemy.engine.Engine PRAGMA main.table_info("authority_creators")
2025-11-18 13:51:27,491 INFO sqlalchemy.engine.Engine [raw sql] ()
2025-11-18 13:51:27,492 INFO sqlalchemy.engine.Engine PRAGMA main.table_info("authority_publishers")
2025-11-18 13:51:27,492 INFO sqlalchemy.engine.Engine [raw sql] ()
2025-11-18 13:51:27,493 INFO sqlalchemy.engine.Engine PRAGMA main.table_info("citations")
2025-11-18 13:51:27,493 INFO sqlalchemy.engine.Engine [raw sql] ()
2025-11-18 13:51:27,493 INFO sqlalchemy.engine.Engine PRAGMA main.table_info("collection_resources")
2025-11-18 13:51:27,493 INFO sqlalchemy.engine.Engine [raw sql] ()
2025-11-18 13:51:27,494 INFO sqlalchemy.engine.Engine PRAGMA main.table_info("collections")
2025-11-18 13:51:27,494 INFO sqlalchemy.engine.Engine [raw sql] ()
2025-11-18 13:51:27,494 INFO sqlalchemy.engine.Engine PRAGMA main.table_info("taxonomy_nodes")
2025-11-18 13:51:27,494 INFO sqlalchemy.engine.Engine [raw sql] ()
2025-11-18 13:51:27,494 INFO sqlalchemy.engine.Engine PRAGMA main.table_info("resource_taxonomy")
2025-11-18 13:51:27,494 INFO sqlalchemy.engine.Engine [raw sql] ()
2025-11-18 13:51:27,494 INFO sqlalchemy.engine.Engine PRAGMA main.table_info("annotations")
2025-11-18 13:51:27,495 INFO sqlalchemy.engine.Engine [raw sql] ()
2025-11-18 13:51:27,496 INFO sqlalchemy.engine.Engine PRAGMA main.table_info("graph_edges")
2025-11-18 13:51:27,496 INFO sqlalchemy.engine.Engine [raw sql] ()
2025-11-18 13:51:27,496 INFO sqlalchemy.engine.Engine PRAGMA main.table_info("graph_embeddings")
2025-11-18 13:51:27,497 INFO sqlalchemy.engine.Engine [raw sql] ()
2025-11-18 13:51:27,497 INFO sqlalchemy.engine.Engine PRAGMA main.table_info("discovery_hypotheses")
2025-11-18 13:51:27,497 INFO sqlalchemy.engine.Engine [raw sql] ()
2025-11-18 13:51:27,498 INFO sqlalchemy.engine.Engine PRAGMA main.table_info("users")
2025-11-18 13:51:27,498 INFO sqlalchemy.engine.Engine [raw sql] ()
2025-11-18 13:51:27,498 INFO sqlalchemy.engine.Engine PRAGMA main.table_info("user_profiles")
2025-11-18 13:51:27,498 INFO sqlalchemy.engine.Engine [raw sql] ()
2025-11-18 13:51:27,498 INFO sqlalchemy.engine.Engine PRAGMA main.table_info("user_interactions")
2025-11-18 13:51:27,499 INFO sqlalchemy.engine.Engine [raw sql] ()
2025-11-18 13:51:27,499 INFO sqlalchemy.engine.Engine PRAGMA main.table_info("recommendation_feedback")
2025-11-18 13:51:27,499 INFO sqlalchemy.engine.Engine [raw sql] ()
2025-11-18 13:51:27,500 INFO sqlalchemy.engine.Engine PRAGMA main.table_info("model_versions")
2025-11-18 13:51:27,500 INFO sqlalchemy.engine.Engine [raw sql] ()
2025-11-18 13:51:27,500 INFO sqlalchemy.engine.Engine PRAGMA main.table_info("ab_test_experiments")
2025-11-18 13:51:27,500 INFO sqlalchemy.engine.Engine [raw sql] ()
2025-11-18 13:51:27,501 INFO sqlalchemy.engine.Engine PRAGMA main.table_info("prediction_logs")
2025-11-18 13:51:27,501 INFO sqlalchemy.engine.Engine [raw sql] ()
2025-11-18 13:51:27,501 INFO sqlalchemy.engine.Engine PRAGMA main.table_info("retraining_runs")
2025-11-18 13:51:27,501 INFO sqlalchemy.engine.Engine [raw sql] ()
2025-11-18 13:51:27,502 INFO sqlalchemy.engine.Engine COMMIT
2025-11-18 13:51:27,502 INFO sqlalchemy.engine.Engine INSERT INTO ab_test_experiments (id, name, control_version_id, treatment_version_id, traffic_split, end_date, status) VALUES (?, ?, ?, ?, ?, ?, ?) RETURNING start_date
2025-11-18 13:51:27,502 INFO sqlalchemy.engine.Engine [cached since 0.7637s ago] ('f22e3e5e-95a0-46bf-bac9-95926ecefa00', 'promotion_test', '2b808272-f855-49a9-94fc-0d2c9b2148c6', 'f6467618-c694-41e1-b7ba-2e206cd39a18', 0.5, None, 'running')
2025-11-18 13:51:27,505 INFO sqlalchemy.engine.Engine COMMIT
2025-11-18 13:51:27,511 INFO sqlalchemy.engine.Engine BEGIN (implicit)
2025-11-18 13:51:27,511 INFO sqlalchemy.engine.Engine SELECT ab_test_experiments.id, ab_test_experiments.name, ab_test_experiments.control_version_id, ab_test_experiments.treatment_version_id, ab_test_experiments.traffic_split, ab_test_experiments.start_date, ab_test_experiments.end_date, ab_test_experiments.status, ab_test_experiments.results 
FROM ab_test_experiments 
WHERE ab_test_experiments.id = ?
2025-11-18 13:51:27,511 INFO sqlalchemy.engine.Engine [cached since 0.761s ago] ('f22e3e5e-95a0-46bf-bac9-95926ecefa00',)
2025-11-18 13:51:27,514 INFO sqlalchemy.engine.Engine SELECT model_versions.id AS model_versions_id, model_versions.version AS model_versions_version, model_versions.model_type AS model_versions_model_type, model_versions.model_path AS model_versions_model_path, model_versions.status AS model_versions_status, model_versions.created_at AS model_versions_created_at, model_versions.promoted_at AS model_versions_promoted_at, model_versions.metadata AS model_versions_metadata, model_versions.metrics AS model_versions_metrics 
FROM model_versions 
WHERE model_versions.version = ?
 LIMIT ? OFFSET ?
2025-11-18 13:51:27,514 INFO sqlalchemy.engine.Engine [cached since 0.8018s ago] ('v1.0.0', 1, 0)
---------------------------- Captured stderr call -----------------------------
2025-11-18 13:51:27,477 - sqlalchemy.engine.Engine - INFO - SELECT model_versions.id AS model_versions_id, model_versions.version AS model_versions_version, model_versions.model_type AS model_versions_model_type, model_versions.model_path AS model_versions_model_path, model_versions.status AS model_versions_status, model_versions.created_at AS model_versions_created_at, model_versions.promoted_at AS model_versions_promoted_at, model_versions.metadata AS model_versions_metadata, model_versions.metrics AS model_versions_metrics 
FROM model_versions 
WHERE model_versions.version = ?
 LIMIT ? OFFSET ?
2025-11-18 13:51:27,477 - sqlalchemy.engine.Engine - INFO - [cached since 0.7648s ago] ('v1.0.0', 1, 0)
2025-11-18 13:51:27,478 - sqlalchemy.engine.Engine - INFO - SELECT model_versions.id AS model_versions_id, model_versions.version AS model_versions_version, model_versions.model_type AS model_versions_model_type, model_versions.model_path AS model_versions_model_path, model_versions.status AS model_versions_status, model_versions.created_at AS model_versions_created_at, model_versions.promoted_at AS model_versions_promoted_at, model_versions.metadata AS model_versions_metadata, model_versions.metrics AS model_versions_metrics 
FROM model_versions 
WHERE model_versions.version = ?
 LIMIT ? OFFSET ?
2025-11-18 13:51:27,479 - sqlalchemy.engine.Engine - INFO - [cached since 0.7665s ago] ('v1.1.0', 1, 0)
2025-11-18 13:51:27,479 - sqlalchemy.engine.Engine - INFO - BEGIN (implicit)
2025-11-18 13:51:27,480 - sqlalchemy.engine.Engine - INFO - PRAGMA main.table_info("resources")
2025-11-18 13:51:27,480 - sqlalchemy.engine.Engine - INFO - [raw sql] ()
2025-11-18 13:51:27,480 - sqlalchemy.engine.Engine - INFO - PRAGMA main.table_info("classification_codes")
2025-11-18 13:51:27,480 - sqlalchemy.engine.Engine - INFO - [raw sql] ()
2025-11-18 13:51:27,480 - sqlalchemy.engine.Engine - INFO - PRAGMA main.table_info("authority_subjects")
2025-11-18 13:51:27,480 - sqlalchemy.engine.Engine - INFO - [raw sql] ()
2025-11-18 13:51:27,480 - sqlalchemy.engine.Engine - INFO - PRAGMA main.table_info("authority_creators")
2025-11-18 13:51:27,481 - sqlalchemy.engine.Engine - INFO - [raw sql] ()
2025-11-18 13:51:27,481 - sqlalchemy.engine.Engine - INFO - PRAGMA main.table_info("authority_publishers")
2025-11-18 13:51:27,481 - sqlalchemy.engine.Engine - INFO - [raw sql] ()
2025-11-18 13:51:27,481 - sqlalchemy.engine.Engine - INFO - PRAGMA main.table_info("citations")
2025-11-18 13:51:27,481 - sqlalchemy.engine.Engine - INFO - [raw sql] ()
2025-11-18 13:51:27,481 - sqlalchemy.engine.Engine - INFO - PRAGMA main.table_info("collection_resources")
2025-11-18 13:51:27,481 - sqlalchemy.engine.Engine - INFO - [raw sql] ()
2025-11-18 13:51:27,482 - sqlalchemy.engine.Engine - INFO - PRAGMA main.table_info("collections")
2025-11-18 13:51:27,482 - sqlalchemy.engine.Engine - INFO - [raw sql] ()
2025-11-18 13:51:27,482 - sqlalchemy.engine.Engine - INFO - PRAGMA main.table_info("taxonomy_nodes")
2025-11-18 13:51:27,483 - sqlalchemy.engine.Engine - INFO - [raw sql] ()
2025-11-18 13:51:27,483 - sqlalchemy.engine.Engine - INFO - PRAGMA main.table_info("resource_taxonomy")
2025-11-18 13:51:27,483 - sqlalchemy.engine.Engine - INFO - [raw sql] ()
2025-11-18 13:51:27,483 - sqlalchemy.engine.Engine - INFO - PRAGMA main.table_info("annotations")
2025-11-18 13:51:27,483 - sqlalchemy.engine.Engine - INFO - [raw sql] ()
2025-11-18 13:51:27,484 - sqlalchemy.engine.Engine - INFO - PRAGMA main.table_info("graph_edges")
2025-11-18 13:51:27,484 - sqlalchemy.engine.Engine - INFO - [raw sql] ()
2025-11-18 13:51:27,484 - sqlalchemy.engine.Engine - INFO - PRAGMA main.table_info("graph_embeddings")
2025-11-18 13:51:27,484 - sqlalchemy.engine.Engine - INFO - [raw sql] ()
2025-11-18 13:51:27,485 - sqlalchemy.engine.Engine - INFO - PRAGMA main.table_info("discovery_hypotheses")
2025-11-18 13:51:27,485 - sqlalchemy.engine.Engine - INFO - [raw sql] ()
2025-11-18 13:51:27,485 - sqlalchemy.engine.Engine - INFO - PRAGMA main.table_info("users")
2025-11-18 13:51:27,485 - sqlalchemy.engine.Engine - INFO - [raw sql] ()
2025-11-18 13:51:27,486 - sqlalchemy.engine.Engine - INFO - PRAGMA main.table_info("user_profiles")
2025-11-18 13:51:27,486 - sqlalchemy.engine.Engine - INFO - [raw sql] ()
2025-11-18 13:51:27,486 - sqlalchemy.engine.Engine - INFO - PRAGMA main.table_info("user_interactions")
2025-11-18 13:51:27,486 - sqlalchemy.engine.Engine - INFO - [raw sql] ()
2025-11-18 13:51:27,487 - sqlalchemy.engine.Engine - INFO - PRAGMA main.table_info("recommendation_feedback")
2025-11-18 13:51:27,487 - sqlalchemy.engine.Engine - INFO - [raw sql] ()
2025-11-18 13:51:27,488 - sqlalchemy.engine.Engine - INFO - PRAGMA main.table_info("model_versions")
2025-11-18 13:51:27,488 - sqlalchemy.engine.Engine - INFO - [raw sql] ()
2025-11-18 13:51:27,488 - sqlalchemy.engine.Engine - INFO - PRAGMA main.table_info("ab_test_experiments")
2025-11-18 13:51:27,488 - sqlalchemy.engine.Engine - INFO - [raw sql] ()
2025-11-18 13:51:27,488 - sqlalchemy.engine.Engine - INFO - PRAGMA main.table_info("prediction_logs")
2025-11-18 13:51:27,489 - sqlalchemy.engine.Engine - INFO - [raw sql] ()
2025-11-18 13:51:27,489 - sqlalchemy.engine.Engine - INFO - PRAGMA main.table_info("retraining_runs")
2025-11-18 13:51:27,489 - sqlalchemy.engine.Engine - INFO - [raw sql] ()
2025-11-18 13:51:27,489 - sqlalchemy.engine.Engine - INFO - COMMIT
2025-11-18 13:51:27,489 - sqlalchemy.engine.Engine - INFO - BEGIN (implicit)
2025-11-18 13:51:27,489 - sqlalchemy.engine.Engine - INFO - PRAGMA main.table_info("resources")
2025-11-18 13:51:27,490 - sqlalchemy.engine.Engine - INFO - [raw sql] ()
2025-11-18 13:51:27,490 - sqlalchemy.engine.Engine - INFO - PRAGMA main.table_info("classification_codes")
2025-11-18 13:51:27,490 - sqlalchemy.engine.Engine - INFO - [raw sql] ()
2025-11-18 13:51:27,490 - sqlalchemy.engine.Engine - INFO - PRAGMA main.table_info("authority_subjects")
2025-11-18 13:51:27,490 - sqlalchemy.engine.Engine - INFO - [raw sql] ()
2025-11-18 13:51:27,491 - sqlalchemy.engine.Engine - INFO - PRAGMA main.table_info("authority_creators")
2025-11-18 13:51:27,491 - sqlalchemy.engine.Engine - INFO - [raw sql] ()
2025-11-18 13:51:27,492 - sqlalchemy.engine.Engine - INFO - PRAGMA main.table_info("authority_publishers")
2025-11-18 13:51:27,492 - sqlalchemy.engine.Engine - INFO - [raw sql] ()
2025-11-18 13:51:27,493 - sqlalchemy.engine.Engine - INFO - PRAGMA main.table_info("citations")
2025-11-18 13:51:27,493 - sqlalchemy.engine.Engine - INFO - [raw sql] ()
2025-11-18 13:51:27,493 - sqlalchemy.engine.Engine - INFO - PRAGMA main.table_info("collection_resources")
2025-11-18 13:51:27,493 - sqlalchemy.engine.Engine - INFO - [raw sql] ()
2025-11-18 13:51:27,494 - sqlalchemy.engine.Engine - INFO - PRAGMA main.table_info("collections")
2025-11-18 13:51:27,494 - sqlalchemy.engine.Engine - INFO - [raw sql] ()
2025-11-18 13:51:27,494 - sqlalchemy.engine.Engine - INFO - PRAGMA main.table_info("taxonomy_nodes")
2025-11-18 13:51:27,494 - sqlalchemy.engine.Engine - INFO - [raw sql] ()
2025-11-18 13:51:27,494 - sqlalchemy.engine.Engine - INFO - PRAGMA main.table_info("resource_taxonomy")
2025-11-18 13:51:27,494 - sqlalchemy.engine.Engine - INFO - [raw sql] ()
2025-11-18 13:51:27,494 - sqlalchemy.engine.Engine - INFO - PRAGMA main.table_info("annotations")
2025-11-18 13:51:27,495 - sqlalchemy.engine.Engine - INFO - [raw sql] ()
2025-11-18 13:51:27,496 - sqlalchemy.engine.Engine - INFO - PRAGMA main.table_info("graph_edges")
2025-11-18 13:51:27,496 - sqlalchemy.engine.Engine - INFO - [raw sql] ()
2025-11-18 13:51:27,496 - sqlalchemy.engine.Engine - INFO - PRAGMA main.table_info("graph_embeddings")
2025-11-18 13:51:27,497 - sqlalchemy.engine.Engine - INFO - [raw sql] ()
2025-11-18 13:51:27,497 - sqlalchemy.engine.Engine - INFO - PRAGMA main.table_info("discovery_hypotheses")
2025-11-18 13:51:27,497 - sqlalchemy.engine.Engine - INFO - [raw sql] ()
2025-11-18 13:51:27,498 - sqlalchemy.engine.Engine - INFO - PRAGMA main.table_info("users")
2025-11-18 13:51:27,498 - sqlalchemy.engine.Engine - INFO - [raw sql] ()
2025-11-18 13:51:27,498 - sqlalchemy.engine.Engine - INFO - PRAGMA main.table_info("user_profiles")
2025-11-18 13:51:27,498 - sqlalchemy.engine.Engine - INFO - [raw sql] ()
2025-11-18 13:51:27,498 - sqlalchemy.engine.Engine - INFO - PRAGMA main.table_info("user_interactions")
2025-11-18 13:51:27,499 - sqlalchemy.engine.Engine - INFO - [raw sql] ()
2025-11-18 13:51:27,499 - sqlalchemy.engine.Engine - INFO - PRAGMA main.table_info("recommendation_feedback")
2025-11-18 13:51:27,499 - sqlalchemy.engine.Engine - INFO - [raw sql] ()
2025-11-18 13:51:27,500 - sqlalchemy.engine.Engine - INFO - PRAGMA main.table_info("model_versions")
2025-11-18 13:51:27,500 - sqlalchemy.engine.Engine - INFO - [raw sql] ()
2025-11-18 13:51:27,500 - sqlalchemy.engine.Engine - INFO - PRAGMA main.table_info("ab_test_experiments")
2025-11-18 13:51:27,500 - sqlalchemy.engine.Engine - INFO - [raw sql] ()
2025-11-18 13:51:27,501 - sqlalchemy.engine.Engine - INFO - PRAGMA main.table_info("prediction_logs")
2025-11-18 13:51:27,501 - sqlalchemy.engine.Engine - INFO - [raw sql] ()
2025-11-18 13:51:27,501 - sqlalchemy.engine.Engine - INFO - PRAGMA main.table_info("retraining_runs")
2025-11-18 13:51:27,501 - sqlalchemy.engine.Engine - INFO - [raw sql] ()
2025-11-18 13:51:27,502 - sqlalchemy.engine.Engine - INFO - COMMIT
2025-11-18 13:51:27,502 - sqlalchemy.engine.Engine - INFO - INSERT INTO ab_test_experiments (id, name, control_version_id, treatment_version_id, traffic_split, end_date, status) VALUES (?, ?, ?, ?, ?, ?, ?) RETURNING start_date
2025-11-18 13:51:27,502 - sqlalchemy.engine.Engine - INFO - [cached since 0.7637s ago] ('f22e3e5e-95a0-46bf-bac9-95926ecefa00', 'promotion_test', '2b808272-f855-49a9-94fc-0d2c9b2148c6', 'f6467618-c694-41e1-b7ba-2e206cd39a18', 0.5, None, 'running')
2025-11-18 13:51:27,505 - sqlalchemy.engine.Engine - INFO - COMMIT
2025-11-18 13:51:27,511 - sqlalchemy.engine.Engine - INFO - BEGIN (implicit)
2025-11-18 13:51:27,511 - sqlalchemy.engine.Engine - INFO - SELECT ab_test_experiments.id, ab_test_experiments.name, ab_test_experiments.control_version_id, ab_test_experiments.treatment_version_id, ab_test_experiments.traffic_split, ab_test_experiments.start_date, ab_test_experiments.end_date, ab_test_experiments.status, ab_test_experiments.results 
FROM ab_test_experiments 
WHERE ab_test_experiments.id = ?
2025-11-18 13:51:27,511 - sqlalchemy.engine.Engine - INFO - [cached since 0.761s ago] ('f22e3e5e-95a0-46bf-bac9-95926ecefa00',)
2025-11-18 13:51:27,513 - backend.scripts.deployment.ab_testing - INFO - Created A/B test experiment: promotion_test (control=v1.0.0, treatment=v1.1.0, split=50.0%)
2025-11-18 13:51:27,514 - sqlalchemy.engine.Engine - INFO - SELECT model_versions.id AS model_versions_id, model_versions.version AS model_versions_version, model_versions.model_type AS model_versions_model_type, model_versions.model_path AS model_versions_model_path, model_versions.status AS model_versions_status, model_versions.created_at AS model_versions_created_at, model_versions.promoted_at AS model_versions_promoted_at, model_versions.metadata AS model_versions_metadata, model_versions.metrics AS model_versions_metrics 
FROM model_versions 
WHERE model_versions.version = ?
 LIMIT ? OFFSET ?
2025-11-18 13:51:27,514 - sqlalchemy.engine.Engine - INFO - [cached since 0.8018s ago] ('v1.0.0', 1, 0)
------------------------------ Captured log call ------------------------------
INFO     sqlalchemy.engine.Engine:base.py:1846 SELECT model_versions.id AS model_versions_id, model_versions.version AS model_versions_version, model_versions.model_type AS model_versions_model_type, model_versions.model_path AS model_versions_model_path, model_versions.status AS model_versions_status, model_versions.created_at AS model_versions_created_at, model_versions.promoted_at AS model_versions_promoted_at, model_versions.metadata AS model_versions_metadata, model_versions.metrics AS model_versions_metrics 
FROM model_versions 
WHERE model_versions.version = ?
 LIMIT ? OFFSET ?
INFO     sqlalchemy.engine.Engine:base.py:1846 [cached since 0.7648s ago] ('v1.0.0', 1, 0)
INFO     sqlalchemy.engine.Engine:base.py:1846 SELECT model_versions.id AS model_versions_id, model_versions.version AS model_versions_version, model_versions.model_type AS model_versions_model_type, model_versions.model_path AS model_versions_model_path, model_versions.status AS model_versions_status, model_versions.created_at AS model_versions_created_at, model_versions.promoted_at AS model_versions_promoted_at, model_versions.metadata AS model_versions_metadata, model_versions.metrics AS model_versions_metrics 
FROM model_versions 
WHERE model_versions.version = ?
 LIMIT ? OFFSET ?
INFO     sqlalchemy.engine.Engine:base.py:1846 [cached since 0.7665s ago] ('v1.1.0', 1, 0)
INFO     sqlalchemy.engine.Engine:base.py:2702 BEGIN (implicit)
INFO     sqlalchemy.engine.Engine:base.py:1846 PRAGMA main.table_info("resources")
INFO     sqlalchemy.engine.Engine:base.py:1846 [raw sql] ()
INFO     sqlalchemy.engine.Engine:base.py:1846 PRAGMA main.table_info("classification_codes")
INFO     sqlalchemy.engine.Engine:base.py:1846 [raw sql] ()
INFO     sqlalchemy.engine.Engine:base.py:1846 PRAGMA main.table_info("authority_subjects")
INFO     sqlalchemy.engine.Engine:base.py:1846 [raw sql] ()
INFO     sqlalchemy.engine.Engine:base.py:1846 PRAGMA main.table_info("authority_creators")
INFO     sqlalchemy.engine.Engine:base.py:1846 [raw sql] ()
INFO     sqlalchemy.engine.Engine:base.py:1846 PRAGMA main.table_info("authority_publishers")
INFO     sqlalchemy.engine.Engine:base.py:1846 [raw sql] ()
INFO     sqlalchemy.engine.Engine:base.py:1846 PRAGMA main.table_info("citations")
INFO     sqlalchemy.engine.Engine:base.py:1846 [raw sql] ()
INFO     sqlalchemy.engine.Engine:base.py:1846 PRAGMA main.table_info("collection_resources")
INFO     sqlalchemy.engine.Engine:base.py:1846 [raw sql] ()
INFO     sqlalchemy.engine.Engine:base.py:1846 PRAGMA main.table_info("collections")
INFO     sqlalchemy.engine.Engine:base.py:1846 [raw sql] ()
INFO     sqlalchemy.engine.Engine:base.py:1846 PRAGMA main.table_info("taxonomy_nodes")
INFO     sqlalchemy.engine.Engine:base.py:1846 [raw sql] ()
INFO     sqlalchemy.engine.Engine:base.py:1846 PRAGMA main.table_info("resource_taxonomy")
INFO     sqlalchemy.engine.Engine:base.py:1846 [raw sql] ()
INFO     sqlalchemy.engine.Engine:base.py:1846 PRAGMA main.table_info("annotations")
INFO     sqlalchemy.engine.Engine:base.py:1846 [raw sql] ()
INFO     sqlalchemy.engine.Engine:base.py:1846 PRAGMA main.table_info("graph_edges")
INFO     sqlalchemy.engine.Engine:base.py:1846 [raw sql] ()
INFO     sqlalchemy.engine.Engine:base.py:1846 PRAGMA main.table_info("graph_embeddings")
INFO     sqlalchemy.engine.Engine:base.py:1846 [raw sql] ()
INFO     sqlalchemy.engine.Engine:base.py:1846 PRAGMA main.table_info("discovery_hypotheses")
INFO     sqlalchemy.engine.Engine:base.py:1846 [raw sql] ()
INFO     sqlalchemy.engine.Engine:base.py:1846 PRAGMA main.table_info("users")
INFO     sqlalchemy.engine.Engine:base.py:1846 [raw sql] ()
INFO     sqlalchemy.engine.Engine:base.py:1846 PRAGMA main.table_info("user_profiles")
INFO     sqlalchemy.engine.Engine:base.py:1846 [raw sql] ()
INFO     sqlalchemy.engine.Engine:base.py:1846 PRAGMA main.table_info("user_interactions")
INFO     sqlalchemy.engine.Engine:base.py:1846 [raw sql] ()
INFO     sqlalchemy.engine.Engine:base.py:1846 PRAGMA main.table_info("recommendation_feedback")
INFO     sqlalchemy.engine.Engine:base.py:1846 [raw sql] ()
INFO     sqlalchemy.engine.Engine:base.py:1846 PRAGMA main.table_info("model_versions")
INFO     sqlalchemy.engine.Engine:base.py:1846 [raw sql] ()
INFO     sqlalchemy.engine.Engine:base.py:1846 PRAGMA main.table_info("ab_test_experiments")
INFO     sqlalchemy.engine.Engine:base.py:1846 [raw sql] ()
INFO     sqlalchemy.engine.Engine:base.py:1846 PRAGMA main.table_info("prediction_logs")
INFO     sqlalchemy.engine.Engine:base.py:1846 [raw sql] ()
INFO     sqlalchemy.engine.Engine:base.py:1846 PRAGMA main.table_info("retraining_runs")
INFO     sqlalchemy.engine.Engine:base.py:1846 [raw sql] ()
INFO     sqlalchemy.engine.Engine:base.py:2708 COMMIT
INFO     sqlalchemy.engine.Engine:base.py:2702 BEGIN (implicit)
INFO     sqlalchemy.engine.Engine:base.py:1846 PRAGMA main.table_info("resources")
INFO     sqlalchemy.engine.Engine:base.py:1846 [raw sql] ()
INFO     sqlalchemy.engine.Engine:base.py:1846 PRAGMA main.table_info("classification_codes")
INFO     sqlalchemy.engine.Engine:base.py:1846 [raw sql] ()
INFO     sqlalchemy.engine.Engine:base.py:1846 PRAGMA main.table_info("authority_subjects")
INFO     sqlalchemy.engine.Engine:base.py:1846 [raw sql] ()
INFO     sqlalchemy.engine.Engine:base.py:1846 PRAGMA main.table_info("authority_creators")
INFO     sqlalchemy.engine.Engine:base.py:1846 [raw sql] ()
INFO     sqlalchemy.engine.Engine:base.py:1846 PRAGMA main.table_info("authority_publishers")
INFO     sqlalchemy.engine.Engine:base.py:1846 [raw sql] ()
INFO     sqlalchemy.engine.Engine:base.py:1846 PRAGMA main.table_info("citations")
INFO     sqlalchemy.engine.Engine:base.py:1846 [raw sql] ()
INFO     sqlalchemy.engine.Engine:base.py:1846 PRAGMA main.table_info("collection_resources")
INFO     sqlalchemy.engine.Engine:base.py:1846 [raw sql] ()
INFO     sqlalchemy.engine.Engine:base.py:1846 PRAGMA main.table_info("collections")
INFO     sqlalchemy.engine.Engine:base.py:1846 [raw sql] ()
INFO     sqlalchemy.engine.Engine:base.py:1846 PRAGMA main.table_info("taxonomy_nodes")
INFO     sqlalchemy.engine.Engine:base.py:1846 [raw sql] ()
INFO     sqlalchemy.engine.Engine:base.py:1846 PRAGMA main.table_info("resource_taxonomy")
INFO     sqlalchemy.engine.Engine:base.py:1846 [raw sql] ()
INFO     sqlalchemy.engine.Engine:base.py:1846 PRAGMA main.table_info("annotations")
INFO     sqlalchemy.engine.Engine:base.py:1846 [raw sql] ()
INFO     sqlalchemy.engine.Engine:base.py:1846 PRAGMA main.table_info("graph_edges")
INFO     sqlalchemy.engine.Engine:base.py:1846 [raw sql] ()
INFO     sqlalchemy.engine.Engine:base.py:1846 PRAGMA main.table_info("graph_embeddings")
INFO     sqlalchemy.engine.Engine:base.py:1846 [raw sql] ()
INFO     sqlalchemy.engine.Engine:base.py:1846 PRAGMA main.table_info("discovery_hypotheses")
INFO     sqlalchemy.engine.Engine:base.py:1846 [raw sql] ()
INFO     sqlalchemy.engine.Engine:base.py:1846 PRAGMA main.table_info("users")
INFO     sqlalchemy.engine.Engine:base.py:1846 [raw sql] ()
INFO     sqlalchemy.engine.Engine:base.py:1846 PRAGMA main.table_info("user_profiles")
INFO     sqlalchemy.engine.Engine:base.py:1846 [raw sql] ()
INFO     sqlalchemy.engine.Engine:base.py:1846 PRAGMA main.table_info("user_interactions")
INFO     sqlalchemy.engine.Engine:base.py:1846 [raw sql] ()
INFO     sqlalchemy.engine.Engine:base.py:1846 PRAGMA main.table_info("recommendation_feedback")
INFO     sqlalchemy.engine.Engine:base.py:1846 [raw sql] ()
INFO     sqlalchemy.engine.Engine:base.py:1846 PRAGMA main.table_info("model_versions")
INFO     sqlalchemy.engine.Engine:base.py:1846 [raw sql] ()
INFO     sqlalchemy.engine.Engine:base.py:1846 PRAGMA main.table_info("ab_test_experiments")
INFO     sqlalchemy.engine.Engine:base.py:1846 [raw sql] ()
INFO     sqlalchemy.engine.Engine:base.py:1846 PRAGMA main.table_info("prediction_logs")
INFO     sqlalchemy.engine.Engine:base.py:1846 [raw sql] ()
INFO     sqlalchemy.engine.Engine:base.py:1846 PRAGMA main.table_info("retraining_runs")
INFO     sqlalchemy.engine.Engine:base.py:1846 [raw sql] ()
INFO     sqlalchemy.engine.Engine:base.py:2708 COMMIT
INFO     sqlalchemy.engine.Engine:base.py:1846 INSERT INTO ab_test_experiments (id, name, control_version_id, treatment_version_id, traffic_split, end_date, status) VALUES (?, ?, ?, ?, ?, ?, ?) RETURNING start_date
INFO     sqlalchemy.engine.Engine:base.py:1846 [cached since 0.7637s ago] ('f22e3e5e-95a0-46bf-bac9-95926ecefa00', 'promotion_test', '2b808272-f855-49a9-94fc-0d2c9b2148c6', 'f6467618-c694-41e1-b7ba-2e206cd39a18', 0.5, None, 'running')
INFO     sqlalchemy.engine.Engine:base.py:2708 COMMIT
INFO     sqlalchemy.engine.Engine:base.py:2702 BEGIN (implicit)
INFO     sqlalchemy.engine.Engine:base.py:1846 SELECT ab_test_experiments.id, ab_test_experiments.name, ab_test_experiments.control_version_id, ab_test_experiments.treatment_version_id, ab_test_experiments.traffic_split, ab_test_experiments.start_date, ab_test_experiments.end_date, ab_test_experiments.status, ab_test_experiments.results 
FROM ab_test_experiments 
WHERE ab_test_experiments.id = ?
INFO     sqlalchemy.engine.Engine:base.py:1846 [cached since 0.761s ago] ('f22e3e5e-95a0-46bf-bac9-95926ecefa00',)
INFO     backend.scripts.deployment.ab_testing:ab_testing.py:160 Created A/B test experiment: promotion_test (control=v1.0.0, treatment=v1.1.0, split=50.0%)
INFO     sqlalchemy.engine.Engine:base.py:1846 SELECT model_versions.id AS model_versions_id, model_versions.version AS model_versions_version, model_versions.model_type AS model_versions_model_type, model_versions.model_path AS model_versions_model_path, model_versions.status AS model_versions_status, model_versions.created_at AS model_versions_created_at, model_versions.promoted_at AS model_versions_promoted_at, model_versions.metadata AS model_versions_metadata, model_versions.metrics AS model_versions_metrics 
FROM model_versions 
WHERE model_versions.version = ?
 LIMIT ? OFFSET ?
INFO     sqlalchemy.engine.Engine:base.py:1846 [cached since 0.8018s ago] ('v1.0.0', 1, 0)
-------------------------- Captured stdout teardown ---------------------------
2025-11-18 13:51:27,540 INFO sqlalchemy.engine.Engine DELETE FROM prediction_logs
2025-11-18 13:51:27,540 INFO sqlalchemy.engine.Engine [cached since 0.7798s ago] ()
2025-11-18 13:51:27,542 INFO sqlalchemy.engine.Engine DELETE FROM ab_test_experiments
2025-11-18 13:51:27,543 INFO sqlalchemy.engine.Engine [cached since 0.7782s ago] ()
2025-11-18 13:51:27,543 INFO sqlalchemy.engine.Engine DELETE FROM model_versions
2025-11-18 13:51:27,544 INFO sqlalchemy.engine.Engine [cached since 0.7785s ago] ()
2025-11-18 13:51:27,544 INFO sqlalchemy.engine.Engine COMMIT
-------------------------- Captured stderr teardown ---------------------------
2025-11-18 13:51:27,540 - sqlalchemy.engine.Engine - INFO - DELETE FROM prediction_logs
2025-11-18 13:51:27,540 - sqlalchemy.engine.Engine - INFO - [cached since 0.7798s ago] ()
2025-11-18 13:51:27,542 - sqlalchemy.engine.Engine - INFO - DELETE FROM ab_test_experiments
2025-11-18 13:51:27,543 - sqlalchemy.engine.Engine - INFO - [cached since 0.7782s ago] ()
2025-11-18 13:51:27,543 - sqlalchemy.engine.Engine - INFO - DELETE FROM model_versions
2025-11-18 13:51:27,544 - sqlalchemy.engine.Engine - INFO - [cached since 0.7785s ago] ()
2025-11-18 13:51:27,544 - sqlalchemy.engine.Engine - INFO - COMMIT
---------------------------- Captured log teardown ----------------------------
INFO     sqlalchemy.engine.Engine:base.py:1846 DELETE FROM prediction_logs
INFO     sqlalchemy.engine.Engine:base.py:1846 [cached since 0.7798s ago] ()
INFO     sqlalchemy.engine.Engine:base.py:1846 DELETE FROM ab_test_experiments
INFO     sqlalchemy.engine.Engine:base.py:1846 [cached since 0.7782s ago] ()
INFO     sqlalchemy.engine.Engine:base.py:1846 DELETE FROM model_versions
INFO     sqlalchemy.engine.Engine:base.py:1846 [cached since 0.7785s ago] ()
INFO     sqlalchemy.engine.Engine:base.py:2708 COMMIT
_____________ TestClassificationTrainer.test_end_to_end_training ______________
tests\integration\training\test_classification_training.py:168: in test_end_to_end_training
    train_metrics = trainer.train(
                    ^^^^^^^^^^^^^
E   AttributeError: 'ClassificationTrainer' object has no attribute 'train'. Did you mean: 'trainer'?
---------------------------- Captured stderr call -----------------------------
2025-11-18 13:51:28,235 - backend.scripts.training.train_classification - INFO - ClassificationTrainer initialized
2025-11-18 13:51:28,235 - backend.scripts.training.train_classification - INFO - Model: distilbert-base-uncased
2025-11-18 13:51:28,235 - backend.scripts.training.train_classification - INFO - Checkpoint directory: C:\Users\rooma\AppData\Local\Temp\tmpifrf6n25
2025-11-18 13:51:28,235 - backend.scripts.training.train_classification - INFO - Loading datasets from C:\Users\rooma\AppData\Local\Temp\tmpeegby2u3\splits
2025-11-18 13:51:28,300 - backend.scripts.training.train_classification - INFO - Dataset statistics:
2025-11-18 13:51:28,300 - backend.scripts.training.train_classification - INFO -   Train samples: 70
2025-11-18 13:51:28,301 - backend.scripts.training.train_classification - INFO -   Validation samples: 15
2025-11-18 13:51:28,301 - backend.scripts.training.train_classification - INFO -   Test samples: 15
2025-11-18 13:51:28,301 - backend.scripts.training.train_classification - INFO -   Number of classes: 3
2025-11-18 13:51:28,301 - backend.scripts.training.train_classification - INFO -   Classes: ['cs.AI', 'cs.CV', 'cs.LG']
------------------------------ Captured log call ------------------------------
INFO     backend.scripts.training.train_classification:train_classification.py:376 ClassificationTrainer initialized
INFO     backend.scripts.training.train_classification:train_classification.py:377 Model: distilbert-base-uncased
INFO     backend.scripts.training.train_classification:train_classification.py:378 Checkpoint directory: C:\Users\rooma\AppData\Local\Temp\tmpifrf6n25
INFO     backend.scripts.training.train_classification:train_classification.py:401 Loading datasets from C:\Users\rooma\AppData\Local\Temp\tmpeegby2u3\splits
INFO     backend.scripts.training.train_classification:train_classification.py:436 Dataset statistics:
INFO     backend.scripts.training.train_classification:train_classification.py:437   Train samples: 70
INFO     backend.scripts.training.train_classification:train_classification.py:438   Validation samples: 15
INFO     backend.scripts.training.train_classification:train_classification.py:439   Test samples: 15
INFO     backend.scripts.training.train_classification:train_classification.py:440   Number of classes: 3
INFO     backend.scripts.training.train_classification:train_classification.py:441   Classes: ['cs.AI', 'cs.CV', 'cs.LG']
______________ TestClassificationTrainer.test_checkpoint_saving _______________
tests\integration\training\test_classification_training.py:225: in test_checkpoint_saving
    trainer.train(
    ^^^^^^^^^^^^^
E   AttributeError: 'ClassificationTrainer' object has no attribute 'train'. Did you mean: 'trainer'?
---------------------------- Captured stderr call -----------------------------
2025-11-18 13:51:28,357 - backend.scripts.training.train_classification - INFO - ClassificationTrainer initialized
2025-11-18 13:51:28,358 - backend.scripts.training.train_classification - INFO - Model: distilbert-base-uncased
2025-11-18 13:51:28,358 - backend.scripts.training.train_classification - INFO - Checkpoint directory: C:\Users\rooma\AppData\Local\Temp\tmpyofzhycs
2025-11-18 13:51:28,358 - backend.scripts.training.train_classification - INFO - Loading datasets from C:\Users\rooma\AppData\Local\Temp\tmp798rohu5\splits
2025-11-18 13:51:28,425 - backend.scripts.training.train_classification - INFO - Dataset statistics:
2025-11-18 13:51:28,425 - backend.scripts.training.train_classification - INFO -   Train samples: 70
2025-11-18 13:51:28,425 - backend.scripts.training.train_classification - INFO -   Validation samples: 15
2025-11-18 13:51:28,425 - backend.scripts.training.train_classification - INFO -   Test samples: 15
2025-11-18 13:51:28,425 - backend.scripts.training.train_classification - INFO -   Number of classes: 3
2025-11-18 13:51:28,425 - backend.scripts.training.train_classification - INFO -   Classes: ['cs.AI', 'cs.CV', 'cs.LG']
------------------------------ Captured log call ------------------------------
INFO     backend.scripts.training.train_classification:train_classification.py:376 ClassificationTrainer initialized
INFO     backend.scripts.training.train_classification:train_classification.py:377 Model: distilbert-base-uncased
INFO     backend.scripts.training.train_classification:train_classification.py:378 Checkpoint directory: C:\Users\rooma\AppData\Local\Temp\tmpyofzhycs
INFO     backend.scripts.training.train_classification:train_classification.py:401 Loading datasets from C:\Users\rooma\AppData\Local\Temp\tmp798rohu5\splits
INFO     backend.scripts.training.train_classification:train_classification.py:436 Dataset statistics:
INFO     backend.scripts.training.train_classification:train_classification.py:437   Train samples: 70
INFO     backend.scripts.training.train_classification:train_classification.py:438   Validation samples: 15
INFO     backend.scripts.training.train_classification:train_classification.py:439   Test samples: 15
INFO     backend.scripts.training.train_classification:train_classification.py:440   Number of classes: 3
INFO     backend.scripts.training.train_classification:train_classification.py:441   Classes: ['cs.AI', 'cs.CV', 'cs.LG']
________________ TestAIIntegration.test_ai_summary_generation _________________
tests\integration\workflows\test_ai_integration.py:31: in test_ai_summary_generation
    assert len(summary) < len(test_text)  # Should be shorter than original
    ^^^^^^^^^^^^^^^^^^^^^^^^^^^^^^^^^^^^
E   AssertionError: assert 322 < 266
E    +  where 322 = len('Machine learning is a subset of artificial intelligence that focuses on algorithms . These algorithms can learn from data and make predictions or decisions . Python programming is essential for implementing machine learning solutions . Machine learning solutions can be programmed with Python programming, such as Python .')
E    +  and   266 = len('\n        Machine learning is a subset of artificial intelligence that focuses on algorithms.\n        These algorithms can learn from data and make predictions or decisions.\n        Python programming is essential for implementing machine learning solutions.\n        ')
---------------------------- Captured stderr call -----------------------------
Device set to use cpu
Your max_length is set to 180, but your input_length is only 53. Since this is a summarization task, where outputs shorter than the input are typically wanted, you might consider decreasing max_length manually, e.g. summarizer('...', max_length=26)
____________ TestAIWithRealIngestion.test_end_to_end_ai_processing ____________
tests\integration\workflows\test_ai_integration.py:134: in test_end_to_end_ai_processing
    response = client.post("/resources", json={"url": "https://example.com/ai-test"})
               ^^^^^^^^^^^^^^^^^^^^^^^^^^^^^^^^^^^^^^^^^^^^^^^^^^^^^^^^^^^^^^^^^^^^^^
..\..\..\AppData\Roaming\Python\Python313\site-packages\starlette\testclient.py:552: in post
    return super().post(
..\..\..\AppData\Roaming\Python\Python313\site-packages\httpx\_client.py:1144: in post
    return self.request(
..\..\..\AppData\Roaming\Python\Python313\site-packages\starlette\testclient.py:451: in request
    return super().request(
..\..\..\AppData\Roaming\Python\Python313\site-packages\httpx\_client.py:825: in request
    return self.send(request, auth=auth, follow_redirects=follow_redirects)
           ^^^^^^^^^^^^^^^^^^^^^^^^^^^^^^^^^^^^^^^^^^^^^^^^^^^^^^^^^^^^^^^^
..\..\..\AppData\Roaming\Python\Python313\site-packages\httpx\_client.py:914: in send
    response = self._send_handling_auth(
..\..\..\AppData\Roaming\Python\Python313\site-packages\httpx\_client.py:942: in _send_handling_auth
    response = self._send_handling_redirects(
..\..\..\AppData\Roaming\Python\Python313\site-packages\httpx\_client.py:979: in _send_handling_redirects
    response = self._send_single_request(request)
               ^^^^^^^^^^^^^^^^^^^^^^^^^^^^^^^^^^
..\..\..\AppData\Roaming\Python\Python313\site-packages\httpx\_client.py:1014: in _send_single_request
    response = transport.handle_request(request)
               ^^^^^^^^^^^^^^^^^^^^^^^^^^^^^^^^^
..\..\..\AppData\Roaming\Python\Python313\site-packages\starlette\testclient.py:354: in handle_request
    raise exc
..\..\..\AppData\Roaming\Python\Python313\site-packages\starlette\testclient.py:351: in handle_request
    portal.call(self.app, scope, receive, send)
..\..\..\AppData\Roaming\Python\Python313\site-packages\anyio\from_thread.py:291: in call
    return cast(T_Retval, self.start_task_soon(func, *args).result())
                          ^^^^^^^^^^^^^^^^^^^^^^^^^^^^^^^^^^^^^^^^^^
C:\Python313\Lib\concurrent\futures\_base.py:456: in result
    return self.__get_result()
           ^^^^^^^^^^^^^^^^^^^
C:\Python313\Lib\concurrent\futures\_base.py:401: in __get_result
    raise self._exception
..\..\..\AppData\Roaming\Python\Python313\site-packages\anyio\from_thread.py:222: in _call_func
    retval = await retval_or_awaitable
             ^^^^^^^^^^^^^^^^^^^^^^^^^
..\..\..\AppData\Roaming\Python\Python313\site-packages\fastapi\applications.py:1054: in __call__
    await super().__call__(scope, receive, send)
..\..\..\AppData\Roaming\Python\Python313\site-packages\starlette\applications.py:113: in __call__
    await self.middleware_stack(scope, receive, send)
..\..\..\AppData\Roaming\Python\Python313\site-packages\starlette\middleware\errors.py:186: in __call__
    raise exc
..\..\..\AppData\Roaming\Python\Python313\site-packages\starlette\middleware\errors.py:164: in __call__
    await self.app(scope, receive, _send)
..\..\..\AppData\Roaming\Python\Python313\site-packages\starlette\middleware\cors.py:85: in __call__
    await self.app(scope, receive, send)
..\..\..\AppData\Roaming\Python\Python313\site-packages\starlette\middleware\exceptions.py:63: in __call__
    await wrap_app_handling_exceptions(self.app, conn)(scope, receive, send)
..\..\..\AppData\Roaming\Python\Python313\site-packages\starlette\_exception_handler.py:53: in wrapped_app
    raise exc
..\..\..\AppData\Roaming\Python\Python313\site-packages\starlette\_exception_handler.py:42: in wrapped_app
    await app(scope, receive, sender)
..\..\..\AppData\Roaming\Python\Python313\site-packages\starlette\routing.py:716: in __call__
    await self.middleware_stack(scope, receive, send)
..\..\..\AppData\Roaming\Python\Python313\site-packages\starlette\routing.py:736: in app
    await route.handle(scope, receive, send)
..\..\..\AppData\Roaming\Python\Python313\site-packages\starlette\routing.py:290: in handle
    await self.app(scope, receive, send)
..\..\..\AppData\Roaming\Python\Python313\site-packages\starlette\routing.py:78: in app
    await wrap_app_handling_exceptions(app, request)(scope, receive, send)
..\..\..\AppData\Roaming\Python\Python313\site-packages\starlette\_exception_handler.py:53: in wrapped_app
    raise exc
..\..\..\AppData\Roaming\Python\Python313\site-packages\starlette\_exception_handler.py:42: in wrapped_app
    await app(scope, receive, sender)
..\..\..\AppData\Roaming\Python\Python313\site-packages\starlette\routing.py:76: in app
    await response(scope, receive, send)
..\..\..\AppData\Roaming\Python\Python313\site-packages\starlette\responses.py:168: in __call__
    await self.background()
..\..\..\AppData\Roaming\Python\Python313\site-packages\starlette\background.py:42: in __call__
    await task()
..\..\..\AppData\Roaming\Python\Python313\site-packages\starlette\background.py:29: in __call__
    await run_in_threadpool(self.func, *self.args, **self.kwargs)
..\..\..\AppData\Roaming\Python\Python313\site-packages\starlette\concurrency.py:38: in run_in_threadpool
    return await anyio.to_thread.run_sync(func)
           ^^^^^^^^^^^^^^^^^^^^^^^^^^^^^^^^^^^^
..\..\..\AppData\Roaming\Python\Python313\site-packages\anyio\to_thread.py:56: in run_sync
    return await get_async_backend().run_sync_in_worker_thread(
..\..\..\AppData\Roaming\Python\Python313\site-packages\anyio\_backends\_asyncio.py:2476: in run_sync_in_worker_thread
    return await future
           ^^^^^^^^^^^^
..\..\..\AppData\Roaming\Python\Python313\site-packages\anyio\_backends\_asyncio.py:967: in run
    result = context.run(func, *args)
             ^^^^^^^^^^^^^^^^^^^^^^^^
app\services\resource_service.py:413: in process_ingestion
    increment_active_ingestions()
app\monitoring.py:278: in increment_active_ingestions
    ACTIVE_INGESTIONS.inc()
    ^^^^^^^^^^^^^^^^^^^^^
E   AttributeError: 'NoneType' object has no attribute 'inc'
---------------------------- Captured stderr call -----------------------------
2025-11-18 13:53:32,820 - backend.app.services.resource_service - INFO - Creating new pending resource for URL: https://example.com/ai-test
2025-11-18 13:53:32,848 - backend.app.services.resource_service - INFO - Created pending resource with source: https://example.com/ai-test
------------------------------ Captured log call ------------------------------
INFO     backend.app.services.resource_service:resource_service.py:89 Creating new pending resource for URL: https://example.com/ai-test
INFO     backend.app.services.resource_service:resource_service.py:121 Created pending resource with source: https://example.com/ai-test
________________ TestResourcesAPI.test_create_resource_success ________________
tests\integration\workflows\test_api_endpoints.py:31: in test_create_resource_success
    response = client.post("/resources", json=payload)
               ^^^^^^^^^^^^^^^^^^^^^^^^^^^^^^^^^^^^^^^
..\..\..\AppData\Roaming\Python\Python313\site-packages\starlette\testclient.py:552: in post
    return super().post(
..\..\..\AppData\Roaming\Python\Python313\site-packages\httpx\_client.py:1144: in post
    return self.request(
..\..\..\AppData\Roaming\Python\Python313\site-packages\starlette\testclient.py:451: in request
    return super().request(
..\..\..\AppData\Roaming\Python\Python313\site-packages\httpx\_client.py:825: in request
    return self.send(request, auth=auth, follow_redirects=follow_redirects)
           ^^^^^^^^^^^^^^^^^^^^^^^^^^^^^^^^^^^^^^^^^^^^^^^^^^^^^^^^^^^^^^^^
..\..\..\AppData\Roaming\Python\Python313\site-packages\httpx\_client.py:914: in send
    response = self._send_handling_auth(
..\..\..\AppData\Roaming\Python\Python313\site-packages\httpx\_client.py:942: in _send_handling_auth
    response = self._send_handling_redirects(
..\..\..\AppData\Roaming\Python\Python313\site-packages\httpx\_client.py:979: in _send_handling_redirects
    response = self._send_single_request(request)
               ^^^^^^^^^^^^^^^^^^^^^^^^^^^^^^^^^^
..\..\..\AppData\Roaming\Python\Python313\site-packages\httpx\_client.py:1014: in _send_single_request
    response = transport.handle_request(request)
               ^^^^^^^^^^^^^^^^^^^^^^^^^^^^^^^^^
..\..\..\AppData\Roaming\Python\Python313\site-packages\starlette\testclient.py:354: in handle_request
    raise exc
..\..\..\AppData\Roaming\Python\Python313\site-packages\starlette\testclient.py:351: in handle_request
    portal.call(self.app, scope, receive, send)
..\..\..\AppData\Roaming\Python\Python313\site-packages\anyio\from_thread.py:291: in call
    return cast(T_Retval, self.start_task_soon(func, *args).result())
                          ^^^^^^^^^^^^^^^^^^^^^^^^^^^^^^^^^^^^^^^^^^
C:\Python313\Lib\concurrent\futures\_base.py:456: in result
    return self.__get_result()
           ^^^^^^^^^^^^^^^^^^^
C:\Python313\Lib\concurrent\futures\_base.py:401: in __get_result
    raise self._exception
..\..\..\AppData\Roaming\Python\Python313\site-packages\anyio\from_thread.py:222: in _call_func
    retval = await retval_or_awaitable
             ^^^^^^^^^^^^^^^^^^^^^^^^^
..\..\..\AppData\Roaming\Python\Python313\site-packages\fastapi\applications.py:1054: in __call__
    await super().__call__(scope, receive, send)
..\..\..\AppData\Roaming\Python\Python313\site-packages\starlette\applications.py:113: in __call__
    await self.middleware_stack(scope, receive, send)
..\..\..\AppData\Roaming\Python\Python313\site-packages\starlette\middleware\errors.py:186: in __call__
    raise exc
..\..\..\AppData\Roaming\Python\Python313\site-packages\starlette\middleware\errors.py:164: in __call__
    await self.app(scope, receive, _send)
..\..\..\AppData\Roaming\Python\Python313\site-packages\starlette\middleware\cors.py:85: in __call__
    await self.app(scope, receive, send)
..\..\..\AppData\Roaming\Python\Python313\site-packages\starlette\middleware\exceptions.py:63: in __call__
    await wrap_app_handling_exceptions(self.app, conn)(scope, receive, send)
..\..\..\AppData\Roaming\Python\Python313\site-packages\starlette\_exception_handler.py:53: in wrapped_app
    raise exc
..\..\..\AppData\Roaming\Python\Python313\site-packages\starlette\_exception_handler.py:42: in wrapped_app
    await app(scope, receive, sender)
..\..\..\AppData\Roaming\Python\Python313\site-packages\starlette\routing.py:716: in __call__
    await self.middleware_stack(scope, receive, send)
..\..\..\AppData\Roaming\Python\Python313\site-packages\starlette\routing.py:736: in app
    await route.handle(scope, receive, send)
..\..\..\AppData\Roaming\Python\Python313\site-packages\starlette\routing.py:290: in handle
    await self.app(scope, receive, send)
..\..\..\AppData\Roaming\Python\Python313\site-packages\starlette\routing.py:78: in app
    await wrap_app_handling_exceptions(app, request)(scope, receive, send)
..\..\..\AppData\Roaming\Python\Python313\site-packages\starlette\_exception_handler.py:53: in wrapped_app
    raise exc
..\..\..\AppData\Roaming\Python\Python313\site-packages\starlette\_exception_handler.py:42: in wrapped_app
    await app(scope, receive, sender)
..\..\..\AppData\Roaming\Python\Python313\site-packages\starlette\routing.py:76: in app
    await response(scope, receive, send)
..\..\..\AppData\Roaming\Python\Python313\site-packages\starlette\responses.py:168: in __call__
    await self.background()
..\..\..\AppData\Roaming\Python\Python313\site-packages\starlette\background.py:42: in __call__
    await task()
..\..\..\AppData\Roaming\Python\Python313\site-packages\starlette\background.py:29: in __call__
    await run_in_threadpool(self.func, *self.args, **self.kwargs)
..\..\..\AppData\Roaming\Python\Python313\site-packages\starlette\concurrency.py:38: in run_in_threadpool
    return await anyio.to_thread.run_sync(func)
           ^^^^^^^^^^^^^^^^^^^^^^^^^^^^^^^^^^^^
..\..\..\AppData\Roaming\Python\Python313\site-packages\anyio\to_thread.py:56: in run_sync
    return await get_async_backend().run_sync_in_worker_thread(
..\..\..\AppData\Roaming\Python\Python313\site-packages\anyio\_backends\_asyncio.py:2476: in run_sync_in_worker_thread
    return await future
           ^^^^^^^^^^^^
..\..\..\AppData\Roaming\Python\Python313\site-packages\anyio\_backends\_asyncio.py:967: in run
    result = context.run(func, *args)
             ^^^^^^^^^^^^^^^^^^^^^^^^
app\services\resource_service.py:413: in process_ingestion
    increment_active_ingestions()
app\monitoring.py:278: in increment_active_ingestions
    ACTIVE_INGESTIONS.inc()
    ^^^^^^^^^^^^^^^^^^^^^
E   AttributeError: 'NoneType' object has no attribute 'inc'
---------------------------- Captured stderr call -----------------------------
2025-11-18 13:53:33,839 - backend.app.services.resource_service - INFO - Creating new pending resource for URL: https://example.com/test
2025-11-18 13:53:33,869 - backend.app.services.resource_service - INFO - Created pending resource with source: https://example.com/test
------------------------------ Captured log call ------------------------------
INFO     backend.app.services.resource_service:resource_service.py:89 Creating new pending resource for URL: https://example.com/test
INFO     backend.app.services.resource_service:resource_service.py:121 Created pending resource with source: https://example.com/test
____________ TestResourcesAPI.test_create_resource_minimal_payload ____________
tests\integration\workflows\test_api_endpoints.py:55: in test_create_resource_minimal_payload
    response = client.post("/resources", json=payload)
               ^^^^^^^^^^^^^^^^^^^^^^^^^^^^^^^^^^^^^^^
..\..\..\AppData\Roaming\Python\Python313\site-packages\starlette\testclient.py:552: in post
    return super().post(
..\..\..\AppData\Roaming\Python\Python313\site-packages\httpx\_client.py:1144: in post
    return self.request(
..\..\..\AppData\Roaming\Python\Python313\site-packages\starlette\testclient.py:451: in request
    return super().request(
..\..\..\AppData\Roaming\Python\Python313\site-packages\httpx\_client.py:825: in request
    return self.send(request, auth=auth, follow_redirects=follow_redirects)
           ^^^^^^^^^^^^^^^^^^^^^^^^^^^^^^^^^^^^^^^^^^^^^^^^^^^^^^^^^^^^^^^^
..\..\..\AppData\Roaming\Python\Python313\site-packages\httpx\_client.py:914: in send
    response = self._send_handling_auth(
..\..\..\AppData\Roaming\Python\Python313\site-packages\httpx\_client.py:942: in _send_handling_auth
    response = self._send_handling_redirects(
..\..\..\AppData\Roaming\Python\Python313\site-packages\httpx\_client.py:979: in _send_handling_redirects
    response = self._send_single_request(request)
               ^^^^^^^^^^^^^^^^^^^^^^^^^^^^^^^^^^
..\..\..\AppData\Roaming\Python\Python313\site-packages\httpx\_client.py:1014: in _send_single_request
    response = transport.handle_request(request)
               ^^^^^^^^^^^^^^^^^^^^^^^^^^^^^^^^^
..\..\..\AppData\Roaming\Python\Python313\site-packages\starlette\testclient.py:354: in handle_request
    raise exc
..\..\..\AppData\Roaming\Python\Python313\site-packages\starlette\testclient.py:351: in handle_request
    portal.call(self.app, scope, receive, send)
..\..\..\AppData\Roaming\Python\Python313\site-packages\anyio\from_thread.py:291: in call
    return cast(T_Retval, self.start_task_soon(func, *args).result())
                          ^^^^^^^^^^^^^^^^^^^^^^^^^^^^^^^^^^^^^^^^^^
C:\Python313\Lib\concurrent\futures\_base.py:456: in result
    return self.__get_result()
           ^^^^^^^^^^^^^^^^^^^
C:\Python313\Lib\concurrent\futures\_base.py:401: in __get_result
    raise self._exception
..\..\..\AppData\Roaming\Python\Python313\site-packages\anyio\from_thread.py:222: in _call_func
    retval = await retval_or_awaitable
             ^^^^^^^^^^^^^^^^^^^^^^^^^
..\..\..\AppData\Roaming\Python\Python313\site-packages\fastapi\applications.py:1054: in __call__
    await super().__call__(scope, receive, send)
..\..\..\AppData\Roaming\Python\Python313\site-packages\starlette\applications.py:113: in __call__
    await self.middleware_stack(scope, receive, send)
..\..\..\AppData\Roaming\Python\Python313\site-packages\starlette\middleware\errors.py:186: in __call__
    raise exc
..\..\..\AppData\Roaming\Python\Python313\site-packages\starlette\middleware\errors.py:164: in __call__
    await self.app(scope, receive, _send)
..\..\..\AppData\Roaming\Python\Python313\site-packages\starlette\middleware\cors.py:85: in __call__
    await self.app(scope, receive, send)
..\..\..\AppData\Roaming\Python\Python313\site-packages\starlette\middleware\exceptions.py:63: in __call__
    await wrap_app_handling_exceptions(self.app, conn)(scope, receive, send)
..\..\..\AppData\Roaming\Python\Python313\site-packages\starlette\_exception_handler.py:53: in wrapped_app
    raise exc
..\..\..\AppData\Roaming\Python\Python313\site-packages\starlette\_exception_handler.py:42: in wrapped_app
    await app(scope, receive, sender)
..\..\..\AppData\Roaming\Python\Python313\site-packages\starlette\routing.py:716: in __call__
    await self.middleware_stack(scope, receive, send)
..\..\..\AppData\Roaming\Python\Python313\site-packages\starlette\routing.py:736: in app
    await route.handle(scope, receive, send)
..\..\..\AppData\Roaming\Python\Python313\site-packages\starlette\routing.py:290: in handle
    await self.app(scope, receive, send)
..\..\..\AppData\Roaming\Python\Python313\site-packages\starlette\routing.py:78: in app
    await wrap_app_handling_exceptions(app, request)(scope, receive, send)
..\..\..\AppData\Roaming\Python\Python313\site-packages\starlette\_exception_handler.py:53: in wrapped_app
    raise exc
..\..\..\AppData\Roaming\Python\Python313\site-packages\starlette\_exception_handler.py:42: in wrapped_app
    await app(scope, receive, sender)
..\..\..\AppData\Roaming\Python\Python313\site-packages\starlette\routing.py:76: in app
    await response(scope, receive, send)
..\..\..\AppData\Roaming\Python\Python313\site-packages\starlette\responses.py:168: in __call__
    await self.background()
..\..\..\AppData\Roaming\Python\Python313\site-packages\starlette\background.py:42: in __call__
    await task()
..\..\..\AppData\Roaming\Python\Python313\site-packages\starlette\background.py:29: in __call__
    await run_in_threadpool(self.func, *self.args, **self.kwargs)
..\..\..\AppData\Roaming\Python\Python313\site-packages\starlette\concurrency.py:38: in run_in_threadpool
    return await anyio.to_thread.run_sync(func)
           ^^^^^^^^^^^^^^^^^^^^^^^^^^^^^^^^^^^^
..\..\..\AppData\Roaming\Python\Python313\site-packages\anyio\to_thread.py:56: in run_sync
    return await get_async_backend().run_sync_in_worker_thread(
..\..\..\AppData\Roaming\Python\Python313\site-packages\anyio\_backends\_asyncio.py:2476: in run_sync_in_worker_thread
    return await future
           ^^^^^^^^^^^^
..\..\..\AppData\Roaming\Python\Python313\site-packages\anyio\_backends\_asyncio.py:967: in run
    result = context.run(func, *args)
             ^^^^^^^^^^^^^^^^^^^^^^^^
app\services\resource_service.py:413: in process_ingestion
    increment_active_ingestions()
app\monitoring.py:278: in increment_active_ingestions
    ACTIVE_INGESTIONS.inc()
    ^^^^^^^^^^^^^^^^^^^^^
E   AttributeError: 'NoneType' object has no attribute 'inc'
---------------------------- Captured stderr call -----------------------------
2025-11-18 13:53:34,938 - backend.app.services.resource_service - INFO - Creating new pending resource for URL: https://example.com/test
2025-11-18 13:53:34,985 - backend.app.services.resource_service - INFO - Created pending resource with source: https://example.com/test
------------------------------ Captured log call ------------------------------
INFO     backend.app.services.resource_service:resource_service.py:89 Creating new pending resource for URL: https://example.com/test
INFO     backend.app.services.resource_service:resource_service.py:121 Created pending resource with source: https://example.com/test
____________ TestResourcesAPI.test_create_resource_with_all_fields ____________
tests\integration\workflows\test_api_endpoints.py:79: in test_create_resource_with_all_fields
    response = client.post("/resources", json=payload)
               ^^^^^^^^^^^^^^^^^^^^^^^^^^^^^^^^^^^^^^^
..\..\..\AppData\Roaming\Python\Python313\site-packages\starlette\testclient.py:552: in post
    return super().post(
..\..\..\AppData\Roaming\Python\Python313\site-packages\httpx\_client.py:1144: in post
    return self.request(
..\..\..\AppData\Roaming\Python\Python313\site-packages\starlette\testclient.py:451: in request
    return super().request(
..\..\..\AppData\Roaming\Python\Python313\site-packages\httpx\_client.py:825: in request
    return self.send(request, auth=auth, follow_redirects=follow_redirects)
           ^^^^^^^^^^^^^^^^^^^^^^^^^^^^^^^^^^^^^^^^^^^^^^^^^^^^^^^^^^^^^^^^
..\..\..\AppData\Roaming\Python\Python313\site-packages\httpx\_client.py:914: in send
    response = self._send_handling_auth(
..\..\..\AppData\Roaming\Python\Python313\site-packages\httpx\_client.py:942: in _send_handling_auth
    response = self._send_handling_redirects(
..\..\..\AppData\Roaming\Python\Python313\site-packages\httpx\_client.py:979: in _send_handling_redirects
    response = self._send_single_request(request)
               ^^^^^^^^^^^^^^^^^^^^^^^^^^^^^^^^^^
..\..\..\AppData\Roaming\Python\Python313\site-packages\httpx\_client.py:1014: in _send_single_request
    response = transport.handle_request(request)
               ^^^^^^^^^^^^^^^^^^^^^^^^^^^^^^^^^
..\..\..\AppData\Roaming\Python\Python313\site-packages\starlette\testclient.py:354: in handle_request
    raise exc
..\..\..\AppData\Roaming\Python\Python313\site-packages\starlette\testclient.py:351: in handle_request
    portal.call(self.app, scope, receive, send)
..\..\..\AppData\Roaming\Python\Python313\site-packages\anyio\from_thread.py:291: in call
    return cast(T_Retval, self.start_task_soon(func, *args).result())
                          ^^^^^^^^^^^^^^^^^^^^^^^^^^^^^^^^^^^^^^^^^^
C:\Python313\Lib\concurrent\futures\_base.py:456: in result
    return self.__get_result()
           ^^^^^^^^^^^^^^^^^^^
C:\Python313\Lib\concurrent\futures\_base.py:401: in __get_result
    raise self._exception
..\..\..\AppData\Roaming\Python\Python313\site-packages\anyio\from_thread.py:222: in _call_func
    retval = await retval_or_awaitable
             ^^^^^^^^^^^^^^^^^^^^^^^^^
..\..\..\AppData\Roaming\Python\Python313\site-packages\fastapi\applications.py:1054: in __call__
    await super().__call__(scope, receive, send)
..\..\..\AppData\Roaming\Python\Python313\site-packages\starlette\applications.py:113: in __call__
    await self.middleware_stack(scope, receive, send)
..\..\..\AppData\Roaming\Python\Python313\site-packages\starlette\middleware\errors.py:186: in __call__
    raise exc
..\..\..\AppData\Roaming\Python\Python313\site-packages\starlette\middleware\errors.py:164: in __call__
    await self.app(scope, receive, _send)
..\..\..\AppData\Roaming\Python\Python313\site-packages\starlette\middleware\cors.py:85: in __call__
    await self.app(scope, receive, send)
..\..\..\AppData\Roaming\Python\Python313\site-packages\starlette\middleware\exceptions.py:63: in __call__
    await wrap_app_handling_exceptions(self.app, conn)(scope, receive, send)
..\..\..\AppData\Roaming\Python\Python313\site-packages\starlette\_exception_handler.py:53: in wrapped_app
    raise exc
..\..\..\AppData\Roaming\Python\Python313\site-packages\starlette\_exception_handler.py:42: in wrapped_app
    await app(scope, receive, sender)
..\..\..\AppData\Roaming\Python\Python313\site-packages\starlette\routing.py:716: in __call__
    await self.middleware_stack(scope, receive, send)
..\..\..\AppData\Roaming\Python\Python313\site-packages\starlette\routing.py:736: in app
    await route.handle(scope, receive, send)
..\..\..\AppData\Roaming\Python\Python313\site-packages\starlette\routing.py:290: in handle
    await self.app(scope, receive, send)
..\..\..\AppData\Roaming\Python\Python313\site-packages\starlette\routing.py:78: in app
    await wrap_app_handling_exceptions(app, request)(scope, receive, send)
..\..\..\AppData\Roaming\Python\Python313\site-packages\starlette\_exception_handler.py:53: in wrapped_app
    raise exc
..\..\..\AppData\Roaming\Python\Python313\site-packages\starlette\_exception_handler.py:42: in wrapped_app
    await app(scope, receive, sender)
..\..\..\AppData\Roaming\Python\Python313\site-packages\starlette\routing.py:76: in app
    await response(scope, receive, send)
..\..\..\AppData\Roaming\Python\Python313\site-packages\starlette\responses.py:168: in __call__
    await self.background()
..\..\..\AppData\Roaming\Python\Python313\site-packages\starlette\background.py:42: in __call__
    await task()
..\..\..\AppData\Roaming\Python\Python313\site-packages\starlette\background.py:29: in __call__
    await run_in_threadpool(self.func, *self.args, **self.kwargs)
..\..\..\AppData\Roaming\Python\Python313\site-packages\starlette\concurrency.py:38: in run_in_threadpool
    return await anyio.to_thread.run_sync(func)
           ^^^^^^^^^^^^^^^^^^^^^^^^^^^^^^^^^^^^
..\..\..\AppData\Roaming\Python\Python313\site-packages\anyio\to_thread.py:56: in run_sync
    return await get_async_backend().run_sync_in_worker_thread(
..\..\..\AppData\Roaming\Python\Python313\site-packages\anyio\_backends\_asyncio.py:2476: in run_sync_in_worker_thread
    return await future
           ^^^^^^^^^^^^
..\..\..\AppData\Roaming\Python\Python313\site-packages\anyio\_backends\_asyncio.py:967: in run
    result = context.run(func, *args)
             ^^^^^^^^^^^^^^^^^^^^^^^^
app\services\resource_service.py:413: in process_ingestion
    increment_active_ingestions()
app\monitoring.py:278: in increment_active_ingestions
    ACTIVE_INGESTIONS.inc()
    ^^^^^^^^^^^^^^^^^^^^^
E   AttributeError: 'NoneType' object has no attribute 'inc'
---------------------------- Captured stderr call -----------------------------
2025-11-18 13:53:41,481 - backend.app.services.resource_service - INFO - Creating new pending resource for URL: https://example.com/test
2025-11-18 13:53:41,534 - backend.app.services.resource_service - INFO - Created pending resource with source: https://example.com/test
------------------------------ Captured log call ------------------------------
INFO     backend.app.services.resource_service:resource_service.py:89 Creating new pending resource for URL: https://example.com/test
INFO     backend.app.services.resource_service:resource_service.py:121 Created pending resource with source: https://example.com/test
______________ TestResourcesAPI.test_create_resource_fetch_error ______________
tests\integration\workflows\test_api_endpoints.py:114: in test_create_resource_fetch_error
    response = client.post("/resources", json=payload)
               ^^^^^^^^^^^^^^^^^^^^^^^^^^^^^^^^^^^^^^^
..\..\..\AppData\Roaming\Python\Python313\site-packages\starlette\testclient.py:552: in post
    return super().post(
..\..\..\AppData\Roaming\Python\Python313\site-packages\httpx\_client.py:1144: in post
    return self.request(
..\..\..\AppData\Roaming\Python\Python313\site-packages\starlette\testclient.py:451: in request
    return super().request(
..\..\..\AppData\Roaming\Python\Python313\site-packages\httpx\_client.py:825: in request
    return self.send(request, auth=auth, follow_redirects=follow_redirects)
           ^^^^^^^^^^^^^^^^^^^^^^^^^^^^^^^^^^^^^^^^^^^^^^^^^^^^^^^^^^^^^^^^
..\..\..\AppData\Roaming\Python\Python313\site-packages\httpx\_client.py:914: in send
    response = self._send_handling_auth(
..\..\..\AppData\Roaming\Python\Python313\site-packages\httpx\_client.py:942: in _send_handling_auth
    response = self._send_handling_redirects(
..\..\..\AppData\Roaming\Python\Python313\site-packages\httpx\_client.py:979: in _send_handling_redirects
    response = self._send_single_request(request)
               ^^^^^^^^^^^^^^^^^^^^^^^^^^^^^^^^^^
..\..\..\AppData\Roaming\Python\Python313\site-packages\httpx\_client.py:1014: in _send_single_request
    response = transport.handle_request(request)
               ^^^^^^^^^^^^^^^^^^^^^^^^^^^^^^^^^
..\..\..\AppData\Roaming\Python\Python313\site-packages\starlette\testclient.py:354: in handle_request
    raise exc
..\..\..\AppData\Roaming\Python\Python313\site-packages\starlette\testclient.py:351: in handle_request
    portal.call(self.app, scope, receive, send)
..\..\..\AppData\Roaming\Python\Python313\site-packages\anyio\from_thread.py:291: in call
    return cast(T_Retval, self.start_task_soon(func, *args).result())
                          ^^^^^^^^^^^^^^^^^^^^^^^^^^^^^^^^^^^^^^^^^^
C:\Python313\Lib\concurrent\futures\_base.py:456: in result
    return self.__get_result()
           ^^^^^^^^^^^^^^^^^^^
C:\Python313\Lib\concurrent\futures\_base.py:401: in __get_result
    raise self._exception
..\..\..\AppData\Roaming\Python\Python313\site-packages\anyio\from_thread.py:222: in _call_func
    retval = await retval_or_awaitable
             ^^^^^^^^^^^^^^^^^^^^^^^^^
..\..\..\AppData\Roaming\Python\Python313\site-packages\fastapi\applications.py:1054: in __call__
    await super().__call__(scope, receive, send)
..\..\..\AppData\Roaming\Python\Python313\site-packages\starlette\applications.py:113: in __call__
    await self.middleware_stack(scope, receive, send)
..\..\..\AppData\Roaming\Python\Python313\site-packages\starlette\middleware\errors.py:186: in __call__
    raise exc
..\..\..\AppData\Roaming\Python\Python313\site-packages\starlette\middleware\errors.py:164: in __call__
    await self.app(scope, receive, _send)
..\..\..\AppData\Roaming\Python\Python313\site-packages\starlette\middleware\cors.py:85: in __call__
    await self.app(scope, receive, send)
..\..\..\AppData\Roaming\Python\Python313\site-packages\starlette\middleware\exceptions.py:63: in __call__
    await wrap_app_handling_exceptions(self.app, conn)(scope, receive, send)
..\..\..\AppData\Roaming\Python\Python313\site-packages\starlette\_exception_handler.py:53: in wrapped_app
    raise exc
..\..\..\AppData\Roaming\Python\Python313\site-packages\starlette\_exception_handler.py:42: in wrapped_app
    await app(scope, receive, sender)
..\..\..\AppData\Roaming\Python\Python313\site-packages\starlette\routing.py:716: in __call__
    await self.middleware_stack(scope, receive, send)
..\..\..\AppData\Roaming\Python\Python313\site-packages\starlette\routing.py:736: in app
    await route.handle(scope, receive, send)
..\..\..\AppData\Roaming\Python\Python313\site-packages\starlette\routing.py:290: in handle
    await self.app(scope, receive, send)
..\..\..\AppData\Roaming\Python\Python313\site-packages\starlette\routing.py:78: in app
    await wrap_app_handling_exceptions(app, request)(scope, receive, send)
..\..\..\AppData\Roaming\Python\Python313\site-packages\starlette\_exception_handler.py:53: in wrapped_app
    raise exc
..\..\..\AppData\Roaming\Python\Python313\site-packages\starlette\_exception_handler.py:42: in wrapped_app
    await app(scope, receive, sender)
..\..\..\AppData\Roaming\Python\Python313\site-packages\starlette\routing.py:76: in app
    await response(scope, receive, send)
..\..\..\AppData\Roaming\Python\Python313\site-packages\starlette\responses.py:168: in __call__
    await self.background()
..\..\..\AppData\Roaming\Python\Python313\site-packages\starlette\background.py:42: in __call__
    await task()
..\..\..\AppData\Roaming\Python\Python313\site-packages\starlette\background.py:29: in __call__
    await run_in_threadpool(self.func, *self.args, **self.kwargs)
..\..\..\AppData\Roaming\Python\Python313\site-packages\starlette\concurrency.py:38: in run_in_threadpool
    return await anyio.to_thread.run_sync(func)
           ^^^^^^^^^^^^^^^^^^^^^^^^^^^^^^^^^^^^
..\..\..\AppData\Roaming\Python\Python313\site-packages\anyio\to_thread.py:56: in run_sync
    return await get_async_backend().run_sync_in_worker_thread(
..\..\..\AppData\Roaming\Python\Python313\site-packages\anyio\_backends\_asyncio.py:2476: in run_sync_in_worker_thread
    return await future
           ^^^^^^^^^^^^
..\..\..\AppData\Roaming\Python\Python313\site-packages\anyio\_backends\_asyncio.py:967: in run
    result = context.run(func, *args)
             ^^^^^^^^^^^^^^^^^^^^^^^^
app\services\resource_service.py:413: in process_ingestion
    increment_active_ingestions()
app\monitoring.py:278: in increment_active_ingestions
    ACTIVE_INGESTIONS.inc()
    ^^^^^^^^^^^^^^^^^^^^^
E   AttributeError: 'NoneType' object has no attribute 'inc'
---------------------------- Captured stderr call -----------------------------
2025-11-18 13:53:44,190 - backend.app.services.resource_service - INFO - Creating new pending resource for URL: https://example.com/test
2025-11-18 13:53:44,247 - backend.app.services.resource_service - INFO - Created pending resource with source: https://example.com/test
------------------------------ Captured log call ------------------------------
INFO     backend.app.services.resource_service:resource_service.py:89 Creating new pending resource for URL: https://example.com/test
INFO     backend.app.services.resource_service:resource_service.py:121 Created pending resource with source: https://example.com/test
____________ TestResourcesAPI.test_create_resource_network_timeout ____________
tests\integration\workflows\test_api_endpoints.py:129: in test_create_resource_network_timeout
    response = client.post("/resources", json=payload)
               ^^^^^^^^^^^^^^^^^^^^^^^^^^^^^^^^^^^^^^^
..\..\..\AppData\Roaming\Python\Python313\site-packages\starlette\testclient.py:552: in post
    return super().post(
..\..\..\AppData\Roaming\Python\Python313\site-packages\httpx\_client.py:1144: in post
    return self.request(
..\..\..\AppData\Roaming\Python\Python313\site-packages\starlette\testclient.py:451: in request
    return super().request(
..\..\..\AppData\Roaming\Python\Python313\site-packages\httpx\_client.py:825: in request
    return self.send(request, auth=auth, follow_redirects=follow_redirects)
           ^^^^^^^^^^^^^^^^^^^^^^^^^^^^^^^^^^^^^^^^^^^^^^^^^^^^^^^^^^^^^^^^
..\..\..\AppData\Roaming\Python\Python313\site-packages\httpx\_client.py:914: in send
    response = self._send_handling_auth(
..\..\..\AppData\Roaming\Python\Python313\site-packages\httpx\_client.py:942: in _send_handling_auth
    response = self._send_handling_redirects(
..\..\..\AppData\Roaming\Python\Python313\site-packages\httpx\_client.py:979: in _send_handling_redirects
    response = self._send_single_request(request)
               ^^^^^^^^^^^^^^^^^^^^^^^^^^^^^^^^^^
..\..\..\AppData\Roaming\Python\Python313\site-packages\httpx\_client.py:1014: in _send_single_request
    response = transport.handle_request(request)
               ^^^^^^^^^^^^^^^^^^^^^^^^^^^^^^^^^
..\..\..\AppData\Roaming\Python\Python313\site-packages\starlette\testclient.py:354: in handle_request
    raise exc
..\..\..\AppData\Roaming\Python\Python313\site-packages\starlette\testclient.py:351: in handle_request
    portal.call(self.app, scope, receive, send)
..\..\..\AppData\Roaming\Python\Python313\site-packages\anyio\from_thread.py:291: in call
    return cast(T_Retval, self.start_task_soon(func, *args).result())
                          ^^^^^^^^^^^^^^^^^^^^^^^^^^^^^^^^^^^^^^^^^^
C:\Python313\Lib\concurrent\futures\_base.py:456: in result
    return self.__get_result()
           ^^^^^^^^^^^^^^^^^^^
C:\Python313\Lib\concurrent\futures\_base.py:401: in __get_result
    raise self._exception
..\..\..\AppData\Roaming\Python\Python313\site-packages\anyio\from_thread.py:222: in _call_func
    retval = await retval_or_awaitable
             ^^^^^^^^^^^^^^^^^^^^^^^^^
..\..\..\AppData\Roaming\Python\Python313\site-packages\fastapi\applications.py:1054: in __call__
    await super().__call__(scope, receive, send)
..\..\..\AppData\Roaming\Python\Python313\site-packages\starlette\applications.py:113: in __call__
    await self.middleware_stack(scope, receive, send)
..\..\..\AppData\Roaming\Python\Python313\site-packages\starlette\middleware\errors.py:186: in __call__
    raise exc
..\..\..\AppData\Roaming\Python\Python313\site-packages\starlette\middleware\errors.py:164: in __call__
    await self.app(scope, receive, _send)
..\..\..\AppData\Roaming\Python\Python313\site-packages\starlette\middleware\cors.py:85: in __call__
    await self.app(scope, receive, send)
..\..\..\AppData\Roaming\Python\Python313\site-packages\starlette\middleware\exceptions.py:63: in __call__
    await wrap_app_handling_exceptions(self.app, conn)(scope, receive, send)
..\..\..\AppData\Roaming\Python\Python313\site-packages\starlette\_exception_handler.py:53: in wrapped_app
    raise exc
..\..\..\AppData\Roaming\Python\Python313\site-packages\starlette\_exception_handler.py:42: in wrapped_app
    await app(scope, receive, sender)
..\..\..\AppData\Roaming\Python\Python313\site-packages\starlette\routing.py:716: in __call__
    await self.middleware_stack(scope, receive, send)
..\..\..\AppData\Roaming\Python\Python313\site-packages\starlette\routing.py:736: in app
    await route.handle(scope, receive, send)
..\..\..\AppData\Roaming\Python\Python313\site-packages\starlette\routing.py:290: in handle
    await self.app(scope, receive, send)
..\..\..\AppData\Roaming\Python\Python313\site-packages\starlette\routing.py:78: in app
    await wrap_app_handling_exceptions(app, request)(scope, receive, send)
..\..\..\AppData\Roaming\Python\Python313\site-packages\starlette\_exception_handler.py:53: in wrapped_app
    raise exc
..\..\..\AppData\Roaming\Python\Python313\site-packages\starlette\_exception_handler.py:42: in wrapped_app
    await app(scope, receive, sender)
..\..\..\AppData\Roaming\Python\Python313\site-packages\starlette\routing.py:76: in app
    await response(scope, receive, send)
..\..\..\AppData\Roaming\Python\Python313\site-packages\starlette\responses.py:168: in __call__
    await self.background()
..\..\..\AppData\Roaming\Python\Python313\site-packages\starlette\background.py:42: in __call__
    await task()
..\..\..\AppData\Roaming\Python\Python313\site-packages\starlette\background.py:29: in __call__
    await run_in_threadpool(self.func, *self.args, **self.kwargs)
..\..\..\AppData\Roaming\Python\Python313\site-packages\starlette\concurrency.py:38: in run_in_threadpool
    return await anyio.to_thread.run_sync(func)
           ^^^^^^^^^^^^^^^^^^^^^^^^^^^^^^^^^^^^
..\..\..\AppData\Roaming\Python\Python313\site-packages\anyio\to_thread.py:56: in run_sync
    return await get_async_backend().run_sync_in_worker_thread(
..\..\..\AppData\Roaming\Python\Python313\site-packages\anyio\_backends\_asyncio.py:2476: in run_sync_in_worker_thread
    return await future
           ^^^^^^^^^^^^
..\..\..\AppData\Roaming\Python\Python313\site-packages\anyio\_backends\_asyncio.py:967: in run
    result = context.run(func, *args)
             ^^^^^^^^^^^^^^^^^^^^^^^^
app\services\resource_service.py:413: in process_ingestion
    increment_active_ingestions()
app\monitoring.py:278: in increment_active_ingestions
    ACTIVE_INGESTIONS.inc()
    ^^^^^^^^^^^^^^^^^^^^^
E   AttributeError: 'NoneType' object has no attribute 'inc'
---------------------------- Captured stderr call -----------------------------
2025-11-18 13:53:45,614 - backend.app.services.resource_service - INFO - Creating new pending resource for URL: https://example.com/test
2025-11-18 13:53:45,649 - backend.app.services.resource_service - INFO - Created pending resource with source: https://example.com/test
------------------------------ Captured log call ------------------------------
INFO     backend.app.services.resource_service:resource_service.py:89 Creating new pending resource for URL: https://example.com/test
INFO     backend.app.services.resource_service:resource_service.py:121 Created pending resource with source: https://example.com/test
______________ TestResourcesAPI.test_create_resource_http_error _______________
tests\integration\workflows\test_api_endpoints.py:143: in test_create_resource_http_error
    response = client.post("/resources", json=payload)
               ^^^^^^^^^^^^^^^^^^^^^^^^^^^^^^^^^^^^^^^
..\..\..\AppData\Roaming\Python\Python313\site-packages\starlette\testclient.py:552: in post
    return super().post(
..\..\..\AppData\Roaming\Python\Python313\site-packages\httpx\_client.py:1144: in post
    return self.request(
..\..\..\AppData\Roaming\Python\Python313\site-packages\starlette\testclient.py:451: in request
    return super().request(
..\..\..\AppData\Roaming\Python\Python313\site-packages\httpx\_client.py:825: in request
    return self.send(request, auth=auth, follow_redirects=follow_redirects)
           ^^^^^^^^^^^^^^^^^^^^^^^^^^^^^^^^^^^^^^^^^^^^^^^^^^^^^^^^^^^^^^^^
..\..\..\AppData\Roaming\Python\Python313\site-packages\httpx\_client.py:914: in send
    response = self._send_handling_auth(
..\..\..\AppData\Roaming\Python\Python313\site-packages\httpx\_client.py:942: in _send_handling_auth
    response = self._send_handling_redirects(
..\..\..\AppData\Roaming\Python\Python313\site-packages\httpx\_client.py:979: in _send_handling_redirects
    response = self._send_single_request(request)
               ^^^^^^^^^^^^^^^^^^^^^^^^^^^^^^^^^^
..\..\..\AppData\Roaming\Python\Python313\site-packages\httpx\_client.py:1014: in _send_single_request
    response = transport.handle_request(request)
               ^^^^^^^^^^^^^^^^^^^^^^^^^^^^^^^^^
..\..\..\AppData\Roaming\Python\Python313\site-packages\starlette\testclient.py:354: in handle_request
    raise exc
..\..\..\AppData\Roaming\Python\Python313\site-packages\starlette\testclient.py:351: in handle_request
    portal.call(self.app, scope, receive, send)
..\..\..\AppData\Roaming\Python\Python313\site-packages\anyio\from_thread.py:291: in call
    return cast(T_Retval, self.start_task_soon(func, *args).result())
                          ^^^^^^^^^^^^^^^^^^^^^^^^^^^^^^^^^^^^^^^^^^
C:\Python313\Lib\concurrent\futures\_base.py:456: in result
    return self.__get_result()
           ^^^^^^^^^^^^^^^^^^^
C:\Python313\Lib\concurrent\futures\_base.py:401: in __get_result
    raise self._exception
..\..\..\AppData\Roaming\Python\Python313\site-packages\anyio\from_thread.py:222: in _call_func
    retval = await retval_or_awaitable
             ^^^^^^^^^^^^^^^^^^^^^^^^^
..\..\..\AppData\Roaming\Python\Python313\site-packages\fastapi\applications.py:1054: in __call__
    await super().__call__(scope, receive, send)
..\..\..\AppData\Roaming\Python\Python313\site-packages\starlette\applications.py:113: in __call__
    await self.middleware_stack(scope, receive, send)
..\..\..\AppData\Roaming\Python\Python313\site-packages\starlette\middleware\errors.py:186: in __call__
    raise exc
..\..\..\AppData\Roaming\Python\Python313\site-packages\starlette\middleware\errors.py:164: in __call__
    await self.app(scope, receive, _send)
..\..\..\AppData\Roaming\Python\Python313\site-packages\starlette\middleware\cors.py:85: in __call__
    await self.app(scope, receive, send)
..\..\..\AppData\Roaming\Python\Python313\site-packages\starlette\middleware\exceptions.py:63: in __call__
    await wrap_app_handling_exceptions(self.app, conn)(scope, receive, send)
..\..\..\AppData\Roaming\Python\Python313\site-packages\starlette\_exception_handler.py:53: in wrapped_app
    raise exc
..\..\..\AppData\Roaming\Python\Python313\site-packages\starlette\_exception_handler.py:42: in wrapped_app
    await app(scope, receive, sender)
..\..\..\AppData\Roaming\Python\Python313\site-packages\starlette\routing.py:716: in __call__
    await self.middleware_stack(scope, receive, send)
..\..\..\AppData\Roaming\Python\Python313\site-packages\starlette\routing.py:736: in app
    await route.handle(scope, receive, send)
..\..\..\AppData\Roaming\Python\Python313\site-packages\starlette\routing.py:290: in handle
    await self.app(scope, receive, send)
..\..\..\AppData\Roaming\Python\Python313\site-packages\starlette\routing.py:78: in app
    await wrap_app_handling_exceptions(app, request)(scope, receive, send)
..\..\..\AppData\Roaming\Python\Python313\site-packages\starlette\_exception_handler.py:53: in wrapped_app
    raise exc
..\..\..\AppData\Roaming\Python\Python313\site-packages\starlette\_exception_handler.py:42: in wrapped_app
    await app(scope, receive, sender)
..\..\..\AppData\Roaming\Python\Python313\site-packages\starlette\routing.py:76: in app
    await response(scope, receive, send)
..\..\..\AppData\Roaming\Python\Python313\site-packages\starlette\responses.py:168: in __call__
    await self.background()
..\..\..\AppData\Roaming\Python\Python313\site-packages\starlette\background.py:42: in __call__
    await task()
..\..\..\AppData\Roaming\Python\Python313\site-packages\starlette\background.py:29: in __call__
    await run_in_threadpool(self.func, *self.args, **self.kwargs)
..\..\..\AppData\Roaming\Python\Python313\site-packages\starlette\concurrency.py:38: in run_in_threadpool
    return await anyio.to_thread.run_sync(func)
           ^^^^^^^^^^^^^^^^^^^^^^^^^^^^^^^^^^^^
..\..\..\AppData\Roaming\Python\Python313\site-packages\anyio\to_thread.py:56: in run_sync
    return await get_async_backend().run_sync_in_worker_thread(
..\..\..\AppData\Roaming\Python\Python313\site-packages\anyio\_backends\_asyncio.py:2476: in run_sync_in_worker_thread
    return await future
           ^^^^^^^^^^^^
..\..\..\AppData\Roaming\Python\Python313\site-packages\anyio\_backends\_asyncio.py:967: in run
    result = context.run(func, *args)
             ^^^^^^^^^^^^^^^^^^^^^^^^
app\services\resource_service.py:413: in process_ingestion
    increment_active_ingestions()
app\monitoring.py:278: in increment_active_ingestions
    ACTIVE_INGESTIONS.inc()
    ^^^^^^^^^^^^^^^^^^^^^
E   AttributeError: 'NoneType' object has no attribute 'inc'
---------------------------- Captured stderr call -----------------------------
2025-11-18 13:53:46,513 - backend.app.services.resource_service - INFO - Creating new pending resource for URL: https://example.com/notfound
2025-11-18 13:53:46,537 - backend.app.services.resource_service - INFO - Created pending resource with source: https://example.com/notfound
------------------------------ Captured log call ------------------------------
INFO     backend.app.services.resource_service:resource_service.py:89 Creating new pending resource for URL: https://example.com/notfound
INFO     backend.app.services.resource_service:resource_service.py:121 Created pending resource with source: https://example.com/notfound
_____________ TestResourcesAPI.test_create_resource_archive_error _____________
tests\integration\workflows\test_api_endpoints.py:157: in test_create_resource_archive_error
    response = client.post("/resources", json=payload)
               ^^^^^^^^^^^^^^^^^^^^^^^^^^^^^^^^^^^^^^^
..\..\..\AppData\Roaming\Python\Python313\site-packages\starlette\testclient.py:552: in post
    return super().post(
..\..\..\AppData\Roaming\Python\Python313\site-packages\httpx\_client.py:1144: in post
    return self.request(
..\..\..\AppData\Roaming\Python\Python313\site-packages\starlette\testclient.py:451: in request
    return super().request(
..\..\..\AppData\Roaming\Python\Python313\site-packages\httpx\_client.py:825: in request
    return self.send(request, auth=auth, follow_redirects=follow_redirects)
           ^^^^^^^^^^^^^^^^^^^^^^^^^^^^^^^^^^^^^^^^^^^^^^^^^^^^^^^^^^^^^^^^
..\..\..\AppData\Roaming\Python\Python313\site-packages\httpx\_client.py:914: in send
    response = self._send_handling_auth(
..\..\..\AppData\Roaming\Python\Python313\site-packages\httpx\_client.py:942: in _send_handling_auth
    response = self._send_handling_redirects(
..\..\..\AppData\Roaming\Python\Python313\site-packages\httpx\_client.py:979: in _send_handling_redirects
    response = self._send_single_request(request)
               ^^^^^^^^^^^^^^^^^^^^^^^^^^^^^^^^^^
..\..\..\AppData\Roaming\Python\Python313\site-packages\httpx\_client.py:1014: in _send_single_request
    response = transport.handle_request(request)
               ^^^^^^^^^^^^^^^^^^^^^^^^^^^^^^^^^
..\..\..\AppData\Roaming\Python\Python313\site-packages\starlette\testclient.py:354: in handle_request
    raise exc
..\..\..\AppData\Roaming\Python\Python313\site-packages\starlette\testclient.py:351: in handle_request
    portal.call(self.app, scope, receive, send)
..\..\..\AppData\Roaming\Python\Python313\site-packages\anyio\from_thread.py:291: in call
    return cast(T_Retval, self.start_task_soon(func, *args).result())
                          ^^^^^^^^^^^^^^^^^^^^^^^^^^^^^^^^^^^^^^^^^^
C:\Python313\Lib\concurrent\futures\_base.py:456: in result
    return self.__get_result()
           ^^^^^^^^^^^^^^^^^^^
C:\Python313\Lib\concurrent\futures\_base.py:401: in __get_result
    raise self._exception
..\..\..\AppData\Roaming\Python\Python313\site-packages\anyio\from_thread.py:222: in _call_func
    retval = await retval_or_awaitable
             ^^^^^^^^^^^^^^^^^^^^^^^^^
..\..\..\AppData\Roaming\Python\Python313\site-packages\fastapi\applications.py:1054: in __call__
    await super().__call__(scope, receive, send)
..\..\..\AppData\Roaming\Python\Python313\site-packages\starlette\applications.py:113: in __call__
    await self.middleware_stack(scope, receive, send)
..\..\..\AppData\Roaming\Python\Python313\site-packages\starlette\middleware\errors.py:186: in __call__
    raise exc
..\..\..\AppData\Roaming\Python\Python313\site-packages\starlette\middleware\errors.py:164: in __call__
    await self.app(scope, receive, _send)
..\..\..\AppData\Roaming\Python\Python313\site-packages\starlette\middleware\cors.py:85: in __call__
    await self.app(scope, receive, send)
..\..\..\AppData\Roaming\Python\Python313\site-packages\starlette\middleware\exceptions.py:63: in __call__
    await wrap_app_handling_exceptions(self.app, conn)(scope, receive, send)
..\..\..\AppData\Roaming\Python\Python313\site-packages\starlette\_exception_handler.py:53: in wrapped_app
    raise exc
..\..\..\AppData\Roaming\Python\Python313\site-packages\starlette\_exception_handler.py:42: in wrapped_app
    await app(scope, receive, sender)
..\..\..\AppData\Roaming\Python\Python313\site-packages\starlette\routing.py:716: in __call__
    await self.middleware_stack(scope, receive, send)
..\..\..\AppData\Roaming\Python\Python313\site-packages\starlette\routing.py:736: in app
    await route.handle(scope, receive, send)
..\..\..\AppData\Roaming\Python\Python313\site-packages\starlette\routing.py:290: in handle
    await self.app(scope, receive, send)
..\..\..\AppData\Roaming\Python\Python313\site-packages\starlette\routing.py:78: in app
    await wrap_app_handling_exceptions(app, request)(scope, receive, send)
..\..\..\AppData\Roaming\Python\Python313\site-packages\starlette\_exception_handler.py:53: in wrapped_app
    raise exc
..\..\..\AppData\Roaming\Python\Python313\site-packages\starlette\_exception_handler.py:42: in wrapped_app
    await app(scope, receive, sender)
..\..\..\AppData\Roaming\Python\Python313\site-packages\starlette\routing.py:76: in app
    await response(scope, receive, send)
..\..\..\AppData\Roaming\Python\Python313\site-packages\starlette\responses.py:168: in __call__
    await self.background()
..\..\..\AppData\Roaming\Python\Python313\site-packages\starlette\background.py:42: in __call__
    await task()
..\..\..\AppData\Roaming\Python\Python313\site-packages\starlette\background.py:29: in __call__
    await run_in_threadpool(self.func, *self.args, **self.kwargs)
..\..\..\AppData\Roaming\Python\Python313\site-packages\starlette\concurrency.py:38: in run_in_threadpool
    return await anyio.to_thread.run_sync(func)
           ^^^^^^^^^^^^^^^^^^^^^^^^^^^^^^^^^^^^
..\..\..\AppData\Roaming\Python\Python313\site-packages\anyio\to_thread.py:56: in run_sync
    return await get_async_backend().run_sync_in_worker_thread(
..\..\..\AppData\Roaming\Python\Python313\site-packages\anyio\_backends\_asyncio.py:2476: in run_sync_in_worker_thread
    return await future
           ^^^^^^^^^^^^
..\..\..\AppData\Roaming\Python\Python313\site-packages\anyio\_backends\_asyncio.py:967: in run
    result = context.run(func, *args)
             ^^^^^^^^^^^^^^^^^^^^^^^^
app\services\resource_service.py:413: in process_ingestion
    increment_active_ingestions()
app\monitoring.py:278: in increment_active_ingestions
    ACTIVE_INGESTIONS.inc()
    ^^^^^^^^^^^^^^^^^^^^^
E   AttributeError: 'NoneType' object has no attribute 'inc'
---------------------------- Captured stderr call -----------------------------
2025-11-18 13:53:47,323 - backend.app.services.resource_service - INFO - Creating new pending resource for URL: https://example.com/test
2025-11-18 13:53:47,346 - backend.app.services.resource_service - INFO - Created pending resource with source: https://example.com/test
------------------------------ Captured log call ------------------------------
INFO     backend.app.services.resource_service:resource_service.py:89 Creating new pending resource for URL: https://example.com/test
INFO     backend.app.services.resource_service:resource_service.py:121 Created pending resource with source: https://example.com/test
____________ TestResourcesAPI.test_create_resource_database_error _____________
tests\integration\workflows\test_api_endpoints.py:171: in test_create_resource_database_error
    response = client.post("/resources", json=payload)
               ^^^^^^^^^^^^^^^^^^^^^^^^^^^^^^^^^^^^^^^
..\..\..\AppData\Roaming\Python\Python313\site-packages\starlette\testclient.py:552: in post
    return super().post(
..\..\..\AppData\Roaming\Python\Python313\site-packages\httpx\_client.py:1144: in post
    return self.request(
..\..\..\AppData\Roaming\Python\Python313\site-packages\starlette\testclient.py:451: in request
    return super().request(
..\..\..\AppData\Roaming\Python\Python313\site-packages\httpx\_client.py:825: in request
    return self.send(request, auth=auth, follow_redirects=follow_redirects)
           ^^^^^^^^^^^^^^^^^^^^^^^^^^^^^^^^^^^^^^^^^^^^^^^^^^^^^^^^^^^^^^^^
..\..\..\AppData\Roaming\Python\Python313\site-packages\httpx\_client.py:914: in send
    response = self._send_handling_auth(
..\..\..\AppData\Roaming\Python\Python313\site-packages\httpx\_client.py:942: in _send_handling_auth
    response = self._send_handling_redirects(
..\..\..\AppData\Roaming\Python\Python313\site-packages\httpx\_client.py:979: in _send_handling_redirects
    response = self._send_single_request(request)
               ^^^^^^^^^^^^^^^^^^^^^^^^^^^^^^^^^^
..\..\..\AppData\Roaming\Python\Python313\site-packages\httpx\_client.py:1014: in _send_single_request
    response = transport.handle_request(request)
               ^^^^^^^^^^^^^^^^^^^^^^^^^^^^^^^^^
..\..\..\AppData\Roaming\Python\Python313\site-packages\starlette\testclient.py:354: in handle_request
    raise exc
..\..\..\AppData\Roaming\Python\Python313\site-packages\starlette\testclient.py:351: in handle_request
    portal.call(self.app, scope, receive, send)
..\..\..\AppData\Roaming\Python\Python313\site-packages\anyio\from_thread.py:291: in call
    return cast(T_Retval, self.start_task_soon(func, *args).result())
                          ^^^^^^^^^^^^^^^^^^^^^^^^^^^^^^^^^^^^^^^^^^
C:\Python313\Lib\concurrent\futures\_base.py:456: in result
    return self.__get_result()
           ^^^^^^^^^^^^^^^^^^^
C:\Python313\Lib\concurrent\futures\_base.py:401: in __get_result
    raise self._exception
..\..\..\AppData\Roaming\Python\Python313\site-packages\anyio\from_thread.py:222: in _call_func
    retval = await retval_or_awaitable
             ^^^^^^^^^^^^^^^^^^^^^^^^^
..\..\..\AppData\Roaming\Python\Python313\site-packages\fastapi\applications.py:1054: in __call__
    await super().__call__(scope, receive, send)
..\..\..\AppData\Roaming\Python\Python313\site-packages\starlette\applications.py:113: in __call__
    await self.middleware_stack(scope, receive, send)
..\..\..\AppData\Roaming\Python\Python313\site-packages\starlette\middleware\errors.py:186: in __call__
    raise exc
..\..\..\AppData\Roaming\Python\Python313\site-packages\starlette\middleware\errors.py:164: in __call__
    await self.app(scope, receive, _send)
..\..\..\AppData\Roaming\Python\Python313\site-packages\starlette\middleware\cors.py:85: in __call__
    await self.app(scope, receive, send)
..\..\..\AppData\Roaming\Python\Python313\site-packages\starlette\middleware\exceptions.py:63: in __call__
    await wrap_app_handling_exceptions(self.app, conn)(scope, receive, send)
..\..\..\AppData\Roaming\Python\Python313\site-packages\starlette\_exception_handler.py:53: in wrapped_app
    raise exc
..\..\..\AppData\Roaming\Python\Python313\site-packages\starlette\_exception_handler.py:42: in wrapped_app
    await app(scope, receive, sender)
..\..\..\AppData\Roaming\Python\Python313\site-packages\starlette\routing.py:716: in __call__
    await self.middleware_stack(scope, receive, send)
..\..\..\AppData\Roaming\Python\Python313\site-packages\starlette\routing.py:736: in app
    await route.handle(scope, receive, send)
..\..\..\AppData\Roaming\Python\Python313\site-packages\starlette\routing.py:290: in handle
    await self.app(scope, receive, send)
..\..\..\AppData\Roaming\Python\Python313\site-packages\starlette\routing.py:78: in app
    await wrap_app_handling_exceptions(app, request)(scope, receive, send)
..\..\..\AppData\Roaming\Python\Python313\site-packages\starlette\_exception_handler.py:53: in wrapped_app
    raise exc
..\..\..\AppData\Roaming\Python\Python313\site-packages\starlette\_exception_handler.py:42: in wrapped_app
    await app(scope, receive, sender)
..\..\..\AppData\Roaming\Python\Python313\site-packages\starlette\routing.py:76: in app
    await response(scope, receive, send)
..\..\..\AppData\Roaming\Python\Python313\site-packages\starlette\responses.py:168: in __call__
    await self.background()
..\..\..\AppData\Roaming\Python\Python313\site-packages\starlette\background.py:42: in __call__
    await task()
..\..\..\AppData\Roaming\Python\Python313\site-packages\starlette\background.py:29: in __call__
    await run_in_threadpool(self.func, *self.args, **self.kwargs)
..\..\..\AppData\Roaming\Python\Python313\site-packages\starlette\concurrency.py:38: in run_in_threadpool
    return await anyio.to_thread.run_sync(func)
           ^^^^^^^^^^^^^^^^^^^^^^^^^^^^^^^^^^^^
..\..\..\AppData\Roaming\Python\Python313\site-packages\anyio\to_thread.py:56: in run_sync
    return await get_async_backend().run_sync_in_worker_thread(
..\..\..\AppData\Roaming\Python\Python313\site-packages\anyio\_backends\_asyncio.py:2476: in run_sync_in_worker_thread
    return await future
           ^^^^^^^^^^^^
..\..\..\AppData\Roaming\Python\Python313\site-packages\anyio\_backends\_asyncio.py:967: in run
    result = context.run(func, *args)
             ^^^^^^^^^^^^^^^^^^^^^^^^
app\services\resource_service.py:413: in process_ingestion
    increment_active_ingestions()
app\monitoring.py:278: in increment_active_ingestions
    ACTIVE_INGESTIONS.inc()
    ^^^^^^^^^^^^^^^^^^^^^
E   AttributeError: 'NoneType' object has no attribute 'inc'
---------------------------- Captured stderr call -----------------------------
2025-11-18 13:53:48,065 - backend.app.services.resource_service - INFO - Creating new pending resource for URL: https://example.com/test
2025-11-18 13:53:48,088 - backend.app.services.resource_service - INFO - Created pending resource with source: https://example.com/test
------------------------------ Captured log call ------------------------------
INFO     backend.app.services.resource_service:resource_service.py:89 Creating new pending resource for URL: https://example.com/test
INFO     backend.app.services.resource_service:resource_service.py:121 Created pending resource with source: https://example.com/test
_____________ TestResourcesAPI.test_create_resource_extra_fields ______________
tests\integration\workflows\test_api_endpoints.py:206: in test_create_resource_extra_fields
    response = client.post("/resources", json=payload)
               ^^^^^^^^^^^^^^^^^^^^^^^^^^^^^^^^^^^^^^^
..\..\..\AppData\Roaming\Python\Python313\site-packages\starlette\testclient.py:552: in post
    return super().post(
..\..\..\AppData\Roaming\Python\Python313\site-packages\httpx\_client.py:1144: in post
    return self.request(
..\..\..\AppData\Roaming\Python\Python313\site-packages\starlette\testclient.py:451: in request
    return super().request(
..\..\..\AppData\Roaming\Python\Python313\site-packages\httpx\_client.py:825: in request
    return self.send(request, auth=auth, follow_redirects=follow_redirects)
           ^^^^^^^^^^^^^^^^^^^^^^^^^^^^^^^^^^^^^^^^^^^^^^^^^^^^^^^^^^^^^^^^
..\..\..\AppData\Roaming\Python\Python313\site-packages\httpx\_client.py:914: in send
    response = self._send_handling_auth(
..\..\..\AppData\Roaming\Python\Python313\site-packages\httpx\_client.py:942: in _send_handling_auth
    response = self._send_handling_redirects(
..\..\..\AppData\Roaming\Python\Python313\site-packages\httpx\_client.py:979: in _send_handling_redirects
    response = self._send_single_request(request)
               ^^^^^^^^^^^^^^^^^^^^^^^^^^^^^^^^^^
..\..\..\AppData\Roaming\Python\Python313\site-packages\httpx\_client.py:1014: in _send_single_request
    response = transport.handle_request(request)
               ^^^^^^^^^^^^^^^^^^^^^^^^^^^^^^^^^
..\..\..\AppData\Roaming\Python\Python313\site-packages\starlette\testclient.py:354: in handle_request
    raise exc
..\..\..\AppData\Roaming\Python\Python313\site-packages\starlette\testclient.py:351: in handle_request
    portal.call(self.app, scope, receive, send)
..\..\..\AppData\Roaming\Python\Python313\site-packages\anyio\from_thread.py:291: in call
    return cast(T_Retval, self.start_task_soon(func, *args).result())
                          ^^^^^^^^^^^^^^^^^^^^^^^^^^^^^^^^^^^^^^^^^^
C:\Python313\Lib\concurrent\futures\_base.py:456: in result
    return self.__get_result()
           ^^^^^^^^^^^^^^^^^^^
C:\Python313\Lib\concurrent\futures\_base.py:401: in __get_result
    raise self._exception
..\..\..\AppData\Roaming\Python\Python313\site-packages\anyio\from_thread.py:222: in _call_func
    retval = await retval_or_awaitable
             ^^^^^^^^^^^^^^^^^^^^^^^^^
..\..\..\AppData\Roaming\Python\Python313\site-packages\fastapi\applications.py:1054: in __call__
    await super().__call__(scope, receive, send)
..\..\..\AppData\Roaming\Python\Python313\site-packages\starlette\applications.py:113: in __call__
    await self.middleware_stack(scope, receive, send)
..\..\..\AppData\Roaming\Python\Python313\site-packages\starlette\middleware\errors.py:186: in __call__
    raise exc
..\..\..\AppData\Roaming\Python\Python313\site-packages\starlette\middleware\errors.py:164: in __call__
    await self.app(scope, receive, _send)
..\..\..\AppData\Roaming\Python\Python313\site-packages\starlette\middleware\cors.py:85: in __call__
    await self.app(scope, receive, send)
..\..\..\AppData\Roaming\Python\Python313\site-packages\starlette\middleware\exceptions.py:63: in __call__
    await wrap_app_handling_exceptions(self.app, conn)(scope, receive, send)
..\..\..\AppData\Roaming\Python\Python313\site-packages\starlette\_exception_handler.py:53: in wrapped_app
    raise exc
..\..\..\AppData\Roaming\Python\Python313\site-packages\starlette\_exception_handler.py:42: in wrapped_app
    await app(scope, receive, sender)
..\..\..\AppData\Roaming\Python\Python313\site-packages\starlette\routing.py:716: in __call__
    await self.middleware_stack(scope, receive, send)
..\..\..\AppData\Roaming\Python\Python313\site-packages\starlette\routing.py:736: in app
    await route.handle(scope, receive, send)
..\..\..\AppData\Roaming\Python\Python313\site-packages\starlette\routing.py:290: in handle
    await self.app(scope, receive, send)
..\..\..\AppData\Roaming\Python\Python313\site-packages\starlette\routing.py:78: in app
    await wrap_app_handling_exceptions(app, request)(scope, receive, send)
..\..\..\AppData\Roaming\Python\Python313\site-packages\starlette\_exception_handler.py:53: in wrapped_app
    raise exc
..\..\..\AppData\Roaming\Python\Python313\site-packages\starlette\_exception_handler.py:42: in wrapped_app
    await app(scope, receive, sender)
..\..\..\AppData\Roaming\Python\Python313\site-packages\starlette\routing.py:76: in app
    await response(scope, receive, send)
..\..\..\AppData\Roaming\Python\Python313\site-packages\starlette\responses.py:168: in __call__
    await self.background()
..\..\..\AppData\Roaming\Python\Python313\site-packages\starlette\background.py:42: in __call__
    await task()
..\..\..\AppData\Roaming\Python\Python313\site-packages\starlette\background.py:29: in __call__
    await run_in_threadpool(self.func, *self.args, **self.kwargs)
..\..\..\AppData\Roaming\Python\Python313\site-packages\starlette\concurrency.py:38: in run_in_threadpool
    return await anyio.to_thread.run_sync(func)
           ^^^^^^^^^^^^^^^^^^^^^^^^^^^^^^^^^^^^
..\..\..\AppData\Roaming\Python\Python313\site-packages\anyio\to_thread.py:56: in run_sync
    return await get_async_backend().run_sync_in_worker_thread(
..\..\..\AppData\Roaming\Python\Python313\site-packages\anyio\_backends\_asyncio.py:2476: in run_sync_in_worker_thread
    return await future
           ^^^^^^^^^^^^
..\..\..\AppData\Roaming\Python\Python313\site-packages\anyio\_backends\_asyncio.py:967: in run
    result = context.run(func, *args)
             ^^^^^^^^^^^^^^^^^^^^^^^^
app\services\resource_service.py:413: in process_ingestion
    increment_active_ingestions()
app\monitoring.py:278: in increment_active_ingestions
    ACTIVE_INGESTIONS.inc()
    ^^^^^^^^^^^^^^^^^^^^^
E   AttributeError: 'NoneType' object has no attribute 'inc'
---------------------------- Captured stderr call -----------------------------
2025-11-18 13:53:49,801 - backend.app.services.resource_service - INFO - Creating new pending resource for URL: https://example.com/test
2025-11-18 13:53:49,842 - backend.app.services.resource_service - INFO - Created pending resource with source: https://example.com/test
------------------------------ Captured log call ------------------------------
INFO     backend.app.services.resource_service:resource_service.py:89 Creating new pending resource for URL: https://example.com/test
INFO     backend.app.services.resource_service:resource_service.py:121 Created pending resource with source: https://example.com/test
____________ TestResourcesAPI.test_create_resource_response_model _____________
tests\integration\workflows\test_api_endpoints.py:222: in test_create_resource_response_model
    response = client.post("/resources", json=payload)
               ^^^^^^^^^^^^^^^^^^^^^^^^^^^^^^^^^^^^^^^
..\..\..\AppData\Roaming\Python\Python313\site-packages\starlette\testclient.py:552: in post
    return super().post(
..\..\..\AppData\Roaming\Python\Python313\site-packages\httpx\_client.py:1144: in post
    return self.request(
..\..\..\AppData\Roaming\Python\Python313\site-packages\starlette\testclient.py:451: in request
    return super().request(
..\..\..\AppData\Roaming\Python\Python313\site-packages\httpx\_client.py:825: in request
    return self.send(request, auth=auth, follow_redirects=follow_redirects)
           ^^^^^^^^^^^^^^^^^^^^^^^^^^^^^^^^^^^^^^^^^^^^^^^^^^^^^^^^^^^^^^^^
..\..\..\AppData\Roaming\Python\Python313\site-packages\httpx\_client.py:914: in send
    response = self._send_handling_auth(
..\..\..\AppData\Roaming\Python\Python313\site-packages\httpx\_client.py:942: in _send_handling_auth
    response = self._send_handling_redirects(
..\..\..\AppData\Roaming\Python\Python313\site-packages\httpx\_client.py:979: in _send_handling_redirects
    response = self._send_single_request(request)
               ^^^^^^^^^^^^^^^^^^^^^^^^^^^^^^^^^^
..\..\..\AppData\Roaming\Python\Python313\site-packages\httpx\_client.py:1014: in _send_single_request
    response = transport.handle_request(request)
               ^^^^^^^^^^^^^^^^^^^^^^^^^^^^^^^^^
..\..\..\AppData\Roaming\Python\Python313\site-packages\starlette\testclient.py:354: in handle_request
    raise exc
..\..\..\AppData\Roaming\Python\Python313\site-packages\starlette\testclient.py:351: in handle_request
    portal.call(self.app, scope, receive, send)
..\..\..\AppData\Roaming\Python\Python313\site-packages\anyio\from_thread.py:291: in call
    return cast(T_Retval, self.start_task_soon(func, *args).result())
                          ^^^^^^^^^^^^^^^^^^^^^^^^^^^^^^^^^^^^^^^^^^
C:\Python313\Lib\concurrent\futures\_base.py:456: in result
    return self.__get_result()
           ^^^^^^^^^^^^^^^^^^^
C:\Python313\Lib\concurrent\futures\_base.py:401: in __get_result
    raise self._exception
..\..\..\AppData\Roaming\Python\Python313\site-packages\anyio\from_thread.py:222: in _call_func
    retval = await retval_or_awaitable
             ^^^^^^^^^^^^^^^^^^^^^^^^^
..\..\..\AppData\Roaming\Python\Python313\site-packages\fastapi\applications.py:1054: in __call__
    await super().__call__(scope, receive, send)
..\..\..\AppData\Roaming\Python\Python313\site-packages\starlette\applications.py:113: in __call__
    await self.middleware_stack(scope, receive, send)
..\..\..\AppData\Roaming\Python\Python313\site-packages\starlette\middleware\errors.py:186: in __call__
    raise exc
..\..\..\AppData\Roaming\Python\Python313\site-packages\starlette\middleware\errors.py:164: in __call__
    await self.app(scope, receive, _send)
..\..\..\AppData\Roaming\Python\Python313\site-packages\starlette\middleware\cors.py:85: in __call__
    await self.app(scope, receive, send)
..\..\..\AppData\Roaming\Python\Python313\site-packages\starlette\middleware\exceptions.py:63: in __call__
    await wrap_app_handling_exceptions(self.app, conn)(scope, receive, send)
..\..\..\AppData\Roaming\Python\Python313\site-packages\starlette\_exception_handler.py:53: in wrapped_app
    raise exc
..\..\..\AppData\Roaming\Python\Python313\site-packages\starlette\_exception_handler.py:42: in wrapped_app
    await app(scope, receive, sender)
..\..\..\AppData\Roaming\Python\Python313\site-packages\starlette\routing.py:716: in __call__
    await self.middleware_stack(scope, receive, send)
..\..\..\AppData\Roaming\Python\Python313\site-packages\starlette\routing.py:736: in app
    await route.handle(scope, receive, send)
..\..\..\AppData\Roaming\Python\Python313\site-packages\starlette\routing.py:290: in handle
    await self.app(scope, receive, send)
..\..\..\AppData\Roaming\Python\Python313\site-packages\starlette\routing.py:78: in app
    await wrap_app_handling_exceptions(app, request)(scope, receive, send)
..\..\..\AppData\Roaming\Python\Python313\site-packages\starlette\_exception_handler.py:53: in wrapped_app
    raise exc
..\..\..\AppData\Roaming\Python\Python313\site-packages\starlette\_exception_handler.py:42: in wrapped_app
    await app(scope, receive, sender)
..\..\..\AppData\Roaming\Python\Python313\site-packages\starlette\routing.py:76: in app
    await response(scope, receive, send)
..\..\..\AppData\Roaming\Python\Python313\site-packages\starlette\responses.py:168: in __call__
    await self.background()
..\..\..\AppData\Roaming\Python\Python313\site-packages\starlette\background.py:42: in __call__
    await task()
..\..\..\AppData\Roaming\Python\Python313\site-packages\starlette\background.py:29: in __call__
    await run_in_threadpool(self.func, *self.args, **self.kwargs)
..\..\..\AppData\Roaming\Python\Python313\site-packages\starlette\concurrency.py:38: in run_in_threadpool
    return await anyio.to_thread.run_sync(func)
           ^^^^^^^^^^^^^^^^^^^^^^^^^^^^^^^^^^^^
..\..\..\AppData\Roaming\Python\Python313\site-packages\anyio\to_thread.py:56: in run_sync
    return await get_async_backend().run_sync_in_worker_thread(
..\..\..\AppData\Roaming\Python\Python313\site-packages\anyio\_backends\_asyncio.py:2476: in run_sync_in_worker_thread
    return await future
           ^^^^^^^^^^^^
..\..\..\AppData\Roaming\Python\Python313\site-packages\anyio\_backends\_asyncio.py:967: in run
    result = context.run(func, *args)
             ^^^^^^^^^^^^^^^^^^^^^^^^
app\services\resource_service.py:413: in process_ingestion
    increment_active_ingestions()
app\monitoring.py:278: in increment_active_ingestions
    ACTIVE_INGESTIONS.inc()
    ^^^^^^^^^^^^^^^^^^^^^
E   AttributeError: 'NoneType' object has no attribute 'inc'
---------------------------- Captured stderr call -----------------------------
2025-11-18 13:53:50,572 - backend.app.services.resource_service - INFO - Creating new pending resource for URL: https://example.com/test
2025-11-18 13:53:50,602 - backend.app.services.resource_service - INFO - Created pending resource with source: https://example.com/test
------------------------------ Captured log call ------------------------------
INFO     backend.app.services.resource_service:resource_service.py:89 Creating new pending resource for URL: https://example.com/test
INFO     backend.app.services.resource_service:resource_service.py:121 Created pending resource with source: https://example.com/test
___________ TestResourcesAPI.test_create_resource_multiple_requests ___________
tests\integration\workflows\test_api_endpoints.py:255: in test_create_resource_multiple_requests
    response = client.post("/resources", json=payload)
               ^^^^^^^^^^^^^^^^^^^^^^^^^^^^^^^^^^^^^^^
..\..\..\AppData\Roaming\Python\Python313\site-packages\starlette\testclient.py:552: in post
    return super().post(
..\..\..\AppData\Roaming\Python\Python313\site-packages\httpx\_client.py:1144: in post
    return self.request(
..\..\..\AppData\Roaming\Python\Python313\site-packages\starlette\testclient.py:451: in request
    return super().request(
..\..\..\AppData\Roaming\Python\Python313\site-packages\httpx\_client.py:825: in request
    return self.send(request, auth=auth, follow_redirects=follow_redirects)
           ^^^^^^^^^^^^^^^^^^^^^^^^^^^^^^^^^^^^^^^^^^^^^^^^^^^^^^^^^^^^^^^^
..\..\..\AppData\Roaming\Python\Python313\site-packages\httpx\_client.py:914: in send
    response = self._send_handling_auth(
..\..\..\AppData\Roaming\Python\Python313\site-packages\httpx\_client.py:942: in _send_handling_auth
    response = self._send_handling_redirects(
..\..\..\AppData\Roaming\Python\Python313\site-packages\httpx\_client.py:979: in _send_handling_redirects
    response = self._send_single_request(request)
               ^^^^^^^^^^^^^^^^^^^^^^^^^^^^^^^^^^
..\..\..\AppData\Roaming\Python\Python313\site-packages\httpx\_client.py:1014: in _send_single_request
    response = transport.handle_request(request)
               ^^^^^^^^^^^^^^^^^^^^^^^^^^^^^^^^^
..\..\..\AppData\Roaming\Python\Python313\site-packages\starlette\testclient.py:354: in handle_request
    raise exc
..\..\..\AppData\Roaming\Python\Python313\site-packages\starlette\testclient.py:351: in handle_request
    portal.call(self.app, scope, receive, send)
..\..\..\AppData\Roaming\Python\Python313\site-packages\anyio\from_thread.py:291: in call
    return cast(T_Retval, self.start_task_soon(func, *args).result())
                          ^^^^^^^^^^^^^^^^^^^^^^^^^^^^^^^^^^^^^^^^^^
C:\Python313\Lib\concurrent\futures\_base.py:456: in result
    return self.__get_result()
           ^^^^^^^^^^^^^^^^^^^
C:\Python313\Lib\concurrent\futures\_base.py:401: in __get_result
    raise self._exception
..\..\..\AppData\Roaming\Python\Python313\site-packages\anyio\from_thread.py:222: in _call_func
    retval = await retval_or_awaitable
             ^^^^^^^^^^^^^^^^^^^^^^^^^
..\..\..\AppData\Roaming\Python\Python313\site-packages\fastapi\applications.py:1054: in __call__
    await super().__call__(scope, receive, send)
..\..\..\AppData\Roaming\Python\Python313\site-packages\starlette\applications.py:113: in __call__
    await self.middleware_stack(scope, receive, send)
..\..\..\AppData\Roaming\Python\Python313\site-packages\starlette\middleware\errors.py:186: in __call__
    raise exc
..\..\..\AppData\Roaming\Python\Python313\site-packages\starlette\middleware\errors.py:164: in __call__
    await self.app(scope, receive, _send)
..\..\..\AppData\Roaming\Python\Python313\site-packages\starlette\middleware\cors.py:85: in __call__
    await self.app(scope, receive, send)
..\..\..\AppData\Roaming\Python\Python313\site-packages\starlette\middleware\exceptions.py:63: in __call__
    await wrap_app_handling_exceptions(self.app, conn)(scope, receive, send)
..\..\..\AppData\Roaming\Python\Python313\site-packages\starlette\_exception_handler.py:53: in wrapped_app
    raise exc
..\..\..\AppData\Roaming\Python\Python313\site-packages\starlette\_exception_handler.py:42: in wrapped_app
    await app(scope, receive, sender)
..\..\..\AppData\Roaming\Python\Python313\site-packages\starlette\routing.py:716: in __call__
    await self.middleware_stack(scope, receive, send)
..\..\..\AppData\Roaming\Python\Python313\site-packages\starlette\routing.py:736: in app
    await route.handle(scope, receive, send)
..\..\..\AppData\Roaming\Python\Python313\site-packages\starlette\routing.py:290: in handle
    await self.app(scope, receive, send)
..\..\..\AppData\Roaming\Python\Python313\site-packages\starlette\routing.py:78: in app
    await wrap_app_handling_exceptions(app, request)(scope, receive, send)
..\..\..\AppData\Roaming\Python\Python313\site-packages\starlette\_exception_handler.py:53: in wrapped_app
    raise exc
..\..\..\AppData\Roaming\Python\Python313\site-packages\starlette\_exception_handler.py:42: in wrapped_app
    await app(scope, receive, sender)
..\..\..\AppData\Roaming\Python\Python313\site-packages\starlette\routing.py:76: in app
    await response(scope, receive, send)
..\..\..\AppData\Roaming\Python\Python313\site-packages\starlette\responses.py:168: in __call__
    await self.background()
..\..\..\AppData\Roaming\Python\Python313\site-packages\starlette\background.py:42: in __call__
    await task()
..\..\..\AppData\Roaming\Python\Python313\site-packages\starlette\background.py:29: in __call__
    await run_in_threadpool(self.func, *self.args, **self.kwargs)
..\..\..\AppData\Roaming\Python\Python313\site-packages\starlette\concurrency.py:38: in run_in_threadpool
    return await anyio.to_thread.run_sync(func)
           ^^^^^^^^^^^^^^^^^^^^^^^^^^^^^^^^^^^^
..\..\..\AppData\Roaming\Python\Python313\site-packages\anyio\to_thread.py:56: in run_sync
    return await get_async_backend().run_sync_in_worker_thread(
..\..\..\AppData\Roaming\Python\Python313\site-packages\anyio\_backends\_asyncio.py:2476: in run_sync_in_worker_thread
    return await future
           ^^^^^^^^^^^^
..\..\..\AppData\Roaming\Python\Python313\site-packages\anyio\_backends\_asyncio.py:967: in run
    result = context.run(func, *args)
             ^^^^^^^^^^^^^^^^^^^^^^^^
app\services\resource_service.py:413: in process_ingestion
    increment_active_ingestions()
app\monitoring.py:278: in increment_active_ingestions
    ACTIVE_INGESTIONS.inc()
    ^^^^^^^^^^^^^^^^^^^^^
E   AttributeError: 'NoneType' object has no attribute 'inc'
---------------------------- Captured stderr call -----------------------------
2025-11-18 13:53:52,415 - backend.app.services.resource_service - INFO - Creating new pending resource for URL: https://example.com/test1
2025-11-18 13:53:52,481 - backend.app.services.resource_service - INFO - Created pending resource with source: https://example.com/test1
------------------------------ Captured log call ------------------------------
INFO     backend.app.services.resource_service:resource_service.py:89 Creating new pending resource for URL: https://example.com/test1
INFO     backend.app.services.resource_service:resource_service.py:121 Created pending resource with source: https://example.com/test1
__________ TestResourcesAPI.test_create_resource_concurrent_requests __________
tests\integration\workflows\test_api_endpoints.py:297: in test_create_resource_concurrent_requests
    assert len(errors) == 0, f"Errors occurred: {errors}"
E   AssertionError: Errors occurred: [AttributeError("'NoneType' object has no attribute 'inc'"), AttributeError("'NoneType' object has no attribute 'inc'"), AttributeError("'NoneType' object has no attribute 'inc'"), AttributeError("'NoneType' object has no attribute 'inc'"), AttributeError("'NoneType' object has no attribute 'inc'")]
E   assert 5 == 0
E    +  where 5 = len([AttributeError("'NoneType' object has no attribute 'inc'"), AttributeError("'NoneType' object has no attribute 'inc'"), AttributeError("'NoneType' object has no attribute 'inc'"), AttributeError("'NoneType' object has no attribute 'inc'"), AttributeError("'NoneType' object has no attribute 'inc'")])
---------------------------- Captured stderr call -----------------------------
2025-11-18 13:53:53,687 - backend.app.services.resource_service - INFO - Creating new pending resource for URL: https://example.com/test1
2025-11-18 13:53:53,688 - backend.app.services.resource_service - INFO - Creating new pending resource for URL: https://example.com/test2
2025-11-18 13:53:53,743 - backend.app.services.resource_service - INFO - Creating new pending resource for URL: https://example.com/test3
2025-11-18 13:53:53,777 - backend.app.services.resource_service - INFO - Creating new pending resource for URL: https://example.com/test4
2025-11-18 13:53:53,780 - backend.app.services.resource_service - INFO - Creating new pending resource for URL: https://example.com/test0
2025-11-18 13:53:53,800 - backend.app.services.resource_service - INFO - Created pending resource with source: https://example.com/test1
2025-11-18 13:53:53,840 - backend.app.services.resource_service - INFO - Created pending resource with source: https://example.com/test2
2025-11-18 13:53:53,871 - backend.app.services.resource_service - INFO - Created pending resource with source: https://example.com/test3
2025-11-18 13:53:53,904 - backend.app.services.resource_service - INFO - Created pending resource with source: https://example.com/test4
2025-11-18 13:53:53,918 - backend.app.services.resource_service - INFO - Created pending resource with source: https://example.com/test0
------------------------------ Captured log call ------------------------------
INFO     backend.app.services.resource_service:resource_service.py:89 Creating new pending resource for URL: https://example.com/test1
INFO     backend.app.services.resource_service:resource_service.py:89 Creating new pending resource for URL: https://example.com/test2
INFO     backend.app.services.resource_service:resource_service.py:89 Creating new pending resource for URL: https://example.com/test3
INFO     backend.app.services.resource_service:resource_service.py:89 Creating new pending resource for URL: https://example.com/test4
INFO     backend.app.services.resource_service:resource_service.py:89 Creating new pending resource for URL: https://example.com/test0
INFO     backend.app.services.resource_service:resource_service.py:121 Created pending resource with source: https://example.com/test1
INFO     backend.app.services.resource_service:resource_service.py:121 Created pending resource with source: https://example.com/test2
INFO     backend.app.services.resource_service:resource_service.py:121 Created pending resource with source: https://example.com/test3
INFO     backend.app.services.resource_service:resource_service.py:121 Created pending resource with source: https://example.com/test4
INFO     backend.app.services.resource_service:resource_service.py:121 Created pending resource with source: https://example.com/test0
_____________ TestClassificationAPI.test_get_classification_tree ______________
tests\integration\workflows\test_api_endpoints.py:314: in test_get_classification_tree
    assert "000" in data
E   AssertionError: assert '000' in {'tree': [{'children': [], 'code': '000', 'description': 'General knowledge, computing, information science', 'keywords': ['c#', 'programming', 'algorithm', 'artificial intelligence', 'developer', 'rust', ...], ...}, {'children': [], 'code': '100', 'description': None, 'keywords': [], ...}, {'children': [], 'code': '200', 'description': None, 'keywords': [], ...}, {'children': [], 'code': '300', 'description': None, 'keywords': [], ...}, {'children': [], 'code': '400', 'description': 'Languages, linguistics, grammar and related topics', 'keywords': ['language', 'linguistics', 'grammar', 'vocabulary', 'pronunciation', 'syntax', ...], ...}, {'children': [], 'code': '500', 'description': 'Mathematics, physics, chemistry, biology, etc.', 'keywords': ['science', 'physics', 'chemistry', 'biology', 'mathematics', 'math', ...], ...}, ...]}
---------------------------- Captured stderr call -----------------------------
2025-11-18 13:53:54,396 - httpx - INFO - HTTP Request: GET http://testserver/classification/tree "HTTP/1.1 200 OK"
------------------------------ Captured log call ------------------------------
INFO     httpx:_client.py:1025 HTTP Request: GET http://testserver/classification/tree "HTTP/1.1 200 OK"
_______ TestIngestionPipelineIntegration.test_complete_pipeline_success _______
tests\integration\workflows\test_integration.py:56: in test_complete_pipeline_success
    response = client.post("/resources", json=payload)
               ^^^^^^^^^^^^^^^^^^^^^^^^^^^^^^^^^^^^^^^
..\..\..\AppData\Roaming\Python\Python313\site-packages\starlette\testclient.py:552: in post
    return super().post(
..\..\..\AppData\Roaming\Python\Python313\site-packages\httpx\_client.py:1144: in post
    return self.request(
..\..\..\AppData\Roaming\Python\Python313\site-packages\starlette\testclient.py:451: in request
    return super().request(
..\..\..\AppData\Roaming\Python\Python313\site-packages\httpx\_client.py:825: in request
    return self.send(request, auth=auth, follow_redirects=follow_redirects)
           ^^^^^^^^^^^^^^^^^^^^^^^^^^^^^^^^^^^^^^^^^^^^^^^^^^^^^^^^^^^^^^^^
..\..\..\AppData\Roaming\Python\Python313\site-packages\httpx\_client.py:914: in send
    response = self._send_handling_auth(
..\..\..\AppData\Roaming\Python\Python313\site-packages\httpx\_client.py:942: in _send_handling_auth
    response = self._send_handling_redirects(
..\..\..\AppData\Roaming\Python\Python313\site-packages\httpx\_client.py:979: in _send_handling_redirects
    response = self._send_single_request(request)
               ^^^^^^^^^^^^^^^^^^^^^^^^^^^^^^^^^^
..\..\..\AppData\Roaming\Python\Python313\site-packages\httpx\_client.py:1014: in _send_single_request
    response = transport.handle_request(request)
               ^^^^^^^^^^^^^^^^^^^^^^^^^^^^^^^^^
..\..\..\AppData\Roaming\Python\Python313\site-packages\starlette\testclient.py:354: in handle_request
    raise exc
..\..\..\AppData\Roaming\Python\Python313\site-packages\starlette\testclient.py:351: in handle_request
    portal.call(self.app, scope, receive, send)
..\..\..\AppData\Roaming\Python\Python313\site-packages\anyio\from_thread.py:291: in call
    return cast(T_Retval, self.start_task_soon(func, *args).result())
                          ^^^^^^^^^^^^^^^^^^^^^^^^^^^^^^^^^^^^^^^^^^
C:\Python313\Lib\concurrent\futures\_base.py:456: in result
    return self.__get_result()
           ^^^^^^^^^^^^^^^^^^^
C:\Python313\Lib\concurrent\futures\_base.py:401: in __get_result
    raise self._exception
..\..\..\AppData\Roaming\Python\Python313\site-packages\anyio\from_thread.py:222: in _call_func
    retval = await retval_or_awaitable
             ^^^^^^^^^^^^^^^^^^^^^^^^^
..\..\..\AppData\Roaming\Python\Python313\site-packages\fastapi\applications.py:1054: in __call__
    await super().__call__(scope, receive, send)
..\..\..\AppData\Roaming\Python\Python313\site-packages\starlette\applications.py:113: in __call__
    await self.middleware_stack(scope, receive, send)
..\..\..\AppData\Roaming\Python\Python313\site-packages\starlette\middleware\errors.py:186: in __call__
    raise exc
..\..\..\AppData\Roaming\Python\Python313\site-packages\starlette\middleware\errors.py:164: in __call__
    await self.app(scope, receive, _send)
..\..\..\AppData\Roaming\Python\Python313\site-packages\starlette\middleware\cors.py:85: in __call__
    await self.app(scope, receive, send)
..\..\..\AppData\Roaming\Python\Python313\site-packages\starlette\middleware\exceptions.py:63: in __call__
    await wrap_app_handling_exceptions(self.app, conn)(scope, receive, send)
..\..\..\AppData\Roaming\Python\Python313\site-packages\starlette\_exception_handler.py:53: in wrapped_app
    raise exc
..\..\..\AppData\Roaming\Python\Python313\site-packages\starlette\_exception_handler.py:42: in wrapped_app
    await app(scope, receive, sender)
..\..\..\AppData\Roaming\Python\Python313\site-packages\starlette\routing.py:716: in __call__
    await self.middleware_stack(scope, receive, send)
..\..\..\AppData\Roaming\Python\Python313\site-packages\starlette\routing.py:736: in app
    await route.handle(scope, receive, send)
..\..\..\AppData\Roaming\Python\Python313\site-packages\starlette\routing.py:290: in handle
    await self.app(scope, receive, send)
..\..\..\AppData\Roaming\Python\Python313\site-packages\starlette\routing.py:78: in app
    await wrap_app_handling_exceptions(app, request)(scope, receive, send)
..\..\..\AppData\Roaming\Python\Python313\site-packages\starlette\_exception_handler.py:53: in wrapped_app
    raise exc
..\..\..\AppData\Roaming\Python\Python313\site-packages\starlette\_exception_handler.py:42: in wrapped_app
    await app(scope, receive, sender)
..\..\..\AppData\Roaming\Python\Python313\site-packages\starlette\routing.py:76: in app
    await response(scope, receive, send)
..\..\..\AppData\Roaming\Python\Python313\site-packages\starlette\responses.py:168: in __call__
    await self.background()
..\..\..\AppData\Roaming\Python\Python313\site-packages\starlette\background.py:42: in __call__
    await task()
..\..\..\AppData\Roaming\Python\Python313\site-packages\starlette\background.py:29: in __call__
    await run_in_threadpool(self.func, *self.args, **self.kwargs)
..\..\..\AppData\Roaming\Python\Python313\site-packages\starlette\concurrency.py:38: in run_in_threadpool
    return await anyio.to_thread.run_sync(func)
           ^^^^^^^^^^^^^^^^^^^^^^^^^^^^^^^^^^^^
..\..\..\AppData\Roaming\Python\Python313\site-packages\anyio\to_thread.py:56: in run_sync
    return await get_async_backend().run_sync_in_worker_thread(
..\..\..\AppData\Roaming\Python\Python313\site-packages\anyio\_backends\_asyncio.py:2476: in run_sync_in_worker_thread
    return await future
           ^^^^^^^^^^^^
..\..\..\AppData\Roaming\Python\Python313\site-packages\anyio\_backends\_asyncio.py:967: in run
    result = context.run(func, *args)
             ^^^^^^^^^^^^^^^^^^^^^^^^
app\services\resource_service.py:413: in process_ingestion
    increment_active_ingestions()
app\monitoring.py:278: in increment_active_ingestions
    ACTIVE_INGESTIONS.inc()
    ^^^^^^^^^^^^^^^^^^^^^
E   AttributeError: 'NoneType' object has no attribute 'inc'
---------------------------- Captured stderr call -----------------------------
2025-11-18 13:53:55,893 - backend.app.services.resource_service - INFO - Creating new pending resource for URL: https://example.com/ml-article
2025-11-18 13:53:55,937 - backend.app.services.resource_service - INFO - Created pending resource with source: https://example.com/ml-article
------------------------------ Captured log call ------------------------------
INFO     backend.app.services.resource_service:resource_service.py:89 Creating new pending resource for URL: https://example.com/ml-article
INFO     backend.app.services.resource_service:resource_service.py:121 Created pending resource with source: https://example.com/ml-article
____ TestIngestionPipelineIntegration.test_pipeline_with_ai_tag_generation ____
tests\integration\workflows\test_integration.py:123: in test_pipeline_with_ai_tag_generation
    response = client.post("/resources", json=payload)
               ^^^^^^^^^^^^^^^^^^^^^^^^^^^^^^^^^^^^^^^
..\..\..\AppData\Roaming\Python\Python313\site-packages\starlette\testclient.py:552: in post
    return super().post(
..\..\..\AppData\Roaming\Python\Python313\site-packages\httpx\_client.py:1144: in post
    return self.request(
..\..\..\AppData\Roaming\Python\Python313\site-packages\starlette\testclient.py:451: in request
    return super().request(
..\..\..\AppData\Roaming\Python\Python313\site-packages\httpx\_client.py:825: in request
    return self.send(request, auth=auth, follow_redirects=follow_redirects)
           ^^^^^^^^^^^^^^^^^^^^^^^^^^^^^^^^^^^^^^^^^^^^^^^^^^^^^^^^^^^^^^^^
..\..\..\AppData\Roaming\Python\Python313\site-packages\httpx\_client.py:914: in send
    response = self._send_handling_auth(
..\..\..\AppData\Roaming\Python\Python313\site-packages\httpx\_client.py:942: in _send_handling_auth
    response = self._send_handling_redirects(
..\..\..\AppData\Roaming\Python\Python313\site-packages\httpx\_client.py:979: in _send_handling_redirects
    response = self._send_single_request(request)
               ^^^^^^^^^^^^^^^^^^^^^^^^^^^^^^^^^^
..\..\..\AppData\Roaming\Python\Python313\site-packages\httpx\_client.py:1014: in _send_single_request
    response = transport.handle_request(request)
               ^^^^^^^^^^^^^^^^^^^^^^^^^^^^^^^^^
..\..\..\AppData\Roaming\Python\Python313\site-packages\starlette\testclient.py:354: in handle_request
    raise exc
..\..\..\AppData\Roaming\Python\Python313\site-packages\starlette\testclient.py:351: in handle_request
    portal.call(self.app, scope, receive, send)
..\..\..\AppData\Roaming\Python\Python313\site-packages\anyio\from_thread.py:291: in call
    return cast(T_Retval, self.start_task_soon(func, *args).result())
                          ^^^^^^^^^^^^^^^^^^^^^^^^^^^^^^^^^^^^^^^^^^
C:\Python313\Lib\concurrent\futures\_base.py:456: in result
    return self.__get_result()
           ^^^^^^^^^^^^^^^^^^^
C:\Python313\Lib\concurrent\futures\_base.py:401: in __get_result
    raise self._exception
..\..\..\AppData\Roaming\Python\Python313\site-packages\anyio\from_thread.py:222: in _call_func
    retval = await retval_or_awaitable
             ^^^^^^^^^^^^^^^^^^^^^^^^^
..\..\..\AppData\Roaming\Python\Python313\site-packages\fastapi\applications.py:1054: in __call__
    await super().__call__(scope, receive, send)
..\..\..\AppData\Roaming\Python\Python313\site-packages\starlette\applications.py:113: in __call__
    await self.middleware_stack(scope, receive, send)
..\..\..\AppData\Roaming\Python\Python313\site-packages\starlette\middleware\errors.py:186: in __call__
    raise exc
..\..\..\AppData\Roaming\Python\Python313\site-packages\starlette\middleware\errors.py:164: in __call__
    await self.app(scope, receive, _send)
..\..\..\AppData\Roaming\Python\Python313\site-packages\starlette\middleware\cors.py:85: in __call__
    await self.app(scope, receive, send)
..\..\..\AppData\Roaming\Python\Python313\site-packages\starlette\middleware\exceptions.py:63: in __call__
    await wrap_app_handling_exceptions(self.app, conn)(scope, receive, send)
..\..\..\AppData\Roaming\Python\Python313\site-packages\starlette\_exception_handler.py:53: in wrapped_app
    raise exc
..\..\..\AppData\Roaming\Python\Python313\site-packages\starlette\_exception_handler.py:42: in wrapped_app
    await app(scope, receive, sender)
..\..\..\AppData\Roaming\Python\Python313\site-packages\starlette\routing.py:716: in __call__
    await self.middleware_stack(scope, receive, send)
..\..\..\AppData\Roaming\Python\Python313\site-packages\starlette\routing.py:736: in app
    await route.handle(scope, receive, send)
..\..\..\AppData\Roaming\Python\Python313\site-packages\starlette\routing.py:290: in handle
    await self.app(scope, receive, send)
..\..\..\AppData\Roaming\Python\Python313\site-packages\starlette\routing.py:78: in app
    await wrap_app_handling_exceptions(app, request)(scope, receive, send)
..\..\..\AppData\Roaming\Python\Python313\site-packages\starlette\_exception_handler.py:53: in wrapped_app
    raise exc
..\..\..\AppData\Roaming\Python\Python313\site-packages\starlette\_exception_handler.py:42: in wrapped_app
    await app(scope, receive, sender)
..\..\..\AppData\Roaming\Python\Python313\site-packages\starlette\routing.py:76: in app
    await response(scope, receive, send)
..\..\..\AppData\Roaming\Python\Python313\site-packages\starlette\responses.py:168: in __call__
    await self.background()
..\..\..\AppData\Roaming\Python\Python313\site-packages\starlette\background.py:42: in __call__
    await task()
..\..\..\AppData\Roaming\Python\Python313\site-packages\starlette\background.py:29: in __call__
    await run_in_threadpool(self.func, *self.args, **self.kwargs)
..\..\..\AppData\Roaming\Python\Python313\site-packages\starlette\concurrency.py:38: in run_in_threadpool
    return await anyio.to_thread.run_sync(func)
           ^^^^^^^^^^^^^^^^^^^^^^^^^^^^^^^^^^^^
..\..\..\AppData\Roaming\Python\Python313\site-packages\anyio\to_thread.py:56: in run_sync
    return await get_async_backend().run_sync_in_worker_thread(
..\..\..\AppData\Roaming\Python\Python313\site-packages\anyio\_backends\_asyncio.py:2476: in run_sync_in_worker_thread
    return await future
           ^^^^^^^^^^^^
..\..\..\AppData\Roaming\Python\Python313\site-packages\anyio\_backends\_asyncio.py:967: in run
    result = context.run(func, *args)
             ^^^^^^^^^^^^^^^^^^^^^^^^
app\services\resource_service.py:413: in process_ingestion
    increment_active_ingestions()
app\monitoring.py:278: in increment_active_ingestions
    ACTIVE_INGESTIONS.inc()
    ^^^^^^^^^^^^^^^^^^^^^
E   AttributeError: 'NoneType' object has no attribute 'inc'
---------------------------- Captured stderr call -----------------------------
2025-11-18 13:53:57,139 - backend.app.services.resource_service - INFO - Creating new pending resource for URL: https://example.com/ai-article
2025-11-18 13:53:57,173 - backend.app.services.resource_service - INFO - Created pending resource with source: https://example.com/ai-article
------------------------------ Captured log call ------------------------------
INFO     backend.app.services.resource_service:resource_service.py:89 Creating new pending resource for URL: https://example.com/ai-article
INFO     backend.app.services.resource_service:resource_service.py:121 Created pending resource with source: https://example.com/ai-article
_ TestIngestionPipelineIntegration.test_pipeline_with_language_classification _
tests\integration\workflows\test_integration.py:175: in test_pipeline_with_language_classification
    response = client.post("/resources", json=payload)
               ^^^^^^^^^^^^^^^^^^^^^^^^^^^^^^^^^^^^^^^
..\..\..\AppData\Roaming\Python\Python313\site-packages\starlette\testclient.py:552: in post
    return super().post(
..\..\..\AppData\Roaming\Python\Python313\site-packages\httpx\_client.py:1144: in post
    return self.request(
..\..\..\AppData\Roaming\Python\Python313\site-packages\starlette\testclient.py:451: in request
    return super().request(
..\..\..\AppData\Roaming\Python\Python313\site-packages\httpx\_client.py:825: in request
    return self.send(request, auth=auth, follow_redirects=follow_redirects)
           ^^^^^^^^^^^^^^^^^^^^^^^^^^^^^^^^^^^^^^^^^^^^^^^^^^^^^^^^^^^^^^^^
..\..\..\AppData\Roaming\Python\Python313\site-packages\httpx\_client.py:914: in send
    response = self._send_handling_auth(
..\..\..\AppData\Roaming\Python\Python313\site-packages\httpx\_client.py:942: in _send_handling_auth
    response = self._send_handling_redirects(
..\..\..\AppData\Roaming\Python\Python313\site-packages\httpx\_client.py:979: in _send_handling_redirects
    response = self._send_single_request(request)
               ^^^^^^^^^^^^^^^^^^^^^^^^^^^^^^^^^^
..\..\..\AppData\Roaming\Python\Python313\site-packages\httpx\_client.py:1014: in _send_single_request
    response = transport.handle_request(request)
               ^^^^^^^^^^^^^^^^^^^^^^^^^^^^^^^^^
..\..\..\AppData\Roaming\Python\Python313\site-packages\starlette\testclient.py:354: in handle_request
    raise exc
..\..\..\AppData\Roaming\Python\Python313\site-packages\starlette\testclient.py:351: in handle_request
    portal.call(self.app, scope, receive, send)
..\..\..\AppData\Roaming\Python\Python313\site-packages\anyio\from_thread.py:291: in call
    return cast(T_Retval, self.start_task_soon(func, *args).result())
                          ^^^^^^^^^^^^^^^^^^^^^^^^^^^^^^^^^^^^^^^^^^
C:\Python313\Lib\concurrent\futures\_base.py:456: in result
    return self.__get_result()
           ^^^^^^^^^^^^^^^^^^^
C:\Python313\Lib\concurrent\futures\_base.py:401: in __get_result
    raise self._exception
..\..\..\AppData\Roaming\Python\Python313\site-packages\anyio\from_thread.py:222: in _call_func
    retval = await retval_or_awaitable
             ^^^^^^^^^^^^^^^^^^^^^^^^^
..\..\..\AppData\Roaming\Python\Python313\site-packages\fastapi\applications.py:1054: in __call__
    await super().__call__(scope, receive, send)
..\..\..\AppData\Roaming\Python\Python313\site-packages\starlette\applications.py:113: in __call__
    await self.middleware_stack(scope, receive, send)
..\..\..\AppData\Roaming\Python\Python313\site-packages\starlette\middleware\errors.py:186: in __call__
    raise exc
..\..\..\AppData\Roaming\Python\Python313\site-packages\starlette\middleware\errors.py:164: in __call__
    await self.app(scope, receive, _send)
..\..\..\AppData\Roaming\Python\Python313\site-packages\starlette\middleware\cors.py:85: in __call__
    await self.app(scope, receive, send)
..\..\..\AppData\Roaming\Python\Python313\site-packages\starlette\middleware\exceptions.py:63: in __call__
    await wrap_app_handling_exceptions(self.app, conn)(scope, receive, send)
..\..\..\AppData\Roaming\Python\Python313\site-packages\starlette\_exception_handler.py:53: in wrapped_app
    raise exc
..\..\..\AppData\Roaming\Python\Python313\site-packages\starlette\_exception_handler.py:42: in wrapped_app
    await app(scope, receive, sender)
..\..\..\AppData\Roaming\Python\Python313\site-packages\starlette\routing.py:716: in __call__
    await self.middleware_stack(scope, receive, send)
..\..\..\AppData\Roaming\Python\Python313\site-packages\starlette\routing.py:736: in app
    await route.handle(scope, receive, send)
..\..\..\AppData\Roaming\Python\Python313\site-packages\starlette\routing.py:290: in handle
    await self.app(scope, receive, send)
..\..\..\AppData\Roaming\Python\Python313\site-packages\starlette\routing.py:78: in app
    await wrap_app_handling_exceptions(app, request)(scope, receive, send)
..\..\..\AppData\Roaming\Python\Python313\site-packages\starlette\_exception_handler.py:53: in wrapped_app
    raise exc
..\..\..\AppData\Roaming\Python\Python313\site-packages\starlette\_exception_handler.py:42: in wrapped_app
    await app(scope, receive, sender)
..\..\..\AppData\Roaming\Python\Python313\site-packages\starlette\routing.py:76: in app
    await response(scope, receive, send)
..\..\..\AppData\Roaming\Python\Python313\site-packages\starlette\responses.py:168: in __call__
    await self.background()
..\..\..\AppData\Roaming\Python\Python313\site-packages\starlette\background.py:42: in __call__
    await task()
..\..\..\AppData\Roaming\Python\Python313\site-packages\starlette\background.py:29: in __call__
    await run_in_threadpool(self.func, *self.args, **self.kwargs)
..\..\..\AppData\Roaming\Python\Python313\site-packages\starlette\concurrency.py:38: in run_in_threadpool
    return await anyio.to_thread.run_sync(func)
           ^^^^^^^^^^^^^^^^^^^^^^^^^^^^^^^^^^^^
..\..\..\AppData\Roaming\Python\Python313\site-packages\anyio\to_thread.py:56: in run_sync
    return await get_async_backend().run_sync_in_worker_thread(
..\..\..\AppData\Roaming\Python\Python313\site-packages\anyio\_backends\_asyncio.py:2476: in run_sync_in_worker_thread
    return await future
           ^^^^^^^^^^^^
..\..\..\AppData\Roaming\Python\Python313\site-packages\anyio\_backends\_asyncio.py:967: in run
    result = context.run(func, *args)
             ^^^^^^^^^^^^^^^^^^^^^^^^
app\services\resource_service.py:413: in process_ingestion
    increment_active_ingestions()
app\monitoring.py:278: in increment_active_ingestions
    ACTIVE_INGESTIONS.inc()
    ^^^^^^^^^^^^^^^^^^^^^
E   AttributeError: 'NoneType' object has no attribute 'inc'
---------------------------- Captured stderr call -----------------------------
2025-11-18 13:53:57,965 - backend.app.services.resource_service - INFO - Creating new pending resource for URL: https://example.com/linguistics-article
2025-11-18 13:53:58,017 - backend.app.services.resource_service - INFO - Created pending resource with source: https://example.com/linguistics-article
------------------------------ Captured log call ------------------------------
INFO     backend.app.services.resource_service:resource_service.py:89 Creating new pending resource for URL: https://example.com/linguistics-article
INFO     backend.app.services.resource_service:resource_service.py:121 Created pending resource with source: https://example.com/linguistics-article
_______ TestIngestionPipelineIntegration.test_pipeline_quality_scoring ________
tests\integration\workflows\test_integration.py:228: in test_pipeline_quality_scoring
    response = client.post("/resources", json=payload)
               ^^^^^^^^^^^^^^^^^^^^^^^^^^^^^^^^^^^^^^^
..\..\..\AppData\Roaming\Python\Python313\site-packages\starlette\testclient.py:552: in post
    return super().post(
..\..\..\AppData\Roaming\Python\Python313\site-packages\httpx\_client.py:1144: in post
    return self.request(
..\..\..\AppData\Roaming\Python\Python313\site-packages\starlette\testclient.py:451: in request
    return super().request(
..\..\..\AppData\Roaming\Python\Python313\site-packages\httpx\_client.py:825: in request
    return self.send(request, auth=auth, follow_redirects=follow_redirects)
           ^^^^^^^^^^^^^^^^^^^^^^^^^^^^^^^^^^^^^^^^^^^^^^^^^^^^^^^^^^^^^^^^
..\..\..\AppData\Roaming\Python\Python313\site-packages\httpx\_client.py:914: in send
    response = self._send_handling_auth(
..\..\..\AppData\Roaming\Python\Python313\site-packages\httpx\_client.py:942: in _send_handling_auth
    response = self._send_handling_redirects(
..\..\..\AppData\Roaming\Python\Python313\site-packages\httpx\_client.py:979: in _send_handling_redirects
    response = self._send_single_request(request)
               ^^^^^^^^^^^^^^^^^^^^^^^^^^^^^^^^^^
..\..\..\AppData\Roaming\Python\Python313\site-packages\httpx\_client.py:1014: in _send_single_request
    response = transport.handle_request(request)
               ^^^^^^^^^^^^^^^^^^^^^^^^^^^^^^^^^
..\..\..\AppData\Roaming\Python\Python313\site-packages\starlette\testclient.py:354: in handle_request
    raise exc
..\..\..\AppData\Roaming\Python\Python313\site-packages\starlette\testclient.py:351: in handle_request
    portal.call(self.app, scope, receive, send)
..\..\..\AppData\Roaming\Python\Python313\site-packages\anyio\from_thread.py:291: in call
    return cast(T_Retval, self.start_task_soon(func, *args).result())
                          ^^^^^^^^^^^^^^^^^^^^^^^^^^^^^^^^^^^^^^^^^^
C:\Python313\Lib\concurrent\futures\_base.py:456: in result
    return self.__get_result()
           ^^^^^^^^^^^^^^^^^^^
C:\Python313\Lib\concurrent\futures\_base.py:401: in __get_result
    raise self._exception
..\..\..\AppData\Roaming\Python\Python313\site-packages\anyio\from_thread.py:222: in _call_func
    retval = await retval_or_awaitable
             ^^^^^^^^^^^^^^^^^^^^^^^^^
..\..\..\AppData\Roaming\Python\Python313\site-packages\fastapi\applications.py:1054: in __call__
    await super().__call__(scope, receive, send)
..\..\..\AppData\Roaming\Python\Python313\site-packages\starlette\applications.py:113: in __call__
    await self.middleware_stack(scope, receive, send)
..\..\..\AppData\Roaming\Python\Python313\site-packages\starlette\middleware\errors.py:186: in __call__
    raise exc
..\..\..\AppData\Roaming\Python\Python313\site-packages\starlette\middleware\errors.py:164: in __call__
    await self.app(scope, receive, _send)
..\..\..\AppData\Roaming\Python\Python313\site-packages\starlette\middleware\cors.py:85: in __call__
    await self.app(scope, receive, send)
..\..\..\AppData\Roaming\Python\Python313\site-packages\starlette\middleware\exceptions.py:63: in __call__
    await wrap_app_handling_exceptions(self.app, conn)(scope, receive, send)
..\..\..\AppData\Roaming\Python\Python313\site-packages\starlette\_exception_handler.py:53: in wrapped_app
    raise exc
..\..\..\AppData\Roaming\Python\Python313\site-packages\starlette\_exception_handler.py:42: in wrapped_app
    await app(scope, receive, sender)
..\..\..\AppData\Roaming\Python\Python313\site-packages\starlette\routing.py:716: in __call__
    await self.middleware_stack(scope, receive, send)
..\..\..\AppData\Roaming\Python\Python313\site-packages\starlette\routing.py:736: in app
    await route.handle(scope, receive, send)
..\..\..\AppData\Roaming\Python\Python313\site-packages\starlette\routing.py:290: in handle
    await self.app(scope, receive, send)
..\..\..\AppData\Roaming\Python\Python313\site-packages\starlette\routing.py:78: in app
    await wrap_app_handling_exceptions(app, request)(scope, receive, send)
..\..\..\AppData\Roaming\Python\Python313\site-packages\starlette\_exception_handler.py:53: in wrapped_app
    raise exc
..\..\..\AppData\Roaming\Python\Python313\site-packages\starlette\_exception_handler.py:42: in wrapped_app
    await app(scope, receive, sender)
..\..\..\AppData\Roaming\Python\Python313\site-packages\starlette\routing.py:76: in app
    await response(scope, receive, send)
..\..\..\AppData\Roaming\Python\Python313\site-packages\starlette\responses.py:168: in __call__
    await self.background()
..\..\..\AppData\Roaming\Python\Python313\site-packages\starlette\background.py:42: in __call__
    await task()
..\..\..\AppData\Roaming\Python\Python313\site-packages\starlette\background.py:29: in __call__
    await run_in_threadpool(self.func, *self.args, **self.kwargs)
..\..\..\AppData\Roaming\Python\Python313\site-packages\starlette\concurrency.py:38: in run_in_threadpool
    return await anyio.to_thread.run_sync(func)
           ^^^^^^^^^^^^^^^^^^^^^^^^^^^^^^^^^^^^
..\..\..\AppData\Roaming\Python\Python313\site-packages\anyio\to_thread.py:56: in run_sync
    return await get_async_backend().run_sync_in_worker_thread(
..\..\..\AppData\Roaming\Python\Python313\site-packages\anyio\_backends\_asyncio.py:2476: in run_sync_in_worker_thread
    return await future
           ^^^^^^^^^^^^
..\..\..\AppData\Roaming\Python\Python313\site-packages\anyio\_backends\_asyncio.py:967: in run
    result = context.run(func, *args)
             ^^^^^^^^^^^^^^^^^^^^^^^^
app\services\resource_service.py:413: in process_ingestion
    increment_active_ingestions()
app\monitoring.py:278: in increment_active_ingestions
    ACTIVE_INGESTIONS.inc()
    ^^^^^^^^^^^^^^^^^^^^^
E   AttributeError: 'NoneType' object has no attribute 'inc'
---------------------------- Captured stderr call -----------------------------
2025-11-18 13:53:59,010 - backend.app.services.resource_service - INFO - Creating new pending resource for URL: https://example.com/high-quality
2025-11-18 13:53:59,082 - backend.app.services.resource_service - INFO - Created pending resource with source: https://example.com/high-quality
------------------------------ Captured log call ------------------------------
INFO     backend.app.services.resource_service:resource_service.py:89 Creating new pending resource for URL: https://example.com/high-quality
INFO     backend.app.services.resource_service:resource_service.py:121 Created pending resource with source: https://example.com/high-quality
________ TestIngestionPipelineIntegration.test_pipeline_error_recovery ________
tests\integration\workflows\test_integration.py:257: in test_pipeline_error_recovery
    response = client.post("/resources", json=payload)
               ^^^^^^^^^^^^^^^^^^^^^^^^^^^^^^^^^^^^^^^
..\..\..\AppData\Roaming\Python\Python313\site-packages\starlette\testclient.py:552: in post
    return super().post(
..\..\..\AppData\Roaming\Python\Python313\site-packages\httpx\_client.py:1144: in post
    return self.request(
..\..\..\AppData\Roaming\Python\Python313\site-packages\starlette\testclient.py:451: in request
    return super().request(
..\..\..\AppData\Roaming\Python\Python313\site-packages\httpx\_client.py:825: in request
    return self.send(request, auth=auth, follow_redirects=follow_redirects)
           ^^^^^^^^^^^^^^^^^^^^^^^^^^^^^^^^^^^^^^^^^^^^^^^^^^^^^^^^^^^^^^^^
..\..\..\AppData\Roaming\Python\Python313\site-packages\httpx\_client.py:914: in send
    response = self._send_handling_auth(
..\..\..\AppData\Roaming\Python\Python313\site-packages\httpx\_client.py:942: in _send_handling_auth
    response = self._send_handling_redirects(
..\..\..\AppData\Roaming\Python\Python313\site-packages\httpx\_client.py:979: in _send_handling_redirects
    response = self._send_single_request(request)
               ^^^^^^^^^^^^^^^^^^^^^^^^^^^^^^^^^^
..\..\..\AppData\Roaming\Python\Python313\site-packages\httpx\_client.py:1014: in _send_single_request
    response = transport.handle_request(request)
               ^^^^^^^^^^^^^^^^^^^^^^^^^^^^^^^^^
..\..\..\AppData\Roaming\Python\Python313\site-packages\starlette\testclient.py:354: in handle_request
    raise exc
..\..\..\AppData\Roaming\Python\Python313\site-packages\starlette\testclient.py:351: in handle_request
    portal.call(self.app, scope, receive, send)
..\..\..\AppData\Roaming\Python\Python313\site-packages\anyio\from_thread.py:291: in call
    return cast(T_Retval, self.start_task_soon(func, *args).result())
                          ^^^^^^^^^^^^^^^^^^^^^^^^^^^^^^^^^^^^^^^^^^
C:\Python313\Lib\concurrent\futures\_base.py:456: in result
    return self.__get_result()
           ^^^^^^^^^^^^^^^^^^^
C:\Python313\Lib\concurrent\futures\_base.py:401: in __get_result
    raise self._exception
..\..\..\AppData\Roaming\Python\Python313\site-packages\anyio\from_thread.py:222: in _call_func
    retval = await retval_or_awaitable
             ^^^^^^^^^^^^^^^^^^^^^^^^^
..\..\..\AppData\Roaming\Python\Python313\site-packages\fastapi\applications.py:1054: in __call__
    await super().__call__(scope, receive, send)
..\..\..\AppData\Roaming\Python\Python313\site-packages\starlette\applications.py:113: in __call__
    await self.middleware_stack(scope, receive, send)
..\..\..\AppData\Roaming\Python\Python313\site-packages\starlette\middleware\errors.py:186: in __call__
    raise exc
..\..\..\AppData\Roaming\Python\Python313\site-packages\starlette\middleware\errors.py:164: in __call__
    await self.app(scope, receive, _send)
..\..\..\AppData\Roaming\Python\Python313\site-packages\starlette\middleware\cors.py:85: in __call__
    await self.app(scope, receive, send)
..\..\..\AppData\Roaming\Python\Python313\site-packages\starlette\middleware\exceptions.py:63: in __call__
    await wrap_app_handling_exceptions(self.app, conn)(scope, receive, send)
..\..\..\AppData\Roaming\Python\Python313\site-packages\starlette\_exception_handler.py:53: in wrapped_app
    raise exc
..\..\..\AppData\Roaming\Python\Python313\site-packages\starlette\_exception_handler.py:42: in wrapped_app
    await app(scope, receive, sender)
..\..\..\AppData\Roaming\Python\Python313\site-packages\starlette\routing.py:716: in __call__
    await self.middleware_stack(scope, receive, send)
..\..\..\AppData\Roaming\Python\Python313\site-packages\starlette\routing.py:736: in app
    await route.handle(scope, receive, send)
..\..\..\AppData\Roaming\Python\Python313\site-packages\starlette\routing.py:290: in handle
    await self.app(scope, receive, send)
..\..\..\AppData\Roaming\Python\Python313\site-packages\starlette\routing.py:78: in app
    await wrap_app_handling_exceptions(app, request)(scope, receive, send)
..\..\..\AppData\Roaming\Python\Python313\site-packages\starlette\_exception_handler.py:53: in wrapped_app
    raise exc
..\..\..\AppData\Roaming\Python\Python313\site-packages\starlette\_exception_handler.py:42: in wrapped_app
    await app(scope, receive, sender)
..\..\..\AppData\Roaming\Python\Python313\site-packages\starlette\routing.py:76: in app
    await response(scope, receive, send)
..\..\..\AppData\Roaming\Python\Python313\site-packages\starlette\responses.py:168: in __call__
    await self.background()
..\..\..\AppData\Roaming\Python\Python313\site-packages\starlette\background.py:42: in __call__
    await task()
..\..\..\AppData\Roaming\Python\Python313\site-packages\starlette\background.py:29: in __call__
    await run_in_threadpool(self.func, *self.args, **self.kwargs)
..\..\..\AppData\Roaming\Python\Python313\site-packages\starlette\concurrency.py:38: in run_in_threadpool
    return await anyio.to_thread.run_sync(func)
           ^^^^^^^^^^^^^^^^^^^^^^^^^^^^^^^^^^^^
..\..\..\AppData\Roaming\Python\Python313\site-packages\anyio\to_thread.py:56: in run_sync
    return await get_async_backend().run_sync_in_worker_thread(
..\..\..\AppData\Roaming\Python\Python313\site-packages\anyio\_backends\_asyncio.py:2476: in run_sync_in_worker_thread
    return await future
           ^^^^^^^^^^^^
..\..\..\AppData\Roaming\Python\Python313\site-packages\anyio\_backends\_asyncio.py:967: in run
    result = context.run(func, *args)
             ^^^^^^^^^^^^^^^^^^^^^^^^
app\services\resource_service.py:413: in process_ingestion
    increment_active_ingestions()
app\monitoring.py:278: in increment_active_ingestions
    ACTIVE_INGESTIONS.inc()
    ^^^^^^^^^^^^^^^^^^^^^
E   AttributeError: 'NoneType' object has no attribute 'inc'
---------------------------- Captured stderr call -----------------------------
2025-11-18 13:53:59,876 - httpx - INFO - HTTP Request: POST http://testserver/resources "HTTP/1.1 422 Unprocessable Entity"
2025-11-18 13:53:59,902 - backend.app.services.resource_service - INFO - Creating new pending resource for URL: https://example.com/test
2025-11-18 13:53:59,925 - backend.app.services.resource_service - INFO - Created pending resource with source: https://example.com/test
------------------------------ Captured log call ------------------------------
INFO     httpx:_client.py:1025 HTTP Request: POST http://testserver/resources "HTTP/1.1 422 Unprocessable Entity"
INFO     backend.app.services.resource_service:resource_service.py:89 Creating new pending resource for URL: https://example.com/test
INFO     backend.app.services.resource_service:resource_service.py:121 Created pending resource with source: https://example.com/test
______ TestIngestionPipelineIntegration.test_pipeline_archive_structure _______
tests\integration\workflows\test_integration.py:277: in test_pipeline_archive_structure
    response = client.post("/resources", json=payload)
               ^^^^^^^^^^^^^^^^^^^^^^^^^^^^^^^^^^^^^^^
..\..\..\AppData\Roaming\Python\Python313\site-packages\starlette\testclient.py:552: in post
    return super().post(
..\..\..\AppData\Roaming\Python\Python313\site-packages\httpx\_client.py:1144: in post
    return self.request(
..\..\..\AppData\Roaming\Python\Python313\site-packages\starlette\testclient.py:451: in request
    return super().request(
..\..\..\AppData\Roaming\Python\Python313\site-packages\httpx\_client.py:825: in request
    return self.send(request, auth=auth, follow_redirects=follow_redirects)
           ^^^^^^^^^^^^^^^^^^^^^^^^^^^^^^^^^^^^^^^^^^^^^^^^^^^^^^^^^^^^^^^^
..\..\..\AppData\Roaming\Python\Python313\site-packages\httpx\_client.py:914: in send
    response = self._send_handling_auth(
..\..\..\AppData\Roaming\Python\Python313\site-packages\httpx\_client.py:942: in _send_handling_auth
    response = self._send_handling_redirects(
..\..\..\AppData\Roaming\Python\Python313\site-packages\httpx\_client.py:979: in _send_handling_redirects
    response = self._send_single_request(request)
               ^^^^^^^^^^^^^^^^^^^^^^^^^^^^^^^^^^
..\..\..\AppData\Roaming\Python\Python313\site-packages\httpx\_client.py:1014: in _send_single_request
    response = transport.handle_request(request)
               ^^^^^^^^^^^^^^^^^^^^^^^^^^^^^^^^^
..\..\..\AppData\Roaming\Python\Python313\site-packages\starlette\testclient.py:354: in handle_request
    raise exc
..\..\..\AppData\Roaming\Python\Python313\site-packages\starlette\testclient.py:351: in handle_request
    portal.call(self.app, scope, receive, send)
..\..\..\AppData\Roaming\Python\Python313\site-packages\anyio\from_thread.py:291: in call
    return cast(T_Retval, self.start_task_soon(func, *args).result())
                          ^^^^^^^^^^^^^^^^^^^^^^^^^^^^^^^^^^^^^^^^^^
C:\Python313\Lib\concurrent\futures\_base.py:456: in result
    return self.__get_result()
           ^^^^^^^^^^^^^^^^^^^
C:\Python313\Lib\concurrent\futures\_base.py:401: in __get_result
    raise self._exception
..\..\..\AppData\Roaming\Python\Python313\site-packages\anyio\from_thread.py:222: in _call_func
    retval = await retval_or_awaitable
             ^^^^^^^^^^^^^^^^^^^^^^^^^
..\..\..\AppData\Roaming\Python\Python313\site-packages\fastapi\applications.py:1054: in __call__
    await super().__call__(scope, receive, send)
..\..\..\AppData\Roaming\Python\Python313\site-packages\starlette\applications.py:113: in __call__
    await self.middleware_stack(scope, receive, send)
..\..\..\AppData\Roaming\Python\Python313\site-packages\starlette\middleware\errors.py:186: in __call__
    raise exc
..\..\..\AppData\Roaming\Python\Python313\site-packages\starlette\middleware\errors.py:164: in __call__
    await self.app(scope, receive, _send)
..\..\..\AppData\Roaming\Python\Python313\site-packages\starlette\middleware\cors.py:85: in __call__
    await self.app(scope, receive, send)
..\..\..\AppData\Roaming\Python\Python313\site-packages\starlette\middleware\exceptions.py:63: in __call__
    await wrap_app_handling_exceptions(self.app, conn)(scope, receive, send)
..\..\..\AppData\Roaming\Python\Python313\site-packages\starlette\_exception_handler.py:53: in wrapped_app
    raise exc
..\..\..\AppData\Roaming\Python\Python313\site-packages\starlette\_exception_handler.py:42: in wrapped_app
    await app(scope, receive, sender)
..\..\..\AppData\Roaming\Python\Python313\site-packages\starlette\routing.py:716: in __call__
    await self.middleware_stack(scope, receive, send)
..\..\..\AppData\Roaming\Python\Python313\site-packages\starlette\routing.py:736: in app
    await route.handle(scope, receive, send)
..\..\..\AppData\Roaming\Python\Python313\site-packages\starlette\routing.py:290: in handle
    await self.app(scope, receive, send)
..\..\..\AppData\Roaming\Python\Python313\site-packages\starlette\routing.py:78: in app
    await wrap_app_handling_exceptions(app, request)(scope, receive, send)
..\..\..\AppData\Roaming\Python\Python313\site-packages\starlette\_exception_handler.py:53: in wrapped_app
    raise exc
..\..\..\AppData\Roaming\Python\Python313\site-packages\starlette\_exception_handler.py:42: in wrapped_app
    await app(scope, receive, sender)
..\..\..\AppData\Roaming\Python\Python313\site-packages\starlette\routing.py:76: in app
    await response(scope, receive, send)
..\..\..\AppData\Roaming\Python\Python313\site-packages\starlette\responses.py:168: in __call__
    await self.background()
..\..\..\AppData\Roaming\Python\Python313\site-packages\starlette\background.py:42: in __call__
    await task()
..\..\..\AppData\Roaming\Python\Python313\site-packages\starlette\background.py:29: in __call__
    await run_in_threadpool(self.func, *self.args, **self.kwargs)
..\..\..\AppData\Roaming\Python\Python313\site-packages\starlette\concurrency.py:38: in run_in_threadpool
    return await anyio.to_thread.run_sync(func)
           ^^^^^^^^^^^^^^^^^^^^^^^^^^^^^^^^^^^^
..\..\..\AppData\Roaming\Python\Python313\site-packages\anyio\to_thread.py:56: in run_sync
    return await get_async_backend().run_sync_in_worker_thread(
..\..\..\AppData\Roaming\Python\Python313\site-packages\anyio\_backends\_asyncio.py:2476: in run_sync_in_worker_thread
    return await future
           ^^^^^^^^^^^^
..\..\..\AppData\Roaming\Python\Python313\site-packages\anyio\_backends\_asyncio.py:967: in run
    result = context.run(func, *args)
             ^^^^^^^^^^^^^^^^^^^^^^^^
app\services\resource_service.py:413: in process_ingestion
    increment_active_ingestions()
app\monitoring.py:278: in increment_active_ingestions
    ACTIVE_INGESTIONS.inc()
    ^^^^^^^^^^^^^^^^^^^^^
E   AttributeError: 'NoneType' object has no attribute 'inc'
---------------------------- Captured stderr call -----------------------------
2025-11-18 13:54:00,552 - backend.app.services.resource_service - INFO - Creating new pending resource for URL: https://example.com/test-archive
2025-11-18 13:54:00,571 - backend.app.services.resource_service - INFO - Created pending resource with source: https://example.com/test-archive
------------------------------ Captured log call ------------------------------
INFO     backend.app.services.resource_service:resource_service.py:89 Creating new pending resource for URL: https://example.com/test-archive
INFO     backend.app.services.resource_service:resource_service.py:121 Created pending resource with source: https://example.com/test-archive
___ TestIngestionPipelineIntegration.test_pipeline_readability_calculation ____
tests\integration\workflows\test_integration.py:329: in test_pipeline_readability_calculation
    response = client.post("/resources", json=payload)
               ^^^^^^^^^^^^^^^^^^^^^^^^^^^^^^^^^^^^^^^
..\..\..\AppData\Roaming\Python\Python313\site-packages\starlette\testclient.py:552: in post
    return super().post(
..\..\..\AppData\Roaming\Python\Python313\site-packages\httpx\_client.py:1144: in post
    return self.request(
..\..\..\AppData\Roaming\Python\Python313\site-packages\starlette\testclient.py:451: in request
    return super().request(
..\..\..\AppData\Roaming\Python\Python313\site-packages\httpx\_client.py:825: in request
    return self.send(request, auth=auth, follow_redirects=follow_redirects)
           ^^^^^^^^^^^^^^^^^^^^^^^^^^^^^^^^^^^^^^^^^^^^^^^^^^^^^^^^^^^^^^^^
..\..\..\AppData\Roaming\Python\Python313\site-packages\httpx\_client.py:914: in send
    response = self._send_handling_auth(
..\..\..\AppData\Roaming\Python\Python313\site-packages\httpx\_client.py:942: in _send_handling_auth
    response = self._send_handling_redirects(
..\..\..\AppData\Roaming\Python\Python313\site-packages\httpx\_client.py:979: in _send_handling_redirects
    response = self._send_single_request(request)
               ^^^^^^^^^^^^^^^^^^^^^^^^^^^^^^^^^^
..\..\..\AppData\Roaming\Python\Python313\site-packages\httpx\_client.py:1014: in _send_single_request
    response = transport.handle_request(request)
               ^^^^^^^^^^^^^^^^^^^^^^^^^^^^^^^^^
..\..\..\AppData\Roaming\Python\Python313\site-packages\starlette\testclient.py:354: in handle_request
    raise exc
..\..\..\AppData\Roaming\Python\Python313\site-packages\starlette\testclient.py:351: in handle_request
    portal.call(self.app, scope, receive, send)
..\..\..\AppData\Roaming\Python\Python313\site-packages\anyio\from_thread.py:291: in call
    return cast(T_Retval, self.start_task_soon(func, *args).result())
                          ^^^^^^^^^^^^^^^^^^^^^^^^^^^^^^^^^^^^^^^^^^
C:\Python313\Lib\concurrent\futures\_base.py:456: in result
    return self.__get_result()
           ^^^^^^^^^^^^^^^^^^^
C:\Python313\Lib\concurrent\futures\_base.py:401: in __get_result
    raise self._exception
..\..\..\AppData\Roaming\Python\Python313\site-packages\anyio\from_thread.py:222: in _call_func
    retval = await retval_or_awaitable
             ^^^^^^^^^^^^^^^^^^^^^^^^^
..\..\..\AppData\Roaming\Python\Python313\site-packages\fastapi\applications.py:1054: in __call__
    await super().__call__(scope, receive, send)
..\..\..\AppData\Roaming\Python\Python313\site-packages\starlette\applications.py:113: in __call__
    await self.middleware_stack(scope, receive, send)
..\..\..\AppData\Roaming\Python\Python313\site-packages\starlette\middleware\errors.py:186: in __call__
    raise exc
..\..\..\AppData\Roaming\Python\Python313\site-packages\starlette\middleware\errors.py:164: in __call__
    await self.app(scope, receive, _send)
..\..\..\AppData\Roaming\Python\Python313\site-packages\starlette\middleware\cors.py:85: in __call__
    await self.app(scope, receive, send)
..\..\..\AppData\Roaming\Python\Python313\site-packages\starlette\middleware\exceptions.py:63: in __call__
    await wrap_app_handling_exceptions(self.app, conn)(scope, receive, send)
..\..\..\AppData\Roaming\Python\Python313\site-packages\starlette\_exception_handler.py:53: in wrapped_app
    raise exc
..\..\..\AppData\Roaming\Python\Python313\site-packages\starlette\_exception_handler.py:42: in wrapped_app
    await app(scope, receive, sender)
..\..\..\AppData\Roaming\Python\Python313\site-packages\starlette\routing.py:716: in __call__
    await self.middleware_stack(scope, receive, send)
..\..\..\AppData\Roaming\Python\Python313\site-packages\starlette\routing.py:736: in app
    await route.handle(scope, receive, send)
..\..\..\AppData\Roaming\Python\Python313\site-packages\starlette\routing.py:290: in handle
    await self.app(scope, receive, send)
..\..\..\AppData\Roaming\Python\Python313\site-packages\starlette\routing.py:78: in app
    await wrap_app_handling_exceptions(app, request)(scope, receive, send)
..\..\..\AppData\Roaming\Python\Python313\site-packages\starlette\_exception_handler.py:53: in wrapped_app
    raise exc
..\..\..\AppData\Roaming\Python\Python313\site-packages\starlette\_exception_handler.py:42: in wrapped_app
    await app(scope, receive, sender)
..\..\..\AppData\Roaming\Python\Python313\site-packages\starlette\routing.py:76: in app
    await response(scope, receive, send)
..\..\..\AppData\Roaming\Python\Python313\site-packages\starlette\responses.py:168: in __call__
    await self.background()
..\..\..\AppData\Roaming\Python\Python313\site-packages\starlette\background.py:42: in __call__
    await task()
..\..\..\AppData\Roaming\Python\Python313\site-packages\starlette\background.py:29: in __call__
    await run_in_threadpool(self.func, *self.args, **self.kwargs)
..\..\..\AppData\Roaming\Python\Python313\site-packages\starlette\concurrency.py:38: in run_in_threadpool
    return await anyio.to_thread.run_sync(func)
           ^^^^^^^^^^^^^^^^^^^^^^^^^^^^^^^^^^^^
..\..\..\AppData\Roaming\Python\Python313\site-packages\anyio\to_thread.py:56: in run_sync
    return await get_async_backend().run_sync_in_worker_thread(
..\..\..\AppData\Roaming\Python\Python313\site-packages\anyio\_backends\_asyncio.py:2476: in run_sync_in_worker_thread
    return await future
           ^^^^^^^^^^^^
..\..\..\AppData\Roaming\Python\Python313\site-packages\anyio\_backends\_asyncio.py:967: in run
    result = context.run(func, *args)
             ^^^^^^^^^^^^^^^^^^^^^^^^
app\services\resource_service.py:413: in process_ingestion
    increment_active_ingestions()
app\monitoring.py:278: in increment_active_ingestions
    ACTIVE_INGESTIONS.inc()
    ^^^^^^^^^^^^^^^^^^^^^
E   AttributeError: 'NoneType' object has no attribute 'inc'
---------------------------- Captured stderr call -----------------------------
2025-11-18 13:54:01,149 - backend.app.services.resource_service - INFO - Creating new pending resource for URL: https://example.com/readability-test
2025-11-18 13:54:01,172 - backend.app.services.resource_service - INFO - Created pending resource with source: https://example.com/readability-test
------------------------------ Captured log call ------------------------------
INFO     backend.app.services.resource_service:resource_service.py:89 Creating new pending resource for URL: https://example.com/readability-test
INFO     backend.app.services.resource_service:resource_service.py:121 Created pending resource with source: https://example.com/readability-test
______________ TestSearchQualityMetrics.test_hybrid_search_ndcg _______________
tests\ml_benchmarks\test_search_quality_metrics.py:184: in test_hybrid_search_ndcg
    assert avg_ndcg > baseline_threshold, (
E   AssertionError: Average NDCG@20 0.0000 does not meet baseline threshold 0.6000
E   assert 0.0 > 0.6
---------------------------- Captured stdout call -----------------------------
\n================================================================================\nTEST: Hybrid Search NDCG@20\n================================================================================\nNumber of test queries: 50\nWarning: Failed to create test resources: (builtins.ValueError) badly formed hexadecimal UUID string\n[SQL: INSERT INTO resources (id, title, description, creator, publisher, contributor, date_created, date_modified, type, format, identifier, source, language, coverage, rights, subject, relation, classification_code, read_status, quality_score, ingestion_status, ingestion_error, ingestion_started_at, ingestion_completed_at, embedding, sparse_embedding, sparse_embedding_model, sparse_embedding_updated_at, authors, affiliations, doi, pmid, arxiv_id, isbn, journal, conference, volume, issue, pages, publication_year, funding_sources, acknowledgments, equation_count, table_count, figure_count, reference_count, equations, tables, figures, metadata_completeness_score, extraction_confidence, requires_manual_review, quality_accuracy, quality_completeness, quality_consistency, quality_timeliness, quality_relevance, quality_overall, quality_weights, quality_last_computed, quality_computation_version, is_quality_outlier, outlier_score, outlier_reasons, needs_quality_review, summary_coherence, summary_consistency, summary_fluency, summary_relevance, is_ocr_processed, ocr_confidence, ocr_corrections_applied) VALUES (?, ?, ?, ?, ?, ?, ?, ?, ?, ?, ?, ?, ?, ?, ?, ?, ?, ?, ?, ?, ?, ?, ?, ?, ?, ?, ?, ?, ?, ?, ?, ?, ?, ?, ?, ?, ?, ?, ?, ?, ?, ?, ?, ?, ?, ?, ?, ?, ?, ?, ?, ?, ?, ?, ?, ?, ?, ?, ?, ?, ?, ?, ?, ?, ?, ?, ?, ?, ?, ?, ?, ?) RETURNING created_at, updated_at, id]\n[parameters: [{'title': 'Test Resource resource_001', 'classification_code': '000', 'description': 'Description for resource_001 related to machine learning algorit ... (1157 characters truncated) ... accuracy': None, 'conference': None, 'publisher': None, 'metadata_completeness_score': None, 'identifier': None, 'affiliations': None, 'volume': None}, {'title': 'Test Resource resource_015', 'classification_code': '000', 'description': 'Description for resource_015 related to machine learning algorit ... (1157 characters truncated) ... accuracy': None, 'conference': None, 'publisher': None, 'metadata_completeness_score': None, 'identifier': None, 'affiliations': None, 'volume': None}, {'title': 'Test Resource resource_042', 'classification_code': '000', 'description': 'Description for resource_042 related to machine learning algorit ... (1157 characters truncated) ... accuracy': None, 'conference': None, 'publisher': None, 'metadata_completeness_score': None, 'identifier': None, 'affiliations': None, 'volume': None}, {'title': 'Test Resource resource_089', 'classification_code': '000', 'description': 'Description for resource_089 related to machine learning algorit ... (1157 characters truncated) ... accuracy': None, 'conference': None, 'publisher': None, 'metadata_completeness_score': None, 'identifier': None, 'affiliations': None, 'volume': None}, {'title': 'Test Resource resource_123', 'classification_code': '000', 'description': 'Description for resource_123 related to machine learning algorit ... (1157 characters truncated) ... accuracy': None, 'conference': None, 'publisher': None, 'metadata_completeness_score': None, 'identifier': None, 'affiliations': None, 'volume': None}, {'title': 'Test Resource resource_156', 'classification_code': '000', 'description': 'Description for resource_156 related to machine learning algorit ... (1157 characters truncated) ... accuracy': None, 'conference': None, 'publisher': None, 'metadata_completeness_score': None, 'identifier': None, 'affiliations': None, 'volume': None}, {'title': 'Test Resource resource_178', 'classification_code': '000', 'description': 'Description for resource_178 related to machine learning algorit ... (1157 characters truncated) ... accuracy': None, 'conference': None, 'publisher': None, 'metadata_completeness_score': None, 'identifier': None, 'affiliations': None, 'volume': None}, {'title': 'Test Resource resource_002', 'classification_code': '000', 'description': 'Description for resource_002 related to quantum computing basics ... (1154 characters truncated) ... accuracy': None, 'conference': None, 'publisher': None, 'metadata_completeness_score': None, 'identifier': None, 'affiliations': None, 'volume': None}, {'title': 'Test Resource resource_023', 'classification_code': '000', 'description': 'Description for resource_023 related to quantum computing basics ... (1154 characters truncated) ... accuracy': None, 'conference': None, 'publisher': None, 'metadata_completeness_score': None, 'identifier': None, 'affiliations': None, 'volume': None}, {'title': 'Test Resource resource_067', 'classification_code': '000', 'description': 'Description for resource_067 related to quantum computing basics ... (1154 characters truncated) ... accuracy': None, 'conference': None, 'publisher': None, 'metadata_completeness_score': None, 'identifier': None, 'affiliations': None, 'volume': None}, {'title': 'Test Resource resource_091', 'classification_code': '000', 'description': 'Description for resource_091 related to quantum computing basics ... (1154 characters truncated) ... accuracy': None, 'conference': None, 'publisher': None, 'metadata_completeness_score': None, 'identifier': None, 'affiliations': None, 'volume': None}, {'title': 'Test Resource resource_134', 'classification_code': '000', 'description': 'Description for resource_134 related to quantum computing basics ... (1154 characters truncated) ... accuracy': None, 'conference': None, 'publisher': None, 'metadata_completeness_score': None, 'identifier': None, 'affiliations': None, 'volume': None}, {'title': 'Test Resource resource_167', 'classification_code': '000', 'description': 'Description for resource_167 related to quantum computing basics ... (1154 characters truncated) ... accuracy': None, 'conference': None, 'publisher': None, 'metadata_completeness_score': None, 'identifier': None, 'affiliations': None, 'volume': None}, {'title': 'Test Resource resource_003', 'classification_code': '000', 'description': 'Description for resource_003 related to database normalization', ... (1152 characters truncated) ... accuracy': None, 'conference': None, 'publisher': None, 'metadata_completeness_score': None, 'identifier': None, 'affiliations': None, 'volume': None}, {'title': 'Test Resource resource_034', 'classification_code': '000', 'description': 'Description for resource_034 related to database normalization', ... (1152 characters truncated) ... accuracy': None, 'conference': None, 'publisher': None, 'metadata_completeness_score': None, 'identifier': None, 'affiliations': None, 'volume': None}, {'title': 'Test Resource resource_078', 'classification_code': '000', 'description': 'Description for resource_078 related to database normalization', ... (1152 characters truncated) ... accuracy': None, 'conference': None, 'publisher': None, 'metadata_completeness_score': None, 'identifier': None, 'affiliations': None, 'volume': None}, {'title': 'Test Resource resource_112', 'classification_code': '000', 'description': 'Description for resource_112 related to database normalization', ... (1152 characters truncated) ... accuracy': None, 'conference': None, 'publisher': None, 'metadata_completeness_score': None, 'identifier': None, 'affiliations': None, 'volume': None}, {'title': 'Test Resource resource_145', 'classification_code': '000', 'description': 'Description for resource_145 related to database normalization', ... (1152 characters truncated) ... accuracy': None, 'conference': None, 'publisher': None, 'metadata_completeness_score': None, 'identifier': None, 'affiliations': None, 'volume': None}, {'title': 'Test Resource resource_189', 'classification_code': '000', 'description': 'Description for resource_189 related to database normalization', ... (1152 characters truncated) ... accuracy': None, 'conference': None, 'publisher': None, 'metadata_completeness_score': None, 'identifier': None, 'affiliations': None, 'volume': None}, {'title': 'Test Resource resource_004', 'classification_code': '000', 'description': 'Description for resource_004 related to react hooks tutorial', ' ... (1150 characters truncated) ... accuracy': None, 'conference': None, 'publisher': None, 'metadata_completeness_score': None, 'identifier': None, 'affiliations': None, 'volume': None}, {'title': 'Test Resource resource_045', 'classification_code': '000', 'description': 'Description for resource_045 related to react hooks tutorial', ' ... (1150 characters truncated) ... accuracy': None, 'conference': None, 'publisher': None, 'metadata_completeness_score': None, 'identifier': None, 'affiliations': None, 'volume': None}, {'title': 'Test Resource resource_087', 'classification_code': '000', 'description': 'Description for resource_087 related to react hooks tutorial', ' ... (1150 characters truncated) ... accuracy': None, 'conference': None, 'publisher': None, 'metadata_completeness_score': None, 'identifier': None, 'affiliations': None, 'volume': None}, {'title': 'Test Resource resource_124', 'classification_code': '000', 'description': 'Description for resource_124 related to react hooks tutorial', ' ... (1150 characters truncated) ... accuracy': None, 'conference': None, 'publisher': None, 'metadata_completeness_score': None, 'identifier': None, 'affiliations': None, 'volume': None}, {'title': 'Test Resource resource_190', 'classification_code': '000', 'description': 'Description for resource_190 related to react hooks tutorial', ' ... (1150 characters truncated) ... accuracy': None, 'conference': None, 'publisher': None, 'metadata_completeness_score': None, 'identifier': None, 'affiliations': None, 'volume': None}, {'title': 'Test Resource resource_005', 'classification_code': '000', 'description': 'Description for resource_005 related to cybersecurity best pract ... (1158 characters truncated) ... accuracy': None, 'conference': None, 'publisher': None, 'metadata_completeness_score': None, 'identifier': None, 'affiliations': None, 'volume': None}, {'title': 'Test Resource resource_056', 'classification_code': '000', 'description': 'Description for resource_056 related to cybersecurity best pract ... (1158 characters truncated) ... accuracy': None, 'conference': None, 'publisher': None, 'metadata_completeness_score': None, 'identifier': None, 'affiliations': None, 'volume': None}, {'title': 'Test Resource resource_098', 'classification_code': '000', 'description': 'Description for resource_098 related to cybersecurity best pract ... (1158 characters truncated) ... accuracy': None, 'conference': None, 'publisher': None, 'metadata_completeness_score': None, 'identifier': None, 'affiliations': None, 'volume': None}, {'title': 'Test Resource resource_135', 'classification_code': '000', 'description': 'Description for resource_135 related to cybersecurity best pract ... (1158 characters truncated) ... accuracy': None, 'conference': None, 'publisher': None, 'metadata_completeness_score': None, 'identifier': None, 'affiliations': None, 'volume': None}, {'title': 'Test Resource resource_191', 'classification_code': '000', 'description': 'Description for resource_191 related to cybersecurity best pract ... (1158 characters truncated) ... accuracy': None, 'conference': None, 'publisher': None, 'metadata_completeness_score': None, 'identifier': None, 'affiliations': None, 'volume': None}, {'title': 'Test Resource resource_006', 'classification_code': '000', 'description': 'Description for resource_006 related to kubernetes deployment st ... (1162 characters truncated) ... accuracy': None, 'conference': None, 'publisher': None, 'metadata_completeness_score': None, 'identifier': None, 'affiliations': None, 'volume': None}, {'title': 'Test Resource resource_109', 'classification_code': '000', 'description': 'Description for resource_109 related to kubernetes deployment st ... (1162 characters truncated) ... accuracy': None, 'conference': None, 'publisher': None, 'metadata_completeness_score': None, 'identifier': None, 'affiliations': None, 'volume': None}, {'title': 'Test Resource resource_146', 'classification_code': '000', 'description': 'Description for resource_146 related to kubernetes deployment st ... (1162 characters truncated) ... accuracy': None, 'conference': None, 'publisher': None, 'metadata_completeness_score': None, 'identifier': None, 'affiliations': None, 'volume': None}, {'title': 'Test Resource resource_007', 'classification_code': '000', 'description': 'Description for resource_007 related to sorting algorithms compl ... (1159 characters truncated) ... accuracy': None, 'conference': None, 'publisher': None, 'metadata_completeness_score': None, 'identifier': None, 'affiliations': None, 'volume': None}, {'title': 'Test Resource resource_120', 'classification_code': '000', 'description': 'Description for resource_120 related to sorting algorithms compl ... (1159 characters truncated) ... accuracy': None, 'conference': None, 'publisher': None, 'metadata_completeness_score': None, 'identifier': None, 'affiliations': None, 'volume': None}, {'title': 'Test Resource resource_157', 'classification_code': '000', 'description': 'Description for resource_157 related to sorting algorithms compl ... (1159 characters truncated) ... accuracy': None, 'conference': None, 'publisher': None, 'metadata_completeness_score': None, 'identifier': None, 'affiliations': None, 'volume': None}, {'title': 'Test Resource resource_192', 'classification_code': '000', 'description': 'Description for resource_192 related to sorting algorithms compl ... (1159 characters truncated) ... accuracy': None, 'conference': None, 'publisher': None, 'metadata_completeness_score': None, 'identifier': None, 'affiliations': None, 'volume': None}, {'title': 'Test Resource resource_008', 'classification_code': '000', 'description': 'Description for resource_008 related to natural language process ... (1170 characters truncated) ... accuracy': None, 'conference': None, 'publisher': None, 'metadata_completeness_score': None, 'identifier': None, 'affiliations': None, 'volume': None}, {'title': 'Test Resource resource_131', 'classification_code': '000', 'description': 'Description for resource_131 related to natural language process ... (1170 characters truncated) ... accuracy': None, 'conference': None, 'publisher': None, 'metadata_completeness_score': None, 'identifier': None, 'affiliations': None, 'volume': None}, {'title': 'Test Resource resource_168', 'classification_code': '000', 'description': 'Description for resource_168 related to natural language process ... (1170 characters truncated) ... accuracy': None, 'conference': None, 'publisher': None, 'metadata_completeness_score': None, 'identifier': None, 'affiliations': None, 'volume': None}, {'title': 'Test Resource resource_193', 'classification_code': '000', 'description': 'Description for resource_193 related to natural language process ... (1170 characters truncated) ... accuracy': None, 'conference': None, 'publisher': None, 'metadata_completeness_score': None, 'identifier': None, 'affiliations': None, 'volume': None}, {'title': 'Test Resource resource_009', 'classification_code': '000', 'description': 'Description for resource_009 related to computer vision object d ... (1162 characters truncated) ... accuracy': None, 'conference': None, 'publisher': None, 'metadata_completeness_score': None, 'identifier': None, 'affiliations': None, 'volume': None}, {'title': 'Test Resource resource_090', 'classification_code': '000', 'description': 'Description for resource_090 related to computer vision object d ... (1162 characters truncated) ... accuracy': None, 'conference': None, 'publisher': None, 'metadata_completeness_score': None, 'identifier': None, 'affiliations': None, 'volume': None}, {'title': 'Test Resource resource_142', 'classification_code': '000', 'description': 'Description for resource_142 related to computer vision object d ... (1162 characters truncated) ... accuracy': None, 'conference': None, 'publisher': None, 'metadata_completeness_score': None, 'identifier': None, 'affiliations': None, 'volume': None}, {'title': 'Test Resource resource_179', 'classification_code': '000', 'description': 'Description for resource_179 related to computer vision object d ... (1162 characters truncated) ... accuracy': None, 'conference': None, 'publisher': None, 'metadata_completeness_score': None, 'identifier': None, 'affiliations': None, 'volume': None}, {'title': 'Test Resource resource_194', 'classification_code': '000', 'description': 'Description for resource_194 related to computer vision object d ... (1162 characters truncated) ... accuracy': None, 'conference': None, 'publisher': None, 'metadata_completeness_score': None, 'identifier': None, 'affiliations': None, 'volume': None}, {'title': 'Test Resource resource_010', 'classification_code': '000', 'description': 'Description for resource_010 related to blockchain smart contrac ... (1156 characters truncated) ... accuracy': None, 'conference': None, 'publisher': None, 'metadata_completeness_score': None, 'identifier': None, 'affiliations': None, 'volume': None}, {'title': 'Test Resource resource_101', 'classification_code': '000', 'description': 'Description for resource_101 related to blockchain smart contrac ... (1156 characters truncated) ... accuracy': None, 'conference': None, 'publisher': None, 'metadata_completeness_score': None, 'identifier': None, 'affiliations': None, 'volume': None}, {'title': 'Test Resource resource_153', 'classification_code': '000', 'description': 'Description for resource_153 related to blockchain smart contrac ... (1156 characters truncated) ... accuracy': None, 'conference': None, 'publisher': None, 'metadata_completeness_score': None, 'identifier': None, 'affiliations': None, 'volume': None}, {'title': 'Test Resource resource_180', 'classification_code': '000', 'description': 'Description for resource_180 related to blockchain smart contrac ... (1156 characters truncated) ... accuracy': None, 'conference': None, 'publisher': None, 'metadata_completeness_score': None, 'identifier': None, 'affiliations': None, 'volume': None}, {'title': 'Test Resource resource_195', 'classification_code': '000', 'description': 'Description for resource_195 related to blockchain smart contrac ... (1156 characters truncated) ... accuracy': None, 'conference': None, 'publisher': None, 'metadata_completeness_score': None, 'identifier': None, 'affiliations': None, 'volume': None}, {'title': 'Test Resource resource_011', 'classification_code': '000', 'description': 'Description for resource_011 related to deep learning neural net ... (1159 characters truncated) ... accuracy': None, 'conference': None, 'publisher': None, 'metadata_completeness_score': None, 'identifier': None, 'affiliations': None, 'volume': None}, {'title': 'Test Resource resource_196', 'classification_code': '000', 'description': 'Description for resource_196 related to deep learning neural net ... (1159 characters truncated) ... accuracy': None, 'conference': None, 'publisher': None, 'metadata_completeness_score': None, 'identifier': None, 'affiliations': None, 'volume': None}, {'title': 'Test Resource resource_012', 'classification_code': '000', 'description': 'Description for resource_012 related to SQL query optimization', ... (1152 characters truncated) ... accuracy': None, 'conference': None, 'publisher': None, 'metadata_completeness_score': None, 'identifier': None, 'affiliations': None, 'volume': None}, {'title': 'Test Resource resource_197', 'classification_code': '000', 'description': 'Description for resource_197 related to SQL query optimization', ... (1152 characters truncated) ... accuracy': None, 'conference': None, 'publisher': None, 'metadata_completeness_score': None, 'identifier': None, 'affiliations': None, 'volume': None}, {'title': 'Test Resource resource_013', 'classification_code': '000', 'description': 'Description for resource_013 related to REST API design patterns ... (1154 characters truncated) ... accuracy': None, 'conference': None, 'publisher': None, 'metadata_completeness_score': None, 'identifier': None, 'affiliations': None, 'volume': None}, {'title': 'Test Resource resource_198', 'classification_code': '000', 'description': 'Description for resource_198 related to REST API design patterns ... (1154 characters truncated) ... accuracy': None, 'conference': None, 'publisher': None, 'metadata_completeness_score': None, 'identifier': None, 'affiliations': None, 'volume': None}, {'title': 'Test Resource resource_014', 'classification_code': '000', 'description': 'Description for resource_014 related to encryption algorithms',  ... (1151 characters truncated) ... accuracy': None, 'conference': None, 'publisher': None, 'metadata_completeness_score': None, 'identifier': None, 'affiliations': None, 'volume': None}, {'title': 'Test Resource resource_199', 'classification_code': '000', 'description': 'Description for resource_199 related to encryption algorithms',  ... (1151 characters truncated) ... accuracy': None, 'conference': None, 'publisher': None, 'metadata_completeness_score': None, 'identifier': None, 'affiliations': None, 'volume': None}, {'title': 'Test Resource resource_200', 'classification_code': '000', 'description': 'Description for resource_200 related to AWS lambda serverless',  ... (1151 characters truncated) ... accuracy': None, 'conference': None, 'publisher': None, 'metadata_completeness_score': None, 'identifier': None, 'affiliations': None, 'volume': None}, {'title': 'Test Resource resource_016', 'classification_code': '000', 'description': 'Description for resource_016 related to graph algorithms shortes ... (1160 characters truncated) ... accuracy': None, 'conference': None, 'publisher': None, 'metadata_completeness_score': None, 'identifier': None, 'affiliations': None, 'volume': None}, {'title': 'Test Resource resource_017', 'classification_code': '000', 'description': 'Description for resource_017 related to sentiment analysis techn ... (1159 characters truncated) ... accuracy': None, 'conference': None, 'publisher': None, 'metadata_completeness_score': None, 'identifier': None, 'affiliations': None, 'volume': None}, {'title': 'Test Resource resource_018', 'classification_code': '000', 'description': 'Description for resource_018 related to image segmentation metho ... (1156 characters truncated) ... accuracy': None, 'conference': None, 'publisher': None, 'metadata_completeness_score': None, 'identifier': None, 'affiliations': None, 'volume': None}, {'title': 'Test Resource resource_164', 'classification_code': '000', 'description': 'Description for resource_164 related to image segmentation metho ... (1156 characters truncated) ... accuracy': None, 'conference': None, 'publisher': None, 'metadata_completeness_score': None, 'identifier': None, 'affiliations': None, 'volume': None}, {'title': 'Test Resource resource_019', 'classification_code': '000', 'description': 'Description for resource_019 related to cryptocurrency consensus ... (1165 characters truncated) ... accuracy': None, 'conference': None, 'publisher': None, 'metadata_completeness_score': None, 'identifier': None, 'affiliations': None, 'volume': None}, {'title': 'Test Resource resource_175', 'classification_code': '000', 'description': 'Description for resource_175 related to cryptocurrency consensus ... (1165 characters truncated) ... accuracy': None, 'conference': None, 'publisher': None, 'metadata_completeness_score': None, 'identifier': None, 'affiliations': None, 'volume': None}, {'title': 'Test Resource resource_020', 'classification_code': '000', 'description': 'Description for resource_020 related to reinforcement learning Q ... (1163 characters truncated) ... accuracy': None, 'conference': None, 'publisher': None, 'metadata_completeness_score': None, 'identifier': None, 'affiliations': None, 'volume': None}, {'title': 'Test Resource resource_186', 'classification_code': '000', 'description': 'Description for resource_186 related to reinforcement learning Q ... (1163 characters truncated) ... accuracy': None, 'conference': None, 'publisher': None, 'metadata_completeness_score': None, 'identifier': None, 'affiliations': None, 'volume': None}, {'title': 'Test Resource resource_021', 'classification_code': '000', 'description': 'Description for resource_021 related to NoSQL database types', ' ... (1150 characters truncated) ... accuracy': None, 'conference': None, 'publisher': None, 'metadata_completeness_score': None, 'identifier': None, 'affiliations': None, 'volume': None}, {'title': 'Test Resource resource_022', 'classification_code': '000', 'description': 'Description for resource_022 related to frontend performance opt ... (1163 characters truncated) ... accuracy': None, 'conference': None, 'publisher': None, 'metadata_completeness_score': None, 'identifier': None, 'affiliations': None, 'volume': None}, {'title': 'Test Resource resource_024', 'classification_code': '000', 'description': 'Description for resource_024 related to docker containerization' ... (1153 characters truncated) ... accuracy': None, 'conference': None, 'publisher': None, 'metadata_completeness_score': None, 'identifier': None, 'affiliations': None, 'volume': None}, {'title': 'Test Resource resource_025', 'classification_code': '000', 'description': 'Description for resource_025 related to dynamic programming prob ... (1158 characters truncated) ... accuracy': None, 'conference': None, 'publisher': None, 'metadata_completeness_score': None, 'identifier': None, 'affiliations': None, 'volume': None}, {'title': 'Test Resource resource_026', 'classification_code': '000', 'description': 'Description for resource_026 related to attention mechanism tran ... (1162 characters truncated) ... accuracy': None, 'conference': None, 'publisher': None, 'metadata_completeness_score': None, 'identifier': None, 'affiliations': None, 'volume': None}, {'title': 'Test Resource resource_027', 'classification_code': '000', 'description': 'Description for resource_027 related to semantic segmentation ar ... (1165 characters truncated) ... accuracy': None, 'conference': None, 'publisher': None, 'metadata_completeness_score': None, 'identifier': None, 'affiliations': None, 'volume': None}, {'title': 'Test Resource resource_028', 'classification_code': '000', 'description': 'Description for resource_028 related to DeFi protocols explained ... (1154 characters truncated) ... accuracy': None, 'conference': None, 'publisher': None, 'metadata_completeness_score': None, 'identifier': None, 'affiliations': None, 'volume': None}, {'title': 'Test Resource resource_029', 'classification_code': '000', 'description': 'Description for resource_029 related to supervised learning clas ... (1164 characters truncated) ... accuracy': None, 'conference': None, 'publisher': None, 'metadata_completeness_score': None, 'identifier': None, 'affiliations': None, 'volume': None}, {'title': 'Test Resource resource_030', 'classification_code': '000', 'description': 'Description for resource_030 related to database indexing strate ... (1158 characters truncated) ... accuracy': None, 'conference': None, 'publisher': None, 'metadata_completeness_score': None, 'identifier': None, 'affiliations': None, 'volume': None}, {'title': 'Test Resource resource_031', 'classification_code': '000', 'description': 'Description for resource_031 related to GraphQL vs REST comparis ... (1156 characters truncated) ... accuracy': None, 'conference': None, 'publisher': None, 'metadata_completeness_score': None, 'identifier': None, 'affiliations': None, 'volume': None}, {'title': 'Test Resource resource_032', 'classification_code': '000', 'description': 'Description for resource_032 related to network security protoco ... (1156 characters truncated) ... accuracy': None, 'conference': None, 'publisher': None, 'metadata_completeness_score': None, 'identifier': None, 'affiliations': None, 'volume': None}, {'title': 'Test Resource resource_033', 'classification_code': '000', 'description': 'Description for resource_033 related to microservices architectu ... (1165 characters truncated) ... accuracy': None, 'conference': None, 'publisher': None, 'metadata_completeness_score': None, 'identifier': None, 'affiliations': None, 'volume': None}, {'title': 'Test Resource resource_035', 'classification_code': '000', 'description': 'Description for resource_035 related to word embeddings Word2Vec ... (1154 characters truncated) ... accuracy': None, 'conference': None, 'publisher': None, 'metadata_completeness_score': None, 'identifier': None, 'affiliations': None, 'volume': None}, {'title': 'Test Resource resource_036', 'classification_code': '000', 'description': 'Description for resource_036 related to YOLO object detection',  ... (1151 characters truncated) ... accuracy': None, 'conference': None, 'publisher': None, 'metadata_completeness_score': None, 'identifier': None, 'affiliations': None, 'volume': None}, {'title': 'Test Resource resource_037', 'classification_code': '000', 'description': 'Description for resource_037 related to proof of stake consensus ... (1154 characters truncated) ... accuracy': None, 'conference': None, 'publisher': None, 'metadata_completeness_score': None, 'identifier': None, 'affiliations': None, 'volume': None}, {'title': 'Test Resource resource_038', 'classification_code': '000', 'description': 'Description for resource_038 related to transfer learning fine-t ... (1159 characters truncated) ... accuracy': None, 'conference': None, 'publisher': None, 'metadata_completeness_score': None, 'identifier': None, 'affiliations': None, 'volume': None}, {'title': 'Test Resource resource_039', 'classification_code': '000', 'description': 'Description for resource_039 related to database sharding techni ... (1158 characters truncated) ... accuracy': None, 'conference': None, 'publisher': None, 'metadata_completeness_score': None, 'identifier': None, 'affiliations': None, 'volume': None}, {'title': 'Test Resource resource_040', 'classification_code': '000', 'description': 'Description for resource_040 related to server-side rendering Ne ... (1159 characters truncated) ... accuracy': None, 'conference': None, 'publisher': None, 'metadata_completeness_score': None, 'identifier': None, 'affiliations': None, 'volume': None}, {'title': 'Test Resource resource_041', 'classification_code': '000', 'description': 'Description for resource_041 related to zero trust security arch ... (1162 characters truncated) ... accuracy': None, 'conference': None, 'publisher': None, 'metadata_completeness_score': None, 'identifier': None, 'affiliations': None, 'volume': None}, {'title': 'Test Resource resource_043', 'classification_code': '000', 'description': 'Description for resource_043 related to quicksort algorithm anal ... (1158 characters truncated) ... accuracy': None, 'conference': None, 'publisher': None, 'metadata_completeness_score': None, 'identifier': None, 'affiliations': None, 'volume': None}, {'title': 'Test Resource resource_044', 'classification_code': '000', 'description': 'Description for resource_044 related to machine translation seq2 ... (1157 characters truncated) ... accuracy': None, 'conference': None, 'publisher': None, 'metadata_completeness_score': None, 'identifier': None, 'affiliations': None, 'volume': None}, {'title': 'Test Resource resource_046', 'classification_code': '000', 'description': 'Description for resource_046 related to NFT smart contracts ERC- ... (1157 characters truncated) ... accuracy': None, 'conference': None, 'publisher': None, 'metadata_completeness_score': None, 'identifier': None, 'affiliations': None, 'volume': None}, {'title': 'Test Resource resource_047', 'classification_code': '000', 'description': 'Description for resource_047 related to k-means clustering algor ... (1158 characters truncated) ... accuracy': None, 'conference': None, 'publisher': None, 'metadata_completeness_score': None, 'identifier': None, 'affiliations': None, 'volume': None}, {'title': 'Test Resource resource_048', 'classification_code': '000', 'description': 'Description for resource_048 related to time series forecasting  ... (1158 characters truncated) ... accuracy': None, 'conference': None, 'publisher': None, 'metadata_completeness_score': None, 'identifier': None, 'affiliations': None, 'volume': None}, {'title': 'Test Resource resource_049', 'classification_code': '000', 'description': 'Description for resource_049 related to WebAssembly performance' ... (1153 characters truncated) ... accuracy': None, 'conference': None, 'publisher': None, 'metadata_completeness_score': None, 'identifier': None, 'affiliations': None, 'volume': None}, {'title': 'Test Resource resource_050', 'classification_code': '000', 'description': 'Description for resource_050 related to edge computing architect ... (1157 characters truncated) ... accuracy': None, 'conference': None, 'publisher': None, 'metadata_completeness_score': None, 'identifier': None, 'affiliations': None, 'volume': None}]]\n  Warning: Failed to search for query 'machine learning algorithms': 'SearchFilters' object has no attribute 'classification'\n  Warning: Failed to search for query 'quantum computing basics': 'SearchFilters' object has no attribute 'classification'\n  Warning: Failed to search for query 'database normalization': 'SearchFilters' object has no attribute 'classification'\n  Warning: Failed to search for query 'react hooks tutorial': 'SearchFilters' object has no attribute 'classification'\n  Warning: Failed to search for query 'cybersecurity best practices': 'SearchFilters' object has no attribute 'classification'\n  Warning: Failed to search for query 'kubernetes deployment strategies': 'SearchFilters' object has no attribute 'classification'\n  Warning: Failed to search for query 'sorting algorithms complexity': 'SearchFilters' object has no attribute 'classification'\n  Warning: Failed to search for query 'natural language processing transformers': 'SearchFilters' object has no attribute 'classification'\n  Warning: Failed to search for query 'computer vision object detection': 'SearchFilters' object has no attribute 'classification'\n  Warning: Failed to search for query 'blockchain smart contracts': 'SearchFilters' object has no attribute 'classification'\n  Warning: Failed to search for query 'deep learning neural networks': 'SearchFilters' object has no attribute 'classification'\n  Warning: Failed to search for query 'SQL query optimization': 'SearchFilters' object has no attribute 'classification'\n  Warning: Failed to search for query 'REST API design patterns': 'SearchFilters' object has no attribute 'classification'\n  Warning: Failed to search for query 'encryption algorithms': 'SearchFilters' object has no attribute 'classification'\n  Warning: Failed to search for query 'AWS lambda serverless': 'SearchFilters' object has no attribute 'classification'\n  Warning: Failed to search for query 'graph algorithms shortest path': 'SearchFilters' object has no attribute 'classification'\n  Warning: Failed to search for query 'sentiment analysis techniques': 'SearchFilters' object has no attribute 'classification'\n  Warning: Failed to search for query 'image segmentation methods': 'SearchFilters' object has no attribute 'classification'\n  Warning: Failed to search for query 'cryptocurrency consensus mechanisms': 'SearchFilters' object has no attribute 'classification'\n  Warning: Failed to search for query 'reinforcement learning Q-learning': 'SearchFilters' object has no attribute 'classification'\n  Warning: Failed to search for query 'NoSQL database types': 'SearchFilters' object has no attribute 'classification'\n  Warning: Failed to search for query 'frontend performance optimization': 'SearchFilters' object has no attribute 'classification'\n  Warning: Failed to search for query 'penetration testing methodology': 'SearchFilters' object has no attribute 'classification'\n  Warning: Failed to search for query 'docker containerization': 'SearchFilters' object has no attribute 'classification'\n  Warning: Failed to search for query 'dynamic programming problems': 'SearchFilters' object has no attribute 'classification'\n  Warning: Failed to search for query 'attention mechanism transformers': 'SearchFilters' object has no attribute 'classification'\n  Warning: Failed to search for query 'semantic segmentation architectures': 'SearchFilters' object has no attribute 'classification'\n  Warning: Failed to search for query 'DeFi protocols explained': 'SearchFilters' object has no attribute 'classification'\n  Warning: Failed to search for query 'supervised learning classification': 'SearchFilters' object has no attribute 'classification'\n  Warning: Failed to search for query 'database indexing strategies': 'SearchFilters' object has no attribute 'classification'\n  Warning: Failed to search for query 'GraphQL vs REST comparison': 'SearchFilters' object has no attribute 'classification'\n  Warning: Failed to search for query 'network security protocols': 'SearchFilters' object has no attribute 'classification'\n  Warning: Failed to search for query 'microservices architecture patterns': 'SearchFilters' object has no attribute 'classification'\n  Warning: Failed to search for query 'breadth first search algorithm': 'SearchFilters' object has no attribute 'classification'\n  Warning: Failed to search for query 'word embeddings Word2Vec': 'SearchFilters' object has no attribute 'classification'\n  Warning: Failed to search for query 'YOLO object detection': 'SearchFilters' object has no attribute 'classification'\n  Warning: Failed to search for query 'proof of stake consensus': 'SearchFilters' object has no attribute 'classification'\n  Warning: Failed to search for query 'transfer learning fine-tuning': 'SearchFilters' object has no attribute 'classification'\n  Warning: Failed to search for query 'database sharding techniques': 'SearchFilters' object has no attribute 'classification'\n  Warning: Failed to search for query 'server-side rendering Next.js': 'SearchFilters' object has no attribute 'classification'\n  Warning: Failed to search for query 'zero trust security architecture': 'SearchFilters' object has no attribute 'classification'\n  Warning: Failed to search for query 'service mesh Istio': 'SearchFilters' object has no attribute 'classification'\n  Warning: Failed to search for query 'quicksort algorithm analysis': 'SearchFilters' object has no attribute 'classification'\n  Warning: Failed to search for query 'machine translation seq2seq': 'SearchFilters' object has no attribute 'classification'\n  Warning: Failed to search for query 'generative adversarial networks': 'SearchFilters' object has no attribute 'classification'\n  Warning: Failed to search for query 'NFT smart contracts ERC-721': 'SearchFilters' object has no attribute 'classification'\n  Warning: Failed to search for query 'k-means clustering algorithm': 'SearchFilters' object has no attribute 'classification'\n  Warning: Failed to search for query 'time series forecasting LSTM': 'SearchFilters' object has no attribute 'classification'\n  Warning: Failed to search for query 'WebAssembly performance': 'SearchFilters' object has no attribute 'classification'\n  Warning: Failed to search for query 'edge computing architecture': 'SearchFilters' object has no attribute 'classification'\n\nResults:\n  Queries evaluated: 0\n  Average NDCG@20: 0.0000 (\xb10.0000)\n  Min NDCG@20: 0.0000\n  Max NDCG@20: 0.0000\n  Baseline: 0.6000\n  Target:   0.7500\n  Status: \u274c FAILING (below baseline)\n================================================================================
___________ TestHNSWQueryPerformance.test_hnsw_query_latency[1000] ____________
tests\performance\phase10_graph_intelligence\test_phase10_performance.py:239: in test_hnsw_query_latency
    graph_embedding = GraphEmbedding(
<string>:4: in __init__
    ???
..\..\..\AppData\Roaming\Python\Python313\site-packages\sqlalchemy\orm\state.py:571: in _initialize_instance
    with util.safe_reraise():
         ^^^^^^^^^^^^^^^^^^^
..\..\..\AppData\Roaming\Python\Python313\site-packages\sqlalchemy\util\langhelpers.py:224: in __exit__
    raise exc_value.with_traceback(exc_tb)
..\..\..\AppData\Roaming\Python\Python313\site-packages\sqlalchemy\orm\state.py:569: in _initialize_instance
    manager.original_init(*mixed[1:], **kwargs)
..\..\..\AppData\Roaming\Python\Python313\site-packages\sqlalchemy\orm\decl_base.py:2179: in _declarative_constructor
    raise TypeError(
E   TypeError: 'embedding_method' is an invalid keyword argument for GraphEmbedding
---------------------------- Captured stdout call -----------------------------

Creating 1000 test resources...
  Created 500 resources...
  Created 1000 resources...
Created 1000 resources
Creating citation network...
Created 1098 citations

Creating 1000 graph embeddings...
___________ TestHNSWQueryPerformance.test_hnsw_query_latency[5000] ____________
tests\performance\phase10_graph_intelligence\test_phase10_performance.py:239: in test_hnsw_query_latency
    graph_embedding = GraphEmbedding(
<string>:4: in __init__
    ???
..\..\..\AppData\Roaming\Python\Python313\site-packages\sqlalchemy\orm\state.py:571: in _initialize_instance
    with util.safe_reraise():
         ^^^^^^^^^^^^^^^^^^^
..\..\..\AppData\Roaming\Python\Python313\site-packages\sqlalchemy\util\langhelpers.py:224: in __exit__
    raise exc_value.with_traceback(exc_tb)
..\..\..\AppData\Roaming\Python\Python313\site-packages\sqlalchemy\orm\state.py:569: in _initialize_instance
    manager.original_init(*mixed[1:], **kwargs)
..\..\..\AppData\Roaming\Python\Python313\site-packages\sqlalchemy\orm\decl_base.py:2179: in _declarative_constructor
    raise TypeError(
E   TypeError: 'embedding_method' is an invalid keyword argument for GraphEmbedding
---------------------------- Captured stdout call -----------------------------

Creating 5000 test resources...
  Created 500 resources...
  Created 1000 resources...
  Created 1500 resources...
  Created 2000 resources...
  Created 2500 resources...
  Created 3000 resources...
  Created 3500 resources...
  Created 4000 resources...
  Created 4500 resources...
  Created 5000 resources...
Created 5000 resources
Creating citation network...
Created 5498 citations

Creating 5000 graph embeddings...
___________ TestHNSWQueryPerformance.test_hnsw_query_latency[10000] ___________
tests\performance\phase10_graph_intelligence\test_phase10_performance.py:239: in test_hnsw_query_latency
    graph_embedding = GraphEmbedding(
<string>:4: in __init__
    ???
..\..\..\AppData\Roaming\Python\Python313\site-packages\sqlalchemy\orm\state.py:571: in _initialize_instance
    with util.safe_reraise():
         ^^^^^^^^^^^^^^^^^^^
..\..\..\AppData\Roaming\Python\Python313\site-packages\sqlalchemy\util\langhelpers.py:224: in __exit__
    raise exc_value.with_traceback(exc_tb)
..\..\..\AppData\Roaming\Python\Python313\site-packages\sqlalchemy\orm\state.py:569: in _initialize_instance
    manager.original_init(*mixed[1:], **kwargs)
..\..\..\AppData\Roaming\Python\Python313\site-packages\sqlalchemy\orm\decl_base.py:2179: in _declarative_constructor
    raise TypeError(
E   TypeError: 'embedding_method' is an invalid keyword argument for GraphEmbedding
---------------------------- Captured stdout call -----------------------------

Creating 10000 test resources...
  Created 500 resources...
  Created 1000 resources...
  Created 1500 resources...
  Created 2000 resources...
  Created 2500 resources...
  Created 3000 resources...
  Created 3500 resources...
  Created 4000 resources...
  Created 4500 resources...
  Created 5000 resources...
  Created 5500 resources...
  Created 6000 resources...
  Created 6500 resources...
  Created 7000 resources...
  Created 7500 resources...
  Created 8000 resources...
  Created 8500 resources...
  Created 9000 resources...
  Created 9500 resources...
  Created 10000 resources...
Created 10000 resources
Creating citation network...
Created 10998 citations

Creating 10000 graph embeddings...
__________ TestGraph2VecPerformance.test_graph2vec_computation_rate ___________
tests\performance\phase10_graph_intelligence\test_phase10_performance.py:329: in test_graph2vec_computation_rate
    embeddings_service.compute_graph2vec_embeddings(dimensions=128, wl_iterations=2)
    ^^^^^^^^^^^^^^^^^^^^^^^^^^^^^^^^^^^^^^^^^^^^^^^
E   AttributeError: 'GraphEmbeddingsService' object has no attribute 'compute_graph2vec_embeddings'. Did you mean: 'compute_node2vec_embeddings'?
---------------------------- Captured stdout call -----------------------------

Creating 200 test resources...
Created 200 resources
Creating citation network...
Created 218 citations

=== Graph2Vec Performance (200 nodes) ===
___________________ TestMemoryUsage.test_hnsw_index_memory ____________________
tests\performance\phase10_graph_intelligence\test_phase10_performance.py:400: in test_hnsw_index_memory
    graph_embedding = GraphEmbedding(
<string>:4: in __init__
    ???
..\..\..\AppData\Roaming\Python\Python313\site-packages\sqlalchemy\orm\state.py:571: in _initialize_instance
    with util.safe_reraise():
         ^^^^^^^^^^^^^^^^^^^
..\..\..\AppData\Roaming\Python\Python313\site-packages\sqlalchemy\util\langhelpers.py:224: in __exit__
    raise exc_value.with_traceback(exc_tb)
..\..\..\AppData\Roaming\Python\Python313\site-packages\sqlalchemy\orm\state.py:569: in _initialize_instance
    manager.original_init(*mixed[1:], **kwargs)
..\..\..\AppData\Roaming\Python\Python313\site-packages\sqlalchemy\orm\decl_base.py:2179: in _declarative_constructor
    raise TypeError(
E   TypeError: 'embedding_method' is an invalid keyword argument for GraphEmbedding
---------------------------- Captured stdout call -----------------------------

Creating 5000 test resources...
  Created 500 resources...
  Created 1000 resources...
  Created 1500 resources...
  Created 2000 resources...
  Created 2500 resources...
  Created 3000 resources...
  Created 3500 resources...
  Created 4000 resources...
  Created 4500 resources...
  Created 5000 resources...
Created 5000 resources
Creating citation network...
Created 5498 citations
____________ TestDiscoveryPerformance.test_open_discovery_latency _____________
tests\performance\phase10_graph_intelligence\test_phase10_performance.py:456: in test_open_discovery_latency
    hypotheses = lbd_service.open_discovery(
                 ^^^^^^^^^^^^^^^^^^^^^^^^^^
E   AttributeError: 'LBDService' object has no attribute 'open_discovery'
---------------------------- Captured stdout call -----------------------------

Creating 1000 test resources...
  Created 500 resources...
  Created 1000 resources...
Created 1000 resources
Creating citation network...
Created 1098 citations
___________ TestDiscoveryPerformance.test_closed_discovery_latency ____________
tests\performance\phase10_graph_intelligence\test_phase10_performance.py:489: in test_closed_discovery_latency
    paths = lbd_service.closed_discovery(
            ^^^^^^^^^^^^^^^^^^^^^^^^^^^^
E   AttributeError: 'LBDService' object has no attribute 'closed_discovery'
---------------------------- Captured stdout call -----------------------------

Creating 1000 test resources...
  Created 500 resources...
  Created 1000 resources...
Created 1000 resources
Creating citation network...
Created 1098 citations
___________________ TestMLLatency.test_search_query_latency ___________________
tests\performance\test_ml_latency.py:467: in test_search_query_latency
    assert p95 < p95_threshold, (
E   AssertionError: p95 latency 1000.00ms exceeds threshold 200.00ms. Search queries are too slow for acceptable user experience.
E   assert np.float64(1000.0) < 200.0
---------------------------- Captured stdout call -----------------------------
\n================================================================================\nTEST: Search Query Latency (Three-Way Hybrid)\n================================================================================\nCreating test resources...\nNumber of queries: 100\nSample query variations: 15\n\nPerforming warm-up runs...\nWarm-up complete. Starting latency measurements...\n  Completed 20/100 queries...\n  Completed 40/100 queries...\n  Completed 60/100 queries...\n  Completed 80/100 queries...\n  Completed 100/100 queries...\n\n--------------------------------------------------------------------------------\nLatency Statistics:\n--------------------------------------------------------------------------------\n  Mean:      1000.00 ms\n  Std Dev:      0.00 ms\n  Min:       1000.00 ms\n  Max:       1000.00 ms\n  p50:       1000.00 ms\n  p95:       1000.00 ms\n  p99:       1000.00 ms\n--------------------------------------------------------------------------------\n\nPerformance Threshold:\n  p95 Target:   200.00 ms\n  p95 Actual:   1000.00 ms\n  Status: \u274c FAILING (excess: 800.00ms / 400.0%)\n================================================================================
____________________ test_single_prediction_inference_time ____________________
tests\performance\test_performance.py:312: in test_single_prediction_inference_time
    assert avg_time < 100.0, f"Single prediction took {avg_time:.2f}ms, expected <100ms"
E   AssertionError: Single prediction took 439.50ms, expected <100ms
E   assert 439.50153999612667 < 100.0
---------------------------- Captured stdout call -----------------------------

Single prediction inference time:
  Average time: 439.50ms
  Min time: 100.87ms
  Max time: 1397.62ms
  Predictions: 2
---------------------------- Captured stderr call -----------------------------
2025-11-18 13:56:48,909 - backend.app.ml_monitoring.prediction_monitor - INFO - PredictionMonitor initialized
2025-11-18 13:56:48,909 - backend.app.services.ml_classification_service - INFO - PredictionMonitor initialized
2025-11-18 13:56:48,910 - backend.app.services.ml_classification_service - INFO - No existing checkpoint found, will use: models\classification
2025-11-18 13:56:48,910 - backend.app.services.ml_classification_service - INFO - MLClassificationService initialized with model=distilbert-base-uncased, version=production, checkpoint_dir=models\classification
2025-11-18 13:56:48,910 - backend.app.services.ml_classification_service - INFO - Loading model and tokenizer...
2025-11-18 13:56:48,910 - backend.app.services.ml_classification_service - INFO - Loading tokenizer: distilbert-base-uncased
2025-11-18 13:56:49,752 - backend.app.services.ml_classification_service - INFO - Loading base pre-trained model: distilbert-base-uncased
Some weights of DistilBertForSequenceClassification were not initialized from the model checkpoint at distilbert-base-uncased and are newly initialized: ['classifier.bias', 'classifier.weight', 'pre_classifier.bias', 'pre_classifier.weight']
You should probably TRAIN this model on a down-stream task to be able to use it for predictions and inference.
2025-11-18 13:56:50,006 - backend.app.services.ml_classification_service - INFO - Successfully loaded base model
2025-11-18 13:56:50,006 - backend.app.services.ml_classification_service - INFO - CUDA not available, using CPU
2025-11-18 13:56:50,006 - backend.app.services.ml_classification_service - INFO - Model set to evaluation mode. Loaded version: None
------------------------------ Captured log call ------------------------------
INFO     backend.app.ml_monitoring.prediction_monitor:prediction_monitor.py:36 PredictionMonitor initialized
INFO     backend.app.services.ml_classification_service:ml_classification_service.py:130 PredictionMonitor initialized
INFO     backend.app.services.ml_classification_service:ml_classification_service.py:160 No existing checkpoint found, will use: models\classification
INFO     backend.app.services.ml_classification_service:ml_classification_service.py:164 MLClassificationService initialized with model=distilbert-base-uncased, version=production, checkpoint_dir=models\classification
INFO     backend.app.services.ml_classification_service:ml_classification_service.py:187 Loading model and tokenizer...
INFO     backend.app.services.ml_classification_service:ml_classification_service.py:239 Loading tokenizer: distilbert-base-uncased
INFO     backend.app.services.ml_classification_service:ml_classification_service.py:392 Loading base pre-trained model: distilbert-base-uncased
INFO     backend.app.services.ml_classification_service:ml_classification_service.py:398 Successfully loaded base model
INFO     backend.app.services.ml_classification_service:ml_classification_service.py:421 CUDA not available, using CPU
INFO     backend.app.services.ml_classification_service:ml_classification_service.py:196 Model set to evaluation mode. Loaded version: None
_______________________ test_ancestor_query_scalability _______________________
tests\performance\test_performance.py:496: in test_ancestor_query_scalability
    assert exec_time < 10.0, f"Query at depth {depth} took {exec_time:.2f}ms, expected <10ms"
E   AssertionError: Query at depth 5 took 17.41ms, expected <10ms
E   assert 17.409899970516562 < 10.0
---------------------------- Captured stdout call -----------------------------
Depth 5: 17.41ms (4 ancestors)
Depth 10: 1.08ms (9 ancestors)
Depth 15: 1.14ms (14 ancestors)
Depth 20: 3.75ms (19 ancestors)

Ancestor query scalability:
  Depth 5: 17.41ms
  Depth 10: 1.08ms
  Depth 15: 1.14ms
  Depth 20: 3.75ms
_ TestMLClassificationCQS.test_determine_ab_version_returns_version_with_experiment _
tests\services\test_ml_classification_cqs.py:33: in test_determine_ab_version_returns_version_with_experiment
    with patch('backend.app.services.ml_classification_service.ABTestingFramework') as ab_mock:
         ^^^^^^^^^^^^^^^^^^^^^^^^^^^^^^^^^^^^^^^^^^^^^^^^^^^^^^^^^^^^^^^^^^^^^^^^^^
C:\Python313\Lib\unittest\mock.py:1497: in __enter__
    original, local = self.get_original()
                      ^^^^^^^^^^^^^^^^^^^
C:\Python313\Lib\unittest\mock.py:1467: in get_original
    raise AttributeError(
E   AttributeError: <module 'backend.app.services.ml_classification_service' from 'C:\\Users\\rooma\\PycharmProjects\\neo_alexadria\\backend\\app\\services\\ml_classification_service.py'> does not have the attribute 'ABTestingFramework'
---------------------------- Captured stderr call -----------------------------
2025-11-18 13:58:52,493 - backend.app.ml_monitoring.prediction_monitor - INFO - PredictionMonitor initialized
2025-11-18 13:58:52,493 - backend.app.services.ml_classification_service - INFO - PredictionMonitor initialized
2025-11-18 13:58:52,494 - backend.app.services.ml_classification_service - INFO - No existing checkpoint found, will use: models\classification
2025-11-18 13:58:52,494 - backend.app.services.ml_classification_service - INFO - MLClassificationService initialized with model=distilbert-base-uncased, version=production, checkpoint_dir=models\classification
------------------------------ Captured log call ------------------------------
INFO     backend.app.ml_monitoring.prediction_monitor:prediction_monitor.py:36 PredictionMonitor initialized
INFO     backend.app.services.ml_classification_service:ml_classification_service.py:130 PredictionMonitor initialized
INFO     backend.app.services.ml_classification_service:ml_classification_service.py:160 No existing checkpoint found, will use: models\classification
INFO     backend.app.services.ml_classification_service:ml_classification_service.py:164 MLClassificationService initialized with model=distilbert-base-uncased, version=production, checkpoint_dir=models\classification
_________ TestMLClassificationCQS.test_log_to_ab_testing_is_modifier __________
tests\services\test_ml_classification_cqs.py:99: in test_log_to_ab_testing_is_modifier
    with patch('backend.app.services.ml_classification_service.ABTestingFramework') as ab_mock:
         ^^^^^^^^^^^^^^^^^^^^^^^^^^^^^^^^^^^^^^^^^^^^^^^^^^^^^^^^^^^^^^^^^^^^^^^^^^
C:\Python313\Lib\unittest\mock.py:1497: in __enter__
    original, local = self.get_original()
                      ^^^^^^^^^^^^^^^^^^^
C:\Python313\Lib\unittest\mock.py:1467: in get_original
    raise AttributeError(
E   AttributeError: <module 'backend.app.services.ml_classification_service' from 'C:\\Users\\rooma\\PycharmProjects\\neo_alexadria\\backend\\app\\services\\ml_classification_service.py'> does not have the attribute 'ABTestingFramework'
---------------------------- Captured stderr call -----------------------------
2025-11-18 13:58:52,640 - backend.app.ml_monitoring.prediction_monitor - INFO - PredictionMonitor initialized
2025-11-18 13:58:52,640 - backend.app.services.ml_classification_service - INFO - PredictionMonitor initialized
2025-11-18 13:58:52,641 - backend.app.services.ml_classification_service - INFO - No existing checkpoint found, will use: models\classification
2025-11-18 13:58:52,642 - backend.app.services.ml_classification_service - INFO - MLClassificationService initialized with model=distilbert-base-uncased, version=production, checkpoint_dir=models\classification
------------------------------ Captured log call ------------------------------
INFO     backend.app.ml_monitoring.prediction_monitor:prediction_monitor.py:36 PredictionMonitor initialized
INFO     backend.app.services.ml_classification_service:ml_classification_service.py:130 PredictionMonitor initialized
INFO     backend.app.services.ml_classification_service:ml_classification_service.py:160 No existing checkpoint found, will use: models\classification
INFO     backend.app.services.ml_classification_service:ml_classification_service.py:164 MLClassificationService initialized with model=distilbert-base-uncased, version=production, checkpoint_dir=models\classification
______ TestMLClassificationCQS.test_predict_delegates_to_log_prediction _______
tests\services\test_ml_classification_cqs.py:128: in test_predict_delegates_to_log_prediction
    with patch('backend.app.services.ml_classification_service.torch') as torch_mock:
         ^^^^^^^^^^^^^^^^^^^^^^^^^^^^^^^^^^^^^^^^^^^^^^^^^^^^^^^^^^^^^
C:\Python313\Lib\unittest\mock.py:1497: in __enter__
    original, local = self.get_original()
                      ^^^^^^^^^^^^^^^^^^^
C:\Python313\Lib\unittest\mock.py:1467: in get_original
    raise AttributeError(
E   AttributeError: <module 'backend.app.services.ml_classification_service' from 'C:\\Users\\rooma\\PycharmProjects\\neo_alexadria\\backend\\app\\services\\ml_classification_service.py'> does not have the attribute 'torch'
---------------------------- Captured stderr call -----------------------------
2025-11-18 13:58:52,713 - backend.app.ml_monitoring.prediction_monitor - INFO - PredictionMonitor initialized
2025-11-18 13:58:52,713 - backend.app.services.ml_classification_service - INFO - PredictionMonitor initialized
2025-11-18 13:58:52,714 - backend.app.services.ml_classification_service - INFO - No existing checkpoint found, will use: models\classification
2025-11-18 13:58:52,714 - backend.app.services.ml_classification_service - INFO - MLClassificationService initialized with model=distilbert-base-uncased, version=production, checkpoint_dir=models\classification
------------------------------ Captured log call ------------------------------
INFO     backend.app.ml_monitoring.prediction_monitor:prediction_monitor.py:36 PredictionMonitor initialized
INFO     backend.app.services.ml_classification_service:ml_classification_service.py:130 PredictionMonitor initialized
INFO     backend.app.services.ml_classification_service:ml_classification_service.py:160 No existing checkpoint found, will use: models\classification
INFO     backend.app.services.ml_classification_service:ml_classification_service.py:164 MLClassificationService initialized with model=distilbert-base-uncased, version=production, checkpoint_dir=models\classification
____________ TestMLClassificationCQS.test_cqs_principle_separation ____________
tests\services\test_ml_classification_cqs.py:179: in test_cqs_principle_separation
    assert log_pred_sig.return_annotation is None or log_pred_sig.return_annotation == type(None)
E   AssertionError: assert ('None' is None or 'None' == <class 'NoneType'>)
E    +  where 'None' = <Signature (text: 'str', result: 'ClassificationResult', user_id: 'Optional[str]' = None, experiment_id: 'Optional[str]' = None, ab_version: 'Optional[str]' = None) -> 'None'>.return_annotation
E    +  and   'None' = <Signature (text: 'str', result: 'ClassificationResult', user_id: 'Optional[str]' = None, experiment_id: 'Optional[str]' = None, ab_version: 'Optional[str]' = None) -> 'None'>.return_annotation
E    +  and   <class 'NoneType'> = type(None)
---------------------------- Captured stderr call -----------------------------
2025-11-18 13:58:52,770 - backend.app.ml_monitoring.prediction_monitor - INFO - PredictionMonitor initialized
2025-11-18 13:58:52,771 - backend.app.services.ml_classification_service - INFO - PredictionMonitor initialized
2025-11-18 13:58:52,771 - backend.app.services.ml_classification_service - INFO - No existing checkpoint found, will use: models\classification
2025-11-18 13:58:52,771 - backend.app.services.ml_classification_service - INFO - MLClassificationService initialized with model=distilbert-base-uncased, version=production, checkpoint_dir=models\classification
------------------------------ Captured log call ------------------------------
INFO     backend.app.ml_monitoring.prediction_monitor:prediction_monitor.py:36 PredictionMonitor initialized
INFO     backend.app.services.ml_classification_service:ml_classification_service.py:130 PredictionMonitor initialized
INFO     backend.app.services.ml_classification_service:ml_classification_service.py:160 No existing checkpoint found, will use: models\classification
INFO     backend.app.services.ml_classification_service:ml_classification_service.py:164 MLClassificationService initialized with model=distilbert-base-uncased, version=production, checkpoint_dir=models\classification
__________ TestSearchMetricsService.test_compute_ndcg_worst_ranking ___________
tests\services\test_search_metrics_service.py:53: in test_compute_ndcg_worst_ranking
    assert 0.0 < ndcg < 0.5
E   assert 0.547831481922746 < 0.5
___________ TestSearchMetricsService.test_compute_ndcg_with_k_limit ___________
tests\services\test_search_metrics_service.py:86: in test_compute_ndcg_with_k_limit
    assert ndcg_k3 > ndcg_k5
E   assert 0.7271926019583823 > 0.9066150699712454
________ TestSearchMetricsService.test_compute_ndcg_missing_judgments _________
tests\services\test_search_metrics_service.py:121: in test_compute_ndcg_missing_judgments
    assert 0.0 < ndcg < 1.0
E   assert 1.0 < 1.0
___________________ TestFtsSearch.test_fts_search_fallback ____________________
tests\services\test_search_service.py:268: in test_fts_search_fallback
    result = AdvancedSearchService.search(db, query)
             ^^^^^^^^^^^^^^^^^^^^^^^^^^^^^^^^^^^^^^^
app\services\search_service.py:1097: in search
    AdvancedSearchService._cache_search_results(cache_key, items, total, facets, snippets)
    ^^^^^^^^^^^^^^^^^^^^^^^^^^^^^^^^^^^^^^^^^^^
E   AttributeError: type object 'AdvancedSearchService' has no attribute '_cache_search_results'
---------------------------- Captured stderr call -----------------------------
2025-11-18 13:58:57,595 - backend.app.cache.redis_cache - ERROR - Redis get error for key search_query:26c964cc82fcc96bdf6a56d4b5f8e20e: Error 10061 connecting to localhost:6379. No connection could be made because the target machine actively refused it.
------------------------------ Captured log call ------------------------------
ERROR    backend.app.cache.redis_cache:redis_cache.py:125 Redis get error for key search_query:26c964cc82fcc96bdf6a56d4b5f8e20e: Error 10061 connecting to localhost:6379. No connection could be made because the target machine actively refused it.
_______________ TestSearchIntegration.test_search_with_filters ________________
tests\services\test_search_service.py:333: in test_search_with_filters
    result = AdvancedSearchService.search(db, query)
             ^^^^^^^^^^^^^^^^^^^^^^^^^^^^^^^^^^^^^^^
app\services\search_service.py:895: in search
    cache_key = AdvancedSearchService._generate_cache_key(query)
                ^^^^^^^^^^^^^^^^^^^^^^^^^^^^^^^^^^^^^^^^^^^^^^^^
app\services\search_service.py:875: in _generate_cache_key
    "classification": query.filters.classification if query.filters else None,
                      ^^^^^^^^^^^^^^^^^^^^^^^^^^^^
..\..\..\AppData\Roaming\Python\Python313\site-packages\pydantic\main.py:991: in __getattr__
    raise AttributeError(f'{type(self).__name__!r} object has no attribute {item!r}')
E   AttributeError: 'SearchFilters' object has no attribute 'classification'. Did you mean: 'classification_code'?
_______________ TestSearchIntegration.test_search_without_text ________________
tests\services\test_search_service.py:351: in test_search_without_text
    result = AdvancedSearchService.search(db, query)
             ^^^^^^^^^^^^^^^^^^^^^^^^^^^^^^^^^^^^^^^
app\services\search_service.py:895: in search
    cache_key = AdvancedSearchService._generate_cache_key(query)
                ^^^^^^^^^^^^^^^^^^^^^^^^^^^^^^^^^^^^^^^^^^^^^^^^
app\services\search_service.py:875: in _generate_cache_key
    "classification": query.filters.classification if query.filters else None,
                      ^^^^^^^^^^^^^^^^^^^^^^^^^^^^
..\..\..\AppData\Roaming\Python\Python313\site-packages\pydantic\main.py:991: in __getattr__
    raise AttributeError(f'{type(self).__name__!r} object has no attribute {item!r}')
E   AttributeError: 'SearchFilters' object has no attribute 'classification'. Did you mean: 'classification_code'?
________________ TestSearchIntegration.test_search_pagination _________________
tests\services\test_search_service.py:365: in test_search_pagination
    result1 = AdvancedSearchService.search(db, query)
              ^^^^^^^^^^^^^^^^^^^^^^^^^^^^^^^^^^^^^^^
app\services\search_service.py:1097: in search
    AdvancedSearchService._cache_search_results(cache_key, items, total, facets, snippets)
    ^^^^^^^^^^^^^^^^^^^^^^^^^^^^^^^^^^^^^^^^^^^
E   AttributeError: type object 'AdvancedSearchService' has no attribute '_cache_search_results'
---------------------------- Captured stderr call -----------------------------
2025-11-18 13:59:07,184 - backend.app.cache.redis_cache - ERROR - Redis get error for key search_query:119dfa2e954abefff5212d538ceeef78: Error 10061 connecting to localhost:6379. No connection could be made because the target machine actively refused it.
------------------------------ Captured log call ------------------------------
ERROR    backend.app.cache.redis_cache:redis_cache.py:125 Redis get error for key search_query:119dfa2e954abefff5212d538ceeef78: Error 10061 connecting to localhost:6379. No connection could be made because the target machine actively refused it.
__________________ TestSearchIntegration.test_search_sorting __________________
tests\services\test_search_service.py:385: in test_search_sorting
    result = AdvancedSearchService.search(db, query)
             ^^^^^^^^^^^^^^^^^^^^^^^^^^^^^^^^^^^^^^^
app\services\search_service.py:1097: in search
    AdvancedSearchService._cache_search_results(cache_key, items, total, facets, snippets)
    ^^^^^^^^^^^^^^^^^^^^^^^^^^^^^^^^^^^^^^^^^^^
E   AttributeError: type object 'AdvancedSearchService' has no attribute '_cache_search_results'
---------------------------- Captured stderr call -----------------------------
2025-11-18 13:59:11,628 - backend.app.cache.redis_cache - ERROR - Redis get error for key search_query:6e491be23dc7f3129ef23c6fd5354177: Error 10061 connecting to localhost:6379. No connection could be made because the target machine actively refused it.
------------------------------ Captured log call ------------------------------
ERROR    backend.app.cache.redis_cache:redis_cache.py:125 Redis get error for key search_query:6e491be23dc7f3129ef23c6fd5354177: Error 10061 connecting to localhost:6379. No connection could be made because the target machine actively refused it.
_____________________ TestFacets.test_facets_computation ______________________
tests\services\test_search_service.py:403: in test_facets_computation
    result = AdvancedSearchService.search(db, query)
             ^^^^^^^^^^^^^^^^^^^^^^^^^^^^^^^^^^^^^^^
app\services\search_service.py:1097: in search
    AdvancedSearchService._cache_search_results(cache_key, items, total, facets, snippets)
    ^^^^^^^^^^^^^^^^^^^^^^^^^^^^^^^^^^^^^^^^^^^
E   AttributeError: type object 'AdvancedSearchService' has no attribute '_cache_search_results'
---------------------------- Captured stderr call -----------------------------
2025-11-18 13:59:16,063 - backend.app.cache.redis_cache - ERROR - Redis get error for key search_query:02d71c32460bc81281b2ae477ba87b7e: Error 10061 connecting to localhost:6379. No connection could be made because the target machine actively refused it.
------------------------------ Captured log call ------------------------------
ERROR    backend.app.cache.redis_cache:redis_cache.py:125 Redis get error for key search_query:02d71c32460bc81281b2ae477ba87b7e: Error 10061 connecting to localhost:6379. No connection could be made because the target machine actively refused it.
_____________________ TestFacets.test_facets_with_filters _____________________
tests\services\test_search_service.py:426: in test_facets_with_filters
    result = AdvancedSearchService.search(db, query)
             ^^^^^^^^^^^^^^^^^^^^^^^^^^^^^^^^^^^^^^^
app\services\search_service.py:895: in search
    cache_key = AdvancedSearchService._generate_cache_key(query)
                ^^^^^^^^^^^^^^^^^^^^^^^^^^^^^^^^^^^^^^^^^^^^^^^^
app\services\search_service.py:875: in _generate_cache_key
    "classification": query.filters.classification if query.filters else None,
                      ^^^^^^^^^^^^^^^^^^^^^^^^^^^^
..\..\..\AppData\Roaming\Python\Python313\site-packages\pydantic\main.py:991: in __getattr__
    raise AttributeError(f'{type(self).__name__!r} object has no attribute {item!r}')
E   AttributeError: 'SearchFilters' object has no attribute 'classification'. Did you mean: 'classification_code'?
__ TestSparseEmbeddingService.test_generate_sparse_embedding_with_mock_model __
tests\services\test_sparse_embedding_service.py:94: in test_generate_sparse_embedding_with_mock_model
    assert isinstance(result, dict)
E   assert False
E    +  where False = isinstance(None, dict)
---------------------------- Captured stderr call -----------------------------
2025-11-18 13:59:27,291 - backend.app.services.sparse_embedding_service - INFO - Loading sparse embedding model: BAAI/bge-m3
2025-11-18 13:59:27,292 - backend.app.services.sparse_embedding_service - INFO - Using CPU for sparse embedding generation
2025-11-18 13:59:27,292 - backend.app.services.sparse_embedding_service - INFO - Successfully loaded BAAI/bge-m3 on cpu
------------------------------ Captured log call ------------------------------
INFO     backend.app.services.sparse_embedding_service:sparse_embedding_service.py:92 Loading sparse embedding model: BAAI/bge-m3
INFO     backend.app.services.sparse_embedding_service:sparse_embedding_service.py:100 Using CPU for sparse embedding generation
INFO     backend.app.services.sparse_embedding_service:sparse_embedding_service.py:108 Successfully loaded BAAI/bge-m3 on cpu
______ TestPendingResourceCreation.test_create_pending_resource_success _______
tests\unit\core\test_resource_service.py:28: in test_create_pending_resource_success
    assert isinstance(resource, Resource)
E   AssertionError: assert False
E    +  where False = isinstance(<Resource(id=UUID('206364bc-4516-4250-840d-9900126ac79d'), title='Test Article')>, Resource)
---------------------------- Captured stderr call -----------------------------
2025-11-18 13:59:36,188 - backend.app.services.resource_service - INFO - Creating new pending resource for URL: https://example.com/test
2025-11-18 13:59:36,204 - backend.app.services.resource_service - INFO - Created pending resource with source: https://example.com/test
------------------------------ Captured log call ------------------------------
INFO     backend.app.services.resource_service:resource_service.py:89 Creating new pending resource for URL: https://example.com/test
INFO     backend.app.services.resource_service:resource_service.py:121 Created pending resource with source: https://example.com/test
___________ TestBackgroundIngestion.test_process_ingestion_success ____________
tests\unit\core\test_resource_service.py:141: in test_process_ingestion_success
    process_ingestion(resource_id, archive_root=temp_dir, engine_url=engine_url)
app\services\resource_service.py:413: in process_ingestion
    increment_active_ingestions()
app\monitoring.py:278: in increment_active_ingestions
    ACTIVE_INGESTIONS.inc()
    ^^^^^^^^^^^^^^^^^^^^^
E   AttributeError: 'NoneType' object has no attribute 'inc'
---------------------------- Captured stderr call -----------------------------
2025-11-18 13:59:37,672 - backend.app.services.resource_service - INFO - Creating new pending resource for URL: https://example.com/test
2025-11-18 13:59:37,690 - backend.app.services.resource_service - INFO - Created pending resource with source: https://example.com/test
------------------------------ Captured log call ------------------------------
INFO     backend.app.services.resource_service:resource_service.py:89 Creating new pending resource for URL: https://example.com/test
INFO     backend.app.services.resource_service:resource_service.py:121 Created pending resource with source: https://example.com/test
_________ TestBackgroundIngestion.test_process_ingestion_fetch_error __________
tests\unit\core\test_resource_service.py:174: in test_process_ingestion_fetch_error
    process_ingestion(resource_id, engine_url=engine_url)
app\services\resource_service.py:413: in process_ingestion
    increment_active_ingestions()
app\monitoring.py:278: in increment_active_ingestions
    ACTIVE_INGESTIONS.inc()
    ^^^^^^^^^^^^^^^^^^^^^
E   AttributeError: 'NoneType' object has no attribute 'inc'
---------------------------- Captured stderr call -----------------------------
2025-11-18 13:59:37,956 - backend.app.services.resource_service - INFO - Creating new pending resource for URL: https://example.com/test
2025-11-18 13:59:37,975 - backend.app.services.resource_service - INFO - Created pending resource with source: https://example.com/test
------------------------------ Captured log call ------------------------------
INFO     backend.app.services.resource_service:resource_service.py:89 Creating new pending resource for URL: https://example.com/test
INFO     backend.app.services.resource_service:resource_service.py:121 Created pending resource with source: https://example.com/test
___________ TestAsyncIngestionIntegration.test_async_ingestion_flow ___________
tests\unit\core\test_resource_service.py:274: in test_async_ingestion_flow
    response = client.post("/resources", json={"url": "https://example.com/test"})
               ^^^^^^^^^^^^^^^^^^^^^^^^^^^^^^^^^^^^^^^^^^^^^^^^^^^^^^^^^^^^^^^^^^^
..\..\..\AppData\Roaming\Python\Python313\site-packages\starlette\testclient.py:552: in post
    return super().post(
..\..\..\AppData\Roaming\Python\Python313\site-packages\httpx\_client.py:1144: in post
    return self.request(
..\..\..\AppData\Roaming\Python\Python313\site-packages\starlette\testclient.py:451: in request
    return super().request(
..\..\..\AppData\Roaming\Python\Python313\site-packages\httpx\_client.py:825: in request
    return self.send(request, auth=auth, follow_redirects=follow_redirects)
           ^^^^^^^^^^^^^^^^^^^^^^^^^^^^^^^^^^^^^^^^^^^^^^^^^^^^^^^^^^^^^^^^
..\..\..\AppData\Roaming\Python\Python313\site-packages\httpx\_client.py:914: in send
    response = self._send_handling_auth(
..\..\..\AppData\Roaming\Python\Python313\site-packages\httpx\_client.py:942: in _send_handling_auth
    response = self._send_handling_redirects(
..\..\..\AppData\Roaming\Python\Python313\site-packages\httpx\_client.py:979: in _send_handling_redirects
    response = self._send_single_request(request)
               ^^^^^^^^^^^^^^^^^^^^^^^^^^^^^^^^^^
..\..\..\AppData\Roaming\Python\Python313\site-packages\httpx\_client.py:1014: in _send_single_request
    response = transport.handle_request(request)
               ^^^^^^^^^^^^^^^^^^^^^^^^^^^^^^^^^
..\..\..\AppData\Roaming\Python\Python313\site-packages\starlette\testclient.py:354: in handle_request
    raise exc
..\..\..\AppData\Roaming\Python\Python313\site-packages\starlette\testclient.py:351: in handle_request
    portal.call(self.app, scope, receive, send)
..\..\..\AppData\Roaming\Python\Python313\site-packages\anyio\from_thread.py:291: in call
    return cast(T_Retval, self.start_task_soon(func, *args).result())
                          ^^^^^^^^^^^^^^^^^^^^^^^^^^^^^^^^^^^^^^^^^^
C:\Python313\Lib\concurrent\futures\_base.py:456: in result
    return self.__get_result()
           ^^^^^^^^^^^^^^^^^^^
C:\Python313\Lib\concurrent\futures\_base.py:401: in __get_result
    raise self._exception
..\..\..\AppData\Roaming\Python\Python313\site-packages\anyio\from_thread.py:222: in _call_func
    retval = await retval_or_awaitable
             ^^^^^^^^^^^^^^^^^^^^^^^^^
..\..\..\AppData\Roaming\Python\Python313\site-packages\fastapi\applications.py:1054: in __call__
    await super().__call__(scope, receive, send)
..\..\..\AppData\Roaming\Python\Python313\site-packages\starlette\applications.py:113: in __call__
    await self.middleware_stack(scope, receive, send)
..\..\..\AppData\Roaming\Python\Python313\site-packages\starlette\middleware\errors.py:186: in __call__
    raise exc
..\..\..\AppData\Roaming\Python\Python313\site-packages\starlette\middleware\errors.py:164: in __call__
    await self.app(scope, receive, _send)
..\..\..\AppData\Roaming\Python\Python313\site-packages\starlette\middleware\cors.py:85: in __call__
    await self.app(scope, receive, send)
..\..\..\AppData\Roaming\Python\Python313\site-packages\starlette\middleware\exceptions.py:63: in __call__
    await wrap_app_handling_exceptions(self.app, conn)(scope, receive, send)
..\..\..\AppData\Roaming\Python\Python313\site-packages\starlette\_exception_handler.py:53: in wrapped_app
    raise exc
..\..\..\AppData\Roaming\Python\Python313\site-packages\starlette\_exception_handler.py:42: in wrapped_app
    await app(scope, receive, sender)
..\..\..\AppData\Roaming\Python\Python313\site-packages\starlette\routing.py:716: in __call__
    await self.middleware_stack(scope, receive, send)
..\..\..\AppData\Roaming\Python\Python313\site-packages\starlette\routing.py:736: in app
    await route.handle(scope, receive, send)
..\..\..\AppData\Roaming\Python\Python313\site-packages\starlette\routing.py:290: in handle
    await self.app(scope, receive, send)
..\..\..\AppData\Roaming\Python\Python313\site-packages\starlette\routing.py:78: in app
    await wrap_app_handling_exceptions(app, request)(scope, receive, send)
..\..\..\AppData\Roaming\Python\Python313\site-packages\starlette\_exception_handler.py:53: in wrapped_app
    raise exc
..\..\..\AppData\Roaming\Python\Python313\site-packages\starlette\_exception_handler.py:42: in wrapped_app
    await app(scope, receive, sender)
..\..\..\AppData\Roaming\Python\Python313\site-packages\starlette\routing.py:76: in app
    await response(scope, receive, send)
..\..\..\AppData\Roaming\Python\Python313\site-packages\starlette\responses.py:168: in __call__
    await self.background()
..\..\..\AppData\Roaming\Python\Python313\site-packages\starlette\background.py:42: in __call__
    await task()
..\..\..\AppData\Roaming\Python\Python313\site-packages\starlette\background.py:29: in __call__
    await run_in_threadpool(self.func, *self.args, **self.kwargs)
..\..\..\AppData\Roaming\Python\Python313\site-packages\starlette\concurrency.py:38: in run_in_threadpool
    return await anyio.to_thread.run_sync(func)
           ^^^^^^^^^^^^^^^^^^^^^^^^^^^^^^^^^^^^
..\..\..\AppData\Roaming\Python\Python313\site-packages\anyio\to_thread.py:56: in run_sync
    return await get_async_backend().run_sync_in_worker_thread(
..\..\..\AppData\Roaming\Python\Python313\site-packages\anyio\_backends\_asyncio.py:2476: in run_sync_in_worker_thread
    return await future
           ^^^^^^^^^^^^
..\..\..\AppData\Roaming\Python\Python313\site-packages\anyio\_backends\_asyncio.py:967: in run
    result = context.run(func, *args)
             ^^^^^^^^^^^^^^^^^^^^^^^^
app\services\resource_service.py:413: in process_ingestion
    increment_active_ingestions()
app\monitoring.py:278: in increment_active_ingestions
    ACTIVE_INGESTIONS.inc()
    ^^^^^^^^^^^^^^^^^^^^^
E   AttributeError: 'NoneType' object has no attribute 'inc'
---------------------------- Captured stderr call -----------------------------
2025-11-18 13:59:42,547 - backend.app.services.resource_service - INFO - Creating new pending resource for URL: https://example.com/test
2025-11-18 13:59:42,571 - backend.app.services.resource_service - INFO - Created pending resource with source: https://example.com/test
------------------------------ Captured log call ------------------------------
INFO     backend.app.services.resource_service:resource_service.py:89 Creating new pending resource for URL: https://example.com/test
INFO     backend.app.services.resource_service:resource_service.py:121 Created pending resource with source: https://example.com/test
_ TestAsyncIngestionIntegration.test_manual_classification_override_endpoint __
tests\unit\core\test_resource_service.py:323: in test_manual_classification_override_endpoint
    response = client.post("/resources", json={"url": "https://example.com/test"})
               ^^^^^^^^^^^^^^^^^^^^^^^^^^^^^^^^^^^^^^^^^^^^^^^^^^^^^^^^^^^^^^^^^^^
..\..\..\AppData\Roaming\Python\Python313\site-packages\starlette\testclient.py:552: in post
    return super().post(
..\..\..\AppData\Roaming\Python\Python313\site-packages\httpx\_client.py:1144: in post
    return self.request(
..\..\..\AppData\Roaming\Python\Python313\site-packages\starlette\testclient.py:451: in request
    return super().request(
..\..\..\AppData\Roaming\Python\Python313\site-packages\httpx\_client.py:825: in request
    return self.send(request, auth=auth, follow_redirects=follow_redirects)
           ^^^^^^^^^^^^^^^^^^^^^^^^^^^^^^^^^^^^^^^^^^^^^^^^^^^^^^^^^^^^^^^^
..\..\..\AppData\Roaming\Python\Python313\site-packages\httpx\_client.py:914: in send
    response = self._send_handling_auth(
..\..\..\AppData\Roaming\Python\Python313\site-packages\httpx\_client.py:942: in _send_handling_auth
    response = self._send_handling_redirects(
..\..\..\AppData\Roaming\Python\Python313\site-packages\httpx\_client.py:979: in _send_handling_redirects
    response = self._send_single_request(request)
               ^^^^^^^^^^^^^^^^^^^^^^^^^^^^^^^^^^
..\..\..\AppData\Roaming\Python\Python313\site-packages\httpx\_client.py:1014: in _send_single_request
    response = transport.handle_request(request)
               ^^^^^^^^^^^^^^^^^^^^^^^^^^^^^^^^^
..\..\..\AppData\Roaming\Python\Python313\site-packages\starlette\testclient.py:354: in handle_request
    raise exc
..\..\..\AppData\Roaming\Python\Python313\site-packages\starlette\testclient.py:351: in handle_request
    portal.call(self.app, scope, receive, send)
..\..\..\AppData\Roaming\Python\Python313\site-packages\anyio\from_thread.py:291: in call
    return cast(T_Retval, self.start_task_soon(func, *args).result())
                          ^^^^^^^^^^^^^^^^^^^^^^^^^^^^^^^^^^^^^^^^^^
C:\Python313\Lib\concurrent\futures\_base.py:456: in result
    return self.__get_result()
           ^^^^^^^^^^^^^^^^^^^
C:\Python313\Lib\concurrent\futures\_base.py:401: in __get_result
    raise self._exception
..\..\..\AppData\Roaming\Python\Python313\site-packages\anyio\from_thread.py:222: in _call_func
    retval = await retval_or_awaitable
             ^^^^^^^^^^^^^^^^^^^^^^^^^
..\..\..\AppData\Roaming\Python\Python313\site-packages\fastapi\applications.py:1054: in __call__
    await super().__call__(scope, receive, send)
..\..\..\AppData\Roaming\Python\Python313\site-packages\starlette\applications.py:113: in __call__
    await self.middleware_stack(scope, receive, send)
..\..\..\AppData\Roaming\Python\Python313\site-packages\starlette\middleware\errors.py:186: in __call__
    raise exc
..\..\..\AppData\Roaming\Python\Python313\site-packages\starlette\middleware\errors.py:164: in __call__
    await self.app(scope, receive, _send)
..\..\..\AppData\Roaming\Python\Python313\site-packages\starlette\middleware\cors.py:85: in __call__
    await self.app(scope, receive, send)
..\..\..\AppData\Roaming\Python\Python313\site-packages\starlette\middleware\exceptions.py:63: in __call__
    await wrap_app_handling_exceptions(self.app, conn)(scope, receive, send)
..\..\..\AppData\Roaming\Python\Python313\site-packages\starlette\_exception_handler.py:53: in wrapped_app
    raise exc
..\..\..\AppData\Roaming\Python\Python313\site-packages\starlette\_exception_handler.py:42: in wrapped_app
    await app(scope, receive, sender)
..\..\..\AppData\Roaming\Python\Python313\site-packages\starlette\routing.py:716: in __call__
    await self.middleware_stack(scope, receive, send)
..\..\..\AppData\Roaming\Python\Python313\site-packages\starlette\routing.py:736: in app
    await route.handle(scope, receive, send)
..\..\..\AppData\Roaming\Python\Python313\site-packages\starlette\routing.py:290: in handle
    await self.app(scope, receive, send)
..\..\..\AppData\Roaming\Python\Python313\site-packages\starlette\routing.py:78: in app
    await wrap_app_handling_exceptions(app, request)(scope, receive, send)
..\..\..\AppData\Roaming\Python\Python313\site-packages\starlette\_exception_handler.py:53: in wrapped_app
    raise exc
..\..\..\AppData\Roaming\Python\Python313\site-packages\starlette\_exception_handler.py:42: in wrapped_app
    await app(scope, receive, sender)
..\..\..\AppData\Roaming\Python\Python313\site-packages\starlette\routing.py:76: in app
    await response(scope, receive, send)
..\..\..\AppData\Roaming\Python\Python313\site-packages\starlette\responses.py:168: in __call__
    await self.background()
..\..\..\AppData\Roaming\Python\Python313\site-packages\starlette\background.py:42: in __call__
    await task()
..\..\..\AppData\Roaming\Python\Python313\site-packages\starlette\background.py:29: in __call__
    await run_in_threadpool(self.func, *self.args, **self.kwargs)
..\..\..\AppData\Roaming\Python\Python313\site-packages\starlette\concurrency.py:38: in run_in_threadpool
    return await anyio.to_thread.run_sync(func)
           ^^^^^^^^^^^^^^^^^^^^^^^^^^^^^^^^^^^^
..\..\..\AppData\Roaming\Python\Python313\site-packages\anyio\to_thread.py:56: in run_sync
    return await get_async_backend().run_sync_in_worker_thread(
..\..\..\AppData\Roaming\Python\Python313\site-packages\anyio\_backends\_asyncio.py:2476: in run_sync_in_worker_thread
    return await future
           ^^^^^^^^^^^^
..\..\..\AppData\Roaming\Python\Python313\site-packages\anyio\_backends\_asyncio.py:967: in run
    result = context.run(func, *args)
             ^^^^^^^^^^^^^^^^^^^^^^^^
app\services\resource_service.py:413: in process_ingestion
    increment_active_ingestions()
app\monitoring.py:278: in increment_active_ingestions
    ACTIVE_INGESTIONS.inc()
    ^^^^^^^^^^^^^^^^^^^^^
E   AttributeError: 'NoneType' object has no attribute 'inc'
---------------------------- Captured stderr call -----------------------------
2025-11-18 13:59:43,136 - backend.app.services.resource_service - INFO - Creating new pending resource for URL: https://example.com/test
2025-11-18 13:59:43,153 - backend.app.services.resource_service - INFO - Created pending resource with source: https://example.com/test
------------------------------ Captured log call ------------------------------
INFO     backend.app.services.resource_service:resource_service.py:89 Creating new pending resource for URL: https://example.com/test
INFO     backend.app.services.resource_service:resource_service.py:121 Created pending resource with source: https://example.com/test
_________ TestMultiLayerGraphConstruction.test_citation_edge_creation _________
tests\unit\phase10_graph_intelligence\test_phase10_graph_construction.py:89: in test_citation_edge_creation
    assert db_edge is not None
E   assert None is not None
_______ TestMultiLayerGraphConstruction.test_coauthorship_edge_creation _______
tests\unit\phase10_graph_intelligence\test_phase10_graph_construction.py:137: in test_coauthorship_edge_creation
    assert G.has_edge(str(resource_a.id), str(resource_b.id))
E   AssertionError: assert False
E    +  where False = has_edge('ff6844d6-a768-4a57-b788-36f4c5259039', 'e01435bb-4f04-4cc8-a848-b8da988151f0')
E    +    where has_edge = <networkx.classes.multigraph.MultiGraph object at 0x0000019725A5B550>.has_edge
E    +    and   'ff6844d6-a768-4a57-b788-36f4c5259039' = str(UUID('ff6844d6-a768-4a57-b788-36f4c5259039'))
E    +      where UUID('ff6844d6-a768-4a57-b788-36f4c5259039') = <Resource(id=UUID('ff6844d6-a768-4a57-b788-36f4c5259039'), title='Paper A')>.id
E    +    and   'e01435bb-4f04-4cc8-a848-b8da988151f0' = str(UUID('e01435bb-4f04-4cc8-a848-b8da988151f0'))
E    +      where UUID('e01435bb-4f04-4cc8-a848-b8da988151f0') = <Resource(id=UUID('e01435bb-4f04-4cc8-a848-b8da988151f0'), title='Paper B')>.id
____ TestMultiLayerGraphConstruction.test_subject_similarity_edge_creation ____
tests\unit\phase10_graph_intelligence\test_phase10_graph_construction.py:221: in test_subject_similarity_edge_creation
    assert G.has_edge(str(resource_a.id), str(resource_b.id))
E   AssertionError: assert False
E    +  where False = has_edge('28e92e13-b7ff-479b-904c-1c1ff4e98bdb', '0583d1a9-aed8-4b9c-a6f5-986c81e38b6b')
E    +    where has_edge = <networkx.classes.multigraph.MultiGraph object at 0x00000197247509B0>.has_edge
E    +    and   '28e92e13-b7ff-479b-904c-1c1ff4e98bdb' = str(UUID('28e92e13-b7ff-479b-904c-1c1ff4e98bdb'))
E    +      where UUID('28e92e13-b7ff-479b-904c-1c1ff4e98bdb') = <Resource(id=UUID('28e92e13-b7ff-479b-904c-1c1ff4e98bdb'), title='Paper A')>.id
E    +    and   '0583d1a9-aed8-4b9c-a6f5-986c81e38b6b' = str(UUID('0583d1a9-aed8-4b9c-a6f5-986c81e38b6b'))
E    +      where UUID('0583d1a9-aed8-4b9c-a6f5-986c81e38b6b') = <Resource(id=UUID('0583d1a9-aed8-4b9c-a6f5-986c81e38b6b'), title='Paper B')>.id
_________ TestMultiLayerGraphConstruction.test_temporal_edge_creation _________
tests\unit\phase10_graph_intelligence\test_phase10_graph_construction.py:279: in test_temporal_edge_creation
    assert G.has_edge(str(resource_a.id), str(resource_b.id))
E   AssertionError: assert False
E    +  where False = has_edge('c984769f-afbf-4048-b31b-9b52d3bb8fac', 'a79f40a5-48e6-47c9-a10f-f4ff0fd4f704')
E    +    where has_edge = <networkx.classes.multigraph.MultiGraph object at 0x00000197247533E0>.has_edge
E    +    and   'c984769f-afbf-4048-b31b-9b52d3bb8fac' = str(UUID('c984769f-afbf-4048-b31b-9b52d3bb8fac'))
E    +      where UUID('c984769f-afbf-4048-b31b-9b52d3bb8fac') = <Resource(id=UUID('c984769f-afbf-4048-b31b-9b52d3bb8fac'), title='Paper A')>.id
E    +    and   'a79f40a5-48e6-47c9-a10f-f4ff0fd4f704' = str(UUID('a79f40a5-48e6-47c9-a10f-f4ff0fd4f704'))
E    +      where UUID('a79f40a5-48e6-47c9-a10f-f4ff0fd4f704') = <Resource(id=UUID('a79f40a5-48e6-47c9-a10f-f4ff0fd4f704'), title='Paper B')>.id
________ TestMultiLayerGraphConstruction.test_edge_weight_calculations ________
tests\unit\phase10_graph_intelligence\test_phase10_graph_construction.py:410: in test_edge_weight_calculations
    assert "co_authorship" in edges_by_type
E   AssertionError: assert 'co_authorship' in {'citation': 1.0}
________________ TestLBDOpenDiscovery.test_abc_path_discovery _________________
tests\unit\phase10_graph_intelligence\test_phase10_lbd_discovery.py:69: in test_abc_path_discovery
    hypotheses = lbd_service.open_discovery(
                 ^^^^^^^^^^^^^^^^^^^^^^^^^^
E   AttributeError: 'LBDService' object has no attribute 'open_discovery'
____________ TestLBDOpenDiscovery.test_direct_connection_exclusion ____________
tests\unit\phase10_graph_intelligence\test_phase10_lbd_discovery.py:162: in test_direct_connection_exclusion
    hypotheses = lbd_service.open_discovery(
                 ^^^^^^^^^^^^^^^^^^^^^^^^^^
E   AttributeError: 'LBDService' object has no attribute 'open_discovery'
_______________ TestLBDOpenDiscovery.test_plausibility_scoring ________________
tests\unit\phase10_graph_intelligence\test_phase10_lbd_discovery.py:241: in test_plausibility_scoring
    hypotheses = lbd_service.open_discovery(
                 ^^^^^^^^^^^^^^^^^^^^^^^^^^
E   AttributeError: 'LBDService' object has no attribute 'open_discovery'
____________ TestLBDOpenDiscovery.test_min_plausibility_filtering _____________
tests\unit\phase10_graph_intelligence\test_phase10_lbd_discovery.py:301: in test_min_plausibility_filtering
    hypotheses_low = lbd_service.open_discovery(
                     ^^^^^^^^^^^^^^^^^^^^^^^^^^
E   AttributeError: 'LBDService' object has no attribute 'open_discovery'
________________ TestLBDOpenDiscovery.test_hypothesis_storage _________________
tests\unit\phase10_graph_intelligence\test_phase10_lbd_discovery.py:375: in test_hypothesis_storage
    hypotheses = lbd_service.open_discovery(
                 ^^^^^^^^^^^^^^^^^^^^^^^^^^
E   AttributeError: 'LBDService' object has no attribute 'open_discovery'
______________ TestLBDOpenDiscovery.test_ranking_by_plausibility ______________
tests\unit\phase10_graph_intelligence\test_phase10_lbd_discovery.py:445: in test_ranking_by_plausibility
    hypotheses = lbd_service.open_discovery(
                 ^^^^^^^^^^^^^^^^^^^^^^^^^^
E   AttributeError: 'LBDService' object has no attribute 'open_discovery'
_______________ TestNeighborDiscovery.test_edge_type_filtering ________________
tests\unit\phase10_graph_intelligence\test_phase10_neighbor_discovery.py:252: in test_edge_type_filtering
    assert str(resource_b.id) in neighbor_ids_temporal
E   AssertionError: assert '8f68a9d8-7b12-4e53-9fdb-e063876cb1b1' in set()
E    +  where '8f68a9d8-7b12-4e53-9fdb-e063876cb1b1' = str(UUID('8f68a9d8-7b12-4e53-9fdb-e063876cb1b1'))
E    +    where UUID('8f68a9d8-7b12-4e53-9fdb-e063876cb1b1') = <Resource(id=UUID('8f68a9d8-7b12-4e53-9fdb-e063876cb1b1'), title='Paper B')>.id
_______________ TestNeighborDiscovery.test_min_weight_filtering _______________
tests\unit\phase10_graph_intelligence\test_phase10_neighbor_discovery.py:334: in test_min_weight_filtering
    assert str(resource_c.id) in neighbor_ids_low
E   AssertionError: assert '9af7b0e7-e0af-467d-8f14-039a06e16140' in {'d42dda6f-98e4-4e6f-bfd5-004aeea88a51'}
E    +  where '9af7b0e7-e0af-467d-8f14-039a06e16140' = str(UUID('9af7b0e7-e0af-467d-8f14-039a06e16140'))
E    +    where UUID('9af7b0e7-e0af-467d-8f14-039a06e16140') = <Resource(id=UUID('9af7b0e7-e0af-467d-8f14-039a06e16140'), title='Paper C')>.id
________________ TestHybridScoring.test_rank_candidates_basic _________________
tests\unit\phase11_recommendations\test_hybrid_recommendations.py:238: in test_rank_candidates_basic
    assert len(ranked) > 0
E   assert 0 > 0
E    +  where 0 = len([])
---------------------------- Captured stderr setup ----------------------------
2025-11-18 13:59:57,462 - backend.app.services.hybrid_recommendation_service - INFO - HybridRecommendationService initialized
----------------------------- Captured log setup ------------------------------
INFO     backend.app.services.hybrid_recommendation_service:hybrid_recommendation_service.py:79 HybridRecommendationService initialized
---------------------------- Captured stderr call -----------------------------
2025-11-18 13:59:57,505 - backend.app.services.hybrid_recommendation_service - ERROR - Error in _rank_candidates for user f8a69c98-6278-45d2-a5e1-4accc1bbe798: 'Mock' object is not iterable
Traceback (most recent call last):
  File "C:\Users\rooma\PycharmProjects\neo_alexadria\backend\app\services\hybrid_recommendation_service.py", line 330, in _rank_candidates
    resource_dict = {resource.id: resource for resource in resources}
                                                           ^^^^^^^^^
TypeError: 'Mock' object is not iterable
------------------------------ Captured log call ------------------------------
ERROR    backend.app.services.hybrid_recommendation_service:hybrid_recommendation_service.py:394 Error in _rank_candidates for user f8a69c98-6278-45d2-a5e1-4accc1bbe798: 'Mock' object is not iterable
Traceback (most recent call last):
  File "C:\Users\rooma\PycharmProjects\neo_alexadria\backend\app\services\hybrid_recommendation_service.py", line 330, in _rank_candidates
    resource_dict = {resource.id: resource for resource in resources}
                                                           ^^^^^^^^^
TypeError: 'Mock' object is not iterable
_________ TestHybridScoring.test_rank_candidates_with_missing_scores __________
tests\unit\phase11_recommendations\test_hybrid_recommendations.py:266: in test_rank_candidates_with_missing_scores
    assert len(ranked) > 0
E   assert 0 > 0
E    +  where 0 = len([])
---------------------------- Captured stderr setup ----------------------------
2025-11-18 13:59:57,571 - backend.app.services.hybrid_recommendation_service - INFO - HybridRecommendationService initialized
----------------------------- Captured log setup ------------------------------
INFO     backend.app.services.hybrid_recommendation_service:hybrid_recommendation_service.py:79 HybridRecommendationService initialized
---------------------------- Captured stderr call -----------------------------
2025-11-18 13:59:57,601 - backend.app.services.hybrid_recommendation_service - ERROR - Error in _rank_candidates for user 4a4f1895-4cb3-4432-a39b-9a84f1e42ada: 'Mock' object is not iterable
Traceback (most recent call last):
  File "C:\Users\rooma\PycharmProjects\neo_alexadria\backend\app\services\hybrid_recommendation_service.py", line 330, in _rank_candidates
    resource_dict = {resource.id: resource for resource in resources}
                                                           ^^^^^^^^^
TypeError: 'Mock' object is not iterable
------------------------------ Captured log call ------------------------------
ERROR    backend.app.services.hybrid_recommendation_service:hybrid_recommendation_service.py:394 Error in _rank_candidates for user 4a4f1895-4cb3-4432-a39b-9a84f1e42ada: 'Mock' object is not iterable
Traceback (most recent call last):
  File "C:\Users\rooma\PycharmProjects\neo_alexadria\backend\app\services\hybrid_recommendation_service.py", line 330, in _rank_candidates
    resource_dict = {resource.id: resource for resource in resources}
                                                           ^^^^^^^^^
TypeError: 'Mock' object is not iterable
_____________ TestNoveltyBoosting.test_apply_novelty_boost_basic ______________
tests\unit\phase11_recommendations\test_hybrid_recommendations.py:360: in test_apply_novelty_boost_basic
    assert all('novelty_score' in c for c in boosted)
E   assert False
E    +  where False = all(<generator object TestNoveltyBoosting.test_apply_novelty_boost_basic.<locals>.<genexpr> at 0x000001972455A8E0>)
---------------------------- Captured stderr setup ----------------------------
2025-11-18 13:59:57,659 - backend.app.services.hybrid_recommendation_service - INFO - HybridRecommendationService initialized
----------------------------- Captured log setup ------------------------------
INFO     backend.app.services.hybrid_recommendation_service:hybrid_recommendation_service.py:79 HybridRecommendationService initialized
---------------------------- Captured stderr call -----------------------------
2025-11-18 13:59:57,684 - backend.app.services.hybrid_recommendation_service - ERROR - Error in _apply_novelty_boost: 'Mock' object is not iterable
Traceback (most recent call last):
  File "C:\Users\rooma\PycharmProjects\neo_alexadria\backend\app\services\hybrid_recommendation_service.py", line 569, in _apply_novelty_boost
    view_counts = {resource_id: count for resource_id, count in view_count_results}
                                                                ^^^^^^^^^^^^^^^^^^
TypeError: 'Mock' object is not iterable
------------------------------ Captured log call ------------------------------
ERROR    backend.app.services.hybrid_recommendation_service:hybrid_recommendation_service.py:639 Error in _apply_novelty_boost: 'Mock' object is not iterable
Traceback (most recent call last):
  File "C:\Users\rooma\PycharmProjects\neo_alexadria\backend\app\services\hybrid_recommendation_service.py", line 569, in _apply_novelty_boost
    view_counts = {resource_id: count for resource_id, count in view_count_results}
                                                                ^^^^^^^^^^^^^^^^^^
TypeError: 'Mock' object is not iterable
______ TestRecommendationGeneration.test_generate_recommendations_basic _______
tests\unit\phase11_recommendations\test_hybrid_recommendations.py:420: in test_generate_recommendations_basic
    assert len(result['recommendations']) > 0
E   assert 0 > 0
E    +  where 0 = len([])
---------------------------- Captured stderr setup ----------------------------
2025-11-18 13:59:57,700 - backend.app.services.hybrid_recommendation_service - INFO - HybridRecommendationService initialized
----------------------------- Captured log setup ------------------------------
INFO     backend.app.services.hybrid_recommendation_service:hybrid_recommendation_service.py:79 HybridRecommendationService initialized
---------------------------- Captured stderr call -----------------------------
2025-11-18 13:59:57,725 - backend.app.services.hybrid_recommendation_service - INFO - Generating recommendations for user 3536c761-f7ce-49ed-a133-ea99920f6495 (limit=5, strategy=hybrid)
2025-11-18 13:59:57,725 - backend.app.services.hybrid_recommendation_service - ERROR - Error in generate_recommendations for user 3536c761-f7ce-49ed-a133-ea99920f6495: 'score'
Traceback (most recent call last):
  File "C:\Users\rooma\PycharmProjects\neo_alexadria\backend\app\services\hybrid_recommendation_service.py", line 765, in generate_recommendations
    scores = [rec['score'] for rec in final_recommendations]
              ~~~^^^^^^^^^
KeyError: 'score'
------------------------------ Captured log call ------------------------------
INFO     backend.app.services.hybrid_recommendation_service:hybrid_recommendation_service.py:677 Generating recommendations for user 3536c761-f7ce-49ed-a133-ea99920f6495 (limit=5, strategy=hybrid)
ERROR    backend.app.services.hybrid_recommendation_service:hybrid_recommendation_service.py:813 Error in generate_recommendations for user 3536c761-f7ce-49ed-a133-ea99920f6495: 'score'
Traceback (most recent call last):
  File "C:\Users\rooma\PycharmProjects\neo_alexadria\backend\app\services\hybrid_recommendation_service.py", line 765, in generate_recommendations
    scores = [rec['score'] for rec in final_recommendations]
              ~~~^^^^^^^^^
KeyError: 'score'
_ TestRecommendationGeneration.test_generate_recommendations_with_quality_filters _
tests\unit\phase11_recommendations\test_hybrid_recommendations.py:500: in test_generate_recommendations_with_quality_filters
    assert str(mock_resources[0].id) in resource_ids  # High quality
    ^^^^^^^^^^^^^^^^^^^^^^^^^^^^^^^^^^^^^^^^^^^^^^^^
E   AssertionError: assert 'df334f06-9968-4939-8224-cb197d03e452' in []
E    +  where 'df334f06-9968-4939-8224-cb197d03e452' = str(UUID('df334f06-9968-4939-8224-cb197d03e452'))
E    +    where UUID('df334f06-9968-4939-8224-cb197d03e452') = <Mock spec='Resource' id='1748657560880'>.id
---------------------------- Captured stderr setup ----------------------------
2025-11-18 13:59:57,746 - backend.app.services.hybrid_recommendation_service - INFO - HybridRecommendationService initialized
----------------------------- Captured log setup ------------------------------
INFO     backend.app.services.hybrid_recommendation_service:hybrid_recommendation_service.py:79 HybridRecommendationService initialized
---------------------------- Captured stderr call -----------------------------
2025-11-18 13:59:57,776 - backend.app.services.hybrid_recommendation_service - INFO - Generating recommendations for user 53d36108-dca8-4d89-bb90-17397b613aa0 (limit=5, strategy=hybrid)
2025-11-18 13:59:57,776 - backend.app.services.hybrid_recommendation_service - INFO - Quality filtering: 1 candidates remaining
2025-11-18 13:59:57,776 - backend.app.services.hybrid_recommendation_service - ERROR - Error in generate_recommendations for user 53d36108-dca8-4d89-bb90-17397b613aa0: 'score'
Traceback (most recent call last):
  File "C:\Users\rooma\PycharmProjects\neo_alexadria\backend\app\services\hybrid_recommendation_service.py", line 765, in generate_recommendations
    scores = [rec['score'] for rec in final_recommendations]
              ~~~^^^^^^^^^
KeyError: 'score'
------------------------------ Captured log call ------------------------------
INFO     backend.app.services.hybrid_recommendation_service:hybrid_recommendation_service.py:677 Generating recommendations for user 53d36108-dca8-4d89-bb90-17397b613aa0 (limit=5, strategy=hybrid)
INFO     backend.app.services.hybrid_recommendation_service:hybrid_recommendation_service.py:749 Quality filtering: 1 candidates remaining
ERROR    backend.app.services.hybrid_recommendation_service:hybrid_recommendation_service.py:813 Error in generate_recommendations for user 53d36108-dca8-4d89-bb90-17397b613aa0: 'score'
Traceback (most recent call last):
  File "C:\Users\rooma\PycharmProjects\neo_alexadria\backend\app\services\hybrid_recommendation_service.py", line 765, in generate_recommendations
    scores = [rec['score'] for rec in final_recommendations]
              ~~~^^^^^^^^^
KeyError: 'score'
___________ TestGiniCoefficient.test_compute_gini_coefficient_basic ___________
tests\unit\phase11_recommendations\test_hybrid_recommendations.py:536: in test_compute_gini_coefficient_basic
    gini = hybrid_service._compute_gini_coefficient(recommendations)
           ^^^^^^^^^^^^^^^^^^^^^^^^^^^^^^^^^^^^^^^^
E   AttributeError: 'HybridRecommendationService' object has no attribute '_compute_gini_coefficient'
---------------------------- Captured stderr setup ----------------------------
2025-11-18 13:59:57,802 - backend.app.services.hybrid_recommendation_service - INFO - HybridRecommendationService initialized
----------------------------- Captured log setup ------------------------------
INFO     backend.app.services.hybrid_recommendation_service:hybrid_recommendation_service.py:79 HybridRecommendationService initialized
___________ TestGiniCoefficient.test_compute_gini_coefficient_empty ___________
tests\unit\phase11_recommendations\test_hybrid_recommendations.py:543: in test_compute_gini_coefficient_empty
    gini = hybrid_service._compute_gini_coefficient([])
           ^^^^^^^^^^^^^^^^^^^^^^^^^^^^^^^^^^^^^^^^
E   AttributeError: 'HybridRecommendationService' object has no attribute '_compute_gini_coefficient'
---------------------------- Captured stderr setup ----------------------------
2025-11-18 13:59:57,819 - backend.app.services.hybrid_recommendation_service - INFO - HybridRecommendationService initialized
----------------------------- Captured log setup ------------------------------
INFO     backend.app.services.hybrid_recommendation_service:hybrid_recommendation_service.py:79 HybridRecommendationService initialized
__________ TestGiniCoefficient.test_compute_gini_coefficient_uniform __________
tests\unit\phase11_recommendations\test_hybrid_recommendations.py:556: in test_compute_gini_coefficient_uniform
    gini = hybrid_service._compute_gini_coefficient(recommendations)
           ^^^^^^^^^^^^^^^^^^^^^^^^^^^^^^^^^^^^^^^^
E   AttributeError: 'HybridRecommendationService' object has no attribute '_compute_gini_coefficient'
---------------------------- Captured stderr setup ----------------------------
2025-11-18 13:59:57,835 - backend.app.services.hybrid_recommendation_service - INFO - HybridRecommendationService initialized
----------------------------- Captured log setup ------------------------------
INFO     backend.app.services.hybrid_recommendation_service:hybrid_recommendation_service.py:79 HybridRecommendationService initialized
_________ TestIngestionStatusTracking.test_status_endpoint_completed __________
tests\unit\phase1_ingestion\test_ingestion_status.py:54: in test_status_endpoint_completed
    process_ingestion(resource_id, archive_root=temp_dir, engine_url=engine_url)
app\services\resource_service.py:413: in process_ingestion
    increment_active_ingestions()
app\monitoring.py:278: in increment_active_ingestions
    ACTIVE_INGESTIONS.inc()
    ^^^^^^^^^^^^^^^^^^^^^
E   AttributeError: 'NoneType' object has no attribute 'inc'
---------------------------- Captured stderr call -----------------------------
2025-11-18 14:00:04,156 - backend.app.services.resource_service - INFO - Creating new pending resource for URL: https://example.com/test
2025-11-18 14:00:04,173 - backend.app.services.resource_service - INFO - Created pending resource with source: https://example.com/test
------------------------------ Captured log call ------------------------------
INFO     backend.app.services.resource_service:resource_service.py:89 Creating new pending resource for URL: https://example.com/test
INFO     backend.app.services.resource_service:resource_service.py:121 Created pending resource with source: https://example.com/test
___________ TestIngestionStatusTracking.test_status_endpoint_failed ___________
tests\unit\phase1_ingestion\test_ingestion_status.py:81: in test_status_endpoint_failed
    process_ingestion(resource_id, engine_url=engine_url)
app\services\resource_service.py:413: in process_ingestion
    increment_active_ingestions()
app\monitoring.py:278: in increment_active_ingestions
    ACTIVE_INGESTIONS.inc()
    ^^^^^^^^^^^^^^^^^^^^^
E   AttributeError: 'NoneType' object has no attribute 'inc'
---------------------------- Captured stderr call -----------------------------
2025-11-18 14:00:04,501 - backend.app.services.resource_service - INFO - Creating new pending resource for URL: https://example.com/test
2025-11-18 14:00:04,519 - backend.app.services.resource_service - INFO - Created pending resource with source: https://example.com/test
------------------------------ Captured log call ------------------------------
INFO     backend.app.services.resource_service:resource_service.py:89 Creating new pending resource for URL: https://example.com/test
INFO     backend.app.services.resource_service:resource_service.py:121 Created pending resource with source: https://example.com/test
_______ TestIngestionStatusTracking.test_status_timestamps_progression ________
tests\unit\phase1_ingestion\test_ingestion_status.py:128: in test_status_timestamps_progression
    process_ingestion(resource_id, archive_root=temp_dir, engine_url=engine_url)
app\services\resource_service.py:413: in process_ingestion
    increment_active_ingestions()
app\monitoring.py:278: in increment_active_ingestions
    ACTIVE_INGESTIONS.inc()
    ^^^^^^^^^^^^^^^^^^^^^
E   AttributeError: 'NoneType' object has no attribute 'inc'
---------------------------- Captured stderr call -----------------------------
2025-11-18 14:00:05,040 - backend.app.services.resource_service - INFO - Creating new pending resource for URL: https://example.com/test
2025-11-18 14:00:05,056 - backend.app.services.resource_service - INFO - Created pending resource with source: https://example.com/test
2025-11-18 14:00:05,067 - httpx - INFO - HTTP Request: GET http://testserver/resources/23f8421e-5d3e-4cc6-8377-8112e9756d4a/status "HTTP/1.1 200 OK"
------------------------------ Captured log call ------------------------------
INFO     backend.app.services.resource_service:resource_service.py:89 Creating new pending resource for URL: https://example.com/test
INFO     backend.app.services.resource_service:resource_service.py:121 Created pending resource with source: https://example.com/test
INFO     httpx:_client.py:1025 HTTP Request: GET http://testserver/resources/23f8421e-5d3e-4cc6-8377-8112e9756d4a/status "HTTP/1.1 200 OK"
__________ TestIngestionStatusPolling.test_polling_until_completion ___________
tests\unit\phase1_ingestion\test_ingestion_status.py:159: in test_polling_until_completion
    response = client.post("/resources", json={"url": "https://example.com/test"})
               ^^^^^^^^^^^^^^^^^^^^^^^^^^^^^^^^^^^^^^^^^^^^^^^^^^^^^^^^^^^^^^^^^^^
..\..\..\AppData\Roaming\Python\Python313\site-packages\starlette\testclient.py:552: in post
    return super().post(
..\..\..\AppData\Roaming\Python\Python313\site-packages\httpx\_client.py:1144: in post
    return self.request(
..\..\..\AppData\Roaming\Python\Python313\site-packages\starlette\testclient.py:451: in request
    return super().request(
..\..\..\AppData\Roaming\Python\Python313\site-packages\httpx\_client.py:825: in request
    return self.send(request, auth=auth, follow_redirects=follow_redirects)
           ^^^^^^^^^^^^^^^^^^^^^^^^^^^^^^^^^^^^^^^^^^^^^^^^^^^^^^^^^^^^^^^^
..\..\..\AppData\Roaming\Python\Python313\site-packages\httpx\_client.py:914: in send
    response = self._send_handling_auth(
..\..\..\AppData\Roaming\Python\Python313\site-packages\httpx\_client.py:942: in _send_handling_auth
    response = self._send_handling_redirects(
..\..\..\AppData\Roaming\Python\Python313\site-packages\httpx\_client.py:979: in _send_handling_redirects
    response = self._send_single_request(request)
               ^^^^^^^^^^^^^^^^^^^^^^^^^^^^^^^^^^
..\..\..\AppData\Roaming\Python\Python313\site-packages\httpx\_client.py:1014: in _send_single_request
    response = transport.handle_request(request)
               ^^^^^^^^^^^^^^^^^^^^^^^^^^^^^^^^^
..\..\..\AppData\Roaming\Python\Python313\site-packages\starlette\testclient.py:354: in handle_request
    raise exc
..\..\..\AppData\Roaming\Python\Python313\site-packages\starlette\testclient.py:351: in handle_request
    portal.call(self.app, scope, receive, send)
..\..\..\AppData\Roaming\Python\Python313\site-packages\anyio\from_thread.py:291: in call
    return cast(T_Retval, self.start_task_soon(func, *args).result())
                          ^^^^^^^^^^^^^^^^^^^^^^^^^^^^^^^^^^^^^^^^^^
C:\Python313\Lib\concurrent\futures\_base.py:456: in result
    return self.__get_result()
           ^^^^^^^^^^^^^^^^^^^
C:\Python313\Lib\concurrent\futures\_base.py:401: in __get_result
    raise self._exception
..\..\..\AppData\Roaming\Python\Python313\site-packages\anyio\from_thread.py:222: in _call_func
    retval = await retval_or_awaitable
             ^^^^^^^^^^^^^^^^^^^^^^^^^
..\..\..\AppData\Roaming\Python\Python313\site-packages\fastapi\applications.py:1054: in __call__
    await super().__call__(scope, receive, send)
..\..\..\AppData\Roaming\Python\Python313\site-packages\starlette\applications.py:113: in __call__
    await self.middleware_stack(scope, receive, send)
..\..\..\AppData\Roaming\Python\Python313\site-packages\starlette\middleware\errors.py:186: in __call__
    raise exc
..\..\..\AppData\Roaming\Python\Python313\site-packages\starlette\middleware\errors.py:164: in __call__
    await self.app(scope, receive, _send)
..\..\..\AppData\Roaming\Python\Python313\site-packages\starlette\middleware\cors.py:85: in __call__
    await self.app(scope, receive, send)
..\..\..\AppData\Roaming\Python\Python313\site-packages\starlette\middleware\exceptions.py:63: in __call__
    await wrap_app_handling_exceptions(self.app, conn)(scope, receive, send)
..\..\..\AppData\Roaming\Python\Python313\site-packages\starlette\_exception_handler.py:53: in wrapped_app
    raise exc
..\..\..\AppData\Roaming\Python\Python313\site-packages\starlette\_exception_handler.py:42: in wrapped_app
    await app(scope, receive, sender)
..\..\..\AppData\Roaming\Python\Python313\site-packages\starlette\routing.py:716: in __call__
    await self.middleware_stack(scope, receive, send)
..\..\..\AppData\Roaming\Python\Python313\site-packages\starlette\routing.py:736: in app
    await route.handle(scope, receive, send)
..\..\..\AppData\Roaming\Python\Python313\site-packages\starlette\routing.py:290: in handle
    await self.app(scope, receive, send)
..\..\..\AppData\Roaming\Python\Python313\site-packages\starlette\routing.py:78: in app
    await wrap_app_handling_exceptions(app, request)(scope, receive, send)
..\..\..\AppData\Roaming\Python\Python313\site-packages\starlette\_exception_handler.py:53: in wrapped_app
    raise exc
..\..\..\AppData\Roaming\Python\Python313\site-packages\starlette\_exception_handler.py:42: in wrapped_app
    await app(scope, receive, sender)
..\..\..\AppData\Roaming\Python\Python313\site-packages\starlette\routing.py:76: in app
    await response(scope, receive, send)
..\..\..\AppData\Roaming\Python\Python313\site-packages\starlette\responses.py:168: in __call__
    await self.background()
..\..\..\AppData\Roaming\Python\Python313\site-packages\starlette\background.py:42: in __call__
    await task()
..\..\..\AppData\Roaming\Python\Python313\site-packages\starlette\background.py:29: in __call__
    await run_in_threadpool(self.func, *self.args, **self.kwargs)
..\..\..\AppData\Roaming\Python\Python313\site-packages\starlette\concurrency.py:38: in run_in_threadpool
    return await anyio.to_thread.run_sync(func)
           ^^^^^^^^^^^^^^^^^^^^^^^^^^^^^^^^^^^^
..\..\..\AppData\Roaming\Python\Python313\site-packages\anyio\to_thread.py:56: in run_sync
    return await get_async_backend().run_sync_in_worker_thread(
..\..\..\AppData\Roaming\Python\Python313\site-packages\anyio\_backends\_asyncio.py:2476: in run_sync_in_worker_thread
    return await future
           ^^^^^^^^^^^^
..\..\..\AppData\Roaming\Python\Python313\site-packages\anyio\_backends\_asyncio.py:967: in run
    result = context.run(func, *args)
             ^^^^^^^^^^^^^^^^^^^^^^^^
app\services\resource_service.py:413: in process_ingestion
    increment_active_ingestions()
app\monitoring.py:278: in increment_active_ingestions
    ACTIVE_INGESTIONS.inc()
    ^^^^^^^^^^^^^^^^^^^^^
E   AttributeError: 'NoneType' object has no attribute 'inc'
---------------------------- Captured stderr call -----------------------------
2025-11-18 14:00:05,369 - backend.app.services.resource_service - INFO - Creating new pending resource for URL: https://example.com/test
2025-11-18 14:00:05,383 - backend.app.services.resource_service - INFO - Created pending resource with source: https://example.com/test
------------------------------ Captured log call ------------------------------
INFO     backend.app.services.resource_service:resource_service.py:89 Creating new pending resource for URL: https://example.com/test
INFO     backend.app.services.resource_service:resource_service.py:121 Created pending resource with source: https://example.com/test
____________ TestIngestionStatusPolling.test_polling_until_failure ____________
tests\unit\phase1_ingestion\test_ingestion_status.py:188: in test_polling_until_failure
    response = client.post("/resources", json={"url": "https://example.com/test"})
               ^^^^^^^^^^^^^^^^^^^^^^^^^^^^^^^^^^^^^^^^^^^^^^^^^^^^^^^^^^^^^^^^^^^
..\..\..\AppData\Roaming\Python\Python313\site-packages\starlette\testclient.py:552: in post
    return super().post(
..\..\..\AppData\Roaming\Python\Python313\site-packages\httpx\_client.py:1144: in post
    return self.request(
..\..\..\AppData\Roaming\Python\Python313\site-packages\starlette\testclient.py:451: in request
    return super().request(
..\..\..\AppData\Roaming\Python\Python313\site-packages\httpx\_client.py:825: in request
    return self.send(request, auth=auth, follow_redirects=follow_redirects)
           ^^^^^^^^^^^^^^^^^^^^^^^^^^^^^^^^^^^^^^^^^^^^^^^^^^^^^^^^^^^^^^^^
..\..\..\AppData\Roaming\Python\Python313\site-packages\httpx\_client.py:914: in send
    response = self._send_handling_auth(
..\..\..\AppData\Roaming\Python\Python313\site-packages\httpx\_client.py:942: in _send_handling_auth
    response = self._send_handling_redirects(
..\..\..\AppData\Roaming\Python\Python313\site-packages\httpx\_client.py:979: in _send_handling_redirects
    response = self._send_single_request(request)
               ^^^^^^^^^^^^^^^^^^^^^^^^^^^^^^^^^^
..\..\..\AppData\Roaming\Python\Python313\site-packages\httpx\_client.py:1014: in _send_single_request
    response = transport.handle_request(request)
               ^^^^^^^^^^^^^^^^^^^^^^^^^^^^^^^^^
..\..\..\AppData\Roaming\Python\Python313\site-packages\starlette\testclient.py:354: in handle_request
    raise exc
..\..\..\AppData\Roaming\Python\Python313\site-packages\starlette\testclient.py:351: in handle_request
    portal.call(self.app, scope, receive, send)
..\..\..\AppData\Roaming\Python\Python313\site-packages\anyio\from_thread.py:291: in call
    return cast(T_Retval, self.start_task_soon(func, *args).result())
                          ^^^^^^^^^^^^^^^^^^^^^^^^^^^^^^^^^^^^^^^^^^
C:\Python313\Lib\concurrent\futures\_base.py:456: in result
    return self.__get_result()
           ^^^^^^^^^^^^^^^^^^^
C:\Python313\Lib\concurrent\futures\_base.py:401: in __get_result
    raise self._exception
..\..\..\AppData\Roaming\Python\Python313\site-packages\anyio\from_thread.py:222: in _call_func
    retval = await retval_or_awaitable
             ^^^^^^^^^^^^^^^^^^^^^^^^^
..\..\..\AppData\Roaming\Python\Python313\site-packages\fastapi\applications.py:1054: in __call__
    await super().__call__(scope, receive, send)
..\..\..\AppData\Roaming\Python\Python313\site-packages\starlette\applications.py:113: in __call__
    await self.middleware_stack(scope, receive, send)
..\..\..\AppData\Roaming\Python\Python313\site-packages\starlette\middleware\errors.py:186: in __call__
    raise exc
..\..\..\AppData\Roaming\Python\Python313\site-packages\starlette\middleware\errors.py:164: in __call__
    await self.app(scope, receive, _send)
..\..\..\AppData\Roaming\Python\Python313\site-packages\starlette\middleware\cors.py:85: in __call__
    await self.app(scope, receive, send)
..\..\..\AppData\Roaming\Python\Python313\site-packages\starlette\middleware\exceptions.py:63: in __call__
    await wrap_app_handling_exceptions(self.app, conn)(scope, receive, send)
..\..\..\AppData\Roaming\Python\Python313\site-packages\starlette\_exception_handler.py:53: in wrapped_app
    raise exc
..\..\..\AppData\Roaming\Python\Python313\site-packages\starlette\_exception_handler.py:42: in wrapped_app
    await app(scope, receive, sender)
..\..\..\AppData\Roaming\Python\Python313\site-packages\starlette\routing.py:716: in __call__
    await self.middleware_stack(scope, receive, send)
..\..\..\AppData\Roaming\Python\Python313\site-packages\starlette\routing.py:736: in app
    await route.handle(scope, receive, send)
..\..\..\AppData\Roaming\Python\Python313\site-packages\starlette\routing.py:290: in handle
    await self.app(scope, receive, send)
..\..\..\AppData\Roaming\Python\Python313\site-packages\starlette\routing.py:78: in app
    await wrap_app_handling_exceptions(app, request)(scope, receive, send)
..\..\..\AppData\Roaming\Python\Python313\site-packages\starlette\_exception_handler.py:53: in wrapped_app
    raise exc
..\..\..\AppData\Roaming\Python\Python313\site-packages\starlette\_exception_handler.py:42: in wrapped_app
    await app(scope, receive, sender)
..\..\..\AppData\Roaming\Python\Python313\site-packages\starlette\routing.py:76: in app
    await response(scope, receive, send)
..\..\..\AppData\Roaming\Python\Python313\site-packages\starlette\responses.py:168: in __call__
    await self.background()
..\..\..\AppData\Roaming\Python\Python313\site-packages\starlette\background.py:42: in __call__
    await task()
..\..\..\AppData\Roaming\Python\Python313\site-packages\starlette\background.py:29: in __call__
    await run_in_threadpool(self.func, *self.args, **self.kwargs)
..\..\..\AppData\Roaming\Python\Python313\site-packages\starlette\concurrency.py:38: in run_in_threadpool
    return await anyio.to_thread.run_sync(func)
           ^^^^^^^^^^^^^^^^^^^^^^^^^^^^^^^^^^^^
..\..\..\AppData\Roaming\Python\Python313\site-packages\anyio\to_thread.py:56: in run_sync
    return await get_async_backend().run_sync_in_worker_thread(
..\..\..\AppData\Roaming\Python\Python313\site-packages\anyio\_backends\_asyncio.py:2476: in run_sync_in_worker_thread
    return await future
           ^^^^^^^^^^^^
..\..\..\AppData\Roaming\Python\Python313\site-packages\anyio\_backends\_asyncio.py:967: in run
    result = context.run(func, *args)
             ^^^^^^^^^^^^^^^^^^^^^^^^
app\services\resource_service.py:413: in process_ingestion
    increment_active_ingestions()
app\monitoring.py:278: in increment_active_ingestions
    ACTIVE_INGESTIONS.inc()
    ^^^^^^^^^^^^^^^^^^^^^
E   AttributeError: 'NoneType' object has no attribute 'inc'
---------------------------- Captured stderr call -----------------------------
2025-11-18 14:00:05,887 - backend.app.services.resource_service - INFO - Creating new pending resource for URL: https://example.com/test
2025-11-18 14:00:05,901 - backend.app.services.resource_service - INFO - Created pending resource with source: https://example.com/test
------------------------------ Captured log call ------------------------------
INFO     backend.app.services.resource_service:resource_service.py:89 Creating new pending resource for URL: https://example.com/test
INFO     backend.app.services.resource_service:resource_service.py:121 Created pending resource with source: https://example.com/test
________ TestIngestionStatusConcurrency.test_concurrent_status_checks _________
tests\unit\phase1_ingestion\test_ingestion_status.py:277: in test_concurrent_status_checks
    response = client.post("/resources", json={"url": "https://example.com/test"})
               ^^^^^^^^^^^^^^^^^^^^^^^^^^^^^^^^^^^^^^^^^^^^^^^^^^^^^^^^^^^^^^^^^^^
..\..\..\AppData\Roaming\Python\Python313\site-packages\starlette\testclient.py:552: in post
    return super().post(
..\..\..\AppData\Roaming\Python\Python313\site-packages\httpx\_client.py:1144: in post
    return self.request(
..\..\..\AppData\Roaming\Python\Python313\site-packages\starlette\testclient.py:451: in request
    return super().request(
..\..\..\AppData\Roaming\Python\Python313\site-packages\httpx\_client.py:825: in request
    return self.send(request, auth=auth, follow_redirects=follow_redirects)
           ^^^^^^^^^^^^^^^^^^^^^^^^^^^^^^^^^^^^^^^^^^^^^^^^^^^^^^^^^^^^^^^^
..\..\..\AppData\Roaming\Python\Python313\site-packages\httpx\_client.py:914: in send
    response = self._send_handling_auth(
..\..\..\AppData\Roaming\Python\Python313\site-packages\httpx\_client.py:942: in _send_handling_auth
    response = self._send_handling_redirects(
..\..\..\AppData\Roaming\Python\Python313\site-packages\httpx\_client.py:979: in _send_handling_redirects
    response = self._send_single_request(request)
               ^^^^^^^^^^^^^^^^^^^^^^^^^^^^^^^^^^
..\..\..\AppData\Roaming\Python\Python313\site-packages\httpx\_client.py:1014: in _send_single_request
    response = transport.handle_request(request)
               ^^^^^^^^^^^^^^^^^^^^^^^^^^^^^^^^^
..\..\..\AppData\Roaming\Python\Python313\site-packages\starlette\testclient.py:354: in handle_request
    raise exc
..\..\..\AppData\Roaming\Python\Python313\site-packages\starlette\testclient.py:351: in handle_request
    portal.call(self.app, scope, receive, send)
..\..\..\AppData\Roaming\Python\Python313\site-packages\anyio\from_thread.py:291: in call
    return cast(T_Retval, self.start_task_soon(func, *args).result())
                          ^^^^^^^^^^^^^^^^^^^^^^^^^^^^^^^^^^^^^^^^^^
C:\Python313\Lib\concurrent\futures\_base.py:456: in result
    return self.__get_result()
           ^^^^^^^^^^^^^^^^^^^
C:\Python313\Lib\concurrent\futures\_base.py:401: in __get_result
    raise self._exception
..\..\..\AppData\Roaming\Python\Python313\site-packages\anyio\from_thread.py:222: in _call_func
    retval = await retval_or_awaitable
             ^^^^^^^^^^^^^^^^^^^^^^^^^
..\..\..\AppData\Roaming\Python\Python313\site-packages\fastapi\applications.py:1054: in __call__
    await super().__call__(scope, receive, send)
..\..\..\AppData\Roaming\Python\Python313\site-packages\starlette\applications.py:113: in __call__
    await self.middleware_stack(scope, receive, send)
..\..\..\AppData\Roaming\Python\Python313\site-packages\starlette\middleware\errors.py:186: in __call__
    raise exc
..\..\..\AppData\Roaming\Python\Python313\site-packages\starlette\middleware\errors.py:164: in __call__
    await self.app(scope, receive, _send)
..\..\..\AppData\Roaming\Python\Python313\site-packages\starlette\middleware\cors.py:85: in __call__
    await self.app(scope, receive, send)
..\..\..\AppData\Roaming\Python\Python313\site-packages\starlette\middleware\exceptions.py:63: in __call__
    await wrap_app_handling_exceptions(self.app, conn)(scope, receive, send)
..\..\..\AppData\Roaming\Python\Python313\site-packages\starlette\_exception_handler.py:53: in wrapped_app
    raise exc
..\..\..\AppData\Roaming\Python\Python313\site-packages\starlette\_exception_handler.py:42: in wrapped_app
    await app(scope, receive, sender)
..\..\..\AppData\Roaming\Python\Python313\site-packages\starlette\routing.py:716: in __call__
    await self.middleware_stack(scope, receive, send)
..\..\..\AppData\Roaming\Python\Python313\site-packages\starlette\routing.py:736: in app
    await route.handle(scope, receive, send)
..\..\..\AppData\Roaming\Python\Python313\site-packages\starlette\routing.py:290: in handle
    await self.app(scope, receive, send)
..\..\..\AppData\Roaming\Python\Python313\site-packages\starlette\routing.py:78: in app
    await wrap_app_handling_exceptions(app, request)(scope, receive, send)
..\..\..\AppData\Roaming\Python\Python313\site-packages\starlette\_exception_handler.py:53: in wrapped_app
    raise exc
..\..\..\AppData\Roaming\Python\Python313\site-packages\starlette\_exception_handler.py:42: in wrapped_app
    await app(scope, receive, sender)
..\..\..\AppData\Roaming\Python\Python313\site-packages\starlette\routing.py:76: in app
    await response(scope, receive, send)
..\..\..\AppData\Roaming\Python\Python313\site-packages\starlette\responses.py:168: in __call__
    await self.background()
..\..\..\AppData\Roaming\Python\Python313\site-packages\starlette\background.py:42: in __call__
    await task()
..\..\..\AppData\Roaming\Python\Python313\site-packages\starlette\background.py:29: in __call__
    await run_in_threadpool(self.func, *self.args, **self.kwargs)
..\..\..\AppData\Roaming\Python\Python313\site-packages\starlette\concurrency.py:38: in run_in_threadpool
    return await anyio.to_thread.run_sync(func)
           ^^^^^^^^^^^^^^^^^^^^^^^^^^^^^^^^^^^^
..\..\..\AppData\Roaming\Python\Python313\site-packages\anyio\to_thread.py:56: in run_sync
    return await get_async_backend().run_sync_in_worker_thread(
..\..\..\AppData\Roaming\Python\Python313\site-packages\anyio\_backends\_asyncio.py:2476: in run_sync_in_worker_thread
    return await future
           ^^^^^^^^^^^^
..\..\..\AppData\Roaming\Python\Python313\site-packages\anyio\_backends\_asyncio.py:967: in run
    result = context.run(func, *args)
             ^^^^^^^^^^^^^^^^^^^^^^^^
app\services\resource_service.py:413: in process_ingestion
    increment_active_ingestions()
app\monitoring.py:278: in increment_active_ingestions
    ACTIVE_INGESTIONS.inc()
    ^^^^^^^^^^^^^^^^^^^^^
E   AttributeError: 'NoneType' object has no attribute 'inc'
---------------------------- Captured stderr call -----------------------------
2025-11-18 14:00:08,119 - backend.app.services.resource_service - INFO - Creating new pending resource for URL: https://example.com/test
2025-11-18 14:00:08,136 - backend.app.services.resource_service - INFO - Created pending resource with source: https://example.com/test
------------------------------ Captured log call ------------------------------
INFO     backend.app.services.resource_service:resource_service.py:89 Creating new pending resource for URL: https://example.com/test
INFO     backend.app.services.resource_service:resource_service.py:121 Created pending resource with source: https://example.com/test
________ TestIngestionStatusConcurrency.test_status_during_processing _________
tests\unit\phase1_ingestion\test_ingestion_status.py:335: in test_status_during_processing
    response = client.post("/resources", json={"url": "https://example.com/test"})
               ^^^^^^^^^^^^^^^^^^^^^^^^^^^^^^^^^^^^^^^^^^^^^^^^^^^^^^^^^^^^^^^^^^^
..\..\..\AppData\Roaming\Python\Python313\site-packages\starlette\testclient.py:552: in post
    return super().post(
..\..\..\AppData\Roaming\Python\Python313\site-packages\httpx\_client.py:1144: in post
    return self.request(
..\..\..\AppData\Roaming\Python\Python313\site-packages\starlette\testclient.py:451: in request
    return super().request(
..\..\..\AppData\Roaming\Python\Python313\site-packages\httpx\_client.py:825: in request
    return self.send(request, auth=auth, follow_redirects=follow_redirects)
           ^^^^^^^^^^^^^^^^^^^^^^^^^^^^^^^^^^^^^^^^^^^^^^^^^^^^^^^^^^^^^^^^
..\..\..\AppData\Roaming\Python\Python313\site-packages\httpx\_client.py:914: in send
    response = self._send_handling_auth(
..\..\..\AppData\Roaming\Python\Python313\site-packages\httpx\_client.py:942: in _send_handling_auth
    response = self._send_handling_redirects(
..\..\..\AppData\Roaming\Python\Python313\site-packages\httpx\_client.py:979: in _send_handling_redirects
    response = self._send_single_request(request)
               ^^^^^^^^^^^^^^^^^^^^^^^^^^^^^^^^^^
..\..\..\AppData\Roaming\Python\Python313\site-packages\httpx\_client.py:1014: in _send_single_request
    response = transport.handle_request(request)
               ^^^^^^^^^^^^^^^^^^^^^^^^^^^^^^^^^
..\..\..\AppData\Roaming\Python\Python313\site-packages\starlette\testclient.py:354: in handle_request
    raise exc
..\..\..\AppData\Roaming\Python\Python313\site-packages\starlette\testclient.py:351: in handle_request
    portal.call(self.app, scope, receive, send)
..\..\..\AppData\Roaming\Python\Python313\site-packages\anyio\from_thread.py:291: in call
    return cast(T_Retval, self.start_task_soon(func, *args).result())
                          ^^^^^^^^^^^^^^^^^^^^^^^^^^^^^^^^^^^^^^^^^^
C:\Python313\Lib\concurrent\futures\_base.py:456: in result
    return self.__get_result()
           ^^^^^^^^^^^^^^^^^^^
C:\Python313\Lib\concurrent\futures\_base.py:401: in __get_result
    raise self._exception
..\..\..\AppData\Roaming\Python\Python313\site-packages\anyio\from_thread.py:222: in _call_func
    retval = await retval_or_awaitable
             ^^^^^^^^^^^^^^^^^^^^^^^^^
..\..\..\AppData\Roaming\Python\Python313\site-packages\fastapi\applications.py:1054: in __call__
    await super().__call__(scope, receive, send)
..\..\..\AppData\Roaming\Python\Python313\site-packages\starlette\applications.py:113: in __call__
    await self.middleware_stack(scope, receive, send)
..\..\..\AppData\Roaming\Python\Python313\site-packages\starlette\middleware\errors.py:186: in __call__
    raise exc
..\..\..\AppData\Roaming\Python\Python313\site-packages\starlette\middleware\errors.py:164: in __call__
    await self.app(scope, receive, _send)
..\..\..\AppData\Roaming\Python\Python313\site-packages\starlette\middleware\cors.py:85: in __call__
    await self.app(scope, receive, send)
..\..\..\AppData\Roaming\Python\Python313\site-packages\starlette\middleware\exceptions.py:63: in __call__
    await wrap_app_handling_exceptions(self.app, conn)(scope, receive, send)
..\..\..\AppData\Roaming\Python\Python313\site-packages\starlette\_exception_handler.py:53: in wrapped_app
    raise exc
..\..\..\AppData\Roaming\Python\Python313\site-packages\starlette\_exception_handler.py:42: in wrapped_app
    await app(scope, receive, sender)
..\..\..\AppData\Roaming\Python\Python313\site-packages\starlette\routing.py:716: in __call__
    await self.middleware_stack(scope, receive, send)
..\..\..\AppData\Roaming\Python\Python313\site-packages\starlette\routing.py:736: in app
    await route.handle(scope, receive, send)
..\..\..\AppData\Roaming\Python\Python313\site-packages\starlette\routing.py:290: in handle
    await self.app(scope, receive, send)
..\..\..\AppData\Roaming\Python\Python313\site-packages\starlette\routing.py:78: in app
    await wrap_app_handling_exceptions(app, request)(scope, receive, send)
..\..\..\AppData\Roaming\Python\Python313\site-packages\starlette\_exception_handler.py:53: in wrapped_app
    raise exc
..\..\..\AppData\Roaming\Python\Python313\site-packages\starlette\_exception_handler.py:42: in wrapped_app
    await app(scope, receive, sender)
..\..\..\AppData\Roaming\Python\Python313\site-packages\starlette\routing.py:76: in app
    await response(scope, receive, send)
..\..\..\AppData\Roaming\Python\Python313\site-packages\starlette\responses.py:168: in __call__
    await self.background()
..\..\..\AppData\Roaming\Python\Python313\site-packages\starlette\background.py:42: in __call__
    await task()
..\..\..\AppData\Roaming\Python\Python313\site-packages\starlette\background.py:29: in __call__
    await run_in_threadpool(self.func, *self.args, **self.kwargs)
..\..\..\AppData\Roaming\Python\Python313\site-packages\starlette\concurrency.py:38: in run_in_threadpool
    return await anyio.to_thread.run_sync(func)
           ^^^^^^^^^^^^^^^^^^^^^^^^^^^^^^^^^^^^
..\..\..\AppData\Roaming\Python\Python313\site-packages\anyio\to_thread.py:56: in run_sync
    return await get_async_backend().run_sync_in_worker_thread(
..\..\..\AppData\Roaming\Python\Python313\site-packages\anyio\_backends\_asyncio.py:2476: in run_sync_in_worker_thread
    return await future
           ^^^^^^^^^^^^
..\..\..\AppData\Roaming\Python\Python313\site-packages\anyio\_backends\_asyncio.py:967: in run
    result = context.run(func, *args)
             ^^^^^^^^^^^^^^^^^^^^^^^^
app\services\resource_service.py:413: in process_ingestion
    increment_active_ingestions()
app\monitoring.py:278: in increment_active_ingestions
    ACTIVE_INGESTIONS.inc()
    ^^^^^^^^^^^^^^^^^^^^^
E   AttributeError: 'NoneType' object has no attribute 'inc'
---------------------------- Captured stderr call -----------------------------
2025-11-18 14:00:08,681 - backend.app.services.resource_service - INFO - Creating new pending resource for URL: https://example.com/test
2025-11-18 14:00:08,700 - backend.app.services.resource_service - INFO - Created pending resource with source: https://example.com/test
------------------------------ Captured log call ------------------------------
INFO     backend.app.services.resource_service:resource_service.py:89 Creating new pending resource for URL: https://example.com/test
INFO     backend.app.services.resource_service:resource_service.py:121 Created pending resource with source: https://example.com/test
__ TestCurationInterfaceQualityAnalysis.test_quality_analysis_comprehensive ___
tests\unit\phase2_curation\test_curation_service.py:69: in test_quality_analysis_comprehensive
    assert "word_count" in readability
E   AssertionError: assert 'word_count' in {'fk_grade': 18.917777777777776, 'reading_ease': -19.194999999999965}
_ TestCurationInterfaceQualityAnalysis.test_improvement_suggestions_low_quality _
tests\unit\phase2_curation\test_curation_service.py:198: in test_improvement_suggestions_low_quality
    assert any("Use a more credible source" in s for s in suggestions)
E   assert False
E    +  where False = any(<generator object TestCurationInterfaceQualityAnalysis.test_improvement_suggestions_low_quality.<locals>.<genexpr> at 0x0000019619725490>)
___________________ TestFtsSearch.test_fts_search_fallback ____________________
tests\unit\phase3_search\test_search_service.py:268: in test_fts_search_fallback
    result = AdvancedSearchService.search(db, query)
             ^^^^^^^^^^^^^^^^^^^^^^^^^^^^^^^^^^^^^^^
app\services\search_service.py:1097: in search
    AdvancedSearchService._cache_search_results(cache_key, items, total, facets, snippets)
    ^^^^^^^^^^^^^^^^^^^^^^^^^^^^^^^^^^^^^^^^^^^
E   AttributeError: type object 'AdvancedSearchService' has no attribute '_cache_search_results'
---------------------------- Captured stderr call -----------------------------
2025-11-18 14:00:16,630 - backend.app.cache.redis_cache - ERROR - Redis get error for key search_query:26c964cc82fcc96bdf6a56d4b5f8e20e: Error 10061 connecting to localhost:6379. No connection could be made because the target machine actively refused it.
------------------------------ Captured log call ------------------------------
ERROR    backend.app.cache.redis_cache:redis_cache.py:125 Redis get error for key search_query:26c964cc82fcc96bdf6a56d4b5f8e20e: Error 10061 connecting to localhost:6379. No connection could be made because the target machine actively refused it.
_______________ TestSearchIntegration.test_search_with_filters ________________
tests\unit\phase3_search\test_search_service.py:333: in test_search_with_filters
    result = AdvancedSearchService.search(db, query)
             ^^^^^^^^^^^^^^^^^^^^^^^^^^^^^^^^^^^^^^^
app\services\search_service.py:895: in search
    cache_key = AdvancedSearchService._generate_cache_key(query)
                ^^^^^^^^^^^^^^^^^^^^^^^^^^^^^^^^^^^^^^^^^^^^^^^^
app\services\search_service.py:875: in _generate_cache_key
    "classification": query.filters.classification if query.filters else None,
                      ^^^^^^^^^^^^^^^^^^^^^^^^^^^^
..\..\..\AppData\Roaming\Python\Python313\site-packages\pydantic\main.py:991: in __getattr__
    raise AttributeError(f'{type(self).__name__!r} object has no attribute {item!r}')
E   AttributeError: 'SearchFilters' object has no attribute 'classification'. Did you mean: 'classification_code'?
_______________ TestSearchIntegration.test_search_without_text ________________
tests\unit\phase3_search\test_search_service.py:351: in test_search_without_text
    result = AdvancedSearchService.search(db, query)
             ^^^^^^^^^^^^^^^^^^^^^^^^^^^^^^^^^^^^^^^
app\services\search_service.py:895: in search
    cache_key = AdvancedSearchService._generate_cache_key(query)
                ^^^^^^^^^^^^^^^^^^^^^^^^^^^^^^^^^^^^^^^^^^^^^^^^
app\services\search_service.py:875: in _generate_cache_key
    "classification": query.filters.classification if query.filters else None,
                      ^^^^^^^^^^^^^^^^^^^^^^^^^^^^
..\..\..\AppData\Roaming\Python\Python313\site-packages\pydantic\main.py:991: in __getattr__
    raise AttributeError(f'{type(self).__name__!r} object has no attribute {item!r}')
E   AttributeError: 'SearchFilters' object has no attribute 'classification'. Did you mean: 'classification_code'?
________________ TestSearchIntegration.test_search_pagination _________________
tests\unit\phase3_search\test_search_service.py:365: in test_search_pagination
    result1 = AdvancedSearchService.search(db, query)
              ^^^^^^^^^^^^^^^^^^^^^^^^^^^^^^^^^^^^^^^
app\services\search_service.py:1097: in search
    AdvancedSearchService._cache_search_results(cache_key, items, total, facets, snippets)
    ^^^^^^^^^^^^^^^^^^^^^^^^^^^^^^^^^^^^^^^^^^^
E   AttributeError: type object 'AdvancedSearchService' has no attribute '_cache_search_results'
---------------------------- Captured stderr call -----------------------------
2025-11-18 14:00:26,388 - backend.app.cache.redis_cache - ERROR - Redis get error for key search_query:119dfa2e954abefff5212d538ceeef78: Error 10061 connecting to localhost:6379. No connection could be made because the target machine actively refused it.
------------------------------ Captured log call ------------------------------
ERROR    backend.app.cache.redis_cache:redis_cache.py:125 Redis get error for key search_query:119dfa2e954abefff5212d538ceeef78: Error 10061 connecting to localhost:6379. No connection could be made because the target machine actively refused it.
__________________ TestSearchIntegration.test_search_sorting __________________
tests\unit\phase3_search\test_search_service.py:385: in test_search_sorting
    result = AdvancedSearchService.search(db, query)
             ^^^^^^^^^^^^^^^^^^^^^^^^^^^^^^^^^^^^^^^
app\services\search_service.py:1097: in search
    AdvancedSearchService._cache_search_results(cache_key, items, total, facets, snippets)
    ^^^^^^^^^^^^^^^^^^^^^^^^^^^^^^^^^^^^^^^^^^^
E   AttributeError: type object 'AdvancedSearchService' has no attribute '_cache_search_results'
---------------------------- Captured stderr call -----------------------------
2025-11-18 14:00:30,805 - backend.app.cache.redis_cache - ERROR - Redis get error for key search_query:6e491be23dc7f3129ef23c6fd5354177: Error 10061 connecting to localhost:6379. No connection could be made because the target machine actively refused it.
------------------------------ Captured log call ------------------------------
ERROR    backend.app.cache.redis_cache:redis_cache.py:125 Redis get error for key search_query:6e491be23dc7f3129ef23c6fd5354177: Error 10061 connecting to localhost:6379. No connection could be made because the target machine actively refused it.
_____________________ TestFacets.test_facets_computation ______________________
tests\unit\phase3_search\test_search_service.py:403: in test_facets_computation
    result = AdvancedSearchService.search(db, query)
             ^^^^^^^^^^^^^^^^^^^^^^^^^^^^^^^^^^^^^^^
app\services\search_service.py:1097: in search
    AdvancedSearchService._cache_search_results(cache_key, items, total, facets, snippets)
    ^^^^^^^^^^^^^^^^^^^^^^^^^^^^^^^^^^^^^^^^^^^
E   AttributeError: type object 'AdvancedSearchService' has no attribute '_cache_search_results'
---------------------------- Captured stderr call -----------------------------
2025-11-18 14:00:35,223 - backend.app.cache.redis_cache - ERROR - Redis get error for key search_query:02d71c32460bc81281b2ae477ba87b7e: Error 10061 connecting to localhost:6379. No connection could be made because the target machine actively refused it.
------------------------------ Captured log call ------------------------------
ERROR    backend.app.cache.redis_cache:redis_cache.py:125 Redis get error for key search_query:02d71c32460bc81281b2ae477ba87b7e: Error 10061 connecting to localhost:6379. No connection could be made because the target machine actively refused it.
_____________________ TestFacets.test_facets_with_filters _____________________
tests\unit\phase3_search\test_search_service.py:426: in test_facets_with_filters
    result = AdvancedSearchService.search(db, query)
             ^^^^^^^^^^^^^^^^^^^^^^^^^^^^^^^^^^^^^^^
app\services\search_service.py:895: in search
    cache_key = AdvancedSearchService._generate_cache_key(query)
                ^^^^^^^^^^^^^^^^^^^^^^^^^^^^^^^^^^^^^^^^^^^^^^^^
app\services\search_service.py:875: in _generate_cache_key
    "classification": query.filters.classification if query.filters else None,
                      ^^^^^^^^^^^^^^^^^^^^^^^^^^^^
..\..\..\AppData\Roaming\Python\Python313\site-packages\pydantic\main.py:991: in __getattr__
    raise AttributeError(f'{type(self).__name__!r} object has no attribute {item!r}')
E   AttributeError: 'SearchFilters' object has no attribute 'classification'. Did you mean: 'classification_code'?
__ TestSparseEmbeddingService.test_generate_sparse_embedding_with_mock_model __
tests\unit\phase4_hybrid_search\test_sparse_embedding_service.py:94: in test_generate_sparse_embedding_with_mock_model
    assert isinstance(result, dict) or result == {}
E   assert (False or None == {})
E    +  where False = isinstance(None, dict)
---------------------------- Captured stderr call -----------------------------
2025-11-18 14:00:46,269 - backend.app.services.sparse_embedding_service - INFO - Loading sparse embedding model: BAAI/bge-m3
2025-11-18 14:00:46,269 - backend.app.services.sparse_embedding_service - INFO - Using CPU for sparse embedding generation
2025-11-18 14:00:46,269 - backend.app.services.sparse_embedding_service - INFO - Successfully loaded BAAI/bge-m3 on cpu
------------------------------ Captured log call ------------------------------
INFO     backend.app.services.sparse_embedding_service:sparse_embedding_service.py:92 Loading sparse embedding model: BAAI/bge-m3
INFO     backend.app.services.sparse_embedding_service:sparse_embedding_service.py:100 Using CPU for sparse embedding generation
INFO     backend.app.services.sparse_embedding_service:sparse_embedding_service.py:108 Successfully loaded BAAI/bge-m3 on cpu
____________________________ test_alembic_version _____________________________
tests\unit\phase7_collections\test_phase7_migration.py:147: in test_alembic_version
    cursor.execute("SELECT version_num FROM alembic_version")
E   sqlite3.OperationalError: no such table: alembic_version
---------------------------- Captured stdout call -----------------------------

============================================================
Testing alembic version...
============================================================
_____________________ test_checkpoint_directory_structure _____________________
tests\unit\phase8_classification\test_ml_classification_model_loading.py:44: in test_checkpoint_directory_structure
    assert service.checkpoint_dir == expected_path, "Checkpoint path should match expected structure"
E   AssertionError: Checkpoint path should match expected structure
E   assert WindowsPath('models/classification/arxiv_test_v1.0') == WindowsPath('models/classification/test_v1.0')
E    +  where WindowsPath('models/classification/arxiv_test_v1.0') = <backend.app.services.ml_classification_service.MLClassificationService object at 0x0000019726A13F50>.checkpoint_dir
---------------------------- Captured stdout call -----------------------------

=== Test 1: Checkpoint Directory Structure ===
---------------------------- Captured stderr call -----------------------------
2025-11-18 14:01:01,009 - backend.app.ml_monitoring.prediction_monitor - INFO - PredictionMonitor initialized
2025-11-18 14:01:01,009 - backend.app.services.ml_classification_service - INFO - PredictionMonitor initialized
2025-11-18 14:01:01,010 - backend.app.services.ml_classification_service - INFO - No existing checkpoint found, will use: models\classification\arxiv_test_v1.0
2025-11-18 14:01:01,011 - backend.app.services.ml_classification_service - INFO - MLClassificationService initialized with model=distilbert-base-uncased, version=test_v1.0, checkpoint_dir=models\classification\arxiv_test_v1.0
------------------------------ Captured log call ------------------------------
INFO     backend.app.ml_monitoring.prediction_monitor:prediction_monitor.py:36 PredictionMonitor initialized
INFO     backend.app.services.ml_classification_service:ml_classification_service.py:130 PredictionMonitor initialized
INFO     backend.app.services.ml_classification_service:ml_classification_service.py:160 No existing checkpoint found, will use: models\classification\arxiv_test_v1.0
INFO     backend.app.services.ml_classification_service:ml_classification_service.py:164 MLClassificationService initialized with model=distilbert-base-uncased, version=test_v1.0, checkpoint_dir=models\classification\arxiv_test_v1.0
___________________ test_load_model_creates_checkpoint_dir ____________________
tests\unit\phase8_classification\test_ml_classification_service.py:100: in test_load_model_creates_checkpoint_dir
    assert service.checkpoint_dir == expected_path
E   AssertionError: assert WindowsPath('models/classification/arxiv_test_load_v1.0') == WindowsPath('models/classification/test_load_v1.0')
E    +  where WindowsPath('models/classification/arxiv_test_load_v1.0') = <backend.app.services.ml_classification_service.MLClassificationService object at 0x0000019726A48350>.checkpoint_dir
---------------------------- Captured stderr call -----------------------------
2025-11-18 14:01:02,142 - backend.app.ml_monitoring.prediction_monitor - INFO - PredictionMonitor initialized
2025-11-18 14:01:02,142 - backend.app.services.ml_classification_service - INFO - PredictionMonitor initialized
2025-11-18 14:01:02,143 - backend.app.services.ml_classification_service - INFO - No existing checkpoint found, will use: models\classification\arxiv_test_load_v1.0
2025-11-18 14:01:02,143 - backend.app.services.ml_classification_service - INFO - MLClassificationService initialized with model=distilbert-base-uncased, version=test_load_v1.0, checkpoint_dir=models\classification\arxiv_test_load_v1.0
------------------------------ Captured log call ------------------------------
INFO     backend.app.ml_monitoring.prediction_monitor:prediction_monitor.py:36 PredictionMonitor initialized
INFO     backend.app.services.ml_classification_service:ml_classification_service.py:130 PredictionMonitor initialized
INFO     backend.app.services.ml_classification_service:ml_classification_service.py:160 No existing checkpoint found, will use: models\classification\arxiv_test_load_v1.0
INFO     backend.app.services.ml_classification_service:ml_classification_service.py:164 MLClassificationService initialized with model=distilbert-base-uncased, version=test_load_v1.0, checkpoint_dir=models\classification\arxiv_test_load_v1.0
______________ test_predict_returns_dict_with_confidence_scores _______________
tests\unit\phase8_classification\test_ml_classification_service.py:392: in test_predict_returns_dict_with_confidence_scores
    assert isinstance(predictions, dict)
E   AssertionError: assert False
E    +  where False = isinstance(ClassificationResult(predictions=[ClassificationPrediction(taxonomy_id='node_id_2', confidence=0.88, rank=1), ClassificationPrediction(taxonomy_id='node_id_1', confidence=0.62, rank=2), ClassificationPrediction(taxonomy_id='node_id_3', confidence=0.27, rank=3)], model_version='production', inference_time_ms=0.9164810180664062, resource_id=None), dict)
---------------------------- Captured stderr call -----------------------------
2025-11-18 14:01:03,717 - backend.app.ml_monitoring.prediction_monitor - INFO - PredictionMonitor initialized
2025-11-18 14:01:03,718 - backend.app.services.ml_classification_service - INFO - PredictionMonitor initialized
2025-11-18 14:01:03,718 - backend.app.services.ml_classification_service - INFO - No existing checkpoint found, will use: models\classification
2025-11-18 14:01:03,718 - backend.app.services.ml_classification_service - INFO - MLClassificationService initialized with model=distilbert-base-uncased, version=production, checkpoint_dir=models\classification
------------------------------ Captured log call ------------------------------
INFO     backend.app.ml_monitoring.prediction_monitor:prediction_monitor.py:36 PredictionMonitor initialized
INFO     backend.app.services.ml_classification_service:ml_classification_service.py:130 PredictionMonitor initialized
INFO     backend.app.services.ml_classification_service:ml_classification_service.py:160 No existing checkpoint found, will use: models\classification
INFO     backend.app.services.ml_classification_service:ml_classification_service.py:164 MLClassificationService initialized with model=distilbert-base-uncased, version=production, checkpoint_dir=models\classification
____________________ test_predict_respects_top_k_parameter ____________________
tests\unit\phase8_classification\test_ml_classification_service.py:441: in test_predict_respects_top_k_parameter
    assert len(predictions) <= 3
           ^^^^^^^^^^^^^^^^
E   TypeError: object of type 'ClassificationResult' has no len()
---------------------------- Captured stderr call -----------------------------
2025-11-18 14:01:04,027 - backend.app.ml_monitoring.prediction_monitor - INFO - PredictionMonitor initialized
2025-11-18 14:01:04,027 - backend.app.services.ml_classification_service - INFO - PredictionMonitor initialized
2025-11-18 14:01:04,028 - backend.app.services.ml_classification_service - INFO - No existing checkpoint found, will use: models\classification
2025-11-18 14:01:04,028 - backend.app.services.ml_classification_service - INFO - MLClassificationService initialized with model=distilbert-base-uncased, version=production, checkpoint_dir=models\classification
------------------------------ Captured log call ------------------------------
INFO     backend.app.ml_monitoring.prediction_monitor:prediction_monitor.py:36 PredictionMonitor initialized
INFO     backend.app.services.ml_classification_service:ml_classification_service.py:130 PredictionMonitor initialized
INFO     backend.app.services.ml_classification_service:ml_classification_service.py:160 No existing checkpoint found, will use: models\classification
INFO     backend.app.services.ml_classification_service:ml_classification_service.py:164 MLClassificationService initialized with model=distilbert-base-uncased, version=production, checkpoint_dir=models\classification
___________ test_semi_supervised_iteration_generates_pseudo_labels ____________
tests\unit\phase8_classification\test_ml_classification_service.py:612: in test_semi_supervised_iteration_generates_pseudo_labels
    service._semi_supervised_iteration(
app\services\ml_classification_service.py:976: in _semi_supervised_iteration
    pseudo_labeled_data = self._generate_pseudo_labels(unlabeled_data, confidence_threshold)
                          ^^^^^^^^^^^^^^^^^^^^^^^^^^^^^^^^^^^^^^^^^^^^^^^^^^^^^^^^^^^^^^^^^^
app\services\ml_classification_service.py:1018: in _generate_pseudo_labels
    high_conf_predictions = result.get_high_confidence(threshold=confidence_threshold)
                            ^^^^^^^^^^^^^^^^^^^^^^^^^^
E   AttributeError: 'dict' object has no attribute 'get_high_confidence'
---------------------------- Captured stderr call -----------------------------
2025-11-18 14:01:05,541 - backend.app.ml_monitoring.prediction_monitor - INFO - PredictionMonitor initialized
2025-11-18 14:01:05,542 - backend.app.services.ml_classification_service - INFO - PredictionMonitor initialized
2025-11-18 14:01:05,542 - backend.app.services.ml_classification_service - INFO - No existing checkpoint found, will use: models\classification
2025-11-18 14:01:05,542 - backend.app.services.ml_classification_service - INFO - MLClassificationService initialized with model=distilbert-base-uncased, version=production, checkpoint_dir=models\classification
2025-11-18 14:01:05,543 - backend.app.services.ml_classification_service - INFO - Starting semi-supervised iteration with 3 unlabeled examples
2025-11-18 14:01:05,543 - backend.app.services.ml_classification_service - INFO - Confidence threshold: 0.9
2025-11-18 14:01:05,543 - backend.app.services.ml_classification_service - INFO - Generating predictions for unlabeled data...
------------------------------ Captured log call ------------------------------
INFO     backend.app.ml_monitoring.prediction_monitor:prediction_monitor.py:36 PredictionMonitor initialized
INFO     backend.app.services.ml_classification_service:ml_classification_service.py:130 PredictionMonitor initialized
INFO     backend.app.services.ml_classification_service:ml_classification_service.py:160 No existing checkpoint found, will use: models\classification
INFO     backend.app.services.ml_classification_service:ml_classification_service.py:164 MLClassificationService initialized with model=distilbert-base-uncased, version=production, checkpoint_dir=models\classification
INFO     backend.app.services.ml_classification_service:ml_classification_service.py:972 Starting semi-supervised iteration with 3 unlabeled examples
INFO     backend.app.services.ml_classification_service:ml_classification_service.py:973 Confidence threshold: 0.9
INFO     backend.app.services.ml_classification_service:ml_classification_service.py:1011 Generating predictions for unlabeled data...
____________ test_semi_supervised_iteration_filters_low_confidence ____________
tests\unit\phase8_classification\test_ml_classification_service.py:655: in test_semi_supervised_iteration_filters_low_confidence
    service._semi_supervised_iteration(
app\services\ml_classification_service.py:976: in _semi_supervised_iteration
    pseudo_labeled_data = self._generate_pseudo_labels(unlabeled_data, confidence_threshold)
                          ^^^^^^^^^^^^^^^^^^^^^^^^^^^^^^^^^^^^^^^^^^^^^^^^^^^^^^^^^^^^^^^^^^
app\services\ml_classification_service.py:1018: in _generate_pseudo_labels
    high_conf_predictions = result.get_high_confidence(threshold=confidence_threshold)
                            ^^^^^^^^^^^^^^^^^^^^^^^^^^
E   AttributeError: 'dict' object has no attribute 'get_high_confidence'
---------------------------- Captured stderr call -----------------------------
2025-11-18 14:01:05,881 - backend.app.ml_monitoring.prediction_monitor - INFO - PredictionMonitor initialized
2025-11-18 14:01:05,881 - backend.app.services.ml_classification_service - INFO - PredictionMonitor initialized
2025-11-18 14:01:05,882 - backend.app.services.ml_classification_service - INFO - No existing checkpoint found, will use: models\classification
2025-11-18 14:01:05,882 - backend.app.services.ml_classification_service - INFO - MLClassificationService initialized with model=distilbert-base-uncased, version=production, checkpoint_dir=models\classification
2025-11-18 14:01:05,883 - backend.app.services.ml_classification_service - INFO - Starting semi-supervised iteration with 2 unlabeled examples
2025-11-18 14:01:05,883 - backend.app.services.ml_classification_service - INFO - Confidence threshold: 0.9
2025-11-18 14:01:05,883 - backend.app.services.ml_classification_service - INFO - Generating predictions for unlabeled data...
------------------------------ Captured log call ------------------------------
INFO     backend.app.ml_monitoring.prediction_monitor:prediction_monitor.py:36 PredictionMonitor initialized
INFO     backend.app.services.ml_classification_service:ml_classification_service.py:130 PredictionMonitor initialized
INFO     backend.app.services.ml_classification_service:ml_classification_service.py:160 No existing checkpoint found, will use: models\classification
INFO     backend.app.services.ml_classification_service:ml_classification_service.py:164 MLClassificationService initialized with model=distilbert-base-uncased, version=production, checkpoint_dir=models\classification
INFO     backend.app.services.ml_classification_service:ml_classification_service.py:972 Starting semi-supervised iteration with 2 unlabeled examples
INFO     backend.app.services.ml_classification_service:ml_classification_service.py:973 Confidence threshold: 0.9
INFO     backend.app.services.ml_classification_service:ml_classification_service.py:1011 Generating predictions for unlabeled data...
____________ test_semi_supervised_iteration_retrains_with_lower_lr ____________
tests\unit\phase8_classification\test_ml_classification_service.py:686: in test_semi_supervised_iteration_retrains_with_lower_lr
    service._semi_supervised_iteration(
app\services\ml_classification_service.py:976: in _semi_supervised_iteration
    pseudo_labeled_data = self._generate_pseudo_labels(unlabeled_data, confidence_threshold)
                          ^^^^^^^^^^^^^^^^^^^^^^^^^^^^^^^^^^^^^^^^^^^^^^^^^^^^^^^^^^^^^^^^^^
app\services\ml_classification_service.py:1018: in _generate_pseudo_labels
    high_conf_predictions = result.get_high_confidence(threshold=confidence_threshold)
                            ^^^^^^^^^^^^^^^^^^^^^^^^^^
E   AttributeError: 'dict' object has no attribute 'get_high_confidence'
---------------------------- Captured stderr call -----------------------------
2025-11-18 14:01:06,235 - backend.app.ml_monitoring.prediction_monitor - INFO - PredictionMonitor initialized
2025-11-18 14:01:06,235 - backend.app.services.ml_classification_service - INFO - PredictionMonitor initialized
2025-11-18 14:01:06,236 - backend.app.services.ml_classification_service - INFO - No existing checkpoint found, will use: models\classification
2025-11-18 14:01:06,236 - backend.app.services.ml_classification_service - INFO - MLClassificationService initialized with model=distilbert-base-uncased, version=production, checkpoint_dir=models\classification
2025-11-18 14:01:06,236 - backend.app.services.ml_classification_service - INFO - Starting semi-supervised iteration with 1 unlabeled examples
2025-11-18 14:01:06,236 - backend.app.services.ml_classification_service - INFO - Confidence threshold: 0.9
2025-11-18 14:01:06,236 - backend.app.services.ml_classification_service - INFO - Generating predictions for unlabeled data...
------------------------------ Captured log call ------------------------------
INFO     backend.app.ml_monitoring.prediction_monitor:prediction_monitor.py:36 PredictionMonitor initialized
INFO     backend.app.services.ml_classification_service:ml_classification_service.py:130 PredictionMonitor initialized
INFO     backend.app.services.ml_classification_service:ml_classification_service.py:160 No existing checkpoint found, will use: models\classification
INFO     backend.app.services.ml_classification_service:ml_classification_service.py:164 MLClassificationService initialized with model=distilbert-base-uncased, version=production, checkpoint_dir=models\classification
INFO     backend.app.services.ml_classification_service:ml_classification_service.py:972 Starting semi-supervised iteration with 1 unlabeled examples
INFO     backend.app.services.ml_classification_service:ml_classification_service.py:973 Confidence threshold: 0.9
INFO     backend.app.services.ml_classification_service:ml_classification_service.py:1011 Generating predictions for unlabeled data...
______ test_update_from_human_feedback_removes_predicted_classifications ______
tests\unit\phase8_classification\test_ml_classification_service.py:959: in test_update_from_human_feedback_removes_predicted_classifications
    assert len(manual) == 1
E   assert 0 == 1
E    +  where 0 = len([])
---------------------------- Captured stderr call -----------------------------
2025-11-18 14:01:08,554 - backend.app.ml_monitoring.prediction_monitor - INFO - PredictionMonitor initialized
2025-11-18 14:01:08,554 - backend.app.services.ml_classification_service - INFO - PredictionMonitor initialized
2025-11-18 14:01:08,554 - backend.app.services.ml_classification_service - INFO - No existing checkpoint found, will use: models\classification
2025-11-18 14:01:08,555 - backend.app.services.ml_classification_service - INFO - MLClassificationService initialized with model=distilbert-base-uncased, version=production, checkpoint_dir=models\classification
2025-11-18 14:01:08,598 - backend.app.services.ml_classification_service - INFO - Updating resource 3b0e7e0b-f7a2-4721-b166-10cc32be39de with human feedback
2025-11-18 14:01:08,598 - backend.app.services.ml_classification_service - INFO - Correct taxonomy IDs: ['827c0590-d30a-4fe4-92d7-a161516433d4']
2025-11-18 14:01:08,605 - backend.app.services.ml_classification_service - INFO - Removed 1 predicted classifications
2025-11-18 14:01:08,606 - backend.app.services.ml_classification_service - INFO - Added manual classification for taxonomy node 827c0590-d30a-4fe4-92d7-a161516433d4
2025-11-18 14:01:08,619 - backend.app.services.ml_classification_service - INFO - Human feedback successfully applied
2025-11-18 14:01:08,623 - backend.app.services.ml_classification_service - INFO - Total manual classifications: 0
------------------------------ Captured log call ------------------------------
INFO     backend.app.ml_monitoring.prediction_monitor:prediction_monitor.py:36 PredictionMonitor initialized
INFO     backend.app.services.ml_classification_service:ml_classification_service.py:130 PredictionMonitor initialized
INFO     backend.app.services.ml_classification_service:ml_classification_service.py:160 No existing checkpoint found, will use: models\classification
INFO     backend.app.services.ml_classification_service:ml_classification_service.py:164 MLClassificationService initialized with model=distilbert-base-uncased, version=production, checkpoint_dir=models\classification
INFO     backend.app.services.ml_classification_service:ml_classification_service.py:1667 Updating resource 3b0e7e0b-f7a2-4721-b166-10cc32be39de with human feedback
INFO     backend.app.services.ml_classification_service:ml_classification_service.py:1668 Correct taxonomy IDs: ['827c0590-d30a-4fe4-92d7-a161516433d4']
INFO     backend.app.services.ml_classification_service:ml_classification_service.py:1692 Removed 1 predicted classifications
INFO     backend.app.services.ml_classification_service:ml_classification_service.py:1719 Added manual classification for taxonomy node 827c0590-d30a-4fe4-92d7-a161516433d4
INFO     backend.app.services.ml_classification_service:ml_classification_service.py:1723 Human feedback successfully applied
INFO     backend.app.services.ml_classification_service:ml_classification_service.py:1732 Total manual classifications: 0
_________ test_update_from_human_feedback_adds_manual_classifications _________
tests\unit\phase8_classification\test_ml_classification_service.py:1019: in test_update_from_human_feedback_adds_manual_classifications
    assert len(manual) == 3
E   assert 0 == 3
E    +  where 0 = len([])
---------------------------- Captured stderr call -----------------------------
2025-11-18 14:01:08,955 - backend.app.ml_monitoring.prediction_monitor - INFO - PredictionMonitor initialized
2025-11-18 14:01:08,955 - backend.app.services.ml_classification_service - INFO - PredictionMonitor initialized
2025-11-18 14:01:08,955 - backend.app.services.ml_classification_service - INFO - No existing checkpoint found, will use: models\classification
2025-11-18 14:01:08,956 - backend.app.services.ml_classification_service - INFO - MLClassificationService initialized with model=distilbert-base-uncased, version=production, checkpoint_dir=models\classification
2025-11-18 14:01:08,979 - backend.app.services.ml_classification_service - INFO - Updating resource 525d990d-4d26-4308-8a70-75cb5ae2b0d8 with human feedback
2025-11-18 14:01:08,979 - backend.app.services.ml_classification_service - INFO - Correct taxonomy IDs: ['d981f838-df17-4040-80dc-2f369667d0ba', '38029a88-3a16-41a3-90ef-70fa7dab508a', '1b29b8d6-fd23-4785-966f-952c032cb7f8']
2025-11-18 14:01:08,985 - backend.app.services.ml_classification_service - INFO - Removed 0 predicted classifications
2025-11-18 14:01:08,986 - backend.app.services.ml_classification_service - INFO - Added manual classification for taxonomy node d981f838-df17-4040-80dc-2f369667d0ba
2025-11-18 14:01:08,987 - backend.app.services.ml_classification_service - INFO - Added manual classification for taxonomy node 38029a88-3a16-41a3-90ef-70fa7dab508a
2025-11-18 14:01:08,987 - backend.app.services.ml_classification_service - INFO - Added manual classification for taxonomy node 1b29b8d6-fd23-4785-966f-952c032cb7f8
2025-11-18 14:01:09,003 - backend.app.services.ml_classification_service - INFO - Human feedback successfully applied
2025-11-18 14:01:09,006 - backend.app.services.ml_classification_service - INFO - Total manual classifications: 0
------------------------------ Captured log call ------------------------------
INFO     backend.app.ml_monitoring.prediction_monitor:prediction_monitor.py:36 PredictionMonitor initialized
INFO     backend.app.services.ml_classification_service:ml_classification_service.py:130 PredictionMonitor initialized
INFO     backend.app.services.ml_classification_service:ml_classification_service.py:160 No existing checkpoint found, will use: models\classification
INFO     backend.app.services.ml_classification_service:ml_classification_service.py:164 MLClassificationService initialized with model=distilbert-base-uncased, version=production, checkpoint_dir=models\classification
INFO     backend.app.services.ml_classification_service:ml_classification_service.py:1667 Updating resource 525d990d-4d26-4308-8a70-75cb5ae2b0d8 with human feedback
INFO     backend.app.services.ml_classification_service:ml_classification_service.py:1668 Correct taxonomy IDs: ['d981f838-df17-4040-80dc-2f369667d0ba', '38029a88-3a16-41a3-90ef-70fa7dab508a', '1b29b8d6-fd23-4785-966f-952c032cb7f8']
INFO     backend.app.services.ml_classification_service:ml_classification_service.py:1692 Removed 0 predicted classifications
INFO     backend.app.services.ml_classification_service:ml_classification_service.py:1719 Added manual classification for taxonomy node d981f838-df17-4040-80dc-2f369667d0ba
INFO     backend.app.services.ml_classification_service:ml_classification_service.py:1719 Added manual classification for taxonomy node 38029a88-3a16-41a3-90ef-70fa7dab508a
INFO     backend.app.services.ml_classification_service:ml_classification_service.py:1719 Added manual classification for taxonomy node 1b29b8d6-fd23-4785-966f-952c032cb7f8
INFO     backend.app.services.ml_classification_service:ml_classification_service.py:1723 Human feedback successfully applied
INFO     backend.app.services.ml_classification_service:ml_classification_service.py:1732 Total manual classifications: 0
__________ test_update_from_human_feedback_preserves_existing_manual __________
tests\unit\phase8_classification\test_ml_classification_service.py:1145: in test_update_from_human_feedback_preserves_existing_manual
    assert len(manual) == 1
E   assert 0 == 1
E    +  where 0 = len([])
---------------------------- Captured stderr call -----------------------------
2025-11-18 14:01:10,377 - backend.app.ml_monitoring.prediction_monitor - INFO - PredictionMonitor initialized
2025-11-18 14:01:10,377 - backend.app.services.ml_classification_service - INFO - PredictionMonitor initialized
2025-11-18 14:01:10,378 - backend.app.services.ml_classification_service - INFO - No existing checkpoint found, will use: models\classification
2025-11-18 14:01:10,378 - backend.app.services.ml_classification_service - INFO - MLClassificationService initialized with model=distilbert-base-uncased, version=production, checkpoint_dir=models\classification
2025-11-18 14:01:10,441 - backend.app.services.ml_classification_service - INFO - Updating resource c9db6c44-7e2b-4451-bcd1-414e7461745e with human feedback
2025-11-18 14:01:10,441 - backend.app.services.ml_classification_service - INFO - Correct taxonomy IDs: ['602f3af6-678d-4d9d-9c6e-8e82b00fdcf3']
2025-11-18 14:01:10,451 - backend.app.services.ml_classification_service - INFO - Removed 0 predicted classifications
2025-11-18 14:01:10,453 - backend.app.services.ml_classification_service - INFO - Added manual classification for taxonomy node 602f3af6-678d-4d9d-9c6e-8e82b00fdcf3
2025-11-18 14:01:10,470 - backend.app.services.ml_classification_service - INFO - Human feedback successfully applied
2025-11-18 14:01:10,473 - backend.app.services.ml_classification_service - INFO - Total manual classifications: 0
------------------------------ Captured log call ------------------------------
INFO     backend.app.ml_monitoring.prediction_monitor:prediction_monitor.py:36 PredictionMonitor initialized
INFO     backend.app.services.ml_classification_service:ml_classification_service.py:130 PredictionMonitor initialized
INFO     backend.app.services.ml_classification_service:ml_classification_service.py:160 No existing checkpoint found, will use: models\classification
INFO     backend.app.services.ml_classification_service:ml_classification_service.py:164 MLClassificationService initialized with model=distilbert-base-uncased, version=production, checkpoint_dir=models\classification
INFO     backend.app.services.ml_classification_service:ml_classification_service.py:1667 Updating resource c9db6c44-7e2b-4451-bcd1-414e7461745e with human feedback
INFO     backend.app.services.ml_classification_service:ml_classification_service.py:1668 Correct taxonomy IDs: ['602f3af6-678d-4d9d-9c6e-8e82b00fdcf3']
INFO     backend.app.services.ml_classification_service:ml_classification_service.py:1692 Removed 0 predicted classifications
INFO     backend.app.services.ml_classification_service:ml_classification_service.py:1719 Added manual classification for taxonomy node 602f3af6-678d-4d9d-9c6e-8e82b00fdcf3
INFO     backend.app.services.ml_classification_service:ml_classification_service.py:1723 Human feedback successfully applied
INFO     backend.app.services.ml_classification_service:ml_classification_service.py:1732 Total manual classifications: 0
__________________ test_service_initialization_with_defaults __________________
tests\unit\phase8_classification\test_ml_classification_service.py:1260: in test_service_initialization_with_defaults
    assert service.model_version == "v1.0"
E   AssertionError: assert None == 'v1.0'
E    +  where None = <backend.app.services.ml_classification_service.MLClassificationService object at 0x0000019723EC2150>.model_version
---------------------------- Captured stderr call -----------------------------
2025-11-18 14:01:11,763 - backend.app.ml_monitoring.prediction_monitor - INFO - PredictionMonitor initialized
2025-11-18 14:01:11,764 - backend.app.services.ml_classification_service - INFO - PredictionMonitor initialized
2025-11-18 14:01:11,764 - backend.app.services.ml_classification_service - INFO - No existing checkpoint found, will use: models\classification
2025-11-18 14:01:11,764 - backend.app.services.ml_classification_service - INFO - MLClassificationService initialized with model=distilbert-base-uncased, version=production, checkpoint_dir=models\classification
------------------------------ Captured log call ------------------------------
INFO     backend.app.ml_monitoring.prediction_monitor:prediction_monitor.py:36 PredictionMonitor initialized
INFO     backend.app.services.ml_classification_service:ml_classification_service.py:130 PredictionMonitor initialized
INFO     backend.app.services.ml_classification_service:ml_classification_service.py:160 No existing checkpoint found, will use: models\classification
INFO     backend.app.services.ml_classification_service:ml_classification_service.py:164 MLClassificationService initialized with model=distilbert-base-uncased, version=production, checkpoint_dir=models\classification
_______________ test_service_initialization_with_custom_params ________________
tests\unit\phase8_classification\test_ml_classification_service.py:1287: in test_service_initialization_with_custom_params
    assert service.checkpoint_dir == expected_dir
E   AssertionError: assert WindowsPath('models/classification/arxiv_v2.0') == WindowsPath('models/classification/v2.0')
E    +  where WindowsPath('models/classification/arxiv_v2.0') = <backend.app.services.ml_classification_service.MLClassificationService object at 0x000001968C1C5D90>.checkpoint_dir
---------------------------- Captured stderr call -----------------------------
2025-11-18 14:01:12,081 - backend.app.ml_monitoring.prediction_monitor - INFO - PredictionMonitor initialized
2025-11-18 14:01:12,081 - backend.app.services.ml_classification_service - INFO - PredictionMonitor initialized
2025-11-18 14:01:12,082 - backend.app.services.ml_classification_service - INFO - No existing checkpoint found, will use: models\classification\arxiv_v2.0
2025-11-18 14:01:12,083 - backend.app.services.ml_classification_service - INFO - MLClassificationService initialized with model=bert-base-uncased, version=v2.0, checkpoint_dir=models\classification\arxiv_v2.0
------------------------------ Captured log call ------------------------------
INFO     backend.app.ml_monitoring.prediction_monitor:prediction_monitor.py:36 PredictionMonitor initialized
INFO     backend.app.services.ml_classification_service:ml_classification_service.py:130 PredictionMonitor initialized
INFO     backend.app.services.ml_classification_service:ml_classification_service.py:160 No existing checkpoint found, will use: models\classification\arxiv_v2.0
INFO     backend.app.services.ml_classification_service:ml_classification_service.py:164 MLClassificationService initialized with model=bert-base-uncased, version=v2.0, checkpoint_dir=models\classification\arxiv_v2.0
_____________________ test_end_to_end_workflow_simulation _____________________
tests\unit\phase8_classification\test_ml_classification_service.py:1353: in test_end_to_end_workflow_simulation
    assert len(manual) == 2
E   assert 0 == 2
E    +  where 0 = len([])
---------------------------- Captured stderr call -----------------------------
2025-11-18 14:01:13,253 - backend.app.ml_monitoring.prediction_monitor - INFO - PredictionMonitor initialized
2025-11-18 14:01:13,254 - backend.app.services.ml_classification_service - INFO - PredictionMonitor initialized
2025-11-18 14:01:13,254 - backend.app.services.ml_classification_service - INFO - No existing checkpoint found, will use: models\classification
2025-11-18 14:01:13,254 - backend.app.services.ml_classification_service - INFO - MLClassificationService initialized with model=distilbert-base-uncased, version=production, checkpoint_dir=models\classification
2025-11-18 14:01:13,271 - backend.app.services.ml_classification_service - INFO - Updating resource 13fefaff-98ef-4e96-aad8-751576440a6a with human feedback
2025-11-18 14:01:13,272 - backend.app.services.ml_classification_service - INFO - Correct taxonomy IDs: ['fb3c7b0e-83fb-4e09-81ef-057442ff19ed', '20885e42-1cc9-493a-946f-728fd944358f']
2025-11-18 14:01:13,277 - backend.app.services.ml_classification_service - INFO - Removed 0 predicted classifications
2025-11-18 14:01:13,279 - backend.app.services.ml_classification_service - INFO - Added manual classification for taxonomy node fb3c7b0e-83fb-4e09-81ef-057442ff19ed
2025-11-18 14:01:13,280 - backend.app.services.ml_classification_service - INFO - Added manual classification for taxonomy node 20885e42-1cc9-493a-946f-728fd944358f
2025-11-18 14:01:13,292 - backend.app.services.ml_classification_service - INFO - Human feedback successfully applied
2025-11-18 14:01:13,295 - backend.app.services.ml_classification_service - INFO - Total manual classifications: 0
------------------------------ Captured log call ------------------------------
INFO     backend.app.ml_monitoring.prediction_monitor:prediction_monitor.py:36 PredictionMonitor initialized
INFO     backend.app.services.ml_classification_service:ml_classification_service.py:130 PredictionMonitor initialized
INFO     backend.app.services.ml_classification_service:ml_classification_service.py:160 No existing checkpoint found, will use: models\classification
INFO     backend.app.services.ml_classification_service:ml_classification_service.py:164 MLClassificationService initialized with model=distilbert-base-uncased, version=production, checkpoint_dir=models\classification
INFO     backend.app.services.ml_classification_service:ml_classification_service.py:1667 Updating resource 13fefaff-98ef-4e96-aad8-751576440a6a with human feedback
INFO     backend.app.services.ml_classification_service:ml_classification_service.py:1668 Correct taxonomy IDs: ['fb3c7b0e-83fb-4e09-81ef-057442ff19ed', '20885e42-1cc9-493a-946f-728fd944358f']
INFO     backend.app.services.ml_classification_service:ml_classification_service.py:1692 Removed 0 predicted classifications
INFO     backend.app.services.ml_classification_service:ml_classification_service.py:1719 Added manual classification for taxonomy node fb3c7b0e-83fb-4e09-81ef-057442ff19ed
INFO     backend.app.services.ml_classification_service:ml_classification_service.py:1719 Added manual classification for taxonomy node 20885e42-1cc9-493a-946f-728fd944358f
INFO     backend.app.services.ml_classification_service:ml_classification_service.py:1723 Human feedback successfully applied
INFO     backend.app.services.ml_classification_service:ml_classification_service.py:1732 Total manual classifications: 0
_________________________ test_service_initialization _________________________
tests\unit\phase8_classification\test_ml_classification_service_basic.py:39: in test_service_initialization
    assert service.model_version == "v1.0", "Default version should be v1.0"
E   AssertionError: Default version should be v1.0
E   assert None == 'v1.0'
E    +  where None = <backend.app.services.ml_classification_service.MLClassificationService object at 0x000001968C1C5B50>.model_version
---------------------------- Captured stdout call -----------------------------

=== Test 1: Service Initialization ===
---------------------------- Captured stderr call -----------------------------
2025-11-18 14:01:13,331 - backend.app.ml_monitoring.prediction_monitor - INFO - PredictionMonitor initialized
2025-11-18 14:01:13,331 - backend.app.services.ml_classification_service - INFO - PredictionMonitor initialized
2025-11-18 14:01:13,332 - backend.app.services.ml_classification_service - INFO - No existing checkpoint found, will use: models\classification
2025-11-18 14:01:13,332 - backend.app.services.ml_classification_service - INFO - MLClassificationService initialized with model=distilbert-base-uncased, version=production, checkpoint_dir=models\classification
------------------------------ Captured log call ------------------------------
INFO     backend.app.ml_monitoring.prediction_monitor:prediction_monitor.py:36 PredictionMonitor initialized
INFO     backend.app.services.ml_classification_service:ml_classification_service.py:130 PredictionMonitor initialized
INFO     backend.app.services.ml_classification_service:ml_classification_service.py:160 No existing checkpoint found, will use: models\classification
INFO     backend.app.services.ml_classification_service:ml_classification_service.py:164 MLClassificationService initialized with model=distilbert-base-uncased, version=production, checkpoint_dir=models\classification
_________________________ test_custom_initialization __________________________
tests\unit\phase8_classification\test_ml_classification_service_basic.py:92: in test_custom_initialization
    assert service.checkpoint_dir == expected_dir, "Checkpoint dir should use custom version"
E   AssertionError: Checkpoint dir should use custom version
E   assert WindowsPath('models/classification/arxiv_v2.0') == WindowsPath('models/classification/v2.0')
E    +  where WindowsPath('models/classification/arxiv_v2.0') = <backend.app.services.ml_classification_service.MLClassificationService object at 0x000001972412C950>.checkpoint_dir
---------------------------- Captured stdout call -----------------------------

=== Test 2: Custom Initialization ===
---------------------------- Captured stderr call -----------------------------
2025-11-18 14:01:13,390 - backend.app.ml_monitoring.prediction_monitor - INFO - PredictionMonitor initialized
2025-11-18 14:01:13,391 - backend.app.services.ml_classification_service - INFO - PredictionMonitor initialized
2025-11-18 14:01:13,391 - backend.app.services.ml_classification_service - INFO - No existing checkpoint found, will use: models\classification\arxiv_v2.0
2025-11-18 14:01:13,391 - backend.app.services.ml_classification_service - INFO - MLClassificationService initialized with model=bert-base-uncased, version=v2.0, checkpoint_dir=models\classification\arxiv_v2.0
------------------------------ Captured log call ------------------------------
INFO     backend.app.ml_monitoring.prediction_monitor:prediction_monitor.py:36 PredictionMonitor initialized
INFO     backend.app.services.ml_classification_service:ml_classification_service.py:130 PredictionMonitor initialized
INFO     backend.app.services.ml_classification_service:ml_classification_service.py:160 No existing checkpoint found, will use: models\classification\arxiv_v2.0
INFO     backend.app.services.ml_classification_service:ml_classification_service.py:164 MLClassificationService initialized with model=bert-base-uncased, version=v2.0, checkpoint_dir=models\classification\arxiv_v2.0
____________________________ test_training_methods ____________________________
tests\unit\phase8_classification\test_ml_training.py:26: in test_training_methods
    spec.loader.exec_module(ml_module)
<frozen importlib._bootstrap_external>:1022: in exec_module
    ???
<frozen importlib._bootstrap_external>:1159: in get_code
    ???
<frozen importlib._bootstrap_external>:1217: in get_data
    ???
E   FileNotFoundError: [Errno 2] No such file or directory: 'C:\\Users\\rooma\\PycharmProjects\\neo_alexadria\\backend\\tests\\unit\\phase8_classification\\app\\services\\ml_classification_service.py'
___________________________ test_classify_resource ____________________________
..\..\..\AppData\Roaming\Python\Python313\site-packages\sqlalchemy\engine\base.py:1967: in _exec_single_context
    self.dialect.do_execute(
..\..\..\AppData\Roaming\Python\Python313\site-packages\sqlalchemy\engine\default.py:951: in do_execute
    cursor.execute(statement, parameters)
E   sqlite3.OperationalError: no such column: resources.description

The above exception was the direct cause of the following exception:
tests\unit\phase8_classification\test_taxonomy_classification_standalone.py:153: in test_classify_resource
    result = service.classify_resource(
app\services\taxonomy_service.py:934: in classify_resource
    resource = self.db.query(Resource).filter(Resource.id == resource_id).first()
               ^^^^^^^^^^^^^^^^^^^^^^^^^^^^^^^^^^^^^^^^^^^^^^^^^^^^^^^^^^^^^^^^^^
..\..\..\AppData\Roaming\Python\Python313\site-packages\sqlalchemy\orm\query.py:2759: in first
    return self.limit(1)._iter().first()  # type: ignore
           ^^^^^^^^^^^^^^^^^^^^^
..\..\..\AppData\Roaming\Python\Python313\site-packages\sqlalchemy\orm\query.py:2857: in _iter
    result: Union[ScalarResult[_T], Result[_T]] = self.session.execute(
..\..\..\AppData\Roaming\Python\Python313\site-packages\sqlalchemy\orm\session.py:2365: in execute
    return self._execute_internal(
..\..\..\AppData\Roaming\Python\Python313\site-packages\sqlalchemy\orm\session.py:2251: in _execute_internal
    result: Result[Any] = compile_state_cls.orm_execute_statement(
..\..\..\AppData\Roaming\Python\Python313\site-packages\sqlalchemy\orm\context.py:306: in orm_execute_statement
    result = conn.execute(
..\..\..\AppData\Roaming\Python\Python313\site-packages\sqlalchemy\engine\base.py:1419: in execute
    return meth(
..\..\..\AppData\Roaming\Python\Python313\site-packages\sqlalchemy\sql\elements.py:526: in _execute_on_connection
    return connection._execute_clauseelement(
..\..\..\AppData\Roaming\Python\Python313\site-packages\sqlalchemy\engine\base.py:1641: in _execute_clauseelement
    ret = self._execute_context(
..\..\..\AppData\Roaming\Python\Python313\site-packages\sqlalchemy\engine\base.py:1846: in _execute_context
    return self._exec_single_context(
..\..\..\AppData\Roaming\Python\Python313\site-packages\sqlalchemy\engine\base.py:1986: in _exec_single_context
    self._handle_dbapi_exception(
..\..\..\AppData\Roaming\Python\Python313\site-packages\sqlalchemy\engine\base.py:2355: in _handle_dbapi_exception
    raise sqlalchemy_exception.with_traceback(exc_info[2]) from e
..\..\..\AppData\Roaming\Python\Python313\site-packages\sqlalchemy\engine\base.py:1967: in _exec_single_context
    self.dialect.do_execute(
..\..\..\AppData\Roaming\Python\Python313\site-packages\sqlalchemy\engine\default.py:951: in do_execute
    cursor.execute(statement, parameters)
E   sqlalchemy.exc.OperationalError: (sqlite3.OperationalError) no such column: resources.description
E   [SQL: SELECT resources.id AS resources_id, resources.title AS resources_title, resources.description AS resources_description, resources.creator AS resources_creator, resources.publisher AS resources_publisher, resources.contributor AS resources_contributor, resources.date_created AS resources_date_created, resources.date_modified AS resources_date_modified, resources.type AS resources_type, resources.format AS resources_format, resources.identifier AS resources_identifier, resources.source AS resources_source, resources.language AS resources_language, resources.coverage AS resources_coverage, resources.rights AS resources_rights, resources.subject AS resources_subject, resources.relation AS resources_relation, resources.classification_code AS resources_classification_code, resources.read_status AS resources_read_status, resources.quality_score AS resources_quality_score, resources.ingestion_status AS resources_ingestion_status, resources.ingestion_error AS resources_ingestion_error, resources.ingestion_started_at AS resources_ingestion_started_at, resources.ingestion_completed_at AS resources_ingestion_completed_at, resources.embedding AS resources_embedding, resources.sparse_embedding AS resources_sparse_embedding, resources.sparse_embedding_model AS resources_sparse_embedding_model, resources.sparse_embedding_updated_at AS resources_sparse_embedding_updated_at, resources.authors AS resources_authors, resources.affiliations AS resources_affiliations, resources.doi AS resources_doi, resources.pmid AS resources_pmid, resources.arxiv_id AS resources_arxiv_id, resources.isbn AS resources_isbn, resources.journal AS resources_journal, resources.conference AS resources_conference, resources.volume AS resources_volume, resources.issue AS resources_issue, resources.pages AS resources_pages, resources.publication_year AS resources_publication_year, resources.funding_sources AS resources_funding_sources, resources.acknowledgments AS resources_acknowledgments, resources.equation_count AS resources_equation_count, resources.table_count AS resources_table_count, resources.figure_count AS resources_figure_count, resources.reference_count AS resources_reference_count, resources.equations AS resources_equations, resources.tables AS resources_tables, resources.figures AS resources_figures, resources.metadata_completeness_score AS resources_metadata_completeness_score, resources.extraction_confidence AS resources_extraction_confidence, resources.requires_manual_review AS resources_requires_manual_review, resources.quality_accuracy AS resources_quality_accuracy, resources.quality_completeness AS resources_quality_completeness, resources.quality_consistency AS resources_quality_consistency, resources.quality_timeliness AS resources_quality_timeliness, resources.quality_relevance AS resources_quality_relevance, resources.quality_overall AS resources_quality_overall, resources.quality_weights AS resources_quality_weights, resources.quality_last_computed AS resources_quality_last_computed, resources.quality_computation_version AS resources_quality_computation_version, resources.is_quality_outlier AS resources_is_quality_outlier, resources.outlier_score AS resources_outlier_score, resources.outlier_reasons AS resources_outlier_reasons, resources.needs_quality_review AS resources_needs_quality_review, resources.summary_coherence AS resources_summary_coherence, resources.summary_consistency AS resources_summary_consistency, resources.summary_fluency AS resources_summary_fluency, resources.summary_relevance AS resources_summary_relevance, resources.is_ocr_processed AS resources_is_ocr_processed, resources.ocr_confidence AS resources_ocr_confidence, resources.ocr_corrections_applied AS resources_ocr_corrections_applied, resources.created_at AS resources_created_at, resources.updated_at AS resources_updated_at 
E   FROM resources 
E   WHERE resources.id = ?
E    LIMIT ? OFFSET ?]
E   [parameters: ('0e8a37bb-51c5-4ea0-b11e-2255714aec03', 1, 0)]
E   (Background on this error at: https://sqlalche.me/e/20/e3q8)
---------------------------- Captured stdout call -----------------------------

=== Test 1: classify_resource() ===
_______________________ test_remove_existing_predicted ________________________
..\..\..\AppData\Roaming\Python\Python313\site-packages\sqlalchemy\engine\base.py:1967: in _exec_single_context
    self.dialect.do_execute(
..\..\..\AppData\Roaming\Python\Python313\site-packages\sqlalchemy\engine\default.py:951: in do_execute
    cursor.execute(statement, parameters)
E   sqlite3.OperationalError: no such column: resources.description

The above exception was the direct cause of the following exception:
tests\unit\phase8_classification\test_taxonomy_classification_standalone.py:207: in test_remove_existing_predicted
    service.classify_resource(
app\services\taxonomy_service.py:934: in classify_resource
    resource = self.db.query(Resource).filter(Resource.id == resource_id).first()
               ^^^^^^^^^^^^^^^^^^^^^^^^^^^^^^^^^^^^^^^^^^^^^^^^^^^^^^^^^^^^^^^^^^
..\..\..\AppData\Roaming\Python\Python313\site-packages\sqlalchemy\orm\query.py:2759: in first
    return self.limit(1)._iter().first()  # type: ignore
           ^^^^^^^^^^^^^^^^^^^^^
..\..\..\AppData\Roaming\Python\Python313\site-packages\sqlalchemy\orm\query.py:2857: in _iter
    result: Union[ScalarResult[_T], Result[_T]] = self.session.execute(
..\..\..\AppData\Roaming\Python\Python313\site-packages\sqlalchemy\orm\session.py:2365: in execute
    return self._execute_internal(
..\..\..\AppData\Roaming\Python\Python313\site-packages\sqlalchemy\orm\session.py:2251: in _execute_internal
    result: Result[Any] = compile_state_cls.orm_execute_statement(
..\..\..\AppData\Roaming\Python\Python313\site-packages\sqlalchemy\orm\context.py:306: in orm_execute_statement
    result = conn.execute(
..\..\..\AppData\Roaming\Python\Python313\site-packages\sqlalchemy\engine\base.py:1419: in execute
    return meth(
..\..\..\AppData\Roaming\Python\Python313\site-packages\sqlalchemy\sql\elements.py:526: in _execute_on_connection
    return connection._execute_clauseelement(
..\..\..\AppData\Roaming\Python\Python313\site-packages\sqlalchemy\engine\base.py:1641: in _execute_clauseelement
    ret = self._execute_context(
..\..\..\AppData\Roaming\Python\Python313\site-packages\sqlalchemy\engine\base.py:1846: in _execute_context
    return self._exec_single_context(
..\..\..\AppData\Roaming\Python\Python313\site-packages\sqlalchemy\engine\base.py:1986: in _exec_single_context
    self._handle_dbapi_exception(
..\..\..\AppData\Roaming\Python\Python313\site-packages\sqlalchemy\engine\base.py:2355: in _handle_dbapi_exception
    raise sqlalchemy_exception.with_traceback(exc_info[2]) from e
..\..\..\AppData\Roaming\Python\Python313\site-packages\sqlalchemy\engine\base.py:1967: in _exec_single_context
    self.dialect.do_execute(
..\..\..\AppData\Roaming\Python\Python313\site-packages\sqlalchemy\engine\default.py:951: in do_execute
    cursor.execute(statement, parameters)
E   sqlalchemy.exc.OperationalError: (sqlite3.OperationalError) no such column: resources.description
E   [SQL: SELECT resources.id AS resources_id, resources.title AS resources_title, resources.description AS resources_description, resources.creator AS resources_creator, resources.publisher AS resources_publisher, resources.contributor AS resources_contributor, resources.date_created AS resources_date_created, resources.date_modified AS resources_date_modified, resources.type AS resources_type, resources.format AS resources_format, resources.identifier AS resources_identifier, resources.source AS resources_source, resources.language AS resources_language, resources.coverage AS resources_coverage, resources.rights AS resources_rights, resources.subject AS resources_subject, resources.relation AS resources_relation, resources.classification_code AS resources_classification_code, resources.read_status AS resources_read_status, resources.quality_score AS resources_quality_score, resources.ingestion_status AS resources_ingestion_status, resources.ingestion_error AS resources_ingestion_error, resources.ingestion_started_at AS resources_ingestion_started_at, resources.ingestion_completed_at AS resources_ingestion_completed_at, resources.embedding AS resources_embedding, resources.sparse_embedding AS resources_sparse_embedding, resources.sparse_embedding_model AS resources_sparse_embedding_model, resources.sparse_embedding_updated_at AS resources_sparse_embedding_updated_at, resources.authors AS resources_authors, resources.affiliations AS resources_affiliations, resources.doi AS resources_doi, resources.pmid AS resources_pmid, resources.arxiv_id AS resources_arxiv_id, resources.isbn AS resources_isbn, resources.journal AS resources_journal, resources.conference AS resources_conference, resources.volume AS resources_volume, resources.issue AS resources_issue, resources.pages AS resources_pages, resources.publication_year AS resources_publication_year, resources.funding_sources AS resources_funding_sources, resources.acknowledgments AS resources_acknowledgments, resources.equation_count AS resources_equation_count, resources.table_count AS resources_table_count, resources.figure_count AS resources_figure_count, resources.reference_count AS resources_reference_count, resources.equations AS resources_equations, resources.tables AS resources_tables, resources.figures AS resources_figures, resources.metadata_completeness_score AS resources_metadata_completeness_score, resources.extraction_confidence AS resources_extraction_confidence, resources.requires_manual_review AS resources_requires_manual_review, resources.quality_accuracy AS resources_quality_accuracy, resources.quality_completeness AS resources_quality_completeness, resources.quality_consistency AS resources_quality_consistency, resources.quality_timeliness AS resources_quality_timeliness, resources.quality_relevance AS resources_quality_relevance, resources.quality_overall AS resources_quality_overall, resources.quality_weights AS resources_quality_weights, resources.quality_last_computed AS resources_quality_last_computed, resources.quality_computation_version AS resources_quality_computation_version, resources.is_quality_outlier AS resources_is_quality_outlier, resources.outlier_score AS resources_outlier_score, resources.outlier_reasons AS resources_outlier_reasons, resources.needs_quality_review AS resources_needs_quality_review, resources.summary_coherence AS resources_summary_coherence, resources.summary_consistency AS resources_summary_consistency, resources.summary_fluency AS resources_summary_fluency, resources.summary_relevance AS resources_summary_relevance, resources.is_ocr_processed AS resources_is_ocr_processed, resources.ocr_confidence AS resources_ocr_confidence, resources.ocr_corrections_applied AS resources_ocr_corrections_applied, resources.created_at AS resources_created_at, resources.updated_at AS resources_updated_at 
E   FROM resources 
E   WHERE resources.id = ?
E    LIMIT ? OFFSET ?]
E   [parameters: ('66ad47cb-f90b-4d75-a3c2-6419aa47d3a2', 1, 0)]
E   (Background on this error at: https://sqlalche.me/e/20/e3q8)
---------------------------- Captured stdout call -----------------------------

=== Test 2: Remove Existing Predicted Classifications ===
_________________________ test_update_resource_counts _________________________
..\..\..\AppData\Roaming\Python\Python313\site-packages\sqlalchemy\engine\base.py:1967: in _exec_single_context
    self.dialect.do_execute(
..\..\..\AppData\Roaming\Python\Python313\site-packages\sqlalchemy\engine\default.py:951: in do_execute
    cursor.execute(statement, parameters)
E   sqlite3.OperationalError: no such column: resources.description

The above exception was the direct cause of the following exception:
tests\unit\phase8_classification\test_taxonomy_classification_standalone.py:272: in test_update_resource_counts
    service.classify_resource(
app\services\taxonomy_service.py:934: in classify_resource
    resource = self.db.query(Resource).filter(Resource.id == resource_id).first()
               ^^^^^^^^^^^^^^^^^^^^^^^^^^^^^^^^^^^^^^^^^^^^^^^^^^^^^^^^^^^^^^^^^^
..\..\..\AppData\Roaming\Python\Python313\site-packages\sqlalchemy\orm\query.py:2759: in first
    return self.limit(1)._iter().first()  # type: ignore
           ^^^^^^^^^^^^^^^^^^^^^
..\..\..\AppData\Roaming\Python\Python313\site-packages\sqlalchemy\orm\query.py:2857: in _iter
    result: Union[ScalarResult[_T], Result[_T]] = self.session.execute(
..\..\..\AppData\Roaming\Python\Python313\site-packages\sqlalchemy\orm\session.py:2365: in execute
    return self._execute_internal(
..\..\..\AppData\Roaming\Python\Python313\site-packages\sqlalchemy\orm\session.py:2251: in _execute_internal
    result: Result[Any] = compile_state_cls.orm_execute_statement(
..\..\..\AppData\Roaming\Python\Python313\site-packages\sqlalchemy\orm\context.py:306: in orm_execute_statement
    result = conn.execute(
..\..\..\AppData\Roaming\Python\Python313\site-packages\sqlalchemy\engine\base.py:1419: in execute
    return meth(
..\..\..\AppData\Roaming\Python\Python313\site-packages\sqlalchemy\sql\elements.py:526: in _execute_on_connection
    return connection._execute_clauseelement(
..\..\..\AppData\Roaming\Python\Python313\site-packages\sqlalchemy\engine\base.py:1641: in _execute_clauseelement
    ret = self._execute_context(
..\..\..\AppData\Roaming\Python\Python313\site-packages\sqlalchemy\engine\base.py:1846: in _execute_context
    return self._exec_single_context(
..\..\..\AppData\Roaming\Python\Python313\site-packages\sqlalchemy\engine\base.py:1986: in _exec_single_context
    self._handle_dbapi_exception(
..\..\..\AppData\Roaming\Python\Python313\site-packages\sqlalchemy\engine\base.py:2355: in _handle_dbapi_exception
    raise sqlalchemy_exception.with_traceback(exc_info[2]) from e
..\..\..\AppData\Roaming\Python\Python313\site-packages\sqlalchemy\engine\base.py:1967: in _exec_single_context
    self.dialect.do_execute(
..\..\..\AppData\Roaming\Python\Python313\site-packages\sqlalchemy\engine\default.py:951: in do_execute
    cursor.execute(statement, parameters)
E   sqlalchemy.exc.OperationalError: (sqlite3.OperationalError) no such column: resources.description
E   [SQL: SELECT resources.id AS resources_id, resources.title AS resources_title, resources.description AS resources_description, resources.creator AS resources_creator, resources.publisher AS resources_publisher, resources.contributor AS resources_contributor, resources.date_created AS resources_date_created, resources.date_modified AS resources_date_modified, resources.type AS resources_type, resources.format AS resources_format, resources.identifier AS resources_identifier, resources.source AS resources_source, resources.language AS resources_language, resources.coverage AS resources_coverage, resources.rights AS resources_rights, resources.subject AS resources_subject, resources.relation AS resources_relation, resources.classification_code AS resources_classification_code, resources.read_status AS resources_read_status, resources.quality_score AS resources_quality_score, resources.ingestion_status AS resources_ingestion_status, resources.ingestion_error AS resources_ingestion_error, resources.ingestion_started_at AS resources_ingestion_started_at, resources.ingestion_completed_at AS resources_ingestion_completed_at, resources.embedding AS resources_embedding, resources.sparse_embedding AS resources_sparse_embedding, resources.sparse_embedding_model AS resources_sparse_embedding_model, resources.sparse_embedding_updated_at AS resources_sparse_embedding_updated_at, resources.authors AS resources_authors, resources.affiliations AS resources_affiliations, resources.doi AS resources_doi, resources.pmid AS resources_pmid, resources.arxiv_id AS resources_arxiv_id, resources.isbn AS resources_isbn, resources.journal AS resources_journal, resources.conference AS resources_conference, resources.volume AS resources_volume, resources.issue AS resources_issue, resources.pages AS resources_pages, resources.publication_year AS resources_publication_year, resources.funding_sources AS resources_funding_sources, resources.acknowledgments AS resources_acknowledgments, resources.equation_count AS resources_equation_count, resources.table_count AS resources_table_count, resources.figure_count AS resources_figure_count, resources.reference_count AS resources_reference_count, resources.equations AS resources_equations, resources.tables AS resources_tables, resources.figures AS resources_figures, resources.metadata_completeness_score AS resources_metadata_completeness_score, resources.extraction_confidence AS resources_extraction_confidence, resources.requires_manual_review AS resources_requires_manual_review, resources.quality_accuracy AS resources_quality_accuracy, resources.quality_completeness AS resources_quality_completeness, resources.quality_consistency AS resources_quality_consistency, resources.quality_timeliness AS resources_quality_timeliness, resources.quality_relevance AS resources_quality_relevance, resources.quality_overall AS resources_quality_overall, resources.quality_weights AS resources_quality_weights, resources.quality_last_computed AS resources_quality_last_computed, resources.quality_computation_version AS resources_quality_computation_version, resources.is_quality_outlier AS resources_is_quality_outlier, resources.outlier_score AS resources_outlier_score, resources.outlier_reasons AS resources_outlier_reasons, resources.needs_quality_review AS resources_needs_quality_review, resources.summary_coherence AS resources_summary_coherence, resources.summary_consistency AS resources_summary_consistency, resources.summary_fluency AS resources_summary_fluency, resources.summary_relevance AS resources_summary_relevance, resources.is_ocr_processed AS resources_is_ocr_processed, resources.ocr_confidence AS resources_ocr_confidence, resources.ocr_corrections_applied AS resources_ocr_corrections_applied, resources.created_at AS resources_created_at, resources.updated_at AS resources_updated_at 
E   FROM resources 
E   WHERE resources.id = ?
E    LIMIT ? OFFSET ?]
E   [parameters: ('4fd715b6-09f8-4f83-9bdf-dc1909f2e675', 1, 0)]
E   (Background on this error at: https://sqlalche.me/e/20/e3q8)
---------------------------- Captured stdout call -----------------------------

=== Test 3: Update Resource Counts ===
__________________________ test_allow_resources_flag __________________________
..\..\..\AppData\Roaming\Python\Python313\site-packages\sqlalchemy\engine\base.py:1967: in _exec_single_context
    self.dialect.do_execute(
..\..\..\AppData\Roaming\Python\Python313\site-packages\sqlalchemy\engine\default.py:951: in do_execute
    cursor.execute(statement, parameters)
E   sqlite3.OperationalError: no such column: resources.description

The above exception was the direct cause of the following exception:
tests\unit\phase8_classification\test_taxonomy_classification_standalone.py:342: in test_allow_resources_flag
    result = service.classify_resource(
app\services\taxonomy_service.py:934: in classify_resource
    resource = self.db.query(Resource).filter(Resource.id == resource_id).first()
               ^^^^^^^^^^^^^^^^^^^^^^^^^^^^^^^^^^^^^^^^^^^^^^^^^^^^^^^^^^^^^^^^^^
..\..\..\AppData\Roaming\Python\Python313\site-packages\sqlalchemy\orm\query.py:2759: in first
    return self.limit(1)._iter().first()  # type: ignore
           ^^^^^^^^^^^^^^^^^^^^^
..\..\..\AppData\Roaming\Python\Python313\site-packages\sqlalchemy\orm\query.py:2857: in _iter
    result: Union[ScalarResult[_T], Result[_T]] = self.session.execute(
..\..\..\AppData\Roaming\Python\Python313\site-packages\sqlalchemy\orm\session.py:2365: in execute
    return self._execute_internal(
..\..\..\AppData\Roaming\Python\Python313\site-packages\sqlalchemy\orm\session.py:2251: in _execute_internal
    result: Result[Any] = compile_state_cls.orm_execute_statement(
..\..\..\AppData\Roaming\Python\Python313\site-packages\sqlalchemy\orm\context.py:306: in orm_execute_statement
    result = conn.execute(
..\..\..\AppData\Roaming\Python\Python313\site-packages\sqlalchemy\engine\base.py:1419: in execute
    return meth(
..\..\..\AppData\Roaming\Python\Python313\site-packages\sqlalchemy\sql\elements.py:526: in _execute_on_connection
    return connection._execute_clauseelement(
..\..\..\AppData\Roaming\Python\Python313\site-packages\sqlalchemy\engine\base.py:1641: in _execute_clauseelement
    ret = self._execute_context(
..\..\..\AppData\Roaming\Python\Python313\site-packages\sqlalchemy\engine\base.py:1846: in _execute_context
    return self._exec_single_context(
..\..\..\AppData\Roaming\Python\Python313\site-packages\sqlalchemy\engine\base.py:1986: in _exec_single_context
    self._handle_dbapi_exception(
..\..\..\AppData\Roaming\Python\Python313\site-packages\sqlalchemy\engine\base.py:2355: in _handle_dbapi_exception
    raise sqlalchemy_exception.with_traceback(exc_info[2]) from e
..\..\..\AppData\Roaming\Python\Python313\site-packages\sqlalchemy\engine\base.py:1967: in _exec_single_context
    self.dialect.do_execute(
..\..\..\AppData\Roaming\Python\Python313\site-packages\sqlalchemy\engine\default.py:951: in do_execute
    cursor.execute(statement, parameters)
E   sqlalchemy.exc.OperationalError: (sqlite3.OperationalError) no such column: resources.description
E   [SQL: SELECT resources.id AS resources_id, resources.title AS resources_title, resources.description AS resources_description, resources.creator AS resources_creator, resources.publisher AS resources_publisher, resources.contributor AS resources_contributor, resources.date_created AS resources_date_created, resources.date_modified AS resources_date_modified, resources.type AS resources_type, resources.format AS resources_format, resources.identifier AS resources_identifier, resources.source AS resources_source, resources.language AS resources_language, resources.coverage AS resources_coverage, resources.rights AS resources_rights, resources.subject AS resources_subject, resources.relation AS resources_relation, resources.classification_code AS resources_classification_code, resources.read_status AS resources_read_status, resources.quality_score AS resources_quality_score, resources.ingestion_status AS resources_ingestion_status, resources.ingestion_error AS resources_ingestion_error, resources.ingestion_started_at AS resources_ingestion_started_at, resources.ingestion_completed_at AS resources_ingestion_completed_at, resources.embedding AS resources_embedding, resources.sparse_embedding AS resources_sparse_embedding, resources.sparse_embedding_model AS resources_sparse_embedding_model, resources.sparse_embedding_updated_at AS resources_sparse_embedding_updated_at, resources.authors AS resources_authors, resources.affiliations AS resources_affiliations, resources.doi AS resources_doi, resources.pmid AS resources_pmid, resources.arxiv_id AS resources_arxiv_id, resources.isbn AS resources_isbn, resources.journal AS resources_journal, resources.conference AS resources_conference, resources.volume AS resources_volume, resources.issue AS resources_issue, resources.pages AS resources_pages, resources.publication_year AS resources_publication_year, resources.funding_sources AS resources_funding_sources, resources.acknowledgments AS resources_acknowledgments, resources.equation_count AS resources_equation_count, resources.table_count AS resources_table_count, resources.figure_count AS resources_figure_count, resources.reference_count AS resources_reference_count, resources.equations AS resources_equations, resources.tables AS resources_tables, resources.figures AS resources_figures, resources.metadata_completeness_score AS resources_metadata_completeness_score, resources.extraction_confidence AS resources_extraction_confidence, resources.requires_manual_review AS resources_requires_manual_review, resources.quality_accuracy AS resources_quality_accuracy, resources.quality_completeness AS resources_quality_completeness, resources.quality_consistency AS resources_quality_consistency, resources.quality_timeliness AS resources_quality_timeliness, resources.quality_relevance AS resources_quality_relevance, resources.quality_overall AS resources_quality_overall, resources.quality_weights AS resources_quality_weights, resources.quality_last_computed AS resources_quality_last_computed, resources.quality_computation_version AS resources_quality_computation_version, resources.is_quality_outlier AS resources_is_quality_outlier, resources.outlier_score AS resources_outlier_score, resources.outlier_reasons AS resources_outlier_reasons, resources.needs_quality_review AS resources_needs_quality_review, resources.summary_coherence AS resources_summary_coherence, resources.summary_consistency AS resources_summary_consistency, resources.summary_fluency AS resources_summary_fluency, resources.summary_relevance AS resources_summary_relevance, resources.is_ocr_processed AS resources_is_ocr_processed, resources.ocr_confidence AS resources_ocr_confidence, resources.ocr_corrections_applied AS resources_ocr_corrections_applied, resources.created_at AS resources_created_at, resources.updated_at AS resources_updated_at 
E   FROM resources 
E   WHERE resources.id = ?
E    LIMIT ? OFFSET ?]
E   [parameters: ('95185880-751c-4528-a5e1-c2a366c69904', 1, 0)]
E   (Background on this error at: https://sqlalche.me/e/20/e3q8)
---------------------------- Captured stdout call -----------------------------

=== Test 4: Allow Resources Flag ===
_____________________ test_quality_degradation_monitoring _____________________
..\..\..\AppData\Roaming\Python\Python313\site-packages\sqlalchemy\engine\base.py:1967: in _exec_single_context
    self.dialect.do_execute(
..\..\..\AppData\Roaming\Python\Python313\site-packages\sqlalchemy\engine\default.py:951: in do_execute
    cursor.execute(statement, parameters)
E   sqlite3.OperationalError: no such column: resources.publisher

The above exception was the direct cause of the following exception:
tests\unit\phase9_quality\test_degradation_monitoring.py:139: in test_quality_degradation_monitoring
    result1 = quality_service.compute_quality(resource1.id)
              ^^^^^^^^^^^^^^^^^^^^^^^^^^^^^^^^^^^^^^^^^^^^^
app\services\quality_service.py:279: in compute_quality
    resource = self.db.query(Resource).filter(Resource.id == resource_id).first()
               ^^^^^^^^^^^^^^^^^^^^^^^^^^^^^^^^^^^^^^^^^^^^^^^^^^^^^^^^^^^^^^^^^^
..\..\..\AppData\Roaming\Python\Python313\site-packages\sqlalchemy\orm\query.py:2759: in first
    return self.limit(1)._iter().first()  # type: ignore
           ^^^^^^^^^^^^^^^^^^^^^
..\..\..\AppData\Roaming\Python\Python313\site-packages\sqlalchemy\orm\query.py:2857: in _iter
    result: Union[ScalarResult[_T], Result[_T]] = self.session.execute(
..\..\..\AppData\Roaming\Python\Python313\site-packages\sqlalchemy\orm\session.py:2365: in execute
    return self._execute_internal(
..\..\..\AppData\Roaming\Python\Python313\site-packages\sqlalchemy\orm\session.py:2251: in _execute_internal
    result: Result[Any] = compile_state_cls.orm_execute_statement(
..\..\..\AppData\Roaming\Python\Python313\site-packages\sqlalchemy\orm\context.py:306: in orm_execute_statement
    result = conn.execute(
..\..\..\AppData\Roaming\Python\Python313\site-packages\sqlalchemy\engine\base.py:1419: in execute
    return meth(
..\..\..\AppData\Roaming\Python\Python313\site-packages\sqlalchemy\sql\elements.py:526: in _execute_on_connection
    return connection._execute_clauseelement(
..\..\..\AppData\Roaming\Python\Python313\site-packages\sqlalchemy\engine\base.py:1641: in _execute_clauseelement
    ret = self._execute_context(
..\..\..\AppData\Roaming\Python\Python313\site-packages\sqlalchemy\engine\base.py:1846: in _execute_context
    return self._exec_single_context(
..\..\..\AppData\Roaming\Python\Python313\site-packages\sqlalchemy\engine\base.py:1986: in _exec_single_context
    self._handle_dbapi_exception(
..\..\..\AppData\Roaming\Python\Python313\site-packages\sqlalchemy\engine\base.py:2355: in _handle_dbapi_exception
    raise sqlalchemy_exception.with_traceback(exc_info[2]) from e
..\..\..\AppData\Roaming\Python\Python313\site-packages\sqlalchemy\engine\base.py:1967: in _exec_single_context
    self.dialect.do_execute(
..\..\..\AppData\Roaming\Python\Python313\site-packages\sqlalchemy\engine\default.py:951: in do_execute
    cursor.execute(statement, parameters)
E   sqlalchemy.exc.OperationalError: (sqlite3.OperationalError) no such column: resources.publisher
E   [SQL: SELECT resources.id AS resources_id, resources.title AS resources_title, resources.description AS resources_description, resources.creator AS resources_creator, resources.publisher AS resources_publisher, resources.contributor AS resources_contributor, resources.date_created AS resources_date_created, resources.date_modified AS resources_date_modified, resources.type AS resources_type, resources.format AS resources_format, resources.identifier AS resources_identifier, resources.source AS resources_source, resources.language AS resources_language, resources.coverage AS resources_coverage, resources.rights AS resources_rights, resources.subject AS resources_subject, resources.relation AS resources_relation, resources.classification_code AS resources_classification_code, resources.read_status AS resources_read_status, resources.quality_score AS resources_quality_score, resources.ingestion_status AS resources_ingestion_status, resources.ingestion_error AS resources_ingestion_error, resources.ingestion_started_at AS resources_ingestion_started_at, resources.ingestion_completed_at AS resources_ingestion_completed_at, resources.embedding AS resources_embedding, resources.sparse_embedding AS resources_sparse_embedding, resources.sparse_embedding_model AS resources_sparse_embedding_model, resources.sparse_embedding_updated_at AS resources_sparse_embedding_updated_at, resources.authors AS resources_authors, resources.affiliations AS resources_affiliations, resources.doi AS resources_doi, resources.pmid AS resources_pmid, resources.arxiv_id AS resources_arxiv_id, resources.isbn AS resources_isbn, resources.journal AS resources_journal, resources.conference AS resources_conference, resources.volume AS resources_volume, resources.issue AS resources_issue, resources.pages AS resources_pages, resources.publication_year AS resources_publication_year, resources.funding_sources AS resources_funding_sources, resources.acknowledgments AS resources_acknowledgments, resources.equation_count AS resources_equation_count, resources.table_count AS resources_table_count, resources.figure_count AS resources_figure_count, resources.reference_count AS resources_reference_count, resources.equations AS resources_equations, resources.tables AS resources_tables, resources.figures AS resources_figures, resources.metadata_completeness_score AS resources_metadata_completeness_score, resources.extraction_confidence AS resources_extraction_confidence, resources.requires_manual_review AS resources_requires_manual_review, resources.quality_accuracy AS resources_quality_accuracy, resources.quality_completeness AS resources_quality_completeness, resources.quality_consistency AS resources_quality_consistency, resources.quality_timeliness AS resources_quality_timeliness, resources.quality_relevance AS resources_quality_relevance, resources.quality_overall AS resources_quality_overall, resources.quality_weights AS resources_quality_weights, resources.quality_last_computed AS resources_quality_last_computed, resources.quality_computation_version AS resources_quality_computation_version, resources.is_quality_outlier AS resources_is_quality_outlier, resources.outlier_score AS resources_outlier_score, resources.outlier_reasons AS resources_outlier_reasons, resources.needs_quality_review AS resources_needs_quality_review, resources.summary_coherence AS resources_summary_coherence, resources.summary_consistency AS resources_summary_consistency, resources.summary_fluency AS resources_summary_fluency, resources.summary_relevance AS resources_summary_relevance, resources.is_ocr_processed AS resources_is_ocr_processed, resources.ocr_confidence AS resources_ocr_confidence, resources.ocr_corrections_applied AS resources_ocr_corrections_applied, resources.created_at AS resources_created_at, resources.updated_at AS resources_updated_at 
E   FROM resources 
E   WHERE resources.id = ?
E    LIMIT ? OFFSET ?]
E   [parameters: ('a686ea36-d4b1-4e39-8b1b-c3ca1fc2f9b8', 1, 0)]
E   (Background on this error at: https://sqlalche.me/e/20/e3q8)
---------------------------- Captured stdout call -----------------------------
\n============================================================\nTesting Quality Degradation Monitoring (Task 5)\n============================================================\n\n--- Creating Test Resources ---\n\n\u2717 Test failed with error: (sqlite3.OperationalError) no such column: resources.publisher\n[SQL: SELECT resources.id AS resources_id, resources.title AS resources_title, resources.description AS resources_description, resources.creator AS resources_creator, resources.publisher AS resources_publisher, resources.contributor AS resources_contributor, resources.date_created AS resources_date_created, resources.date_modified AS resources_date_modified, resources.type AS resources_type, resources.format AS resources_format, resources.identifier AS resources_identifier, resources.source AS resources_source, resources.language AS resources_language, resources.coverage AS resources_coverage, resources.rights AS resources_rights, resources.subject AS resources_subject, resources.relation AS resources_relation, resources.classification_code AS resources_classification_code, resources.read_status AS resources_read_status, resources.quality_score AS resources_quality_score, resources.ingestion_status AS resources_ingestion_status, resources.ingestion_error AS resources_ingestion_error, resources.ingestion_started_at AS resources_ingestion_started_at, resources.ingestion_completed_at AS resources_ingestion_completed_at, resources.embedding AS resources_embedding, resources.sparse_embedding AS resources_sparse_embedding, resources.sparse_embedding_model AS resources_sparse_embedding_model, resources.sparse_embedding_updated_at AS resources_sparse_embedding_updated_at, resources.authors AS resources_authors, resources.affiliations AS resources_affiliations, resources.doi AS resources_doi, resources.pmid AS resources_pmid, resources.arxiv_id AS resources_arxiv_id, resources.isbn AS resources_isbn, resources.journal AS resources_journal, resources.conference AS resources_conference, resources.volume AS resources_volume, resources.issue AS resources_issue, resources.pages AS resources_pages, resources.publication_year AS resources_publication_year, resources.funding_sources AS resources_funding_sources, resources.acknowledgments AS resources_acknowledgments, resources.equation_count AS resources_equation_count, resources.table_count AS resources_table_count, resources.figure_count AS resources_figure_count, resources.reference_count AS resources_reference_count, resources.equations AS resources_equations, resources.tables AS resources_tables, resources.figures AS resources_figures, resources.metadata_completeness_score AS resources_metadata_completeness_score, resources.extraction_confidence AS resources_extraction_confidence, resources.requires_manual_review AS resources_requires_manual_review, resources.quality_accuracy AS resources_quality_accuracy, resources.quality_completeness AS resources_quality_completeness, resources.quality_consistency AS resources_quality_consistency, resources.quality_timeliness AS resources_quality_timeliness, resources.quality_relevance AS resources_quality_relevance, resources.quality_overall AS resources_quality_overall, resources.quality_weights AS resources_quality_weights, resources.quality_last_computed AS resources_quality_last_computed, resources.quality_computation_version AS resources_quality_computation_version, resources.is_quality_outlier AS resources_is_quality_outlier, resources.outlier_score AS resources_outlier_score, resources.outlier_reasons AS resources_outlier_reasons, resources.needs_quality_review AS resources_needs_quality_review, resources.summary_coherence AS resources_summary_coherence, resources.summary_consistency AS resources_summary_consistency, resources.summary_fluency AS resources_summary_fluency, resources.summary_relevance AS resources_summary_relevance, resources.is_ocr_processed AS resources_is_ocr_processed, resources.ocr_confidence AS resources_ocr_confidence, resources.ocr_corrections_applied AS resources_ocr_corrections_applied, resources.created_at AS resources_created_at, resources.updated_at AS resources_updated_at \nFROM resources \nWHERE resources.id = ?\n LIMIT ? OFFSET ?]\n[parameters: ('a686ea36-d4b1-4e39-8b1b-c3ca1fc2f9b8', 1, 0)]\n(Background on this error at: https://sqlalche.me/e/20/e3q8)
---------------------------- Captured stderr call -----------------------------
Traceback (most recent call last):
  File "C:\Users\rooma\AppData\Roaming\Python\Python313\site-packages\sqlalchemy\engine\base.py", line 1967, in _exec_single_context
    self.dialect.do_execute(
    ~~~~~~~~~~~~~~~~~~~~~~~^
        cursor, str_statement, effective_parameters, context
        ^^^^^^^^^^^^^^^^^^^^^^^^^^^^^^^^^^^^^^^^^^^^^^^^^^^^
    )
    ^
  File "C:\Users\rooma\AppData\Roaming\Python\Python313\site-packages\sqlalchemy\engine\default.py", line 951, in do_execute
    cursor.execute(statement, parameters)
    ~~~~~~~~~~~~~~^^^^^^^^^^^^^^^^^^^^^^^
sqlite3.OperationalError: no such column: resources.publisher

The above exception was the direct cause of the following exception:

Traceback (most recent call last):
  File "C:\Users\rooma\PycharmProjects\neo_alexadria\backend\tests\unit\phase9_quality\test_degradation_monitoring.py", line 139, in test_quality_degradation_monitoring
    result1 = quality_service.compute_quality(resource1.id)
  File "C:\Users\rooma\PycharmProjects\neo_alexadria\backend\app\services\quality_service.py", line 279, in compute_quality
    resource = self.db.query(Resource).filter(Resource.id == resource_id).first()
  File "C:\Users\rooma\AppData\Roaming\Python\Python313\site-packages\sqlalchemy\orm\query.py", line 2759, in first
    return self.limit(1)._iter().first()  # type: ignore
           ~~~~~~~~~~~~~~~~~~~^^
  File "C:\Users\rooma\AppData\Roaming\Python\Python313\site-packages\sqlalchemy\orm\query.py", line 2857, in _iter
    result: Union[ScalarResult[_T], Result[_T]] = self.session.execute(
                                                  ~~~~~~~~~~~~~~~~~~~~^
        statement,
        ^^^^^^^^^^
        params,
        ^^^^^^^
        execution_options={"_sa_orm_load_options": self.load_options},
        ^^^^^^^^^^^^^^^^^^^^^^^^^^^^^^^^^^^^^^^^^^^^^^^^^^^^^^^^^^^^^^
    )
    ^
  File "C:\Users\rooma\AppData\Roaming\Python\Python313\site-packages\sqlalchemy\orm\session.py", line 2365, in execute
    return self._execute_internal(
           ~~~~~~~~~~~~~~~~~~~~~~^
        statement,
        ^^^^^^^^^^
    ...<4 lines>...
        _add_event=_add_event,
        ^^^^^^^^^^^^^^^^^^^^^^
    )
    ^
  File "C:\Users\rooma\AppData\Roaming\Python\Python313\site-packages\sqlalchemy\orm\session.py", line 2251, in _execute_internal
    result: Result[Any] = compile_state_cls.orm_execute_statement(
                          ~~~~~~~~~~~~~~~~~~~~~~~~~~~~~~~~~~~~~~~^
        self,
        ^^^^^
    ...<4 lines>...
        conn,
        ^^^^^
    )
    ^
  File "C:\Users\rooma\AppData\Roaming\Python\Python313\site-packages\sqlalchemy\orm\context.py", line 306, in orm_execute_statement
    result = conn.execute(
        statement, params or {}, execution_options=execution_options
    )
  File "C:\Users\rooma\AppData\Roaming\Python\Python313\site-packages\sqlalchemy\engine\base.py", line 1419, in execute
    return meth(
        self,
        distilled_parameters,
        execution_options or NO_OPTIONS,
    )
  File "C:\Users\rooma\AppData\Roaming\Python\Python313\site-packages\sqlalchemy\sql\elements.py", line 526, in _execute_on_connection
    return connection._execute_clauseelement(
           ~~~~~~~~~~~~~~~~~~~~~~~~~~~~~~~~~^
        self, distilled_params, execution_options
        ^^^^^^^^^^^^^^^^^^^^^^^^^^^^^^^^^^^^^^^^^
    )
    ^
  File "C:\Users\rooma\AppData\Roaming\Python\Python313\site-packages\sqlalchemy\engine\base.py", line 1641, in _execute_clauseelement
    ret = self._execute_context(
        dialect,
    ...<8 lines>...
        cache_hit=cache_hit,
    )
  File "C:\Users\rooma\AppData\Roaming\Python\Python313\site-packages\sqlalchemy\engine\base.py", line 1846, in _execute_context
    return self._exec_single_context(
           ~~~~~~~~~~~~~~~~~~~~~~~~~^
        dialect, context, statement, parameters
        ^^^^^^^^^^^^^^^^^^^^^^^^^^^^^^^^^^^^^^^
    )
    ^
  File "C:\Users\rooma\AppData\Roaming\Python\Python313\site-packages\sqlalchemy\engine\base.py", line 1986, in _exec_single_context
    self._handle_dbapi_exception(
    ~~~~~~~~~~~~~~~~~~~~~~~~~~~~^
        e, str_statement, effective_parameters, cursor, context
        ^^^^^^^^^^^^^^^^^^^^^^^^^^^^^^^^^^^^^^^^^^^^^^^^^^^^^^^
    )
    ^
  File "C:\Users\rooma\AppData\Roaming\Python\Python313\site-packages\sqlalchemy\engine\base.py", line 2355, in _handle_dbapi_exception
    raise sqlalchemy_exception.with_traceback(exc_info[2]) from e
  File "C:\Users\rooma\AppData\Roaming\Python\Python313\site-packages\sqlalchemy\engine\base.py", line 1967, in _exec_single_context
    self.dialect.do_execute(
    ~~~~~~~~~~~~~~~~~~~~~~~^
        cursor, str_statement, effective_parameters, context
        ^^^^^^^^^^^^^^^^^^^^^^^^^^^^^^^^^^^^^^^^^^^^^^^^^^^^
    )
    ^
  File "C:\Users\rooma\AppData\Roaming\Python\Python313\site-packages\sqlalchemy\engine\default.py", line 951, in do_execute
    cursor.execute(statement, parameters)
    ~~~~~~~~~~~~~~^^^^^^^^^^^^^^^^^^^^^^^
sqlalchemy.exc.OperationalError: (sqlite3.OperationalError) no such column: resources.publisher
[SQL: SELECT resources.id AS resources_id, resources.title AS resources_title, resources.description AS resources_description, resources.creator AS resources_creator, resources.publisher AS resources_publisher, resources.contributor AS resources_contributor, resources.date_created AS resources_date_created, resources.date_modified AS resources_date_modified, resources.type AS resources_type, resources.format AS resources_format, resources.identifier AS resources_identifier, resources.source AS resources_source, resources.language AS resources_language, resources.coverage AS resources_coverage, resources.rights AS resources_rights, resources.subject AS resources_subject, resources.relation AS resources_relation, resources.classification_code AS resources_classification_code, resources.read_status AS resources_read_status, resources.quality_score AS resources_quality_score, resources.ingestion_status AS resources_ingestion_status, resources.ingestion_error AS resources_ingestion_error, resources.ingestion_started_at AS resources_ingestion_started_at, resources.ingestion_completed_at AS resources_ingestion_completed_at, resources.embedding AS resources_embedding, resources.sparse_embedding AS resources_sparse_embedding, resources.sparse_embedding_model AS resources_sparse_embedding_model, resources.sparse_embedding_updated_at AS resources_sparse_embedding_updated_at, resources.authors AS resources_authors, resources.affiliations AS resources_affiliations, resources.doi AS resources_doi, resources.pmid AS resources_pmid, resources.arxiv_id AS resources_arxiv_id, resources.isbn AS resources_isbn, resources.journal AS resources_journal, resources.conference AS resources_conference, resources.volume AS resources_volume, resources.issue AS resources_issue, resources.pages AS resources_pages, resources.publication_year AS resources_publication_year, resources.funding_sources AS resources_funding_sources, resources.acknowledgments AS resources_acknowledgments, resources.equation_count AS resources_equation_count, resources.table_count AS resources_table_count, resources.figure_count AS resources_figure_count, resources.reference_count AS resources_reference_count, resources.equations AS resources_equations, resources.tables AS resources_tables, resources.figures AS resources_figures, resources.metadata_completeness_score AS resources_metadata_completeness_score, resources.extraction_confidence AS resources_extraction_confidence, resources.requires_manual_review AS resources_requires_manual_review, resources.quality_accuracy AS resources_quality_accuracy, resources.quality_completeness AS resources_quality_completeness, resources.quality_consistency AS resources_quality_consistency, resources.quality_timeliness AS resources_quality_timeliness, resources.quality_relevance AS resources_quality_relevance, resources.quality_overall AS resources_quality_overall, resources.quality_weights AS resources_quality_weights, resources.quality_last_computed AS resources_quality_last_computed, resources.quality_computation_version AS resources_quality_computation_version, resources.is_quality_outlier AS resources_is_quality_outlier, resources.outlier_score AS resources_outlier_score, resources.outlier_reasons AS resources_outlier_reasons, resources.needs_quality_review AS resources_needs_quality_review, resources.summary_coherence AS resources_summary_coherence, resources.summary_consistency AS resources_summary_consistency, resources.summary_fluency AS resources_summary_fluency, resources.summary_relevance AS resources_summary_relevance, resources.is_ocr_processed AS resources_is_ocr_processed, resources.ocr_confidence AS resources_ocr_confidence, resources.ocr_corrections_applied AS resources_ocr_corrections_applied, resources.created_at AS resources_created_at, resources.updated_at AS resources_updated_at 
FROM resources 
WHERE resources.id = ?
 LIMIT ? OFFSET ?]
[parameters: ('a686ea36-d4b1-4e39-8b1b-c3ca1fc2f9b8', 1, 0)]
(Background on this error at: https://sqlalche.me/e/20/e3q8)
______________ TestContentQualityAnalyzer.test_text_readability _______________
tests\unit\phase9_quality\test_quality_service.py:89: in test_text_readability
    assert result["reading_ease"] == 75.0
E   assert 66.79500000000002 == 75.0
_____ TestContentQualityAnalyzer.test_normalize_reading_ease_middle_score _____
tests\unit\phase9_quality\test_quality_service.py:110: in test_normalize_reading_ease_middle_score
    assert abs(result - expected) < 0.001
E   assert 0.044999999999999984 < 0.001
E    +  where 0.044999999999999984 = abs((0.455 - 0.5))
__________ TestContentQualityAnalyzer.test_overall_quality_with_text __________
tests\unit\phase9_quality\test_quality_service.py:147: in test_overall_quality_with_text
    assert abs(result - expected) < 0.001
E   assert 0.1124370860927153 < 0.001
E    +  where 0.1124370860927153 = abs((0.9124370860927153 - 0.8))
______ TestContentQualityAnalyzer.test_overall_quality_partial_metadata _______
tests\unit\phase9_quality\test_quality_service.py:208: in test_overall_quality_partial_metadata
    assert abs(result - expected) < 0.001
E   assert 0.1124370860927153 < 0.001
E    +  where 0.1124370860927153 = abs((0.48386565752128674 - 0.37142857142857144))
________ TestContentQualityAnalyzer.test_content_readability_enhanced _________
tests\unit\phase9_quality\test_quality_service.py:219: in test_content_readability_enhanced
    result = analyzer.content_readability(text)
             ^^^^^^^^^^^^^^^^^^^^^^^^^^^^
E   AttributeError: 'ContentQualityAnalyzer' object has no attribute 'content_readability'. Did you mean: 'text_readability'?
_______ TestContentQualityAnalyzer.test_content_readability_empty_text ________
tests\unit\phase9_quality\test_quality_service.py:243: in test_content_readability_empty_text
    result = analyzer.content_readability("")
             ^^^^^^^^^^^^^^^^^^^^^^^^^^^^
E   AttributeError: 'ContentQualityAnalyzer' object has no attribute 'content_readability'. Did you mean: 'text_readability'?
_______ TestContentQualityAnalyzer.test_source_credibility_low_quality ________
tests\unit\phase9_quality\test_quality_service.py:286: in test_source_credibility_low_quality
    assert score < 0.3
E   assert 0.6 < 0.3
________ TestContentQualityAnalyzer.test_source_credibility_edge_cases ________
tests\unit\phase9_quality\test_quality_service.py:301: in test_source_credibility_edge_cases
    assert analyzer.source_credibility(None) == 0.0
E   assert 0.5 == 0.0
E    +  where 0.5 = source_credibility(None)
E    +    where source_credibility = <backend.app.services.quality_service.ContentQualityAnalyzer object at 0x0000019619145860>.source_credibility
_________ TestContentQualityAnalyzer.test_content_depth_rich_content __________
tests\unit\phase9_quality\test_quality_service.py:325: in test_content_depth_rich_content
    assert depth > 0.3  # Should be reasonably high for rich content (adjusted expectation)
    ^^^^^^^^^^^^^^^^^^
E   assert 0.3 > 0.3
_____ TestContentQualityAnalyzer.test_overall_quality_score_comprehensive _____
tests\unit\phase9_quality\test_quality_service.py:367: in test_overall_quality_score_comprehensive
    score = analyzer.overall_quality_score(resource, content)
            ^^^^^^^^^^^^^^^^^^^^^^^^^^^^^^
E   AttributeError: 'ContentQualityAnalyzer' object has no attribute 'overall_quality_score'. Did you mean: 'overall_quality'?
______ TestContentQualityAnalyzer.test_overall_quality_score_low_quality ______
tests\unit\phase9_quality\test_quality_service.py:392: in test_overall_quality_score_low_quality
    score = analyzer.overall_quality_score(resource, content)
            ^^^^^^^^^^^^^^^^^^^^^^^^^^^^^^
E   AttributeError: 'ContentQualityAnalyzer' object has no attribute 'overall_quality_score'. Did you mean: 'overall_quality'?
_______ TestRecomputeQualityTask.test_successful_quality_recomputation ________
tests\unit\test_celery_tasks.py:65: in test_successful_quality_recomputation
    mock_service_instance.compute_quality.assert_called_once_with("resource-123")
C:\Python313\Lib\unittest\mock.py:991: in assert_called_once_with
    return self.assert_called_with(*args, **kwargs)
           ^^^^^^^^^^^^^^^^^^^^^^^^^^^^^^^^^^^^^^^^
C:\Python313\Lib\unittest\mock.py:979: in assert_called_with
    raise AssertionError(_error_message()) from cause
E   AssertionError: expected call not found.
E   Expected: compute_quality('resource-123')
E     Actual: compute_quality('resource-123', weights=None)
---------------------------- Captured stderr call -----------------------------
2025-11-18 14:02:23,677 - app.tasks.celery_tasks - INFO - Recomputing quality for resource resource-123
2025-11-18 14:02:23,679 - app.tasks.celery_tasks - INFO - Successfully recomputed quality for resource resource-123: {'overall': 0.85, 'completeness': 0.9}
------------------------------ Captured log call ------------------------------
INFO     app.tasks.celery_tasks:celery_tasks.py:159 Recomputing quality for resource resource-123
INFO     app.tasks.celery_tasks:celery_tasks.py:166 Successfully recomputed quality for resource resource-123: {'overall': 0.85, 'completeness': 0.9}
_ TestDiscoveryHypothesisCompatibility.test_backward_compatibility_properties _
tests\unit\test_discovery_hypothesis_compatibility.py:52: in test_backward_compatibility_properties
    assert hypothesis.c_resource_id == resource_c_id
           ^^^^^^^^^^^^^^^^^^^^^^^^
E   AttributeError: 'DiscoveryHypothesis' object has no attribute 'c_resource_id'. Did you mean: 'a_resource_id'?
__ TestDiscoveryHypothesisCompatibility.test_backward_compatibility_setters ___
tests\unit\test_discovery_hypothesis_compatibility.py:73: in test_backward_compatibility_setters
    assert hypothesis.resource_c_id == resource_c_id
E   AssertionError: assert None == UUID('63f579d5-6a60-43cd-84b4-566a619b31dd')
E    +  where None = <DiscoveryHypothesis(id=None, 'Concept A' -> 'Concept B', confidence=0.8)>.resource_c_id
____ TestDiscoveryHypothesisCompatibility.test_query_with_new_field_names _____
tests\unit\test_discovery_hypothesis_compatibility.py:111: in test_query_with_new_field_names
    assert result.c_resource_id == resource_c_id
           ^^^^^^^^^^^^^^^^^^^^
E   AttributeError: 'DiscoveryHypothesis' object has no attribute 'c_resource_id'. Did you mean: 'a_resource_id'?
______ TestOOMErrorHandling.test_oom_error_triggers_batch_size_reduction ______
C:\Python313\Lib\unittest\mock.py:1423: in patched
    with self.decoration_helper(patched,
C:\Python313\Lib\contextlib.py:141: in __enter__
    return next(self.gen)
           ^^^^^^^^^^^^^^
C:\Python313\Lib\unittest\mock.py:1405: in decoration_helper
    arg = exit_stack.enter_context(patching)
          ^^^^^^^^^^^^^^^^^^^^^^^^^^^^^^^^^^
C:\Python313\Lib\contextlib.py:530: in enter_context
    result = _enter(cm)
             ^^^^^^^^^^
C:\Python313\Lib\unittest\mock.py:1497: in __enter__
    original, local = self.get_original()
                      ^^^^^^^^^^^^^^^^^^^
C:\Python313\Lib\unittest\mock.py:1467: in get_original
    raise AttributeError(
E   AttributeError: <class 'backend.scripts.training.train_classification.ClassificationTrainer'> does not have the attribute '_train_with_batch_size'
____________ TestOOMErrorHandling.test_oom_error_clears_gpu_cache _____________
C:\Python313\Lib\unittest\mock.py:1423: in patched
    with self.decoration_helper(patched,
C:\Python313\Lib\contextlib.py:141: in __enter__
    return next(self.gen)
           ^^^^^^^^^^^^^^
C:\Python313\Lib\unittest\mock.py:1405: in decoration_helper
    arg = exit_stack.enter_context(patching)
          ^^^^^^^^^^^^^^^^^^^^^^^^^^^^^^^^^^
C:\Python313\Lib\contextlib.py:530: in enter_context
    result = _enter(cm)
             ^^^^^^^^^^
C:\Python313\Lib\unittest\mock.py:1497: in __enter__
    original, local = self.get_original()
                      ^^^^^^^^^^^^^^^^^^^
C:\Python313\Lib\unittest\mock.py:1467: in get_original
    raise AttributeError(
E   AttributeError: <class 'backend.scripts.training.train_classification.ClassificationTrainer'> does not have the attribute '_train_with_batch_size'
_____ TestOOMErrorHandling.test_persistent_oom_error_provides_suggestions _____
C:\Python313\Lib\unittest\mock.py:1423: in patched
    with self.decoration_helper(patched,
C:\Python313\Lib\contextlib.py:141: in __enter__
    return next(self.gen)
           ^^^^^^^^^^^^^^
C:\Python313\Lib\unittest\mock.py:1405: in decoration_helper
    arg = exit_stack.enter_context(patching)
          ^^^^^^^^^^^^^^^^^^^^^^^^^^^^^^^^^^
C:\Python313\Lib\contextlib.py:530: in enter_context
    result = _enter(cm)
             ^^^^^^^^^^
C:\Python313\Lib\unittest\mock.py:1497: in __enter__
    original, local = self.get_original()
                      ^^^^^^^^^^^^^^^^^^^
C:\Python313\Lib\unittest\mock.py:1467: in get_original
    raise AttributeError(
E   AttributeError: <class 'backend.scripts.training.train_classification.ClassificationTrainer'> does not have the attribute '_train_with_batch_size'
_ TestHyperparameterSearchVisualization.test_visualize_results_creates_plots __
C:\Python313\Lib\unittest\mock.py:1423: in patched
    with self.decoration_helper(patched,
C:\Python313\Lib\contextlib.py:141: in __enter__
    return next(self.gen)
           ^^^^^^^^^^^^^^
C:\Python313\Lib\unittest\mock.py:1405: in decoration_helper
    arg = exit_stack.enter_context(patching)
          ^^^^^^^^^^^^^^^^^^^^^^^^^^^^^^^^^^
C:\Python313\Lib\contextlib.py:530: in enter_context
    result = _enter(cm)
             ^^^^^^^^^^
C:\Python313\Lib\unittest\mock.py:1481: in __enter__
    self.target = self.getter()
                  ^^^^^^^^^^^^^
C:\Python313\Lib\pkgutil.py:513: in resolve_name
    mod = importlib.import_module(modname)
          ^^^^^^^^^^^^^^^^^^^^^^^^^^^^^^^^
C:\Python313\Lib\importlib\__init__.py:88: in import_module
    return _bootstrap._gcd_import(name[level:], package, level)
           ^^^^^^^^^^^^^^^^^^^^^^^^^^^^^^^^^^^^^^^^^^^^^^^^^^^^
E   ModuleNotFoundError: No module named 'plotly'
=========================== short test summary info ===========================
FAILED tests/api/test_phase2_curation_api.py::TestResourcesCRUDAndList::test_update_resource_partial
FAILED tests/api/test_phase3_search_api.py::test_post_search_basic_total_and_items
FAILED tests/api/test_phase3_search_api.py::test_search_filters_and_sorting
FAILED tests/api/test_phase3_search_api.py::test_search_subject_any_all - ass...
FAILED tests/api/test_phase3_search_api.py::test_search_facets_present - asse...
FAILED tests/database/test_database_schema.py::test_database_initialization_helper
FAILED tests/database/test_schema_verification.py::TestDatabaseInitializationHelper::test_helper_recreates_schema_if_fields_missing
FAILED tests/domain/test_domain_search.py::TestSearchQuery::test_query_text_validation_empty
FAILED tests/domain/test_domain_search.py::TestSearchQuery::test_query_text_validation_whitespace
FAILED tests/integration/phase10_graph_intelligence/test_phase10_discovery_api.py::TestDiscoveryAPIEndpoints::test_open_discovery_success
FAILED tests/integration/phase10_graph_intelligence/test_phase10_discovery_api.py::TestDiscoveryAPIEndpoints::test_open_discovery_not_found
FAILED tests/integration/phase10_graph_intelligence/test_phase10_discovery_api.py::TestDiscoveryAPIEndpoints::test_closed_discovery_success
FAILED tests/integration/phase10_graph_intelligence/test_phase10_discovery_api.py::TestDiscoveryAPIEndpoints::test_neighbors_endpoint
FAILED tests/integration/phase10_graph_intelligence/test_phase10_discovery_api.py::TestDiscoveryAPIEndpoints::test_list_hypotheses
FAILED tests/integration/phase10_graph_intelligence/test_phase10_discovery_api.py::TestDiscoveryAPIEndpoints::test_validate_hypothesis
FAILED tests/integration/phase1_ingestion/test_async_ingestion.py::TestPendingResourceCreation::test_create_pending_resource_success
FAILED tests/integration/phase1_ingestion/test_async_ingestion.py::TestBackgroundIngestion::test_process_ingestion_success
FAILED tests/integration/phase1_ingestion/test_async_ingestion.py::TestBackgroundIngestion::test_process_ingestion_fetch_error
FAILED tests/integration/phase1_ingestion/test_async_ingestion.py::TestBackgroundIngestion::test_process_ingestion_ai_error
FAILED tests/integration/phase1_ingestion/test_async_ingestion.py::TestBackgroundIngestion::test_process_ingestion_nonexistent_resource
FAILED tests/integration/phase1_ingestion/test_async_ingestion.py::TestBackgroundIngestion::test_process_ingestion_custom_ai_core
FAILED tests/integration/phase1_ingestion/test_async_ingestion.py::TestAsyncIngestionIntegration::test_async_ingestion_flow
FAILED tests/integration/phase1_ingestion/test_async_ingestion.py::TestAsyncIngestionIntegration::test_async_ingestion_failure_flow
FAILED tests/integration/phase1_ingestion/test_async_ingestion.py::TestAsyncIngestionIntegration::test_multiple_concurrent_ingestions
FAILED tests/integration/phase1_ingestion/test_async_ingestion.py::TestSparseEmbeddingIntegration::test_sparse_embedding_generated_during_ingestion
FAILED tests/integration/phase1_ingestion/test_async_ingestion.py::TestSparseEmbeddingIntegration::test_sparse_embedding_failure_does_not_block_ingestion
FAILED tests/integration/phase1_ingestion/test_async_ingestion.py::TestSparseEmbeddingIntegration::test_sparse_embedding_with_empty_content
FAILED tests/integration/phase1_ingestion/test_pdf_ingestion.py::TestPDFIngestionFlow::test_pdf_ingestion_via_api
FAILED tests/integration/phase1_ingestion/test_pdf_ingestion.py::TestPDFIngestionFlow::test_pdf_ingestion_by_url_extension
FAILED tests/integration/phase1_ingestion/test_pdf_ingestion.py::TestPDFIngestionFlow::test_pdf_ingestion_by_file_signature
FAILED tests/integration/phase1_ingestion/test_pdf_ingestion.py::TestPDFIngestionFlow::test_pdf_extraction_failure_handling
FAILED tests/integration/phase1_ingestion/test_pdf_ingestion.py::TestPDFIngestionWithAI::test_pdf_ingestion_with_ai_summarization
FAILED tests/integration/phase1_ingestion/test_pdf_ingestion.py::TestPDFIngestionWithAI::test_pdf_ingestion_ai_failure_fallback
FAILED tests/integration/phase1_ingestion/test_phase1_ingestion.py::test_ingestion_pipeline_writes_archive_and_persists
FAILED tests/integration/phase1_ingestion/test_phase1_ingestion.py::test_api_endpoint_validation
FAILED tests/integration/phase1_ingestion/test_resource_ingestion_classification.py::test_classification_triggered_during_ingestion
FAILED tests/integration/phase1_ingestion/test_resource_ingestion_classification.py::test_classification_failure_does_not_block_ingestion
FAILED tests/integration/phase2_curation/test_curation_endpoints.py::TestQualityAnalysisEndpoint::test_quality_analysis_success
FAILED tests/integration/phase3_search/test_enhanced_search_api.py::TestEnhancedSearchEndpoint::test_search_with_filters_and_snippets
FAILED tests/integration/phase3_search/test_enhanced_search_api.py::TestEnhancedSearchEndpoint::test_search_without_text_query
FAILED tests/integration/phase3_search/test_enhanced_search_api.py::TestEnhancedSearchEndpoint::test_complex_query_combinations
FAILED tests/integration/phase3_search/test_phase3_search_api.py::test_search_filters_and_sorting
FAILED tests/integration/phase3_search/test_phase3_search_api.py::test_search_subject_any_all
FAILED tests/integration/phase3_search/test_phase3_search_api.py::test_search_facets_present
FAILED tests/integration/phase4_hybrid_search/test_phase4_hybrid_search.py::TestSearchIntegration::test_fallback_when_numpy_unavailable
FAILED tests/integration/phase5_graph/test_phase55_recommendations.py::TestCosineSimilarity::test_opposite_vectors
FAILED tests/integration/phase5_graph/test_phase55_recommendations.py::TestCosineSimilarity::test_score_clamping
FAILED tests/integration/phase5_graph/test_phase55_recommendations.py::TestVectorConversion::test_to_numpy_vector_valid
FAILED tests/integration/phase5_graph/test_phase55_recommendations.py::TestVectorConversion::test_to_numpy_vector_empty
FAILED tests/integration/phase5_graph/test_phase55_recommendations.py::TestVectorConversion::test_to_numpy_vector_none
FAILED tests/integration/phase5_graph/test_phase55_recommendations.py::TestVectorConversion::test_to_numpy_vector_invalid
FAILED tests/integration/phase5_graph/test_phase55_recommendations.py::TestUserProfileGeneration::test_generate_profile_with_embeddings
FAILED tests/integration/phase5_graph/test_phase55_recommendations.py::TestUserProfileGeneration::test_generate_profile_empty_library
FAILED tests/integration/phase5_graph/test_phase55_recommendations.py::TestUserProfileGeneration::test_generate_profile_no_embeddings
FAILED tests/integration/phase5_graph/test_phase55_recommendations.py::TestTopSubjectsExtraction::test_get_top_subjects
FAILED tests/integration/phase5_graph/test_phase55_recommendations.py::TestEdgeCases::test_search_provider_failure
FAILED tests/integration/phase5_graph/test_phase55_recommendations.py::test_recommendations_endpoint_basic
FAILED tests/integration/phase5_graph/test_phase55_recommendations.py::test_profile_sensitivity
FAILED tests/integration/phase6_citations/test_phase6_5_scholarly.py::TestEquationExtraction::test_normalize_latex
FAILED tests/integration/phase7_collections/test_phase7_5_annotations.py::TestAnnotationIntegration::test_search_includes_annotations
FAILED tests/integration/phase7_collections/test_phase7_5_annotations.py::TestAnnotationIntegration::test_collection_annotation_counts
FAILED tests/integration/phase7_collections/test_phase7_collections.py::TestCollectionCreation::test_create_collection_with_parent
FAILED tests/integration/phase7_collections/test_phase7_collections.py::TestCollectionCreation::test_create_collection_invalid_name
FAILED tests/integration/phase7_collections/test_phase7_collections.py::TestCollectionCreation::test_create_collection_invalid_visibility
FAILED tests/integration/phase7_collections/test_phase7_collections.py::TestCollectionAccess::test_get_private_collection_as_owner
FAILED tests/integration/phase7_collections/test_phase7_collections.py::TestCollectionAccess::test_get_private_collection_as_non_owner
FAILED tests/integration/phase7_collections/test_phase7_collections.py::TestCollectionAccess::test_get_public_collection
FAILED tests/integration/phase7_collections/test_phase7_collections.py::TestResourceMembership::test_add_resources
FAILED tests/integration/phase7_collections/test_phase7_collections.py::TestResourceMembership::test_add_resources_duplicate
FAILED tests/integration/phase7_collections/test_phase7_collections.py::TestResourceMembership::test_remove_resources
FAILED tests/integration/phase7_collections/test_phase7_collections.py::TestResourceMembership::test_add_resources_non_owner
FAILED tests/integration/phase7_collections/test_phase7_collections.py::TestCollectionEmbedding::test_recompute_embedding
FAILED tests/integration/phase7_collections/test_phase7_collections.py::TestCollectionEmbedding::test_recompute_embedding_empty_collection
FAILED tests/integration/phase7_collections/test_phase7_collections.py::TestCollectionRecommendations::test_get_recommendations
FAILED tests/integration/phase7_collections/test_phase7_collections.py::TestCollectionRecommendations::test_get_recommendations_no_embedding
FAILED tests/integration/phase7_collections/test_phase7_collections.py::TestHierarchyValidation::test_validate_hierarchy_none_parent
FAILED tests/integration/phase7_collections/test_phase7_collections.py::TestHierarchyValidation::test_validate_hierarchy_valid_parent
FAILED tests/integration/phase7_collections/test_phase7_collections.py::TestHierarchyValidation::test_prevent_circular_reference_direct
FAILED tests/integration/phase7_collections/test_phase7_collections.py::TestHierarchyValidation::test_prevent_circular_reference_two_level
FAILED tests/integration/phase7_collections/test_phase7_collections.py::TestHierarchyValidation::test_prevent_circular_reference_multi_level
FAILED tests/integration/phase7_collections/test_phase7_collections.py::TestHierarchyValidation::test_hierarchy_depth_limit
FAILED tests/integration/phase7_collections/test_phase7_collections.py::TestHierarchyValidation::test_valid_multi_level_hierarchy
FAILED tests/integration/phase7_collections/test_phase7_collections.py::TestHierarchyValidation::test_reparent_collection
FAILED tests/integration/phase8_classification/test_classification_endpoints.py::test_classify_resource_endpoint
FAILED tests/integration/phase8_classification/test_classification_endpoints.py::test_get_uncertain_samples_endpoint
FAILED tests/integration/phase8_classification/test_classification_endpoints.py::test_submit_feedback_endpoint
FAILED tests/integration/phase8_classification/test_classification_endpoints.py::test_train_classifier_endpoint
FAILED tests/integration/phase8_classification/test_phase8_5_integration.py::test_active_learning_workflow
FAILED tests/integration/phase8_classification/test_phase8_5_integration.py::test_semi_supervised_learning_workflow
FAILED tests/integration/phase8_classification/test_phase8_5_integration.py::test_api_endpoints_integration
FAILED tests/integration/phase8_classification/test_phase8_5_integration.py::test_classification_service_integration
FAILED tests/integration/phase8_classification/test_phase8_5_integration.py::test_confidence_threshold_filtering
FAILED tests/integration/phase8_classification/test_phase8_api_endpoints.py::test_three_way_hybrid_pagination
FAILED tests/integration/phase9_quality/test_quality_api_endpoints.py::TestQualityDetailsEndpoint::test_get_quality_details_not_found
FAILED tests/integration/phase9_quality/test_quality_api_endpoints.py::TestDegradationEndpoint::test_get_degradation_invalid_window
FAILED tests/integration/phase9_quality/test_quality_endpoints_simple.py::test_quality_router_structure
FAILED tests/integration/phase9_quality/test_quality_integration.py::test_quality_integration_in_ingestion
FAILED tests/integration/phase9_quality/test_quality_integration.py::test_quality_integration_error_handling
FAILED tests/integration/test_service_events.py::TestIngestionServiceEvents::test_ingestion_emits_started_and_completed_events
FAILED tests/integration/test_service_events.py::TestIngestionServiceEvents::test_ingestion_failure_emits_failed_event
FAILED tests/integration/test_service_events.py::TestUserInteractionEvents::test_track_interaction_emits_user_interaction_tracked
FAILED tests/integration/test_service_events.py::TestUserInteractionEvents::test_multiple_interactions_emit_multiple_events
FAILED tests/integration/test_service_events.py::TestEventDataCompleteness::test_user_interaction_event_has_required_fields
FAILED tests/integration/test_service_events.py::TestEventPriorities::test_user_interaction_has_low_priority
FAILED tests/integration/test_validation_scripts.py::TestReportGenerator::test_generate_markdown_report
FAILED tests/integration/training/test_ab_testing.py::TestABTestingFramework::test_prediction_logging
FAILED tests/integration/training/test_ab_testing.py::TestABTestingFramework::test_experiment_analysis
FAILED tests/integration/training/test_ab_testing.py::TestABTestingFramework::test_promotion_logic_when_treatment_better
FAILED tests/integration/training/test_classification_training.py::TestClassificationTrainer::test_end_to_end_training
FAILED tests/integration/training/test_classification_training.py::TestClassificationTrainer::test_checkpoint_saving
FAILED tests/integration/workflows/test_ai_integration.py::TestAIIntegration::test_ai_summary_generation
FAILED tests/integration/workflows/test_ai_integration.py::TestAIWithRealIngestion::test_end_to_end_ai_processing
FAILED tests/integration/workflows/test_api_endpoints.py::TestResourcesAPI::test_create_resource_success
FAILED tests/integration/workflows/test_api_endpoints.py::TestResourcesAPI::test_create_resource_minimal_payload
FAILED tests/integration/workflows/test_api_endpoints.py::TestResourcesAPI::test_create_resource_with_all_fields
FAILED tests/integration/workflows/test_api_endpoints.py::TestResourcesAPI::test_create_resource_fetch_error
FAILED tests/integration/workflows/test_api_endpoints.py::TestResourcesAPI::test_create_resource_network_timeout
FAILED tests/integration/workflows/test_api_endpoints.py::TestResourcesAPI::test_create_resource_http_error
FAILED tests/integration/workflows/test_api_endpoints.py::TestResourcesAPI::test_create_resource_archive_error
FAILED tests/integration/workflows/test_api_endpoints.py::TestResourcesAPI::test_create_resource_database_error
FAILED tests/integration/workflows/test_api_endpoints.py::TestResourcesAPI::test_create_resource_extra_fields
FAILED tests/integration/workflows/test_api_endpoints.py::TestResourcesAPI::test_create_resource_response_model
FAILED tests/integration/workflows/test_api_endpoints.py::TestResourcesAPI::test_create_resource_multiple_requests
FAILED tests/integration/workflows/test_api_endpoints.py::TestResourcesAPI::test_create_resource_concurrent_requests
FAILED tests/integration/workflows/test_api_endpoints.py::TestClassificationAPI::test_get_classification_tree
FAILED tests/integration/workflows/test_integration.py::TestIngestionPipelineIntegration::test_complete_pipeline_success
FAILED tests/integration/workflows/test_integration.py::TestIngestionPipelineIntegration::test_pipeline_with_ai_tag_generation
FAILED tests/integration/workflows/test_integration.py::TestIngestionPipelineIntegration::test_pipeline_with_language_classification
FAILED tests/integration/workflows/test_integration.py::TestIngestionPipelineIntegration::test_pipeline_quality_scoring
FAILED tests/integration/workflows/test_integration.py::TestIngestionPipelineIntegration::test_pipeline_error_recovery
FAILED tests/integration/workflows/test_integration.py::TestIngestionPipelineIntegration::test_pipeline_archive_structure
FAILED tests/integration/workflows/test_integration.py::TestIngestionPipelineIntegration::test_pipeline_readability_calculation
FAILED tests/ml_benchmarks/test_search_quality_metrics.py::TestSearchQualityMetrics::test_hybrid_search_ndcg
FAILED tests/performance/phase10_graph_intelligence/test_phase10_performance.py::TestHNSWQueryPerformance::test_hnsw_query_latency[1000]
FAILED tests/performance/phase10_graph_intelligence/test_phase10_performance.py::TestHNSWQueryPerformance::test_hnsw_query_latency[5000]
FAILED tests/performance/phase10_graph_intelligence/test_phase10_performance.py::TestHNSWQueryPerformance::test_hnsw_query_latency[10000]
FAILED tests/performance/phase10_graph_intelligence/test_phase10_performance.py::TestGraph2VecPerformance::test_graph2vec_computation_rate
FAILED tests/performance/phase10_graph_intelligence/test_phase10_performance.py::TestMemoryUsage::test_hnsw_index_memory
FAILED tests/performance/phase10_graph_intelligence/test_phase10_performance.py::TestDiscoveryPerformance::test_open_discovery_latency
FAILED tests/performance/phase10_graph_intelligence/test_phase10_performance.py::TestDiscoveryPerformance::test_closed_discovery_latency
FAILED tests/performance/test_ml_latency.py::TestMLLatency::test_search_query_latency
FAILED tests/performance/test_performance.py::test_single_prediction_inference_time
FAILED tests/performance/test_performance.py::test_ancestor_query_scalability
FAILED tests/services/test_ml_classification_cqs.py::TestMLClassificationCQS::test_determine_ab_version_returns_version_with_experiment
FAILED tests/services/test_ml_classification_cqs.py::TestMLClassificationCQS::test_log_to_ab_testing_is_modifier
FAILED tests/services/test_ml_classification_cqs.py::TestMLClassificationCQS::test_predict_delegates_to_log_prediction
FAILED tests/services/test_ml_classification_cqs.py::TestMLClassificationCQS::test_cqs_principle_separation
FAILED tests/services/test_search_metrics_service.py::TestSearchMetricsService::test_compute_ndcg_worst_ranking
FAILED tests/services/test_search_metrics_service.py::TestSearchMetricsService::test_compute_ndcg_with_k_limit
FAILED tests/services/test_search_metrics_service.py::TestSearchMetricsService::test_compute_ndcg_missing_judgments
FAILED tests/services/test_search_service.py::TestFtsSearch::test_fts_search_fallback
FAILED tests/services/test_search_service.py::TestSearchIntegration::test_search_with_filters
FAILED tests/services/test_search_service.py::TestSearchIntegration::test_search_without_text
FAILED tests/services/test_search_service.py::TestSearchIntegration::test_search_pagination
FAILED tests/services/test_search_service.py::TestSearchIntegration::test_search_sorting
FAILED tests/services/test_search_service.py::TestFacets::test_facets_computation
FAILED tests/services/test_search_service.py::TestFacets::test_facets_with_filters
FAILED tests/services/test_sparse_embedding_service.py::TestSparseEmbeddingService::test_generate_sparse_embedding_with_mock_model
FAILED tests/unit/core/test_resource_service.py::TestPendingResourceCreation::test_create_pending_resource_success
FAILED tests/unit/core/test_resource_service.py::TestBackgroundIngestion::test_process_ingestion_success
FAILED tests/unit/core/test_resource_service.py::TestBackgroundIngestion::test_process_ingestion_fetch_error
FAILED tests/unit/core/test_resource_service.py::TestAsyncIngestionIntegration::test_async_ingestion_flow
FAILED tests/unit/core/test_resource_service.py::TestAsyncIngestionIntegration::test_manual_classification_override_endpoint
FAILED tests/unit/phase10_graph_intelligence/test_phase10_graph_construction.py::TestMultiLayerGraphConstruction::test_citation_edge_creation
FAILED tests/unit/phase10_graph_intelligence/test_phase10_graph_construction.py::TestMultiLayerGraphConstruction::test_coauthorship_edge_creation
FAILED tests/unit/phase10_graph_intelligence/test_phase10_graph_construction.py::TestMultiLayerGraphConstruction::test_subject_similarity_edge_creation
FAILED tests/unit/phase10_graph_intelligence/test_phase10_graph_construction.py::TestMultiLayerGraphConstruction::test_temporal_edge_creation
FAILED tests/unit/phase10_graph_intelligence/test_phase10_graph_construction.py::TestMultiLayerGraphConstruction::test_edge_weight_calculations
FAILED tests/unit/phase10_graph_intelligence/test_phase10_lbd_discovery.py::TestLBDOpenDiscovery::test_abc_path_discovery
FAILED tests/unit/phase10_graph_intelligence/test_phase10_lbd_discovery.py::TestLBDOpenDiscovery::test_direct_connection_exclusion
FAILED tests/unit/phase10_graph_intelligence/test_phase10_lbd_discovery.py::TestLBDOpenDiscovery::test_plausibility_scoring
FAILED tests/unit/phase10_graph_intelligence/test_phase10_lbd_discovery.py::TestLBDOpenDiscovery::test_min_plausibility_filtering
FAILED tests/unit/phase10_graph_intelligence/test_phase10_lbd_discovery.py::TestLBDOpenDiscovery::test_hypothesis_storage
FAILED tests/unit/phase10_graph_intelligence/test_phase10_lbd_discovery.py::TestLBDOpenDiscovery::test_ranking_by_plausibility
FAILED tests/unit/phase10_graph_intelligence/test_phase10_neighbor_discovery.py::TestNeighborDiscovery::test_edge_type_filtering
FAILED tests/unit/phase10_graph_intelligence/test_phase10_neighbor_discovery.py::TestNeighborDiscovery::test_min_weight_filtering
FAILED tests/unit/phase11_recommendations/test_hybrid_recommendations.py::TestHybridScoring::test_rank_candidates_basic
FAILED tests/unit/phase11_recommendations/test_hybrid_recommendations.py::TestHybridScoring::test_rank_candidates_with_missing_scores
FAILED tests/unit/phase11_recommendations/test_hybrid_recommendations.py::TestNoveltyBoosting::test_apply_novelty_boost_basic
FAILED tests/unit/phase11_recommendations/test_hybrid_recommendations.py::TestRecommendationGeneration::test_generate_recommendations_basic
FAILED tests/unit/phase11_recommendations/test_hybrid_recommendations.py::TestRecommendationGeneration::test_generate_recommendations_with_quality_filters
FAILED tests/unit/phase11_recommendations/test_hybrid_recommendations.py::TestGiniCoefficient::test_compute_gini_coefficient_basic
FAILED tests/unit/phase11_recommendations/test_hybrid_recommendations.py::TestGiniCoefficient::test_compute_gini_coefficient_empty
FAILED tests/unit/phase11_recommendations/test_hybrid_recommendations.py::TestGiniCoefficient::test_compute_gini_coefficient_uniform
FAILED tests/unit/phase1_ingestion/test_ingestion_status.py::TestIngestionStatusTracking::test_status_endpoint_completed
FAILED tests/unit/phase1_ingestion/test_ingestion_status.py::TestIngestionStatusTracking::test_status_endpoint_failed
FAILED tests/unit/phase1_ingestion/test_ingestion_status.py::TestIngestionStatusTracking::test_status_timestamps_progression
FAILED tests/unit/phase1_ingestion/test_ingestion_status.py::TestIngestionStatusPolling::test_polling_until_completion
FAILED tests/unit/phase1_ingestion/test_ingestion_status.py::TestIngestionStatusPolling::test_polling_until_failure
FAILED tests/unit/phase1_ingestion/test_ingestion_status.py::TestIngestionStatusConcurrency::test_concurrent_status_checks
FAILED tests/unit/phase1_ingestion/test_ingestion_status.py::TestIngestionStatusConcurrency::test_status_during_processing
FAILED tests/unit/phase2_curation/test_curation_service.py::TestCurationInterfaceQualityAnalysis::test_quality_analysis_comprehensive
FAILED tests/unit/phase2_curation/test_curation_service.py::TestCurationInterfaceQualityAnalysis::test_improvement_suggestions_low_quality
FAILED tests/unit/phase3_search/test_search_service.py::TestFtsSearch::test_fts_search_fallback
FAILED tests/unit/phase3_search/test_search_service.py::TestSearchIntegration::test_search_with_filters
FAILED tests/unit/phase3_search/test_search_service.py::TestSearchIntegration::test_search_without_text
FAILED tests/unit/phase3_search/test_search_service.py::TestSearchIntegration::test_search_pagination
FAILED tests/unit/phase3_search/test_search_service.py::TestSearchIntegration::test_search_sorting
FAILED tests/unit/phase3_search/test_search_service.py::TestFacets::test_facets_computation
FAILED tests/unit/phase3_search/test_search_service.py::TestFacets::test_facets_with_filters
FAILED tests/unit/phase4_hybrid_search/test_sparse_embedding_service.py::TestSparseEmbeddingService::test_generate_sparse_embedding_with_mock_model
FAILED tests/unit/phase7_collections/test_phase7_migration.py::test_alembic_version
FAILED tests/unit/phase8_classification/test_ml_classification_model_loading.py::test_checkpoint_directory_structure
FAILED tests/unit/phase8_classification/test_ml_classification_service.py::test_load_model_creates_checkpoint_dir
FAILED tests/unit/phase8_classification/test_ml_classification_service.py::test_predict_returns_dict_with_confidence_scores
FAILED tests/unit/phase8_classification/test_ml_classification_service.py::test_predict_respects_top_k_parameter
FAILED tests/unit/phase8_classification/test_ml_classification_service.py::test_semi_supervised_iteration_generates_pseudo_labels
FAILED tests/unit/phase8_classification/test_ml_classification_service.py::test_semi_supervised_iteration_filters_low_confidence
FAILED tests/unit/phase8_classification/test_ml_classification_service.py::test_semi_supervised_iteration_retrains_with_lower_lr
FAILED tests/unit/phase8_classification/test_ml_classification_service.py::test_update_from_human_feedback_removes_predicted_classifications
FAILED tests/unit/phase8_classification/test_ml_classification_service.py::test_update_from_human_feedback_adds_manual_classifications
FAILED tests/unit/phase8_classification/test_ml_classification_service.py::test_update_from_human_feedback_preserves_existing_manual
FAILED tests/unit/phase8_classification/test_ml_classification_service.py::test_service_initialization_with_defaults
FAILED tests/unit/phase8_classification/test_ml_classification_service.py::test_service_initialization_with_custom_params
FAILED tests/unit/phase8_classification/test_ml_classification_service.py::test_end_to_end_workflow_simulation
FAILED tests/unit/phase8_classification/test_ml_classification_service_basic.py::test_service_initialization
FAILED tests/unit/phase8_classification/test_ml_classification_service_basic.py::test_custom_initialization
FAILED tests/unit/phase8_classification/test_ml_training.py::test_training_methods
FAILED tests/unit/phase8_classification/test_taxonomy_classification_standalone.py::test_classify_resource
FAILED tests/unit/phase8_classification/test_taxonomy_classification_standalone.py::test_remove_existing_predicted
FAILED tests/unit/phase8_classification/test_taxonomy_classification_standalone.py::test_update_resource_counts
FAILED tests/unit/phase8_classification/test_taxonomy_classification_standalone.py::test_allow_resources_flag
FAILED tests/unit/phase9_quality/test_degradation_monitoring.py::test_quality_degradation_monitoring
FAILED tests/unit/phase9_quality/test_quality_service.py::TestContentQualityAnalyzer::test_text_readability
FAILED tests/unit/phase9_quality/test_quality_service.py::TestContentQualityAnalyzer::test_normalize_reading_ease_middle_score
FAILED tests/unit/phase9_quality/test_quality_service.py::TestContentQualityAnalyzer::test_overall_quality_with_text
FAILED tests/unit/phase9_quality/test_quality_service.py::TestContentQualityAnalyzer::test_overall_quality_partial_metadata
FAILED tests/unit/phase9_quality/test_quality_service.py::TestContentQualityAnalyzer::test_content_readability_enhanced
FAILED tests/unit/phase9_quality/test_quality_service.py::TestContentQualityAnalyzer::test_content_readability_empty_text
FAILED tests/unit/phase9_quality/test_quality_service.py::TestContentQualityAnalyzer::test_source_credibility_low_quality
FAILED tests/unit/phase9_quality/test_quality_service.py::TestContentQualityAnalyzer::test_source_credibility_edge_cases
FAILED tests/unit/phase9_quality/test_quality_service.py::TestContentQualityAnalyzer::test_content_depth_rich_content
FAILED tests/unit/phase9_quality/test_quality_service.py::TestContentQualityAnalyzer::test_overall_quality_score_comprehensive
FAILED tests/unit/phase9_quality/test_quality_service.py::TestContentQualityAnalyzer::test_overall_quality_score_low_quality
FAILED tests/unit/test_celery_tasks.py::TestRecomputeQualityTask::test_successful_quality_recomputation
FAILED tests/unit/test_discovery_hypothesis_compatibility.py::TestDiscoveryHypothesisCompatibility::test_backward_compatibility_properties
FAILED tests/unit/test_discovery_hypothesis_compatibility.py::TestDiscoveryHypothesisCompatibility::test_backward_compatibility_setters
FAILED tests/unit/test_discovery_hypothesis_compatibility.py::TestDiscoveryHypothesisCompatibility::test_query_with_new_field_names
FAILED tests/unit/training/test_error_handling.py::TestOOMErrorHandling::test_oom_error_triggers_batch_size_reduction
FAILED tests/unit/training/test_error_handling.py::TestOOMErrorHandling::test_oom_error_clears_gpu_cache
FAILED tests/unit/training/test_error_handling.py::TestOOMErrorHandling::test_persistent_oom_error_provides_suggestions
FAILED tests/unit/training/test_hyperparameter_search.py::TestHyperparameterSearchVisualization::test_visualize_results_creates_plots
ERROR tests/integration/phase10_graph_intelligence/test_phase10_integration.py::TestEndToEndDiscoveryWorkflow::test_complete_workflow
ERROR tests/integration/phase10_graph_intelligence/test_phase10_integration.py::TestEndToEndDiscoveryWorkflow::test_closed_discovery_workflow
ERROR tests/integration/phase10_graph_intelligence/test_phase10_integration.py::TestRecommendationIntegration::test_graph_based_recommendations
ERROR tests/integration/phase10_graph_intelligence/test_phase10_integration.py::TestRecommendationIntegration::test_recommendation_fusion
ERROR tests/integration/phase10_graph_intelligence/test_phase10_integration.py::TestRecommendationIntegration::test_hypothesis_based_recommendations
ERROR tests/integration/phase10_graph_intelligence/test_phase10_integration.py::TestGraphCaching::test_graph_cache_reuse
ERROR tests/integration/phase10_graph_intelligence/test_phase10_integration.py::TestGraphCaching::test_graph_cache_invalidation
ERROR tests/integration/phase11_recommendations/test_recommendation_api.py::TestRecommendationsEndpoint::test_get_recommendations_default
ERROR tests/integration/phase11_recommendations/test_recommendation_api.py::TestRecommendationsEndpoint::test_get_recommendations_with_limit
ERROR tests/integration/phase11_recommendations/test_recommendation_api.py::TestRecommendationsEndpoint::test_get_recommendations_invalid_limit
ERROR tests/integration/phase11_recommendations/test_recommendation_api.py::TestRecommendationsEndpoint::test_get_recommendations_with_strategy
ERROR tests/integration/phase11_recommendations/test_recommendation_api.py::TestRecommendationsEndpoint::test_get_recommendations_invalid_strategy
ERROR tests/integration/phase11_recommendations/test_recommendation_api.py::TestRecommendationsEndpoint::test_get_recommendations_with_diversity
ERROR tests/integration/phase11_recommendations/test_recommendation_api.py::TestRecommendationsEndpoint::test_get_recommendations_with_min_quality
ERROR tests/integration/phase11_recommendations/test_recommendation_api.py::TestRecommendationsEndpoint::test_get_recommendations_cold_start
ERROR tests/integration/phase11_recommendations/test_recommendation_api.py::TestInteractionsEndpoint::test_track_view_interaction
ERROR tests/integration/phase11_recommendations/test_recommendation_api.py::TestInteractionsEndpoint::test_track_annotation_interaction
ERROR tests/integration/phase11_recommendations/test_recommendation_api.py::TestInteractionsEndpoint::test_track_rating_interaction
ERROR tests/integration/phase11_recommendations/test_recommendation_api.py::TestInteractionsEndpoint::test_track_interaction_invalid_type
ERROR tests/integration/phase11_recommendations/test_recommendation_api.py::TestInteractionsEndpoint::test_track_interaction_invalid_resource
ERROR tests/integration/phase11_recommendations/test_recommendation_api.py::TestInteractionsEndpoint::test_track_interaction_invalid_uuid
ERROR tests/integration/phase11_recommendations/test_recommendation_api.py::TestProfileEndpoints::test_get_profile
ERROR tests/integration/phase11_recommendations/test_recommendation_api.py::TestProfileEndpoints::test_get_profile_creates_if_not_exists
ERROR tests/integration/phase11_recommendations/test_recommendation_api.py::TestProfileEndpoints::test_update_profile_preferences
ERROR tests/integration/phase11_recommendations/test_recommendation_api.py::TestProfileEndpoints::test_update_profile_research_domains
ERROR tests/integration/phase11_recommendations/test_recommendation_api.py::TestProfileEndpoints::test_update_profile_excluded_sources
ERROR tests/integration/phase11_recommendations/test_recommendation_api.py::TestProfileEndpoints::test_update_profile_invalid_preference_range
ERROR tests/integration/phase11_recommendations/test_recommendation_api.py::TestFeedbackEndpoint::test_submit_feedback_clicked
ERROR tests/integration/phase11_recommendations/test_recommendation_api.py::TestFeedbackEndpoint::test_submit_feedback_with_usefulness
ERROR tests/integration/phase11_recommendations/test_recommendation_api.py::TestFeedbackEndpoint::test_submit_feedback_not_clicked
ERROR tests/integration/phase11_recommendations/test_recommendation_api.py::TestFeedbackEndpoint::test_submit_feedback_invalid_resource
ERROR tests/integration/phase11_recommendations/test_recommendation_api.py::TestFeedbackEndpoint::test_submit_feedback_invalid_uuid
ERROR tests/integration/phase11_recommendations/test_recommendation_api.py::TestEndToEndWorkflow::test_complete_recommendation_workflow
ERROR tests/integration/phase11_recommendations/test_recommendation_api.py::TestEndToEndWorkflow::test_profile_update_affects_recommendations
ERROR tests/integration/phase1_ingestion/test_resource_ingestion_classification.py::test_classification_executes_after_embeddings
ERROR tests/integration/phase5_graph/test_phase55_recommendations.py::TestRecommendationService::test_generate_recommendations_full_flow
ERROR tests/integration/phase5_graph/test_phase55_recommendations.py::TestRecommendationService::test_generate_recommendations_empty_library
ERROR tests/integration/phase5_graph/test_phase55_recommendations.py::TestRecommendationService::test_generate_recommendations_single_resource
ERROR tests/integration/phase5_graph/test_phase55_recommendations.py::TestRecommendationAPI::test_get_recommendations_success
ERROR tests/integration/phase5_graph/test_phase55_recommendations.py::TestRecommendationAPI::test_get_recommendations_with_limit
ERROR tests/integration/phase5_graph/test_phase55_recommendations.py::TestRecommendationAPI::test_get_recommendations_invalid_limit
ERROR tests/integration/phase5_graph/test_phase55_recommendations.py::TestRecommendationAPI::test_get_recommendations_empty_library
ERROR tests/integration/phase5_graph/test_phase55_recommendations.py::TestRecommendationAPI::test_duplicate_filtering
ERROR tests/integration/phase5_graph/test_phase55_recommendations.py::TestRecommendationAPI::test_relevance_score_ordering
ERROR tests/integration/phase5_graph/test_phase55_recommendations.py::TestEdgeCases::test_malformed_embeddings
ERROR tests/integration/phase5_graph/test_phase55_recommendations.py::TestEdgeCases::test_mixed_embedding_dimensions
ERROR tests/integration/phase5_graph/test_phase55_recommendations.py::TestPerformance::test_large_library_performance
ERROR tests/integration/phase5_graph/test_phase55_recommendations.py::TestPerformance::test_caching_behavior
ERROR tests/integration/phase6_citations/test_phase6_5_scholarly.py::TestMetadataExtraction::test_extract_doi_from_text
ERROR tests/integration/phase6_citations/test_phase6_5_scholarly.py::TestMetadataExtraction::test_extract_arxiv_id
ERROR tests/integration/phase6_citations/test_phase6_5_scholarly.py::TestMetadataExtraction::test_extract_publication_year
ERROR tests/integration/phase6_citations/test_phase6_5_scholarly.py::TestMetadataExtraction::test_compute_completeness_score
ERROR tests/integration/phase6_citations/test_phase6_5_scholarly.py::TestMetadataExtraction::test_compute_confidence_score
ERROR tests/integration/phase6_citations/test_phase6_5_scholarly.py::TestScholarlyIntegration::test_resource_model_has_scholarly_fields
ERROR tests/integration/phase6_citations/test_phase6_5_scholarly.py::TestScholarlyIntegration::test_extract_scholarly_metadata_integration
ERROR tests/integration/phase9_quality/test_quality_api_endpoints.py::TestQualityDetailsEndpoint::test_get_quality_details_success
ERROR tests/integration/phase9_quality/test_quality_api_endpoints.py::TestQualityDetailsEndpoint::test_get_quality_details_no_quality_computed
ERROR tests/integration/phase9_quality/test_quality_api_endpoints.py::TestQualityRecalculateEndpoint::test_recalculate_single_resource
ERROR tests/integration/phase9_quality/test_quality_api_endpoints.py::TestQualityRecalculateEndpoint::test_recalculate_multiple_resources
ERROR tests/integration/phase9_quality/test_quality_api_endpoints.py::TestQualityRecalculateEndpoint::test_recalculate_with_custom_weights
ERROR tests/integration/phase9_quality/test_quality_api_endpoints.py::TestQualityRecalculateEndpoint::test_recalculate_invalid_weights_sum
ERROR tests/integration/phase9_quality/test_quality_api_endpoints.py::TestQualityRecalculateEndpoint::test_recalculate_missing_dimension
ERROR tests/integration/phase9_quality/test_quality_api_endpoints.py::TestOutliersEndpoint::test_get_outliers_success
ERROR tests/integration/phase9_quality/test_quality_api_endpoints.py::TestOutliersEndpoint::test_get_outliers_with_pagination
ERROR tests/integration/phase9_quality/test_quality_api_endpoints.py::TestOutliersEndpoint::test_get_outliers_filter_by_score
ERROR tests/integration/phase9_quality/test_quality_api_endpoints.py::TestOutliersEndpoint::test_get_outliers_filter_by_reason
ERROR tests/integration/phase9_quality/test_quality_api_endpoints.py::TestOutliersEndpoint::test_get_outliers_empty_result
ERROR tests/integration/phase9_quality/test_quality_api_endpoints.py::TestDegradationEndpoint::test_get_degradation_report
ERROR tests/integration/phase9_quality/test_quality_api_endpoints.py::TestSummaryEvaluationEndpoint::test_evaluate_summary_success
ERROR tests/integration/phase9_quality/test_quality_api_endpoints.py::TestSummaryEvaluationEndpoint::test_evaluate_summary_with_g_eval
ERROR tests/integration/phase9_quality/test_quality_api_endpoints.py::TestSummaryEvaluationEndpoint::test_evaluate_summary_no_summary
ERROR tests/integration/phase9_quality/test_quality_api_endpoints.py::TestQualityDistributionEndpoint::test_get_distribution_default
ERROR tests/integration/phase9_quality/test_quality_api_endpoints.py::TestQualityDistributionEndpoint::test_get_distribution_specific_dimension
ERROR tests/integration/phase9_quality/test_quality_api_endpoints.py::TestQualityDistributionEndpoint::test_get_distribution_custom_bins
ERROR tests/integration/phase9_quality/test_quality_api_endpoints.py::TestQualityTrendsEndpoint::test_get_trends_daily
ERROR tests/integration/phase9_quality/test_quality_api_endpoints.py::TestQualityTrendsEndpoint::test_get_trends_with_date_range
ERROR tests/integration/phase9_quality/test_quality_api_endpoints.py::TestDimensionAveragesEndpoint::test_get_dimension_averages
ERROR tests/integration/phase9_quality/test_quality_api_endpoints.py::TestReviewQueueEndpoint::test_get_review_queue
ERROR tests/integration/phase9_quality/test_quality_api_endpoints.py::TestReviewQueueEndpoint::test_get_review_queue_with_pagination
ERROR tests/integration/phase9_quality/test_quality_api_endpoints.py::TestReviewQueueEndpoint::test_get_review_queue_sort_by_score
ERROR tests/integration/phase9_quality/test_quality_api_endpoints.py::TestReviewQueueEndpoint::test_get_review_queue_empty
ERROR tests/integration/phase9_quality/test_quality_workflows_integration.py::TestEndToEndQualityAssessment::test_resource_creation_to_quality_score
ERROR tests/integration/phase9_quality/test_quality_workflows_integration.py::TestEndToEndQualityAssessment::test_quality_with_phase6_citations
ERROR tests/integration/phase9_quality/test_quality_workflows_integration.py::TestEndToEndQualityAssessment::test_quality_with_phase65_scholarly_metadata
ERROR tests/integration/phase9_quality/test_quality_workflows_integration.py::TestEndToEndQualityAssessment::test_quality_with_phase85_classification
ERROR tests/integration/phase9_quality/test_quality_workflows_integration.py::TestSummarizationEvaluationWorkflow::test_summary_generation_to_evaluation
ERROR tests/integration/phase9_quality/test_quality_workflows_integration.py::TestOutlierDetectionWorkflow::test_batch_outlier_detection
ERROR tests/integration/phase9_quality/test_quality_workflows_integration.py::TestQualityDegradationWorkflow::test_time_based_degradation_monitoring
ERROR tests/integration/phase9_quality/test_quality_workflows_integration.py::TestCrossPhaseIntegration::test_complete_resource_lifecycle
ERROR tests/performance/phase9_quality/test_quality_performance.py::TestQualityComputationLatency::test_single_resource_latency
ERROR tests/performance/phase9_quality/test_quality_performance.py::TestQualityComputationLatency::test_average_latency_multiple_resources
ERROR tests/performance/phase9_quality/test_quality_performance.py::TestBatchQualityComputationThroughput::test_batch_throughput_100_resources
ERROR tests/performance/phase9_quality/test_quality_performance.py::TestBatchQualityComputationThroughput::test_batch_computation_scales_linearly
ERROR tests/performance/phase9_quality/test_quality_performance.py::TestOutlierDetectionPerformance::test_outlier_detection_1000_resources
ERROR tests/performance/phase9_quality/test_quality_performance.py::TestOutlierDetectionPerformance::test_outlier_detection_with_batching
ERROR tests/performance/phase9_quality/test_quality_performance.py::TestSummarizationEvaluationLatency::test_evaluation_without_g_eval_latency
ERROR tests/performance/phase9_quality/test_quality_performance.py::TestDegradationMonitoringPerformance::test_degradation_monitoring_performance
ERROR tests/performance/phase9_quality/test_quality_performance.py::TestMemoryUsage::test_batch_processing_memory_efficiency
ERROR tests/performance/phase9_quality/test_quality_performance.py::TestMemoryUsage::test_outlier_detection_memory_efficiency
ERROR tests/performance/phase9_quality/test_quality_performance.py::TestConcurrentOperations::test_concurrent_quality_computations
ERROR tests/unit/phase11_recommendations/test_collaborative_filtering.py::TestCollaborativeFilteringService::test_service_initialization
ERROR tests/unit/phase11_recommendations/test_collaborative_filtering.py::TestCollaborativeFilteringService::test_device_selection
ERROR tests/unit/phase11_recommendations/test_collaborative_filtering.py::TestCollaborativeFilteringService::test_train_model_insufficient_data
ERROR tests/unit/phase11_recommendations/test_collaborative_filtering.py::TestCollaborativeFilteringService::test_train_model_success
ERROR tests/unit/phase11_recommendations/test_collaborative_filtering.py::TestCollaborativeFilteringService::test_save_and_load_model
ERROR tests/unit/phase11_recommendations/test_collaborative_filtering.py::TestCollaborativeFilteringService::test_predict_score_no_model
ERROR tests/unit/phase11_recommendations/test_collaborative_filtering.py::TestCollaborativeFilteringService::test_predict_score_unknown_user
ERROR tests/unit/phase11_recommendations/test_collaborative_filtering.py::TestCollaborativeFilteringService::test_predict_score_unknown_resource
ERROR tests/unit/phase11_recommendations/test_collaborative_filtering.py::TestCollaborativeFilteringService::test_predict_score_success
ERROR tests/unit/phase11_recommendations/test_collaborative_filtering.py::TestCollaborativeFilteringService::test_get_top_recommendations_no_model
ERROR tests/unit/phase11_recommendations/test_collaborative_filtering.py::TestCollaborativeFilteringService::test_get_top_recommendations_unknown_user
ERROR tests/unit/phase11_recommendations/test_collaborative_filtering.py::TestCollaborativeFilteringService::test_get_top_recommendations_no_valid_candidates
ERROR tests/unit/phase11_recommendations/test_collaborative_filtering.py::TestCollaborativeFilteringService::test_get_top_recommendations_success
ERROR tests/unit/phase11_recommendations/test_collaborative_filtering.py::TestCollaborativeFilteringService::test_get_top_recommendations_respects_limit
ERROR tests/unit/phase11_recommendations/test_collaborative_filtering.py::TestCollaborativeFilteringService::test_save_model_error_handling
ERROR tests/unit/phase11_recommendations/test_collaborative_filtering.py::TestCollaborativeFilteringService::test_load_model_error_handling
ERROR tests/unit/phase9_quality/test_quality_degradation_unit.py::TestMonitorQualityDegradation::test_degradation_detection_significant_drop
ERROR tests/unit/phase9_quality/test_quality_degradation_unit.py::TestMonitorQualityDegradation::test_degradation_no_significant_change
ERROR tests/unit/phase9_quality/test_quality_degradation_unit.py::TestMonitorQualityDegradation::test_degradation_quality_improvement
ERROR tests/unit/phase9_quality/test_quality_degradation_unit.py::TestMonitorQualityDegradation::test_degradation_custom_time_window
ERROR tests/unit/phase9_quality/test_quality_degradation_unit.py::TestMonitorQualityDegradation::test_degradation_threshold_boundary
ERROR tests/unit/phase9_quality/test_quality_degradation_unit.py::TestMonitorQualityDegradation::test_degradation_multiple_resources
ERROR tests/unit/phase9_quality/test_quality_degradation_unit.py::TestMonitorQualityDegradation::test_degradation_report_structure
ERROR tests/unit/phase9_quality/test_quality_degradation_unit.py::TestMonitorQualityDegradation::test_degradation_no_resources_in_window
ERROR tests/unit/phase9_quality/test_quality_degradation_unit.py::TestMonitorQualityDegradation::test_degradation_updates_quality_scores
ERROR tests/unit/phase9_quality/test_quality_dimensions.py::TestComputeAccuracy::test_accuracy_with_valid_citations
ERROR tests/unit/phase9_quality/test_quality_dimensions.py::TestComputeAccuracy::test_accuracy_with_invalid_citations
ERROR tests/unit/phase9_quality/test_quality_dimensions.py::TestComputeAccuracy::test_accuracy_without_citations
ERROR tests/unit/phase9_quality/test_quality_dimensions.py::TestComputeAccuracy::test_accuracy_with_scholarly_metadata
ERROR tests/unit/phase9_quality/test_quality_dimensions.py::TestComputeAccuracy::test_accuracy_with_credible_source
ERROR tests/unit/phase9_quality/test_quality_dimensions.py::TestComputeCompleteness::test_completeness_minimal_fields
ERROR tests/unit/phase9_quality/test_quality_dimensions.py::TestComputeCompleteness::test_completeness_with_important_fields
ERROR tests/unit/phase9_quality/test_quality_dimensions.py::TestComputeCompleteness::test_completeness_with_scholarly_fields
ERROR tests/unit/phase9_quality/test_quality_dimensions.py::TestComputeCompleteness::test_completeness_fully_populated
ERROR tests/unit/phase9_quality/test_quality_dimensions.py::TestComputeConsistency::test_consistency_with_aligned_title_content
ERROR tests/unit/phase9_quality/test_quality_dimensions.py::TestComputeConsistency::test_consistency_with_misaligned_title_content
ERROR tests/unit/phase9_quality/test_quality_dimensions.py::TestComputeConsistency::test_consistency_with_summary
ERROR tests/unit/phase9_quality/test_quality_dimensions.py::TestComputeTimeliness::test_timeliness_recent_publication
ERROR tests/unit/phase9_quality/test_quality_dimensions.py::TestComputeTimeliness::test_timeliness_old_publication
ERROR tests/unit/phase9_quality/test_quality_dimensions.py::TestComputeTimeliness::test_timeliness_recent_ingestion
ERROR tests/unit/phase9_quality/test_quality_dimensions.py::TestComputeTimeliness::test_timeliness_no_publication_date
ERROR tests/unit/phase9_quality/test_quality_dimensions.py::TestComputeRelevance::test_relevance_with_classification
ERROR tests/unit/phase9_quality/test_quality_dimensions.py::TestComputeRelevance::test_relevance_with_citations
ERROR tests/unit/phase9_quality/test_quality_dimensions.py::TestComputeRelevance::test_relevance_without_data
ERROR tests/unit/phase9_quality/test_quality_dimensions.py::TestComputeQuality::test_compute_quality_default_weights
ERROR tests/unit/phase9_quality/test_quality_dimensions.py::TestComputeQuality::test_compute_quality_custom_weights
ERROR tests/unit/phase9_quality/test_quality_dimensions.py::TestComputeQuality::test_compute_quality_invalid_weights_sum
ERROR tests/unit/phase9_quality/test_quality_dimensions.py::TestComputeQuality::test_compute_quality_missing_dimension
ERROR tests/unit/phase9_quality/test_quality_dimensions.py::TestComputeQuality::test_compute_quality_backward_compatibility
ERROR tests/unit/phase9_quality/test_recommendation_quality_integration.py::test_generate_user_profile_vector_excludes_outliers
ERROR tests/unit/phase9_quality/test_recommendation_quality_integration.py::test_generate_user_profile_vector_with_min_quality
ERROR tests/unit/phase9_quality/test_recommendation_quality_integration.py::test_get_graph_based_recommendations_excludes_outliers
ERROR tests/unit/phase9_quality/test_recommendation_quality_integration.py::test_generate_recommendations_with_graph_fusion_quality_boost
ERROR tests/unit/phase9_quality/test_recommendation_quality_integration.py::test_generate_recommendations_with_graph_fusion_filters_outliers
ERROR tests/unit/phase9_quality/test_recommendation_quality_integration.py::test_generate_recommendations_with_min_quality_filter
ERROR tests/unit/phase9_quality/test_summarization_evaluator.py::TestGEvalMethods::test_g_eval_coherence_success
ERROR tests/unit/phase9_quality/test_summarization_evaluator.py::TestGEvalMethods::test_g_eval_consistency_success
ERROR tests/unit/phase9_quality/test_summarization_evaluator.py::TestGEvalMethods::test_g_eval_fluency_success
ERROR tests/unit/phase9_quality/test_summarization_evaluator.py::TestGEvalMethods::test_g_eval_relevance_success
ERROR tests/unit/phase9_quality/test_summarization_evaluator.py::TestGEvalMethods::test_g_eval_api_error_fallback
ERROR tests/unit/phase9_quality/test_summarization_evaluator.py::TestGEvalMethods::test_g_eval_without_api_key
ERROR tests/unit/phase9_quality/test_summarization_evaluator.py::TestGEvalMethods::test_g_eval_parse_rating_variations
ERROR tests/unit/phase9_quality/test_summarization_evaluator.py::TestFineSureMetrics::test_finesure_completeness_good_coverage
ERROR tests/unit/phase9_quality/test_summarization_evaluator.py::TestFineSureMetrics::test_finesure_completeness_poor_coverage
ERROR tests/unit/phase9_quality/test_summarization_evaluator.py::TestFineSureMetrics::test_finesure_completeness_empty_summary
ERROR tests/unit/phase9_quality/test_summarization_evaluator.py::TestFineSureMetrics::test_finesure_conciseness_optimal_ratio
ERROR tests/unit/phase9_quality/test_summarization_evaluator.py::TestFineSureMetrics::test_finesure_conciseness_too_long
ERROR tests/unit/phase9_quality/test_summarization_evaluator.py::TestFineSureMetrics::test_finesure_conciseness_too_short
ERROR tests/unit/phase9_quality/test_summarization_evaluator.py::TestBERTScore::test_bertscore_success
ERROR tests/unit/phase9_quality/test_summarization_evaluator.py::TestBERTScore::test_bertscore_error_fallback
ERROR tests/unit/phase9_quality/test_summarization_evaluator.py::TestBERTScore::test_bertscore_model_configuration
ERROR tests/unit/phase9_quality/test_summarization_evaluator.py::TestEvaluateSummary::test_evaluate_summary_with_g_eval
ERROR tests/unit/phase9_quality/test_summarization_evaluator.py::TestEvaluateSummary::test_evaluate_summary_without_g_eval
ERROR tests/unit/phase9_quality/test_summarization_evaluator.py::TestEvaluateSummary::test_evaluate_summary_no_summary
ERROR tests/unit/phase9_quality/test_summarization_evaluator.py::TestEvaluateSummary::test_evaluate_summary_composite_calculation
= 242 failed, 1309 passed, 24 skipped, 23 warnings, 175 errors in 1340.86s (0:22:20) =
