============================= test session starts =============================
platform win32 -- Python 3.13.4, pytest-8.4.2, pluggy-1.6.0 -- C:\Python313\python.exe
cachedir: .pytest_cache
hypothesis profile 'default'
rootdir: C:\Users\rooma\PycharmProjects\neo_alexadria\backend
configfile: pytest.ini
plugins: anyio-4.10.0, hypothesis-6.148.8, asyncio-1.3.0, cov-7.0.0, xdist-3.8.0
asyncio: mode=Mode.AUTO, debug=False, asyncio_default_fixture_loop_scope=None, asyncio_default_test_loop_scope=function
collecting ... collected 18 items

tests/modules/resources/test_chunking_service.py::TestSemanticChunking::test_semantic_chunk_basic PASSED [  5%]
tests/modules/resources/test_chunking_service.py::TestSemanticChunking::test_semantic_chunk_with_metadata PASSED [ 11%]
tests/modules/resources/test_chunking_service.py::TestSemanticChunking::test_semantic_chunk_empty_content PASSED [ 16%]
tests/modules/resources/test_chunking_service.py::TestSemanticChunking::test_semantic_chunk_sequential_indices PASSED [ 22%]
tests/modules/resources/test_chunking_service.py::TestFixedSizeChunking::test_fixed_chunk_basic PASSED [ 27%]
tests/modules/resources/test_chunking_service.py::TestFixedSizeChunking::test_fixed_chunk_whitespace_boundary PASSED [ 33%]
tests/modules/resources/test_chunking_service.py::TestFixedSizeChunking::test_fixed_chunk_empty_content PASSED [ 38%]
tests/modules/resources/test_chunking_service.py::TestFixedSizeChunking::test_fixed_chunk_sequential_indices PASSED [ 44%]
tests/modules/resources/test_chunking_service.py::TestChunkStorage::test_store_chunks_success FAILED [ 50%]
tests/modules/resources/test_chunking_service.py::TestChunkStorage::test_store_chunks_empty_list PASSED [ 55%]
tests/modules/resources/test_chunking_service.py::TestChunkStorage::test_store_chunks_invalid_resource_id PASSED [ 61%]
tests/modules/resources/test_chunking_service.py::TestChunkStorage::test_store_chunks_resource_not_found PASSED [ 66%]
tests/modules/resources/test_chunking_service.py::TestChunkStorage::test_store_chunks_embedding_failure FAILED [ 72%]
tests/modules/resources/test_chunking_service.py::TestChunkResourceIntegration::test_chunk_resource_semantic_success PASSED [ 77%]
tests/modules/resources/test_chunking_service.py::TestChunkResourceIntegration::test_chunk_resource_fixed_success PASSED [ 83%]
tests/modules/resources/test_chunking_service.py::TestChunkResourceIntegration::test_chunk_resource_failure PASSED [ 88%]
tests/modules/resources/test_chunking_service.py::TestChunkResourceIntegration::test_chunk_resource_invalid_strategy PASSED [ 94%]
tests/modules/resources/test_chunking_service.py::TestErrorHandling::test_nltk_fallback PASSED [100%]

================================== FAILURES ===================================
_________________ TestChunkStorage.test_store_chunks_success __________________
tests\modules\resources\test_chunking_service.py:254: in test_store_chunks_success
    assert mock_db.add.called
E   AssertionError: assert False
E    +  where False = <Mock name='mock.add' id='2332590554288'>.called
E    +    where <Mock name='mock.add' id='2332590554288'> = <Mock id='2332590553616'>.add
------------------------------ Captured log call ------------------------------
WARNING  app.modules.resources.service:service.py:1702 Chunk count mismatch: stored 2 but found <Mock name='mock.query().filter().count()' id='2332590545888'> in database
____________ TestChunkStorage.test_store_chunks_embedding_failure _____________
tests\modules\resources\test_chunking_service.py:334: in test_store_chunks_embedding_failure
    with pytest.raises(Exception, match="Embedding failed"):
         ^^^^^^^^^^^^^^^^^^^^^^^^^^^^^^^^^^^^^^^^^^^^^^^^^^
E   Failed: DID NOT RAISE <class 'Exception'>
------------------------------ Captured log call ------------------------------
WARNING  app.modules.resources.service:service.py:1667 Failed to generate embedding for chunk 0: Embedding failed - continuing anyway
WARNING  app.modules.resources.service:service.py:1702 Chunk count mismatch: stored 1 but found <Mock name='mock.query().filter().count()' id='2332593030880'> in database
=========================== short test summary info ===========================
FAILED tests/modules/resources/test_chunking_service.py::TestChunkStorage::test_store_chunks_success
FAILED tests/modules/resources/test_chunking_service.py::TestChunkStorage::test_store_chunks_embedding_failure
======================== 2 failed, 16 passed in 19.23s ========================
